[2026-08-12T04:31:49.976+0000] {processor.py:186} INFO - Started process (PID=76) to work on /home/airflow/.local/lib/python3.12/site-packages/airflow/example_dags/example_short_circuit_decorator.py
[2026-08-12T04:31:49.982+0000] {processor.py:914} INFO - Processing file /home/airflow/.local/lib/python3.12/site-packages/airflow/example_dags/example_short_circuit_decorator.py for tasks to queue
[2026-08-12T04:31:49.989+0000] {logging_mixin.py:190} INFO - [2026-08-12T04:31:49.988+0000] {dagbag.py:587} INFO - Filling up the DagBag from /home/airflow/.local/lib/python3.12/site-packages/airflow/example_dags/example_short_circuit_decorator.py
[2026-08-12T04:31:50.013+0000] {processor.py:925} INFO - DAG(s) 'example_short_circuit_decorator' retrieved from /home/airflow/.local/lib/python3.12/site-packages/airflow/example_dags/example_short_circuit_decorator.py
[2026-08-12T04:31:50.215+0000] {logging_mixin.py:190} INFO - [2026-08-12T04:31:50.214+0000] {override.py:1858} INFO - Created Permission View: can edit on DAG:example_short_circuit_decorator
[2026-08-12T04:31:50.250+0000] {logging_mixin.py:190} INFO - [2026-08-12T04:31:50.250+0000] {override.py:1858} INFO - Created Permission View: can read on DAG:example_short_circuit_decorator
[2026-08-12T04:31:50.270+0000] {logging_mixin.py:190} INFO - [2026-08-12T04:31:50.269+0000] {override.py:1858} INFO - Created Permission View: can delete on DAG:example_short_circuit_decorator
[2026-08-12T04:31:50.272+0000] {logging_mixin.py:190} INFO - [2026-08-12T04:31:50.272+0000] {dag.py:3211} INFO - Sync 1 DAGs
[2026-08-12T04:31:50.295+0000] {logging_mixin.py:190} INFO - [2026-08-12T04:31:50.295+0000] {dag.py:3234} INFO - Creating ORM DAG for example_short_circuit_decorator
[2026-08-12T04:31:50.320+0000] {logging_mixin.py:190} INFO - [2026-08-12T04:31:50.319+0000] {dag.py:4138} INFO - Setting next_dagrun for example_short_circuit_decorator to 2026-08-11 00:00:00+00:00, run_after=2026-08-12 00:00:00+00:00
[2026-08-12T04:31:50.370+0000] {processor.py:208} INFO - Processing /home/airflow/.local/lib/python3.12/site-packages/airflow/example_dags/example_short_circuit_decorator.py took 0.404 seconds
[2026-08-12T04:32:20.526+0000] {processor.py:186} INFO - Started process (PID=139) to work on /home/airflow/.local/lib/python3.12/site-packages/airflow/example_dags/example_short_circuit_decorator.py
[2026-08-12T04:32:20.528+0000] {processor.py:914} INFO - Processing file /home/airflow/.local/lib/python3.12/site-packages/airflow/example_dags/example_short_circuit_decorator.py for tasks to queue
[2026-08-12T04:32:20.533+0000] {logging_mixin.py:190} INFO - [2026-08-12T04:32:20.533+0000] {dagbag.py:587} INFO - Filling up the DagBag from /home/airflow/.local/lib/python3.12/site-packages/airflow/example_dags/example_short_circuit_decorator.py
[2026-08-12T04:32:20.548+0000] {processor.py:925} INFO - DAG(s) 'example_short_circuit_decorator' retrieved from /home/airflow/.local/lib/python3.12/site-packages/airflow/example_dags/example_short_circuit_decorator.py
[2026-08-12T04:32:20.578+0000] {logging_mixin.py:190} INFO - [2026-08-12T04:32:20.577+0000] {dag.py:3211} INFO - Sync 1 DAGs
[2026-08-12T04:32:20.606+0000] {logging_mixin.py:190} INFO - [2026-08-12T04:32:20.606+0000] {dag.py:4138} INFO - Setting next_dagrun for example_short_circuit_decorator to 2026-08-11 00:00:00+00:00, run_after=2026-08-12 00:00:00+00:00
[2026-08-12T04:32:20.635+0000] {processor.py:208} INFO - Processing /home/airflow/.local/lib/python3.12/site-packages/airflow/example_dags/example_short_circuit_decorator.py took 0.119 seconds
[2026-08-12T04:32:50.867+0000] {processor.py:186} INFO - Started process (PID=202) to work on /home/airflow/.local/lib/python3.12/site-packages/airflow/example_dags/example_short_circuit_decorator.py
[2026-08-12T04:32:50.869+0000] {processor.py:914} INFO - Processing file /home/airflow/.local/lib/python3.12/site-packages/airflow/example_dags/example_short_circuit_decorator.py for tasks to queue
[2026-08-12T04:32:50.873+0000] {logging_mixin.py:190} INFO - [2026-08-12T04:32:50.872+0000] {dagbag.py:587} INFO - Filling up the DagBag from /home/airflow/.local/lib/python3.12/site-packages/airflow/example_dags/example_short_circuit_decorator.py
[2026-08-12T04:32:50.890+0000] {processor.py:925} INFO - DAG(s) 'example_short_circuit_decorator' retrieved from /home/airflow/.local/lib/python3.12/site-packages/airflow/example_dags/example_short_circuit_decorator.py
[2026-08-12T04:32:50.927+0000] {logging_mixin.py:190} INFO - [2026-08-12T04:32:50.927+0000] {dag.py:3211} INFO - Sync 1 DAGs
[2026-08-12T04:32:50.964+0000] {logging_mixin.py:190} INFO - [2026-08-12T04:32:50.964+0000] {dag.py:4138} INFO - Setting next_dagrun for example_short_circuit_decorator to 2026-08-11 00:00:00+00:00, run_after=2026-08-12 00:00:00+00:00
[2026-08-12T04:32:50.999+0000] {processor.py:208} INFO - Processing /home/airflow/.local/lib/python3.12/site-packages/airflow/example_dags/example_short_circuit_decorator.py took 0.140 seconds
[2026-08-12T04:33:21.101+0000] {processor.py:186} INFO - Started process (PID=263) to work on /home/airflow/.local/lib/python3.12/site-packages/airflow/example_dags/example_short_circuit_decorator.py
[2026-08-12T04:33:21.103+0000] {processor.py:914} INFO - Processing file /home/airflow/.local/lib/python3.12/site-packages/airflow/example_dags/example_short_circuit_decorator.py for tasks to queue
[2026-08-12T04:33:21.105+0000] {logging_mixin.py:190} INFO - [2026-08-12T04:33:21.105+0000] {dagbag.py:587} INFO - Filling up the DagBag from /home/airflow/.local/lib/python3.12/site-packages/airflow/example_dags/example_short_circuit_decorator.py
[2026-08-12T04:33:21.126+0000] {processor.py:925} INFO - DAG(s) 'example_short_circuit_decorator' retrieved from /home/airflow/.local/lib/python3.12/site-packages/airflow/example_dags/example_short_circuit_decorator.py
[2026-08-12T04:33:21.158+0000] {logging_mixin.py:190} INFO - [2026-08-12T04:33:21.158+0000] {dag.py:3211} INFO - Sync 1 DAGs
[2026-08-12T04:33:21.192+0000] {logging_mixin.py:190} INFO - [2026-08-12T04:33:21.192+0000] {dag.py:4138} INFO - Setting next_dagrun for example_short_circuit_decorator to 2026-08-11 00:00:00+00:00, run_after=2026-08-12 00:00:00+00:00
[2026-08-12T04:33:21.227+0000] {processor.py:208} INFO - Processing /home/airflow/.local/lib/python3.12/site-packages/airflow/example_dags/example_short_circuit_decorator.py took 0.135 seconds
[2026-08-12T04:33:52.427+0000] {processor.py:186} INFO - Started process (PID=326) to work on /home/airflow/.local/lib/python3.12/site-packages/airflow/example_dags/example_short_circuit_decorator.py
[2026-08-12T04:33:52.429+0000] {processor.py:914} INFO - Processing file /home/airflow/.local/lib/python3.12/site-packages/airflow/example_dags/example_short_circuit_decorator.py for tasks to queue
[2026-08-12T04:33:52.434+0000] {logging_mixin.py:190} INFO - [2026-08-12T04:33:52.434+0000] {dagbag.py:587} INFO - Filling up the DagBag from /home/airflow/.local/lib/python3.12/site-packages/airflow/example_dags/example_short_circuit_decorator.py
[2026-08-12T04:33:52.446+0000] {processor.py:925} INFO - DAG(s) 'example_short_circuit_decorator' retrieved from /home/airflow/.local/lib/python3.12/site-packages/airflow/example_dags/example_short_circuit_decorator.py
[2026-08-12T04:33:52.482+0000] {logging_mixin.py:190} INFO - [2026-08-12T04:33:52.481+0000] {dag.py:3211} INFO - Sync 1 DAGs
[2026-08-12T04:33:52.514+0000] {logging_mixin.py:190} INFO - [2026-08-12T04:33:52.514+0000] {dag.py:4138} INFO - Setting next_dagrun for example_short_circuit_decorator to 2026-08-11 00:00:00+00:00, run_after=2026-08-12 00:00:00+00:00
[2026-08-12T04:33:52.541+0000] {processor.py:208} INFO - Processing /home/airflow/.local/lib/python3.12/site-packages/airflow/example_dags/example_short_circuit_decorator.py took 0.121 seconds
[2026-08-12T04:34:23.270+0000] {processor.py:186} INFO - Started process (PID=388) to work on /home/airflow/.local/lib/python3.12/site-packages/airflow/example_dags/example_short_circuit_decorator.py
[2026-08-12T04:34:23.272+0000] {processor.py:914} INFO - Processing file /home/airflow/.local/lib/python3.12/site-packages/airflow/example_dags/example_short_circuit_decorator.py for tasks to queue
[2026-08-12T04:34:23.278+0000] {logging_mixin.py:190} INFO - [2026-08-12T04:34:23.278+0000] {dagbag.py:587} INFO - Filling up the DagBag from /home/airflow/.local/lib/python3.12/site-packages/airflow/example_dags/example_short_circuit_decorator.py
[2026-08-12T04:34:23.302+0000] {processor.py:925} INFO - DAG(s) 'example_short_circuit_decorator' retrieved from /home/airflow/.local/lib/python3.12/site-packages/airflow/example_dags/example_short_circuit_decorator.py
[2026-08-12T04:34:23.349+0000] {logging_mixin.py:190} INFO - [2026-08-12T04:34:23.348+0000] {dag.py:3211} INFO - Sync 1 DAGs
[2026-08-12T04:34:23.392+0000] {logging_mixin.py:190} INFO - [2026-08-12T04:34:23.391+0000] {dag.py:4138} INFO - Setting next_dagrun for example_short_circuit_decorator to 2026-08-11 00:00:00+00:00, run_after=2026-08-12 00:00:00+00:00
[2026-08-12T04:34:23.426+0000] {processor.py:208} INFO - Processing /home/airflow/.local/lib/python3.12/site-packages/airflow/example_dags/example_short_circuit_decorator.py took 0.165 seconds
[2026-08-12T04:35:54.233+0000] {processor.py:186} INFO - Started process (PID=76) to work on /home/airflow/.local/lib/python3.12/site-packages/airflow/example_dags/example_short_circuit_decorator.py
[2026-08-12T04:35:54.237+0000] {processor.py:914} INFO - Processing file /home/airflow/.local/lib/python3.12/site-packages/airflow/example_dags/example_short_circuit_decorator.py for tasks to queue
[2026-08-12T04:35:54.243+0000] {logging_mixin.py:190} INFO - [2026-08-12T04:35:54.242+0000] {dagbag.py:587} INFO - Filling up the DagBag from /home/airflow/.local/lib/python3.12/site-packages/airflow/example_dags/example_short_circuit_decorator.py
[2026-08-12T04:35:54.271+0000] {processor.py:925} INFO - DAG(s) 'example_short_circuit_decorator' retrieved from /home/airflow/.local/lib/python3.12/site-packages/airflow/example_dags/example_short_circuit_decorator.py
[2026-08-12T04:35:54.339+0000] {logging_mixin.py:190} INFO - [2026-08-12T04:35:54.338+0000] {dag.py:3211} INFO - Sync 1 DAGs
[2026-08-12T04:35:54.397+0000] {logging_mixin.py:190} INFO - [2026-08-12T04:35:54.397+0000] {dag.py:4138} INFO - Setting next_dagrun for example_short_circuit_decorator to 2026-08-11 00:00:00+00:00, run_after=2026-08-12 00:00:00+00:00
[2026-08-12T04:35:54.449+0000] {processor.py:208} INFO - Processing /home/airflow/.local/lib/python3.12/site-packages/airflow/example_dags/example_short_circuit_decorator.py took 0.233 seconds
[2026-08-12T04:36:24.982+0000] {processor.py:186} INFO - Started process (PID=138) to work on /home/airflow/.local/lib/python3.12/site-packages/airflow/example_dags/example_short_circuit_decorator.py
[2026-08-12T04:36:24.985+0000] {processor.py:914} INFO - Processing file /home/airflow/.local/lib/python3.12/site-packages/airflow/example_dags/example_short_circuit_decorator.py for tasks to queue
[2026-08-12T04:36:25.002+0000] {logging_mixin.py:190} INFO - [2026-08-12T04:36:25.002+0000] {dagbag.py:587} INFO - Filling up the DagBag from /home/airflow/.local/lib/python3.12/site-packages/airflow/example_dags/example_short_circuit_decorator.py
[2026-08-12T04:36:25.018+0000] {processor.py:925} INFO - DAG(s) 'example_short_circuit_decorator' retrieved from /home/airflow/.local/lib/python3.12/site-packages/airflow/example_dags/example_short_circuit_decorator.py
[2026-08-12T04:36:25.057+0000] {logging_mixin.py:190} INFO - [2026-08-12T04:36:25.057+0000] {dag.py:3211} INFO - Sync 1 DAGs
[2026-08-12T04:36:25.109+0000] {logging_mixin.py:190} INFO - [2026-08-12T04:36:25.109+0000] {dag.py:4138} INFO - Setting next_dagrun for example_short_circuit_decorator to 2026-08-11 00:00:00+00:00, run_after=2026-08-12 00:00:00+00:00
[2026-08-12T04:36:25.145+0000] {processor.py:208} INFO - Processing /home/airflow/.local/lib/python3.12/site-packages/airflow/example_dags/example_short_circuit_decorator.py took 0.169 seconds
[2026-08-12T04:36:55.799+0000] {processor.py:186} INFO - Started process (PID=200) to work on /home/airflow/.local/lib/python3.12/site-packages/airflow/example_dags/example_short_circuit_decorator.py
[2026-08-12T04:36:55.801+0000] {processor.py:914} INFO - Processing file /home/airflow/.local/lib/python3.12/site-packages/airflow/example_dags/example_short_circuit_decorator.py for tasks to queue
[2026-08-12T04:36:55.806+0000] {logging_mixin.py:190} INFO - [2026-08-12T04:36:55.806+0000] {dagbag.py:587} INFO - Filling up the DagBag from /home/airflow/.local/lib/python3.12/site-packages/airflow/example_dags/example_short_circuit_decorator.py
[2026-08-12T04:36:55.817+0000] {processor.py:925} INFO - DAG(s) 'example_short_circuit_decorator' retrieved from /home/airflow/.local/lib/python3.12/site-packages/airflow/example_dags/example_short_circuit_decorator.py
[2026-08-12T04:36:55.845+0000] {logging_mixin.py:190} INFO - [2026-08-12T04:36:55.845+0000] {dag.py:3211} INFO - Sync 1 DAGs
[2026-08-12T04:36:55.874+0000] {logging_mixin.py:190} INFO - [2026-08-12T04:36:55.873+0000] {dag.py:4138} INFO - Setting next_dagrun for example_short_circuit_decorator to 2026-08-11 00:00:00+00:00, run_after=2026-08-12 00:00:00+00:00
[2026-08-12T04:36:55.897+0000] {processor.py:208} INFO - Processing /home/airflow/.local/lib/python3.12/site-packages/airflow/example_dags/example_short_circuit_decorator.py took 0.104 seconds
[2026-08-12T04:37:26.164+0000] {processor.py:186} INFO - Started process (PID=262) to work on /home/airflow/.local/lib/python3.12/site-packages/airflow/example_dags/example_short_circuit_decorator.py
[2026-08-12T04:37:26.168+0000] {processor.py:914} INFO - Processing file /home/airflow/.local/lib/python3.12/site-packages/airflow/example_dags/example_short_circuit_decorator.py for tasks to queue
[2026-08-12T04:37:26.174+0000] {logging_mixin.py:190} INFO - [2026-08-12T04:37:26.173+0000] {dagbag.py:587} INFO - Filling up the DagBag from /home/airflow/.local/lib/python3.12/site-packages/airflow/example_dags/example_short_circuit_decorator.py
[2026-08-12T04:37:26.191+0000] {processor.py:925} INFO - DAG(s) 'example_short_circuit_decorator' retrieved from /home/airflow/.local/lib/python3.12/site-packages/airflow/example_dags/example_short_circuit_decorator.py
[2026-08-12T04:37:26.226+0000] {logging_mixin.py:190} INFO - [2026-08-12T04:37:26.226+0000] {dag.py:3211} INFO - Sync 1 DAGs
[2026-08-12T04:37:26.272+0000] {logging_mixin.py:190} INFO - [2026-08-12T04:37:26.271+0000] {dag.py:4138} INFO - Setting next_dagrun for example_short_circuit_decorator to 2026-08-11 00:00:00+00:00, run_after=2026-08-12 00:00:00+00:00
[2026-08-12T04:37:26.315+0000] {processor.py:208} INFO - Processing /home/airflow/.local/lib/python3.12/site-packages/airflow/example_dags/example_short_circuit_decorator.py took 0.157 seconds
[2026-08-12T04:37:56.655+0000] {processor.py:186} INFO - Started process (PID=324) to work on /home/airflow/.local/lib/python3.12/site-packages/airflow/example_dags/example_short_circuit_decorator.py
[2026-08-12T04:37:56.658+0000] {processor.py:914} INFO - Processing file /home/airflow/.local/lib/python3.12/site-packages/airflow/example_dags/example_short_circuit_decorator.py for tasks to queue
[2026-08-12T04:37:56.662+0000] {logging_mixin.py:190} INFO - [2026-08-12T04:37:56.662+0000] {dagbag.py:587} INFO - Filling up the DagBag from /home/airflow/.local/lib/python3.12/site-packages/airflow/example_dags/example_short_circuit_decorator.py
[2026-08-12T04:37:56.683+0000] {processor.py:925} INFO - DAG(s) 'example_short_circuit_decorator' retrieved from /home/airflow/.local/lib/python3.12/site-packages/airflow/example_dags/example_short_circuit_decorator.py
[2026-08-12T04:37:56.717+0000] {logging_mixin.py:190} INFO - [2026-08-12T04:37:56.717+0000] {dag.py:3211} INFO - Sync 1 DAGs
[2026-08-12T04:37:56.763+0000] {logging_mixin.py:190} INFO - [2026-08-12T04:37:56.762+0000] {dag.py:4138} INFO - Setting next_dagrun for example_short_circuit_decorator to 2026-08-11 00:00:00+00:00, run_after=2026-08-12 00:00:00+00:00
[2026-08-12T04:37:56.809+0000] {processor.py:208} INFO - Processing /home/airflow/.local/lib/python3.12/site-packages/airflow/example_dags/example_short_circuit_decorator.py took 0.164 seconds
[2026-08-12T04:38:27.207+0000] {processor.py:186} INFO - Started process (PID=385) to work on /home/airflow/.local/lib/python3.12/site-packages/airflow/example_dags/example_short_circuit_decorator.py
[2026-08-12T04:38:27.209+0000] {processor.py:914} INFO - Processing file /home/airflow/.local/lib/python3.12/site-packages/airflow/example_dags/example_short_circuit_decorator.py for tasks to queue
[2026-08-12T04:38:27.214+0000] {logging_mixin.py:190} INFO - [2026-08-12T04:38:27.213+0000] {dagbag.py:587} INFO - Filling up the DagBag from /home/airflow/.local/lib/python3.12/site-packages/airflow/example_dags/example_short_circuit_decorator.py
[2026-08-12T04:38:27.236+0000] {processor.py:925} INFO - DAG(s) 'example_short_circuit_decorator' retrieved from /home/airflow/.local/lib/python3.12/site-packages/airflow/example_dags/example_short_circuit_decorator.py
[2026-08-12T04:38:27.302+0000] {logging_mixin.py:190} INFO - [2026-08-12T04:38:27.299+0000] {dag.py:3211} INFO - Sync 1 DAGs
[2026-08-12T04:38:27.360+0000] {logging_mixin.py:190} INFO - [2026-08-12T04:38:27.359+0000] {dag.py:4138} INFO - Setting next_dagrun for example_short_circuit_decorator to 2026-08-11 00:00:00+00:00, run_after=2026-08-12 00:00:00+00:00
[2026-08-12T04:38:27.393+0000] {processor.py:208} INFO - Processing /home/airflow/.local/lib/python3.12/site-packages/airflow/example_dags/example_short_circuit_decorator.py took 0.194 seconds
[2026-08-12T04:38:58.479+0000] {processor.py:186} INFO - Started process (PID=448) to work on /home/airflow/.local/lib/python3.12/site-packages/airflow/example_dags/example_short_circuit_decorator.py
[2026-08-12T04:38:58.482+0000] {processor.py:914} INFO - Processing file /home/airflow/.local/lib/python3.12/site-packages/airflow/example_dags/example_short_circuit_decorator.py for tasks to queue
[2026-08-12T04:38:58.486+0000] {logging_mixin.py:190} INFO - [2026-08-12T04:38:58.485+0000] {dagbag.py:587} INFO - Filling up the DagBag from /home/airflow/.local/lib/python3.12/site-packages/airflow/example_dags/example_short_circuit_decorator.py
[2026-08-12T04:38:58.506+0000] {processor.py:925} INFO - DAG(s) 'example_short_circuit_decorator' retrieved from /home/airflow/.local/lib/python3.12/site-packages/airflow/example_dags/example_short_circuit_decorator.py
[2026-08-12T04:38:58.538+0000] {logging_mixin.py:190} INFO - [2026-08-12T04:38:58.538+0000] {dag.py:3211} INFO - Sync 1 DAGs
[2026-08-12T04:38:58.569+0000] {logging_mixin.py:190} INFO - [2026-08-12T04:38:58.569+0000] {dag.py:4138} INFO - Setting next_dagrun for example_short_circuit_decorator to 2026-08-11 00:00:00+00:00, run_after=2026-08-12 00:00:00+00:00
[2026-08-12T04:38:58.601+0000] {processor.py:208} INFO - Processing /home/airflow/.local/lib/python3.12/site-packages/airflow/example_dags/example_short_circuit_decorator.py took 0.133 seconds
[2026-08-12T04:39:28.793+0000] {processor.py:186} INFO - Started process (PID=510) to work on /home/airflow/.local/lib/python3.12/site-packages/airflow/example_dags/example_short_circuit_decorator.py
[2026-08-12T04:39:28.795+0000] {processor.py:914} INFO - Processing file /home/airflow/.local/lib/python3.12/site-packages/airflow/example_dags/example_short_circuit_decorator.py for tasks to queue
[2026-08-12T04:39:28.801+0000] {logging_mixin.py:190} INFO - [2026-08-12T04:39:28.800+0000] {dagbag.py:587} INFO - Filling up the DagBag from /home/airflow/.local/lib/python3.12/site-packages/airflow/example_dags/example_short_circuit_decorator.py
[2026-08-12T04:39:28.818+0000] {processor.py:925} INFO - DAG(s) 'example_short_circuit_decorator' retrieved from /home/airflow/.local/lib/python3.12/site-packages/airflow/example_dags/example_short_circuit_decorator.py
[2026-08-12T04:39:28.865+0000] {logging_mixin.py:190} INFO - [2026-08-12T04:39:28.863+0000] {dag.py:3211} INFO - Sync 1 DAGs
[2026-08-12T04:39:28.910+0000] {logging_mixin.py:190} INFO - [2026-08-12T04:39:28.910+0000] {dag.py:4138} INFO - Setting next_dagrun for example_short_circuit_decorator to 2026-08-11 00:00:00+00:00, run_after=2026-08-12 00:00:00+00:00
[2026-08-12T04:39:28.940+0000] {processor.py:208} INFO - Processing /home/airflow/.local/lib/python3.12/site-packages/airflow/example_dags/example_short_circuit_decorator.py took 0.156 seconds
[2026-08-12T04:39:59.148+0000] {processor.py:186} INFO - Started process (PID=572) to work on /home/airflow/.local/lib/python3.12/site-packages/airflow/example_dags/example_short_circuit_decorator.py
[2026-08-12T04:39:59.150+0000] {processor.py:914} INFO - Processing file /home/airflow/.local/lib/python3.12/site-packages/airflow/example_dags/example_short_circuit_decorator.py for tasks to queue
[2026-08-12T04:39:59.160+0000] {logging_mixin.py:190} INFO - [2026-08-12T04:39:59.159+0000] {dagbag.py:587} INFO - Filling up the DagBag from /home/airflow/.local/lib/python3.12/site-packages/airflow/example_dags/example_short_circuit_decorator.py
[2026-08-12T04:39:59.184+0000] {processor.py:925} INFO - DAG(s) 'example_short_circuit_decorator' retrieved from /home/airflow/.local/lib/python3.12/site-packages/airflow/example_dags/example_short_circuit_decorator.py
[2026-08-12T04:39:59.224+0000] {logging_mixin.py:190} INFO - [2026-08-12T04:39:59.223+0000] {dag.py:3211} INFO - Sync 1 DAGs
[2026-08-12T04:39:59.277+0000] {logging_mixin.py:190} INFO - [2026-08-12T04:39:59.277+0000] {dag.py:4138} INFO - Setting next_dagrun for example_short_circuit_decorator to 2026-08-11 00:00:00+00:00, run_after=2026-08-12 00:00:00+00:00
[2026-08-12T04:39:59.317+0000] {processor.py:208} INFO - Processing /home/airflow/.local/lib/python3.12/site-packages/airflow/example_dags/example_short_circuit_decorator.py took 0.182 seconds
[2026-08-12T04:40:29.979+0000] {processor.py:186} INFO - Started process (PID=634) to work on /home/airflow/.local/lib/python3.12/site-packages/airflow/example_dags/example_short_circuit_decorator.py
[2026-08-12T04:40:29.981+0000] {processor.py:914} INFO - Processing file /home/airflow/.local/lib/python3.12/site-packages/airflow/example_dags/example_short_circuit_decorator.py for tasks to queue
[2026-08-12T04:40:29.984+0000] {logging_mixin.py:190} INFO - [2026-08-12T04:40:29.984+0000] {dagbag.py:587} INFO - Filling up the DagBag from /home/airflow/.local/lib/python3.12/site-packages/airflow/example_dags/example_short_circuit_decorator.py
[2026-08-12T04:40:29.999+0000] {processor.py:925} INFO - DAG(s) 'example_short_circuit_decorator' retrieved from /home/airflow/.local/lib/python3.12/site-packages/airflow/example_dags/example_short_circuit_decorator.py
[2026-08-12T04:40:30.028+0000] {logging_mixin.py:190} INFO - [2026-08-12T04:40:30.028+0000] {dag.py:3211} INFO - Sync 1 DAGs
[2026-08-12T04:40:30.064+0000] {logging_mixin.py:190} INFO - [2026-08-12T04:40:30.064+0000] {dag.py:4138} INFO - Setting next_dagrun for example_short_circuit_decorator to 2026-08-11 00:00:00+00:00, run_after=2026-08-12 00:00:00+00:00
[2026-08-12T04:40:30.100+0000] {processor.py:208} INFO - Processing /home/airflow/.local/lib/python3.12/site-packages/airflow/example_dags/example_short_circuit_decorator.py took 0.131 seconds
[2026-08-12T04:41:00.325+0000] {processor.py:186} INFO - Started process (PID=695) to work on /home/airflow/.local/lib/python3.12/site-packages/airflow/example_dags/example_short_circuit_decorator.py
[2026-08-12T04:41:00.328+0000] {processor.py:914} INFO - Processing file /home/airflow/.local/lib/python3.12/site-packages/airflow/example_dags/example_short_circuit_decorator.py for tasks to queue
[2026-08-12T04:41:00.332+0000] {logging_mixin.py:190} INFO - [2026-08-12T04:41:00.332+0000] {dagbag.py:587} INFO - Filling up the DagBag from /home/airflow/.local/lib/python3.12/site-packages/airflow/example_dags/example_short_circuit_decorator.py
[2026-08-12T04:41:00.347+0000] {processor.py:925} INFO - DAG(s) 'example_short_circuit_decorator' retrieved from /home/airflow/.local/lib/python3.12/site-packages/airflow/example_dags/example_short_circuit_decorator.py
[2026-08-12T04:41:00.390+0000] {logging_mixin.py:190} INFO - [2026-08-12T04:41:00.388+0000] {dag.py:3211} INFO - Sync 1 DAGs
[2026-08-12T04:41:00.441+0000] {logging_mixin.py:190} INFO - [2026-08-12T04:41:00.440+0000] {dag.py:4138} INFO - Setting next_dagrun for example_short_circuit_decorator to 2026-08-11 00:00:00+00:00, run_after=2026-08-12 00:00:00+00:00
[2026-08-12T04:41:00.480+0000] {processor.py:208} INFO - Processing /home/airflow/.local/lib/python3.12/site-packages/airflow/example_dags/example_short_circuit_decorator.py took 0.163 seconds
[2026-08-12T04:41:30.971+0000] {processor.py:186} INFO - Started process (PID=757) to work on /home/airflow/.local/lib/python3.12/site-packages/airflow/example_dags/example_short_circuit_decorator.py
[2026-08-12T04:41:30.973+0000] {processor.py:914} INFO - Processing file /home/airflow/.local/lib/python3.12/site-packages/airflow/example_dags/example_short_circuit_decorator.py for tasks to queue
[2026-08-12T04:41:30.978+0000] {logging_mixin.py:190} INFO - [2026-08-12T04:41:30.977+0000] {dagbag.py:587} INFO - Filling up the DagBag from /home/airflow/.local/lib/python3.12/site-packages/airflow/example_dags/example_short_circuit_decorator.py
[2026-08-12T04:41:30.992+0000] {processor.py:925} INFO - DAG(s) 'example_short_circuit_decorator' retrieved from /home/airflow/.local/lib/python3.12/site-packages/airflow/example_dags/example_short_circuit_decorator.py
[2026-08-12T04:41:31.024+0000] {logging_mixin.py:190} INFO - [2026-08-12T04:41:31.024+0000] {dag.py:3211} INFO - Sync 1 DAGs
[2026-08-12T04:41:31.055+0000] {logging_mixin.py:190} INFO - [2026-08-12T04:41:31.055+0000] {dag.py:4138} INFO - Setting next_dagrun for example_short_circuit_decorator to 2026-08-11 00:00:00+00:00, run_after=2026-08-12 00:00:00+00:00
[2026-08-12T04:41:31.083+0000] {processor.py:208} INFO - Processing /home/airflow/.local/lib/python3.12/site-packages/airflow/example_dags/example_short_circuit_decorator.py took 0.121 seconds
[2026-08-12T04:42:01.681+0000] {processor.py:186} INFO - Started process (PID=819) to work on /home/airflow/.local/lib/python3.12/site-packages/airflow/example_dags/example_short_circuit_decorator.py
[2026-08-12T04:42:01.684+0000] {processor.py:914} INFO - Processing file /home/airflow/.local/lib/python3.12/site-packages/airflow/example_dags/example_short_circuit_decorator.py for tasks to queue
[2026-08-12T04:42:01.689+0000] {logging_mixin.py:190} INFO - [2026-08-12T04:42:01.688+0000] {dagbag.py:587} INFO - Filling up the DagBag from /home/airflow/.local/lib/python3.12/site-packages/airflow/example_dags/example_short_circuit_decorator.py
[2026-08-12T04:42:01.703+0000] {processor.py:925} INFO - DAG(s) 'example_short_circuit_decorator' retrieved from /home/airflow/.local/lib/python3.12/site-packages/airflow/example_dags/example_short_circuit_decorator.py
[2026-08-12T04:42:01.731+0000] {logging_mixin.py:190} INFO - [2026-08-12T04:42:01.731+0000] {dag.py:3211} INFO - Sync 1 DAGs
[2026-08-12T04:42:01.757+0000] {logging_mixin.py:190} INFO - [2026-08-12T04:42:01.757+0000] {dag.py:4138} INFO - Setting next_dagrun for example_short_circuit_decorator to 2026-08-11 00:00:00+00:00, run_after=2026-08-12 00:00:00+00:00
[2026-08-12T04:42:01.779+0000] {processor.py:208} INFO - Processing /home/airflow/.local/lib/python3.12/site-packages/airflow/example_dags/example_short_circuit_decorator.py took 0.111 seconds
[2026-08-12T04:42:32.696+0000] {processor.py:186} INFO - Started process (PID=882) to work on /home/airflow/.local/lib/python3.12/site-packages/airflow/example_dags/example_short_circuit_decorator.py
[2026-08-12T04:42:32.700+0000] {processor.py:914} INFO - Processing file /home/airflow/.local/lib/python3.12/site-packages/airflow/example_dags/example_short_circuit_decorator.py for tasks to queue
[2026-08-12T04:42:32.704+0000] {logging_mixin.py:190} INFO - [2026-08-12T04:42:32.704+0000] {dagbag.py:587} INFO - Filling up the DagBag from /home/airflow/.local/lib/python3.12/site-packages/airflow/example_dags/example_short_circuit_decorator.py
[2026-08-12T04:42:32.719+0000] {processor.py:925} INFO - DAG(s) 'example_short_circuit_decorator' retrieved from /home/airflow/.local/lib/python3.12/site-packages/airflow/example_dags/example_short_circuit_decorator.py
[2026-08-12T04:42:32.763+0000] {logging_mixin.py:190} INFO - [2026-08-12T04:42:32.762+0000] {dag.py:3211} INFO - Sync 1 DAGs
[2026-08-12T04:42:32.806+0000] {logging_mixin.py:190} INFO - [2026-08-12T04:42:32.805+0000] {dag.py:4138} INFO - Setting next_dagrun for example_short_circuit_decorator to 2026-08-11 00:00:00+00:00, run_after=2026-08-12 00:00:00+00:00
[2026-08-12T04:42:32.842+0000] {processor.py:208} INFO - Processing /home/airflow/.local/lib/python3.12/site-packages/airflow/example_dags/example_short_circuit_decorator.py took 0.154 seconds
[2026-08-12T04:43:02.892+0000] {processor.py:186} INFO - Started process (PID=944) to work on /home/airflow/.local/lib/python3.12/site-packages/airflow/example_dags/example_short_circuit_decorator.py
[2026-08-12T04:43:02.894+0000] {processor.py:914} INFO - Processing file /home/airflow/.local/lib/python3.12/site-packages/airflow/example_dags/example_short_circuit_decorator.py for tasks to queue
[2026-08-12T04:43:02.898+0000] {logging_mixin.py:190} INFO - [2026-08-12T04:43:02.898+0000] {dagbag.py:587} INFO - Filling up the DagBag from /home/airflow/.local/lib/python3.12/site-packages/airflow/example_dags/example_short_circuit_decorator.py
[2026-08-12T04:43:02.913+0000] {processor.py:925} INFO - DAG(s) 'example_short_circuit_decorator' retrieved from /home/airflow/.local/lib/python3.12/site-packages/airflow/example_dags/example_short_circuit_decorator.py
[2026-08-12T04:43:02.942+0000] {logging_mixin.py:190} INFO - [2026-08-12T04:43:02.942+0000] {dag.py:3211} INFO - Sync 1 DAGs
[2026-08-12T04:43:02.975+0000] {logging_mixin.py:190} INFO - [2026-08-12T04:43:02.975+0000] {dag.py:4138} INFO - Setting next_dagrun for example_short_circuit_decorator to 2026-08-11 00:00:00+00:00, run_after=2026-08-12 00:00:00+00:00
[2026-08-12T04:43:03.002+0000] {processor.py:208} INFO - Processing /home/airflow/.local/lib/python3.12/site-packages/airflow/example_dags/example_short_circuit_decorator.py took 0.117 seconds
[2026-08-12T04:43:33.183+0000] {processor.py:186} INFO - Started process (PID=1006) to work on /home/airflow/.local/lib/python3.12/site-packages/airflow/example_dags/example_short_circuit_decorator.py
[2026-08-12T04:43:33.185+0000] {processor.py:914} INFO - Processing file /home/airflow/.local/lib/python3.12/site-packages/airflow/example_dags/example_short_circuit_decorator.py for tasks to queue
[2026-08-12T04:43:33.191+0000] {logging_mixin.py:190} INFO - [2026-08-12T04:43:33.191+0000] {dagbag.py:587} INFO - Filling up the DagBag from /home/airflow/.local/lib/python3.12/site-packages/airflow/example_dags/example_short_circuit_decorator.py
[2026-08-12T04:43:33.211+0000] {processor.py:925} INFO - DAG(s) 'example_short_circuit_decorator' retrieved from /home/airflow/.local/lib/python3.12/site-packages/airflow/example_dags/example_short_circuit_decorator.py
[2026-08-12T04:43:33.255+0000] {logging_mixin.py:190} INFO - [2026-08-12T04:43:33.255+0000] {dag.py:3211} INFO - Sync 1 DAGs
[2026-08-12T04:43:33.296+0000] {logging_mixin.py:190} INFO - [2026-08-12T04:43:33.296+0000] {dag.py:4138} INFO - Setting next_dagrun for example_short_circuit_decorator to 2026-08-11 00:00:00+00:00, run_after=2026-08-12 00:00:00+00:00
[2026-08-12T04:43:33.345+0000] {processor.py:208} INFO - Processing /home/airflow/.local/lib/python3.12/site-packages/airflow/example_dags/example_short_circuit_decorator.py took 0.172 seconds
[2026-08-12T04:44:04.225+0000] {processor.py:186} INFO - Started process (PID=1068) to work on /home/airflow/.local/lib/python3.12/site-packages/airflow/example_dags/example_short_circuit_decorator.py
[2026-08-12T04:44:04.227+0000] {processor.py:914} INFO - Processing file /home/airflow/.local/lib/python3.12/site-packages/airflow/example_dags/example_short_circuit_decorator.py for tasks to queue
[2026-08-12T04:44:04.231+0000] {logging_mixin.py:190} INFO - [2026-08-12T04:44:04.231+0000] {dagbag.py:587} INFO - Filling up the DagBag from /home/airflow/.local/lib/python3.12/site-packages/airflow/example_dags/example_short_circuit_decorator.py
[2026-08-12T04:44:04.244+0000] {processor.py:925} INFO - DAG(s) 'example_short_circuit_decorator' retrieved from /home/airflow/.local/lib/python3.12/site-packages/airflow/example_dags/example_short_circuit_decorator.py
[2026-08-12T04:44:04.274+0000] {logging_mixin.py:190} INFO - [2026-08-12T04:44:04.274+0000] {dag.py:3211} INFO - Sync 1 DAGs
[2026-08-12T04:44:04.311+0000] {logging_mixin.py:190} INFO - [2026-08-12T04:44:04.311+0000] {dag.py:4138} INFO - Setting next_dagrun for example_short_circuit_decorator to 2026-08-11 00:00:00+00:00, run_after=2026-08-12 00:00:00+00:00
[2026-08-12T04:44:04.352+0000] {processor.py:208} INFO - Processing /home/airflow/.local/lib/python3.12/site-packages/airflow/example_dags/example_short_circuit_decorator.py took 0.131 seconds
[2026-08-12T04:44:34.754+0000] {processor.py:186} INFO - Started process (PID=1130) to work on /home/airflow/.local/lib/python3.12/site-packages/airflow/example_dags/example_short_circuit_decorator.py
[2026-08-12T04:44:34.757+0000] {processor.py:914} INFO - Processing file /home/airflow/.local/lib/python3.12/site-packages/airflow/example_dags/example_short_circuit_decorator.py for tasks to queue
[2026-08-12T04:44:34.762+0000] {logging_mixin.py:190} INFO - [2026-08-12T04:44:34.761+0000] {dagbag.py:587} INFO - Filling up the DagBag from /home/airflow/.local/lib/python3.12/site-packages/airflow/example_dags/example_short_circuit_decorator.py
[2026-08-12T04:44:34.774+0000] {processor.py:925} INFO - DAG(s) 'example_short_circuit_decorator' retrieved from /home/airflow/.local/lib/python3.12/site-packages/airflow/example_dags/example_short_circuit_decorator.py
[2026-08-12T04:44:34.811+0000] {logging_mixin.py:190} INFO - [2026-08-12T04:44:34.811+0000] {dag.py:3211} INFO - Sync 1 DAGs
[2026-08-12T04:44:34.858+0000] {logging_mixin.py:190} INFO - [2026-08-12T04:44:34.857+0000] {dag.py:4138} INFO - Setting next_dagrun for example_short_circuit_decorator to 2026-08-11 00:00:00+00:00, run_after=2026-08-12 00:00:00+00:00
[2026-08-12T04:44:34.915+0000] {processor.py:208} INFO - Processing /home/airflow/.local/lib/python3.12/site-packages/airflow/example_dags/example_short_circuit_decorator.py took 0.167 seconds
[2026-08-12T04:45:05.447+0000] {processor.py:186} INFO - Started process (PID=1193) to work on /home/airflow/.local/lib/python3.12/site-packages/airflow/example_dags/example_short_circuit_decorator.py
[2026-08-12T04:45:05.456+0000] {processor.py:914} INFO - Processing file /home/airflow/.local/lib/python3.12/site-packages/airflow/example_dags/example_short_circuit_decorator.py for tasks to queue
[2026-08-12T04:45:05.465+0000] {logging_mixin.py:190} INFO - [2026-08-12T04:45:05.464+0000] {dagbag.py:587} INFO - Filling up the DagBag from /home/airflow/.local/lib/python3.12/site-packages/airflow/example_dags/example_short_circuit_decorator.py
[2026-08-12T04:45:05.498+0000] {processor.py:925} INFO - DAG(s) 'example_short_circuit_decorator' retrieved from /home/airflow/.local/lib/python3.12/site-packages/airflow/example_dags/example_short_circuit_decorator.py
[2026-08-12T04:45:05.585+0000] {logging_mixin.py:190} INFO - [2026-08-12T04:45:05.584+0000] {dag.py:3211} INFO - Sync 1 DAGs
[2026-08-12T04:45:05.683+0000] {logging_mixin.py:190} INFO - [2026-08-12T04:45:05.682+0000] {dag.py:4138} INFO - Setting next_dagrun for example_short_circuit_decorator to 2026-08-11 00:00:00+00:00, run_after=2026-08-12 00:00:00+00:00
[2026-08-12T04:45:05.764+0000] {processor.py:208} INFO - Processing /home/airflow/.local/lib/python3.12/site-packages/airflow/example_dags/example_short_circuit_decorator.py took 0.329 seconds
[2026-08-12T04:45:35.874+0000] {processor.py:186} INFO - Started process (PID=1254) to work on /home/airflow/.local/lib/python3.12/site-packages/airflow/example_dags/example_short_circuit_decorator.py
[2026-08-12T04:45:35.876+0000] {processor.py:914} INFO - Processing file /home/airflow/.local/lib/python3.12/site-packages/airflow/example_dags/example_short_circuit_decorator.py for tasks to queue
[2026-08-12T04:45:35.881+0000] {logging_mixin.py:190} INFO - [2026-08-12T04:45:35.881+0000] {dagbag.py:587} INFO - Filling up the DagBag from /home/airflow/.local/lib/python3.12/site-packages/airflow/example_dags/example_short_circuit_decorator.py
[2026-08-12T04:45:35.896+0000] {processor.py:925} INFO - DAG(s) 'example_short_circuit_decorator' retrieved from /home/airflow/.local/lib/python3.12/site-packages/airflow/example_dags/example_short_circuit_decorator.py
[2026-08-12T04:45:35.929+0000] {logging_mixin.py:190} INFO - [2026-08-12T04:45:35.928+0000] {dag.py:3211} INFO - Sync 1 DAGs
[2026-08-12T04:45:35.958+0000] {logging_mixin.py:190} INFO - [2026-08-12T04:45:35.958+0000] {dag.py:4138} INFO - Setting next_dagrun for example_short_circuit_decorator to 2026-08-11 00:00:00+00:00, run_after=2026-08-12 00:00:00+00:00
[2026-08-12T04:45:36.005+0000] {processor.py:208} INFO - Processing /home/airflow/.local/lib/python3.12/site-packages/airflow/example_dags/example_short_circuit_decorator.py took 0.139 seconds
[2026-08-12T04:46:06.961+0000] {processor.py:186} INFO - Started process (PID=1317) to work on /home/airflow/.local/lib/python3.12/site-packages/airflow/example_dags/example_short_circuit_decorator.py
[2026-08-12T04:46:06.963+0000] {processor.py:914} INFO - Processing file /home/airflow/.local/lib/python3.12/site-packages/airflow/example_dags/example_short_circuit_decorator.py for tasks to queue
[2026-08-12T04:46:06.966+0000] {logging_mixin.py:190} INFO - [2026-08-12T04:46:06.965+0000] {dagbag.py:587} INFO - Filling up the DagBag from /home/airflow/.local/lib/python3.12/site-packages/airflow/example_dags/example_short_circuit_decorator.py
[2026-08-12T04:46:06.976+0000] {processor.py:925} INFO - DAG(s) 'example_short_circuit_decorator' retrieved from /home/airflow/.local/lib/python3.12/site-packages/airflow/example_dags/example_short_circuit_decorator.py
[2026-08-12T04:46:07.001+0000] {logging_mixin.py:190} INFO - [2026-08-12T04:46:07.001+0000] {dag.py:3211} INFO - Sync 1 DAGs
[2026-08-12T04:46:07.028+0000] {logging_mixin.py:190} INFO - [2026-08-12T04:46:07.027+0000] {dag.py:4138} INFO - Setting next_dagrun for example_short_circuit_decorator to 2026-08-11 00:00:00+00:00, run_after=2026-08-12 00:00:00+00:00
[2026-08-12T04:46:07.051+0000] {processor.py:208} INFO - Processing /home/airflow/.local/lib/python3.12/site-packages/airflow/example_dags/example_short_circuit_decorator.py took 0.096 seconds
[2026-08-12T04:46:37.523+0000] {processor.py:186} INFO - Started process (PID=1379) to work on /home/airflow/.local/lib/python3.12/site-packages/airflow/example_dags/example_short_circuit_decorator.py
[2026-08-12T04:46:37.525+0000] {processor.py:914} INFO - Processing file /home/airflow/.local/lib/python3.12/site-packages/airflow/example_dags/example_short_circuit_decorator.py for tasks to queue
[2026-08-12T04:46:37.529+0000] {logging_mixin.py:190} INFO - [2026-08-12T04:46:37.528+0000] {dagbag.py:587} INFO - Filling up the DagBag from /home/airflow/.local/lib/python3.12/site-packages/airflow/example_dags/example_short_circuit_decorator.py
[2026-08-12T04:46:37.541+0000] {processor.py:925} INFO - DAG(s) 'example_short_circuit_decorator' retrieved from /home/airflow/.local/lib/python3.12/site-packages/airflow/example_dags/example_short_circuit_decorator.py
[2026-08-12T04:46:37.572+0000] {logging_mixin.py:190} INFO - [2026-08-12T04:46:37.572+0000] {dag.py:3211} INFO - Sync 1 DAGs
[2026-08-12T04:46:37.603+0000] {logging_mixin.py:190} INFO - [2026-08-12T04:46:37.602+0000] {dag.py:4138} INFO - Setting next_dagrun for example_short_circuit_decorator to 2026-08-11 00:00:00+00:00, run_after=2026-08-12 00:00:00+00:00
[2026-08-12T04:46:37.624+0000] {processor.py:208} INFO - Processing /home/airflow/.local/lib/python3.12/site-packages/airflow/example_dags/example_short_circuit_decorator.py took 0.108 seconds
