[2026-08-12T04:32:03.272+0000] {processor.py:186} INFO - Started process (PID=123) to work on /home/airflow/.local/lib/python3.12/site-packages/airflow/example_dags/example_task_group_decorator.py
[2026-08-12T04:32:03.274+0000] {processor.py:914} INFO - Processing file /home/airflow/.local/lib/python3.12/site-packages/airflow/example_dags/example_task_group_decorator.py for tasks to queue
[2026-08-12T04:32:03.281+0000] {logging_mixin.py:190} INFO - [2026-08-12T04:32:03.281+0000] {dagbag.py:587} INFO - Filling up the DagBag from /home/airflow/.local/lib/python3.12/site-packages/airflow/example_dags/example_task_group_decorator.py
[2026-08-12T04:32:03.316+0000] {processor.py:925} INFO - DAG(s) 'example_task_group_decorator' retrieved from /home/airflow/.local/lib/python3.12/site-packages/airflow/example_dags/example_task_group_decorator.py
[2026-08-12T04:32:03.538+0000] {logging_mixin.py:190} INFO - [2026-08-12T04:32:03.538+0000] {override.py:1858} INFO - Created Permission View: can edit on DAG:example_task_group_decorator
[2026-08-12T04:32:03.558+0000] {logging_mixin.py:190} INFO - [2026-08-12T04:32:03.557+0000] {override.py:1858} INFO - Created Permission View: can read on DAG:example_task_group_decorator
[2026-08-12T04:32:03.571+0000] {logging_mixin.py:190} INFO - [2026-08-12T04:32:03.570+0000] {override.py:1858} INFO - Created Permission View: can delete on DAG:example_task_group_decorator
[2026-08-12T04:32:03.573+0000] {logging_mixin.py:190} INFO - [2026-08-12T04:32:03.572+0000] {dag.py:3211} INFO - Sync 1 DAGs
[2026-08-12T04:32:03.601+0000] {logging_mixin.py:190} INFO - [2026-08-12T04:32:03.600+0000] {dag.py:3234} INFO - Creating ORM DAG for example_task_group_decorator
[2026-08-12T04:32:03.625+0000] {logging_mixin.py:190} INFO - [2026-08-12T04:32:03.624+0000] {dag.py:4138} INFO - Setting next_dagrun for example_task_group_decorator to 2026-08-11 00:00:00+00:00, run_after=2026-08-12 00:00:00+00:00
[2026-08-12T04:32:03.679+0000] {processor.py:208} INFO - Processing /home/airflow/.local/lib/python3.12/site-packages/airflow/example_dags/example_task_group_decorator.py took 0.418 seconds
[2026-08-12T04:32:34.362+0000] {processor.py:186} INFO - Started process (PID=186) to work on /home/airflow/.local/lib/python3.12/site-packages/airflow/example_dags/example_task_group_decorator.py
[2026-08-12T04:32:34.367+0000] {processor.py:914} INFO - Processing file /home/airflow/.local/lib/python3.12/site-packages/airflow/example_dags/example_task_group_decorator.py for tasks to queue
[2026-08-12T04:32:34.376+0000] {logging_mixin.py:190} INFO - [2026-08-12T04:32:34.376+0000] {dagbag.py:587} INFO - Filling up the DagBag from /home/airflow/.local/lib/python3.12/site-packages/airflow/example_dags/example_task_group_decorator.py
[2026-08-12T04:32:34.424+0000] {processor.py:925} INFO - DAG(s) 'example_task_group_decorator' retrieved from /home/airflow/.local/lib/python3.12/site-packages/airflow/example_dags/example_task_group_decorator.py
[2026-08-12T04:32:34.485+0000] {logging_mixin.py:190} INFO - [2026-08-12T04:32:34.484+0000] {dag.py:3211} INFO - Sync 1 DAGs
[2026-08-12T04:32:34.545+0000] {logging_mixin.py:190} INFO - [2026-08-12T04:32:34.544+0000] {dag.py:4138} INFO - Setting next_dagrun for example_task_group_decorator to 2026-08-11 00:00:00+00:00, run_after=2026-08-12 00:00:00+00:00
[2026-08-12T04:32:34.591+0000] {processor.py:208} INFO - Processing /home/airflow/.local/lib/python3.12/site-packages/airflow/example_dags/example_task_group_decorator.py took 0.247 seconds
[2026-08-12T04:33:05.346+0000] {processor.py:186} INFO - Started process (PID=248) to work on /home/airflow/.local/lib/python3.12/site-packages/airflow/example_dags/example_task_group_decorator.py
[2026-08-12T04:33:05.349+0000] {processor.py:914} INFO - Processing file /home/airflow/.local/lib/python3.12/site-packages/airflow/example_dags/example_task_group_decorator.py for tasks to queue
[2026-08-12T04:33:05.355+0000] {logging_mixin.py:190} INFO - [2026-08-12T04:33:05.354+0000] {dagbag.py:587} INFO - Filling up the DagBag from /home/airflow/.local/lib/python3.12/site-packages/airflow/example_dags/example_task_group_decorator.py
[2026-08-12T04:33:05.385+0000] {processor.py:925} INFO - DAG(s) 'example_task_group_decorator' retrieved from /home/airflow/.local/lib/python3.12/site-packages/airflow/example_dags/example_task_group_decorator.py
[2026-08-12T04:33:05.426+0000] {logging_mixin.py:190} INFO - [2026-08-12T04:33:05.426+0000] {dag.py:3211} INFO - Sync 1 DAGs
[2026-08-12T04:33:05.462+0000] {logging_mixin.py:190} INFO - [2026-08-12T04:33:05.462+0000] {dag.py:4138} INFO - Setting next_dagrun for example_task_group_decorator to 2026-08-11 00:00:00+00:00, run_after=2026-08-12 00:00:00+00:00
[2026-08-12T04:33:05.496+0000] {processor.py:208} INFO - Processing /home/airflow/.local/lib/python3.12/site-packages/airflow/example_dags/example_task_group_decorator.py took 0.162 seconds
[2026-08-12T04:33:35.842+0000] {processor.py:186} INFO - Started process (PID=310) to work on /home/airflow/.local/lib/python3.12/site-packages/airflow/example_dags/example_task_group_decorator.py
[2026-08-12T04:33:35.844+0000] {processor.py:914} INFO - Processing file /home/airflow/.local/lib/python3.12/site-packages/airflow/example_dags/example_task_group_decorator.py for tasks to queue
[2026-08-12T04:33:35.853+0000] {logging_mixin.py:190} INFO - [2026-08-12T04:33:35.852+0000] {dagbag.py:587} INFO - Filling up the DagBag from /home/airflow/.local/lib/python3.12/site-packages/airflow/example_dags/example_task_group_decorator.py
[2026-08-12T04:33:35.882+0000] {processor.py:925} INFO - DAG(s) 'example_task_group_decorator' retrieved from /home/airflow/.local/lib/python3.12/site-packages/airflow/example_dags/example_task_group_decorator.py
[2026-08-12T04:33:35.933+0000] {logging_mixin.py:190} INFO - [2026-08-12T04:33:35.933+0000] {dag.py:3211} INFO - Sync 1 DAGs
[2026-08-12T04:33:35.991+0000] {logging_mixin.py:190} INFO - [2026-08-12T04:33:35.990+0000] {dag.py:4138} INFO - Setting next_dagrun for example_task_group_decorator to 2026-08-11 00:00:00+00:00, run_after=2026-08-12 00:00:00+00:00
[2026-08-12T04:33:36.043+0000] {processor.py:208} INFO - Processing /home/airflow/.local/lib/python3.12/site-packages/airflow/example_dags/example_task_group_decorator.py took 0.210 seconds
[2026-08-12T04:34:06.810+0000] {processor.py:186} INFO - Started process (PID=372) to work on /home/airflow/.local/lib/python3.12/site-packages/airflow/example_dags/example_task_group_decorator.py
[2026-08-12T04:34:06.813+0000] {processor.py:914} INFO - Processing file /home/airflow/.local/lib/python3.12/site-packages/airflow/example_dags/example_task_group_decorator.py for tasks to queue
[2026-08-12T04:34:06.817+0000] {logging_mixin.py:190} INFO - [2026-08-12T04:34:06.816+0000] {dagbag.py:587} INFO - Filling up the DagBag from /home/airflow/.local/lib/python3.12/site-packages/airflow/example_dags/example_task_group_decorator.py
[2026-08-12T04:34:06.837+0000] {processor.py:925} INFO - DAG(s) 'example_task_group_decorator' retrieved from /home/airflow/.local/lib/python3.12/site-packages/airflow/example_dags/example_task_group_decorator.py
[2026-08-12T04:34:06.872+0000] {logging_mixin.py:190} INFO - [2026-08-12T04:34:06.871+0000] {dag.py:3211} INFO - Sync 1 DAGs
[2026-08-12T04:34:06.902+0000] {logging_mixin.py:190} INFO - [2026-08-12T04:34:06.902+0000] {dag.py:4138} INFO - Setting next_dagrun for example_task_group_decorator to 2026-08-11 00:00:00+00:00, run_after=2026-08-12 00:00:00+00:00
[2026-08-12T04:34:06.929+0000] {processor.py:208} INFO - Processing /home/airflow/.local/lib/python3.12/site-packages/airflow/example_dags/example_task_group_decorator.py took 0.126 seconds
[2026-08-12T04:36:02.184+0000] {processor.py:186} INFO - Started process (PID=116) to work on /home/airflow/.local/lib/python3.12/site-packages/airflow/example_dags/example_task_group_decorator.py
[2026-08-12T04:36:02.187+0000] {processor.py:914} INFO - Processing file /home/airflow/.local/lib/python3.12/site-packages/airflow/example_dags/example_task_group_decorator.py for tasks to queue
[2026-08-12T04:36:02.193+0000] {logging_mixin.py:190} INFO - [2026-08-12T04:36:02.193+0000] {dagbag.py:587} INFO - Filling up the DagBag from /home/airflow/.local/lib/python3.12/site-packages/airflow/example_dags/example_task_group_decorator.py
[2026-08-12T04:36:02.227+0000] {processor.py:925} INFO - DAG(s) 'example_task_group_decorator' retrieved from /home/airflow/.local/lib/python3.12/site-packages/airflow/example_dags/example_task_group_decorator.py
[2026-08-12T04:36:02.273+0000] {logging_mixin.py:190} INFO - [2026-08-12T04:36:02.273+0000] {dag.py:3211} INFO - Sync 1 DAGs
[2026-08-12T04:36:02.322+0000] {logging_mixin.py:190} INFO - [2026-08-12T04:36:02.322+0000] {dag.py:4138} INFO - Setting next_dagrun for example_task_group_decorator to 2026-08-11 00:00:00+00:00, run_after=2026-08-12 00:00:00+00:00
[2026-08-12T04:36:02.361+0000] {processor.py:208} INFO - Processing /home/airflow/.local/lib/python3.12/site-packages/airflow/example_dags/example_task_group_decorator.py took 0.185 seconds
[2026-08-12T04:36:32.764+0000] {processor.py:186} INFO - Started process (PID=178) to work on /home/airflow/.local/lib/python3.12/site-packages/airflow/example_dags/example_task_group_decorator.py
[2026-08-12T04:36:32.767+0000] {processor.py:914} INFO - Processing file /home/airflow/.local/lib/python3.12/site-packages/airflow/example_dags/example_task_group_decorator.py for tasks to queue
[2026-08-12T04:36:32.775+0000] {logging_mixin.py:190} INFO - [2026-08-12T04:36:32.774+0000] {dagbag.py:587} INFO - Filling up the DagBag from /home/airflow/.local/lib/python3.12/site-packages/airflow/example_dags/example_task_group_decorator.py
[2026-08-12T04:36:32.796+0000] {processor.py:925} INFO - DAG(s) 'example_task_group_decorator' retrieved from /home/airflow/.local/lib/python3.12/site-packages/airflow/example_dags/example_task_group_decorator.py
[2026-08-12T04:36:32.856+0000] {logging_mixin.py:190} INFO - [2026-08-12T04:36:32.856+0000] {dag.py:3211} INFO - Sync 1 DAGs
[2026-08-12T04:36:32.914+0000] {logging_mixin.py:190} INFO - [2026-08-12T04:36:32.913+0000] {dag.py:4138} INFO - Setting next_dagrun for example_task_group_decorator to 2026-08-11 00:00:00+00:00, run_after=2026-08-12 00:00:00+00:00
[2026-08-12T04:36:32.956+0000] {processor.py:208} INFO - Processing /home/airflow/.local/lib/python3.12/site-packages/airflow/example_dags/example_task_group_decorator.py took 0.198 seconds
[2026-08-12T04:37:03.268+0000] {processor.py:186} INFO - Started process (PID=240) to work on /home/airflow/.local/lib/python3.12/site-packages/airflow/example_dags/example_task_group_decorator.py
[2026-08-12T04:37:03.273+0000] {processor.py:914} INFO - Processing file /home/airflow/.local/lib/python3.12/site-packages/airflow/example_dags/example_task_group_decorator.py for tasks to queue
[2026-08-12T04:37:03.277+0000] {logging_mixin.py:190} INFO - [2026-08-12T04:37:03.277+0000] {dagbag.py:587} INFO - Filling up the DagBag from /home/airflow/.local/lib/python3.12/site-packages/airflow/example_dags/example_task_group_decorator.py
[2026-08-12T04:37:03.301+0000] {processor.py:925} INFO - DAG(s) 'example_task_group_decorator' retrieved from /home/airflow/.local/lib/python3.12/site-packages/airflow/example_dags/example_task_group_decorator.py
[2026-08-12T04:37:03.338+0000] {logging_mixin.py:190} INFO - [2026-08-12T04:37:03.338+0000] {dag.py:3211} INFO - Sync 1 DAGs
[2026-08-12T04:37:03.372+0000] {logging_mixin.py:190} INFO - [2026-08-12T04:37:03.372+0000] {dag.py:4138} INFO - Setting next_dagrun for example_task_group_decorator to 2026-08-11 00:00:00+00:00, run_after=2026-08-12 00:00:00+00:00
[2026-08-12T04:37:03.397+0000] {processor.py:208} INFO - Processing /home/airflow/.local/lib/python3.12/site-packages/airflow/example_dags/example_task_group_decorator.py took 0.137 seconds
[2026-08-12T04:37:33.754+0000] {processor.py:186} INFO - Started process (PID=302) to work on /home/airflow/.local/lib/python3.12/site-packages/airflow/example_dags/example_task_group_decorator.py
[2026-08-12T04:37:33.756+0000] {processor.py:914} INFO - Processing file /home/airflow/.local/lib/python3.12/site-packages/airflow/example_dags/example_task_group_decorator.py for tasks to queue
[2026-08-12T04:37:33.760+0000] {logging_mixin.py:190} INFO - [2026-08-12T04:37:33.759+0000] {dagbag.py:587} INFO - Filling up the DagBag from /home/airflow/.local/lib/python3.12/site-packages/airflow/example_dags/example_task_group_decorator.py
[2026-08-12T04:37:33.783+0000] {processor.py:925} INFO - DAG(s) 'example_task_group_decorator' retrieved from /home/airflow/.local/lib/python3.12/site-packages/airflow/example_dags/example_task_group_decorator.py
[2026-08-12T04:37:33.841+0000] {logging_mixin.py:190} INFO - [2026-08-12T04:37:33.840+0000] {dag.py:3211} INFO - Sync 1 DAGs
[2026-08-12T04:37:33.873+0000] {logging_mixin.py:190} INFO - [2026-08-12T04:37:33.873+0000] {dag.py:4138} INFO - Setting next_dagrun for example_task_group_decorator to 2026-08-11 00:00:00+00:00, run_after=2026-08-12 00:00:00+00:00
[2026-08-12T04:37:33.897+0000] {processor.py:208} INFO - Processing /home/airflow/.local/lib/python3.12/site-packages/airflow/example_dags/example_task_group_decorator.py took 0.151 seconds
[2026-08-12T04:38:04.872+0000] {processor.py:186} INFO - Started process (PID=364) to work on /home/airflow/.local/lib/python3.12/site-packages/airflow/example_dags/example_task_group_decorator.py
[2026-08-12T04:38:04.874+0000] {processor.py:914} INFO - Processing file /home/airflow/.local/lib/python3.12/site-packages/airflow/example_dags/example_task_group_decorator.py for tasks to queue
[2026-08-12T04:38:04.878+0000] {logging_mixin.py:190} INFO - [2026-08-12T04:38:04.877+0000] {dagbag.py:587} INFO - Filling up the DagBag from /home/airflow/.local/lib/python3.12/site-packages/airflow/example_dags/example_task_group_decorator.py
[2026-08-12T04:38:04.897+0000] {processor.py:925} INFO - DAG(s) 'example_task_group_decorator' retrieved from /home/airflow/.local/lib/python3.12/site-packages/airflow/example_dags/example_task_group_decorator.py
[2026-08-12T04:38:04.932+0000] {logging_mixin.py:190} INFO - [2026-08-12T04:38:04.931+0000] {dag.py:3211} INFO - Sync 1 DAGs
[2026-08-12T04:38:04.961+0000] {logging_mixin.py:190} INFO - [2026-08-12T04:38:04.961+0000] {dag.py:4138} INFO - Setting next_dagrun for example_task_group_decorator to 2026-08-11 00:00:00+00:00, run_after=2026-08-12 00:00:00+00:00
[2026-08-12T04:38:04.990+0000] {processor.py:208} INFO - Processing /home/airflow/.local/lib/python3.12/site-packages/airflow/example_dags/example_task_group_decorator.py took 0.125 seconds
[2026-08-12T04:38:35.651+0000] {processor.py:186} INFO - Started process (PID=426) to work on /home/airflow/.local/lib/python3.12/site-packages/airflow/example_dags/example_task_group_decorator.py
[2026-08-12T04:38:35.654+0000] {processor.py:914} INFO - Processing file /home/airflow/.local/lib/python3.12/site-packages/airflow/example_dags/example_task_group_decorator.py for tasks to queue
[2026-08-12T04:38:35.660+0000] {logging_mixin.py:190} INFO - [2026-08-12T04:38:35.659+0000] {dagbag.py:587} INFO - Filling up the DagBag from /home/airflow/.local/lib/python3.12/site-packages/airflow/example_dags/example_task_group_decorator.py
[2026-08-12T04:38:35.682+0000] {processor.py:925} INFO - DAG(s) 'example_task_group_decorator' retrieved from /home/airflow/.local/lib/python3.12/site-packages/airflow/example_dags/example_task_group_decorator.py
[2026-08-12T04:38:35.725+0000] {logging_mixin.py:190} INFO - [2026-08-12T04:38:35.725+0000] {dag.py:3211} INFO - Sync 1 DAGs
[2026-08-12T04:38:35.767+0000] {logging_mixin.py:190} INFO - [2026-08-12T04:38:35.767+0000] {dag.py:4138} INFO - Setting next_dagrun for example_task_group_decorator to 2026-08-11 00:00:00+00:00, run_after=2026-08-12 00:00:00+00:00
[2026-08-12T04:38:35.819+0000] {processor.py:208} INFO - Processing /home/airflow/.local/lib/python3.12/site-packages/airflow/example_dags/example_task_group_decorator.py took 0.175 seconds
[2026-08-12T04:39:06.640+0000] {processor.py:186} INFO - Started process (PID=488) to work on /home/airflow/.local/lib/python3.12/site-packages/airflow/example_dags/example_task_group_decorator.py
[2026-08-12T04:39:06.643+0000] {processor.py:914} INFO - Processing file /home/airflow/.local/lib/python3.12/site-packages/airflow/example_dags/example_task_group_decorator.py for tasks to queue
[2026-08-12T04:39:06.650+0000] {logging_mixin.py:190} INFO - [2026-08-12T04:39:06.649+0000] {dagbag.py:587} INFO - Filling up the DagBag from /home/airflow/.local/lib/python3.12/site-packages/airflow/example_dags/example_task_group_decorator.py
[2026-08-12T04:39:06.688+0000] {processor.py:925} INFO - DAG(s) 'example_task_group_decorator' retrieved from /home/airflow/.local/lib/python3.12/site-packages/airflow/example_dags/example_task_group_decorator.py
[2026-08-12T04:39:06.729+0000] {logging_mixin.py:190} INFO - [2026-08-12T04:39:06.729+0000] {dag.py:3211} INFO - Sync 1 DAGs
[2026-08-12T04:39:06.783+0000] {logging_mixin.py:190} INFO - [2026-08-12T04:39:06.783+0000] {dag.py:4138} INFO - Setting next_dagrun for example_task_group_decorator to 2026-08-11 00:00:00+00:00, run_after=2026-08-12 00:00:00+00:00
[2026-08-12T04:39:06.841+0000] {processor.py:208} INFO - Processing /home/airflow/.local/lib/python3.12/site-packages/airflow/example_dags/example_task_group_decorator.py took 0.212 seconds
[2026-08-12T04:39:38.783+0000] {processor.py:186} INFO - Started process (PID=550) to work on /home/airflow/.local/lib/python3.12/site-packages/airflow/example_dags/example_task_group_decorator.py
[2026-08-12T04:39:38.785+0000] {processor.py:914} INFO - Processing file /home/airflow/.local/lib/python3.12/site-packages/airflow/example_dags/example_task_group_decorator.py for tasks to queue
[2026-08-12T04:39:38.793+0000] {logging_mixin.py:190} INFO - [2026-08-12T04:39:38.792+0000] {dagbag.py:587} INFO - Filling up the DagBag from /home/airflow/.local/lib/python3.12/site-packages/airflow/example_dags/example_task_group_decorator.py
[2026-08-12T04:39:38.822+0000] {processor.py:925} INFO - DAG(s) 'example_task_group_decorator' retrieved from /home/airflow/.local/lib/python3.12/site-packages/airflow/example_dags/example_task_group_decorator.py
[2026-08-12T04:39:38.870+0000] {logging_mixin.py:190} INFO - [2026-08-12T04:39:38.869+0000] {dag.py:3211} INFO - Sync 1 DAGs
[2026-08-12T04:39:38.946+0000] {logging_mixin.py:190} INFO - [2026-08-12T04:39:38.945+0000] {dag.py:4138} INFO - Setting next_dagrun for example_task_group_decorator to 2026-08-11 00:00:00+00:00, run_after=2026-08-12 00:00:00+00:00
[2026-08-12T04:39:39.006+0000] {processor.py:208} INFO - Processing /home/airflow/.local/lib/python3.12/site-packages/airflow/example_dags/example_task_group_decorator.py took 0.233 seconds
[2026-08-12T04:40:09.863+0000] {processor.py:186} INFO - Started process (PID=612) to work on /home/airflow/.local/lib/python3.12/site-packages/airflow/example_dags/example_task_group_decorator.py
[2026-08-12T04:40:09.866+0000] {processor.py:914} INFO - Processing file /home/airflow/.local/lib/python3.12/site-packages/airflow/example_dags/example_task_group_decorator.py for tasks to queue
[2026-08-12T04:40:09.870+0000] {logging_mixin.py:190} INFO - [2026-08-12T04:40:09.870+0000] {dagbag.py:587} INFO - Filling up the DagBag from /home/airflow/.local/lib/python3.12/site-packages/airflow/example_dags/example_task_group_decorator.py
[2026-08-12T04:40:09.898+0000] {processor.py:925} INFO - DAG(s) 'example_task_group_decorator' retrieved from /home/airflow/.local/lib/python3.12/site-packages/airflow/example_dags/example_task_group_decorator.py
[2026-08-12T04:40:09.946+0000] {logging_mixin.py:190} INFO - [2026-08-12T04:40:09.945+0000] {dag.py:3211} INFO - Sync 1 DAGs
[2026-08-12T04:40:09.990+0000] {logging_mixin.py:190} INFO - [2026-08-12T04:40:09.989+0000] {dag.py:4138} INFO - Setting next_dagrun for example_task_group_decorator to 2026-08-11 00:00:00+00:00, run_after=2026-08-12 00:00:00+00:00
[2026-08-12T04:40:10.024+0000] {processor.py:208} INFO - Processing /home/airflow/.local/lib/python3.12/site-packages/airflow/example_dags/example_task_group_decorator.py took 0.166 seconds
[2026-08-12T04:40:40.396+0000] {processor.py:186} INFO - Started process (PID=674) to work on /home/airflow/.local/lib/python3.12/site-packages/airflow/example_dags/example_task_group_decorator.py
[2026-08-12T04:40:40.399+0000] {processor.py:914} INFO - Processing file /home/airflow/.local/lib/python3.12/site-packages/airflow/example_dags/example_task_group_decorator.py for tasks to queue
[2026-08-12T04:40:40.404+0000] {logging_mixin.py:190} INFO - [2026-08-12T04:40:40.404+0000] {dagbag.py:587} INFO - Filling up the DagBag from /home/airflow/.local/lib/python3.12/site-packages/airflow/example_dags/example_task_group_decorator.py
[2026-08-12T04:40:40.427+0000] {processor.py:925} INFO - DAG(s) 'example_task_group_decorator' retrieved from /home/airflow/.local/lib/python3.12/site-packages/airflow/example_dags/example_task_group_decorator.py
[2026-08-12T04:40:40.471+0000] {logging_mixin.py:190} INFO - [2026-08-12T04:40:40.471+0000] {dag.py:3211} INFO - Sync 1 DAGs
[2026-08-12T04:40:40.514+0000] {logging_mixin.py:190} INFO - [2026-08-12T04:40:40.513+0000] {dag.py:4138} INFO - Setting next_dagrun for example_task_group_decorator to 2026-08-11 00:00:00+00:00, run_after=2026-08-12 00:00:00+00:00
[2026-08-12T04:40:40.551+0000] {processor.py:208} INFO - Processing /home/airflow/.local/lib/python3.12/site-packages/airflow/example_dags/example_task_group_decorator.py took 0.166 seconds
[2026-08-12T04:41:10.653+0000] {processor.py:186} INFO - Started process (PID=737) to work on /home/airflow/.local/lib/python3.12/site-packages/airflow/example_dags/example_task_group_decorator.py
[2026-08-12T04:41:10.656+0000] {processor.py:914} INFO - Processing file /home/airflow/.local/lib/python3.12/site-packages/airflow/example_dags/example_task_group_decorator.py for tasks to queue
[2026-08-12T04:41:10.667+0000] {logging_mixin.py:190} INFO - [2026-08-12T04:41:10.666+0000] {dagbag.py:587} INFO - Filling up the DagBag from /home/airflow/.local/lib/python3.12/site-packages/airflow/example_dags/example_task_group_decorator.py
[2026-08-12T04:41:10.692+0000] {processor.py:925} INFO - DAG(s) 'example_task_group_decorator' retrieved from /home/airflow/.local/lib/python3.12/site-packages/airflow/example_dags/example_task_group_decorator.py
[2026-08-12T04:41:10.729+0000] {logging_mixin.py:190} INFO - [2026-08-12T04:41:10.729+0000] {dag.py:3211} INFO - Sync 1 DAGs
[2026-08-12T04:41:10.759+0000] {logging_mixin.py:190} INFO - [2026-08-12T04:41:10.758+0000] {dag.py:4138} INFO - Setting next_dagrun for example_task_group_decorator to 2026-08-11 00:00:00+00:00, run_after=2026-08-12 00:00:00+00:00
[2026-08-12T04:41:10.784+0000] {processor.py:208} INFO - Processing /home/airflow/.local/lib/python3.12/site-packages/airflow/example_dags/example_task_group_decorator.py took 0.140 seconds
[2026-08-12T04:41:41.131+0000] {processor.py:186} INFO - Started process (PID=798) to work on /home/airflow/.local/lib/python3.12/site-packages/airflow/example_dags/example_task_group_decorator.py
[2026-08-12T04:41:41.134+0000] {processor.py:914} INFO - Processing file /home/airflow/.local/lib/python3.12/site-packages/airflow/example_dags/example_task_group_decorator.py for tasks to queue
[2026-08-12T04:41:41.139+0000] {logging_mixin.py:190} INFO - [2026-08-12T04:41:41.139+0000] {dagbag.py:587} INFO - Filling up the DagBag from /home/airflow/.local/lib/python3.12/site-packages/airflow/example_dags/example_task_group_decorator.py
[2026-08-12T04:41:41.165+0000] {processor.py:925} INFO - DAG(s) 'example_task_group_decorator' retrieved from /home/airflow/.local/lib/python3.12/site-packages/airflow/example_dags/example_task_group_decorator.py
[2026-08-12T04:41:41.248+0000] {logging_mixin.py:190} INFO - [2026-08-12T04:41:41.248+0000] {dag.py:3211} INFO - Sync 1 DAGs
[2026-08-12T04:41:41.348+0000] {logging_mixin.py:190} INFO - [2026-08-12T04:41:41.348+0000] {dag.py:4138} INFO - Setting next_dagrun for example_task_group_decorator to 2026-08-11 00:00:00+00:00, run_after=2026-08-12 00:00:00+00:00
[2026-08-12T04:41:41.400+0000] {processor.py:208} INFO - Processing /home/airflow/.local/lib/python3.12/site-packages/airflow/example_dags/example_task_group_decorator.py took 0.278 seconds
[2026-08-12T04:42:12.038+0000] {processor.py:186} INFO - Started process (PID=866) to work on /home/airflow/.local/lib/python3.12/site-packages/airflow/example_dags/example_task_group_decorator.py
[2026-08-12T04:42:12.040+0000] {processor.py:914} INFO - Processing file /home/airflow/.local/lib/python3.12/site-packages/airflow/example_dags/example_task_group_decorator.py for tasks to queue
[2026-08-12T04:42:12.044+0000] {logging_mixin.py:190} INFO - [2026-08-12T04:42:12.043+0000] {dagbag.py:587} INFO - Filling up the DagBag from /home/airflow/.local/lib/python3.12/site-packages/airflow/example_dags/example_task_group_decorator.py
[2026-08-12T04:42:12.061+0000] {processor.py:925} INFO - DAG(s) 'example_task_group_decorator' retrieved from /home/airflow/.local/lib/python3.12/site-packages/airflow/example_dags/example_task_group_decorator.py
[2026-08-12T04:42:12.090+0000] {logging_mixin.py:190} INFO - [2026-08-12T04:42:12.089+0000] {dag.py:3211} INFO - Sync 1 DAGs
[2026-08-12T04:42:12.122+0000] {logging_mixin.py:190} INFO - [2026-08-12T04:42:12.121+0000] {dag.py:4138} INFO - Setting next_dagrun for example_task_group_decorator to 2026-08-11 00:00:00+00:00, run_after=2026-08-12 00:00:00+00:00
[2026-08-12T04:42:12.148+0000] {processor.py:208} INFO - Processing /home/airflow/.local/lib/python3.12/site-packages/airflow/example_dags/example_task_group_decorator.py took 0.116 seconds
[2026-08-12T04:42:42.359+0000] {processor.py:186} INFO - Started process (PID=928) to work on /home/airflow/.local/lib/python3.12/site-packages/airflow/example_dags/example_task_group_decorator.py
[2026-08-12T04:42:42.361+0000] {processor.py:914} INFO - Processing file /home/airflow/.local/lib/python3.12/site-packages/airflow/example_dags/example_task_group_decorator.py for tasks to queue
[2026-08-12T04:42:42.367+0000] {logging_mixin.py:190} INFO - [2026-08-12T04:42:42.366+0000] {dagbag.py:587} INFO - Filling up the DagBag from /home/airflow/.local/lib/python3.12/site-packages/airflow/example_dags/example_task_group_decorator.py
[2026-08-12T04:42:42.390+0000] {processor.py:925} INFO - DAG(s) 'example_task_group_decorator' retrieved from /home/airflow/.local/lib/python3.12/site-packages/airflow/example_dags/example_task_group_decorator.py
[2026-08-12T04:42:42.422+0000] {logging_mixin.py:190} INFO - [2026-08-12T04:42:42.421+0000] {dag.py:3211} INFO - Sync 1 DAGs
[2026-08-12T04:42:42.450+0000] {logging_mixin.py:190} INFO - [2026-08-12T04:42:42.450+0000] {dag.py:4138} INFO - Setting next_dagrun for example_task_group_decorator to 2026-08-11 00:00:00+00:00, run_after=2026-08-12 00:00:00+00:00
[2026-08-12T04:42:42.472+0000] {processor.py:208} INFO - Processing /home/airflow/.local/lib/python3.12/site-packages/airflow/example_dags/example_task_group_decorator.py took 0.121 seconds
[2026-08-12T04:43:12.710+0000] {processor.py:186} INFO - Started process (PID=990) to work on /home/airflow/.local/lib/python3.12/site-packages/airflow/example_dags/example_task_group_decorator.py
[2026-08-12T04:43:12.712+0000] {processor.py:914} INFO - Processing file /home/airflow/.local/lib/python3.12/site-packages/airflow/example_dags/example_task_group_decorator.py for tasks to queue
[2026-08-12T04:43:12.715+0000] {logging_mixin.py:190} INFO - [2026-08-12T04:43:12.715+0000] {dagbag.py:587} INFO - Filling up the DagBag from /home/airflow/.local/lib/python3.12/site-packages/airflow/example_dags/example_task_group_decorator.py
[2026-08-12T04:43:12.733+0000] {processor.py:925} INFO - DAG(s) 'example_task_group_decorator' retrieved from /home/airflow/.local/lib/python3.12/site-packages/airflow/example_dags/example_task_group_decorator.py
[2026-08-12T04:43:12.758+0000] {logging_mixin.py:190} INFO - [2026-08-12T04:43:12.758+0000] {dag.py:3211} INFO - Sync 1 DAGs
[2026-08-12T04:43:12.782+0000] {logging_mixin.py:190} INFO - [2026-08-12T04:43:12.782+0000] {dag.py:4138} INFO - Setting next_dagrun for example_task_group_decorator to 2026-08-11 00:00:00+00:00, run_after=2026-08-12 00:00:00+00:00
[2026-08-12T04:43:12.816+0000] {processor.py:208} INFO - Processing /home/airflow/.local/lib/python3.12/site-packages/airflow/example_dags/example_task_group_decorator.py took 0.112 seconds
[2026-08-12T04:43:43.029+0000] {processor.py:186} INFO - Started process (PID=1052) to work on /home/airflow/.local/lib/python3.12/site-packages/airflow/example_dags/example_task_group_decorator.py
[2026-08-12T04:43:43.031+0000] {processor.py:914} INFO - Processing file /home/airflow/.local/lib/python3.12/site-packages/airflow/example_dags/example_task_group_decorator.py for tasks to queue
[2026-08-12T04:43:43.036+0000] {logging_mixin.py:190} INFO - [2026-08-12T04:43:43.036+0000] {dagbag.py:587} INFO - Filling up the DagBag from /home/airflow/.local/lib/python3.12/site-packages/airflow/example_dags/example_task_group_decorator.py
[2026-08-12T04:43:43.064+0000] {processor.py:925} INFO - DAG(s) 'example_task_group_decorator' retrieved from /home/airflow/.local/lib/python3.12/site-packages/airflow/example_dags/example_task_group_decorator.py
[2026-08-12T04:43:43.094+0000] {logging_mixin.py:190} INFO - [2026-08-12T04:43:43.093+0000] {dag.py:3211} INFO - Sync 1 DAGs
[2026-08-12T04:43:43.118+0000] {logging_mixin.py:190} INFO - [2026-08-12T04:43:43.118+0000] {dag.py:4138} INFO - Setting next_dagrun for example_task_group_decorator to 2026-08-11 00:00:00+00:00, run_after=2026-08-12 00:00:00+00:00
[2026-08-12T04:43:43.141+0000] {processor.py:208} INFO - Processing /home/airflow/.local/lib/python3.12/site-packages/airflow/example_dags/example_task_group_decorator.py took 0.120 seconds
[2026-08-12T04:44:14.349+0000] {processor.py:186} INFO - Started process (PID=1114) to work on /home/airflow/.local/lib/python3.12/site-packages/airflow/example_dags/example_task_group_decorator.py
[2026-08-12T04:44:14.350+0000] {processor.py:914} INFO - Processing file /home/airflow/.local/lib/python3.12/site-packages/airflow/example_dags/example_task_group_decorator.py for tasks to queue
[2026-08-12T04:44:14.354+0000] {logging_mixin.py:190} INFO - [2026-08-12T04:44:14.354+0000] {dagbag.py:587} INFO - Filling up the DagBag from /home/airflow/.local/lib/python3.12/site-packages/airflow/example_dags/example_task_group_decorator.py
[2026-08-12T04:44:14.372+0000] {processor.py:925} INFO - DAG(s) 'example_task_group_decorator' retrieved from /home/airflow/.local/lib/python3.12/site-packages/airflow/example_dags/example_task_group_decorator.py
[2026-08-12T04:44:14.411+0000] {logging_mixin.py:190} INFO - [2026-08-12T04:44:14.410+0000] {dag.py:3211} INFO - Sync 1 DAGs
[2026-08-12T04:44:14.469+0000] {logging_mixin.py:190} INFO - [2026-08-12T04:44:14.468+0000] {dag.py:4138} INFO - Setting next_dagrun for example_task_group_decorator to 2026-08-11 00:00:00+00:00, run_after=2026-08-12 00:00:00+00:00
[2026-08-12T04:44:14.503+0000] {processor.py:208} INFO - Processing /home/airflow/.local/lib/python3.12/site-packages/airflow/example_dags/example_task_group_decorator.py took 0.166 seconds
[2026-08-12T04:44:45.488+0000] {processor.py:186} INFO - Started process (PID=1177) to work on /home/airflow/.local/lib/python3.12/site-packages/airflow/example_dags/example_task_group_decorator.py
[2026-08-12T04:44:45.490+0000] {processor.py:914} INFO - Processing file /home/airflow/.local/lib/python3.12/site-packages/airflow/example_dags/example_task_group_decorator.py for tasks to queue
[2026-08-12T04:44:45.497+0000] {logging_mixin.py:190} INFO - [2026-08-12T04:44:45.496+0000] {dagbag.py:587} INFO - Filling up the DagBag from /home/airflow/.local/lib/python3.12/site-packages/airflow/example_dags/example_task_group_decorator.py
[2026-08-12T04:44:45.534+0000] {processor.py:925} INFO - DAG(s) 'example_task_group_decorator' retrieved from /home/airflow/.local/lib/python3.12/site-packages/airflow/example_dags/example_task_group_decorator.py
[2026-08-12T04:44:45.568+0000] {logging_mixin.py:190} INFO - [2026-08-12T04:44:45.567+0000] {dag.py:3211} INFO - Sync 1 DAGs
[2026-08-12T04:44:45.600+0000] {logging_mixin.py:190} INFO - [2026-08-12T04:44:45.600+0000] {dag.py:4138} INFO - Setting next_dagrun for example_task_group_decorator to 2026-08-11 00:00:00+00:00, run_after=2026-08-12 00:00:00+00:00
[2026-08-12T04:44:45.626+0000] {processor.py:208} INFO - Processing /home/airflow/.local/lib/python3.12/site-packages/airflow/example_dags/example_task_group_decorator.py took 0.151 seconds
[2026-08-12T04:45:16.087+0000] {processor.py:186} INFO - Started process (PID=1239) to work on /home/airflow/.local/lib/python3.12/site-packages/airflow/example_dags/example_task_group_decorator.py
[2026-08-12T04:45:16.091+0000] {processor.py:914} INFO - Processing file /home/airflow/.local/lib/python3.12/site-packages/airflow/example_dags/example_task_group_decorator.py for tasks to queue
[2026-08-12T04:45:16.096+0000] {logging_mixin.py:190} INFO - [2026-08-12T04:45:16.095+0000] {dagbag.py:587} INFO - Filling up the DagBag from /home/airflow/.local/lib/python3.12/site-packages/airflow/example_dags/example_task_group_decorator.py
[2026-08-12T04:45:16.130+0000] {processor.py:925} INFO - DAG(s) 'example_task_group_decorator' retrieved from /home/airflow/.local/lib/python3.12/site-packages/airflow/example_dags/example_task_group_decorator.py
[2026-08-12T04:45:16.185+0000] {logging_mixin.py:190} INFO - [2026-08-12T04:45:16.185+0000] {dag.py:3211} INFO - Sync 1 DAGs
[2026-08-12T04:45:16.223+0000] {logging_mixin.py:190} INFO - [2026-08-12T04:45:16.223+0000] {dag.py:4138} INFO - Setting next_dagrun for example_task_group_decorator to 2026-08-11 00:00:00+00:00, run_after=2026-08-12 00:00:00+00:00
[2026-08-12T04:45:16.251+0000] {processor.py:208} INFO - Processing /home/airflow/.local/lib/python3.12/site-packages/airflow/example_dags/example_task_group_decorator.py took 0.170 seconds
[2026-08-12T04:45:47.018+0000] {processor.py:186} INFO - Started process (PID=1301) to work on /home/airflow/.local/lib/python3.12/site-packages/airflow/example_dags/example_task_group_decorator.py
[2026-08-12T04:45:47.021+0000] {processor.py:914} INFO - Processing file /home/airflow/.local/lib/python3.12/site-packages/airflow/example_dags/example_task_group_decorator.py for tasks to queue
[2026-08-12T04:45:47.029+0000] {logging_mixin.py:190} INFO - [2026-08-12T04:45:47.029+0000] {dagbag.py:587} INFO - Filling up the DagBag from /home/airflow/.local/lib/python3.12/site-packages/airflow/example_dags/example_task_group_decorator.py
[2026-08-12T04:45:47.064+0000] {processor.py:925} INFO - DAG(s) 'example_task_group_decorator' retrieved from /home/airflow/.local/lib/python3.12/site-packages/airflow/example_dags/example_task_group_decorator.py
[2026-08-12T04:45:47.118+0000] {logging_mixin.py:190} INFO - [2026-08-12T04:45:47.117+0000] {dag.py:3211} INFO - Sync 1 DAGs
[2026-08-12T04:45:47.168+0000] {logging_mixin.py:190} INFO - [2026-08-12T04:45:47.167+0000] {dag.py:4138} INFO - Setting next_dagrun for example_task_group_decorator to 2026-08-11 00:00:00+00:00, run_after=2026-08-12 00:00:00+00:00
[2026-08-12T04:45:47.202+0000] {processor.py:208} INFO - Processing /home/airflow/.local/lib/python3.12/site-packages/airflow/example_dags/example_task_group_decorator.py took 0.193 seconds
[2026-08-12T04:46:17.681+0000] {processor.py:186} INFO - Started process (PID=1363) to work on /home/airflow/.local/lib/python3.12/site-packages/airflow/example_dags/example_task_group_decorator.py
[2026-08-12T04:46:17.684+0000] {processor.py:914} INFO - Processing file /home/airflow/.local/lib/python3.12/site-packages/airflow/example_dags/example_task_group_decorator.py for tasks to queue
[2026-08-12T04:46:17.689+0000] {logging_mixin.py:190} INFO - [2026-08-12T04:46:17.688+0000] {dagbag.py:587} INFO - Filling up the DagBag from /home/airflow/.local/lib/python3.12/site-packages/airflow/example_dags/example_task_group_decorator.py
[2026-08-12T04:46:17.713+0000] {processor.py:925} INFO - DAG(s) 'example_task_group_decorator' retrieved from /home/airflow/.local/lib/python3.12/site-packages/airflow/example_dags/example_task_group_decorator.py
[2026-08-12T04:46:17.751+0000] {logging_mixin.py:190} INFO - [2026-08-12T04:46:17.750+0000] {dag.py:3211} INFO - Sync 1 DAGs
[2026-08-12T04:46:17.792+0000] {logging_mixin.py:190} INFO - [2026-08-12T04:46:17.792+0000] {dag.py:4138} INFO - Setting next_dagrun for example_task_group_decorator to 2026-08-11 00:00:00+00:00, run_after=2026-08-12 00:00:00+00:00
[2026-08-12T04:46:17.830+0000] {processor.py:208} INFO - Processing /home/airflow/.local/lib/python3.12/site-packages/airflow/example_dags/example_task_group_decorator.py took 0.161 seconds
[2026-08-12T04:46:48.300+0000] {processor.py:186} INFO - Started process (PID=1425) to work on /home/airflow/.local/lib/python3.12/site-packages/airflow/example_dags/example_task_group_decorator.py
[2026-08-12T04:46:48.302+0000] {processor.py:914} INFO - Processing file /home/airflow/.local/lib/python3.12/site-packages/airflow/example_dags/example_task_group_decorator.py for tasks to queue
[2026-08-12T04:46:48.307+0000] {logging_mixin.py:190} INFO - [2026-08-12T04:46:48.306+0000] {dagbag.py:587} INFO - Filling up the DagBag from /home/airflow/.local/lib/python3.12/site-packages/airflow/example_dags/example_task_group_decorator.py
[2026-08-12T04:46:48.335+0000] {processor.py:925} INFO - DAG(s) 'example_task_group_decorator' retrieved from /home/airflow/.local/lib/python3.12/site-packages/airflow/example_dags/example_task_group_decorator.py
[2026-08-12T04:46:48.366+0000] {logging_mixin.py:190} INFO - [2026-08-12T04:46:48.365+0000] {dag.py:3211} INFO - Sync 1 DAGs
[2026-08-12T04:46:48.399+0000] {logging_mixin.py:190} INFO - [2026-08-12T04:46:48.399+0000] {dag.py:4138} INFO - Setting next_dagrun for example_task_group_decorator to 2026-08-11 00:00:00+00:00, run_after=2026-08-12 00:00:00+00:00
[2026-08-12T04:46:48.424+0000] {processor.py:208} INFO - Processing /home/airflow/.local/lib/python3.12/site-packages/airflow/example_dags/example_task_group_decorator.py took 0.133 seconds
[2026-08-12T04:47:18.729+0000] {processor.py:186} INFO - Started process (PID=1486) to work on /home/airflow/.local/lib/python3.12/site-packages/airflow/example_dags/example_task_group_decorator.py
[2026-08-12T04:47:18.731+0000] {processor.py:914} INFO - Processing file /home/airflow/.local/lib/python3.12/site-packages/airflow/example_dags/example_task_group_decorator.py for tasks to queue
[2026-08-12T04:47:18.735+0000] {logging_mixin.py:190} INFO - [2026-08-12T04:47:18.734+0000] {dagbag.py:587} INFO - Filling up the DagBag from /home/airflow/.local/lib/python3.12/site-packages/airflow/example_dags/example_task_group_decorator.py
[2026-08-12T04:47:18.750+0000] {processor.py:925} INFO - DAG(s) 'example_task_group_decorator' retrieved from /home/airflow/.local/lib/python3.12/site-packages/airflow/example_dags/example_task_group_decorator.py
[2026-08-12T04:47:18.787+0000] {logging_mixin.py:190} INFO - [2026-08-12T04:47:18.787+0000] {dag.py:3211} INFO - Sync 1 DAGs
[2026-08-12T04:47:18.823+0000] {logging_mixin.py:190} INFO - [2026-08-12T04:47:18.823+0000] {dag.py:4138} INFO - Setting next_dagrun for example_task_group_decorator to 2026-08-11 00:00:00+00:00, run_after=2026-08-12 00:00:00+00:00
[2026-08-12T04:47:18.846+0000] {processor.py:208} INFO - Processing /home/airflow/.local/lib/python3.12/site-packages/airflow/example_dags/example_task_group_decorator.py took 0.123 seconds
