[2026-08-12T04:32:02.237+0000] {processor.py:186} INFO - Started process (PID=118) to work on /home/airflow/.local/lib/python3.12/site-packages/airflow/example_dags/example_latest_only_with_trigger.py
[2026-08-12T04:32:02.240+0000] {processor.py:914} INFO - Processing file /home/airflow/.local/lib/python3.12/site-packages/airflow/example_dags/example_latest_only_with_trigger.py for tasks to queue
[2026-08-12T04:32:02.246+0000] {logging_mixin.py:190} INFO - [2026-08-12T04:32:02.245+0000] {dagbag.py:587} INFO - Filling up the DagBag from /home/airflow/.local/lib/python3.12/site-packages/airflow/example_dags/example_latest_only_with_trigger.py
[2026-08-12T04:32:02.267+0000] {processor.py:925} INFO - DAG(s) 'latest_only_with_trigger' retrieved from /home/airflow/.local/lib/python3.12/site-packages/airflow/example_dags/example_latest_only_with_trigger.py
[2026-08-12T04:32:02.544+0000] {logging_mixin.py:190} INFO - [2026-08-12T04:32:02.543+0000] {override.py:1858} INFO - Created Permission View: can edit on DAG:latest_only_with_trigger
[2026-08-12T04:32:02.565+0000] {logging_mixin.py:190} INFO - [2026-08-12T04:32:02.565+0000] {override.py:1858} INFO - Created Permission View: can read on DAG:latest_only_with_trigger
[2026-08-12T04:32:02.576+0000] {logging_mixin.py:190} INFO - [2026-08-12T04:32:02.575+0000] {override.py:1858} INFO - Created Permission View: can delete on DAG:latest_only_with_trigger
[2026-08-12T04:32:02.578+0000] {logging_mixin.py:190} INFO - [2026-08-12T04:32:02.578+0000] {dag.py:3211} INFO - Sync 1 DAGs
[2026-08-12T04:32:02.605+0000] {logging_mixin.py:190} INFO - [2026-08-12T04:32:02.605+0000] {dag.py:3234} INFO - Creating ORM DAG for latest_only_with_trigger
[2026-08-12T04:32:02.627+0000] {logging_mixin.py:190} INFO - [2026-08-12T04:32:02.626+0000] {dag.py:4138} INFO - Setting next_dagrun for latest_only_with_trigger to 2026-08-12 00:00:00+00:00, run_after=2026-08-12 04:00:00+00:00
[2026-08-12T04:32:02.660+0000] {processor.py:208} INFO - Processing /home/airflow/.local/lib/python3.12/site-packages/airflow/example_dags/example_latest_only_with_trigger.py took 0.436 seconds
[2026-08-12T04:32:32.868+0000] {processor.py:186} INFO - Started process (PID=181) to work on /home/airflow/.local/lib/python3.12/site-packages/airflow/example_dags/example_latest_only_with_trigger.py
[2026-08-12T04:32:32.870+0000] {processor.py:914} INFO - Processing file /home/airflow/.local/lib/python3.12/site-packages/airflow/example_dags/example_latest_only_with_trigger.py for tasks to queue
[2026-08-12T04:32:32.875+0000] {logging_mixin.py:190} INFO - [2026-08-12T04:32:32.874+0000] {dagbag.py:587} INFO - Filling up the DagBag from /home/airflow/.local/lib/python3.12/site-packages/airflow/example_dags/example_latest_only_with_trigger.py
[2026-08-12T04:32:32.891+0000] {processor.py:925} INFO - DAG(s) 'latest_only_with_trigger' retrieved from /home/airflow/.local/lib/python3.12/site-packages/airflow/example_dags/example_latest_only_with_trigger.py
[2026-08-12T04:32:32.929+0000] {logging_mixin.py:190} INFO - [2026-08-12T04:32:32.928+0000] {dag.py:3211} INFO - Sync 1 DAGs
[2026-08-12T04:32:32.969+0000] {logging_mixin.py:190} INFO - [2026-08-12T04:32:32.969+0000] {dag.py:4138} INFO - Setting next_dagrun for latest_only_with_trigger to 2026-08-12 00:00:00+00:00, run_after=2026-08-12 04:00:00+00:00
[2026-08-12T04:32:33.002+0000] {processor.py:208} INFO - Processing /home/airflow/.local/lib/python3.12/site-packages/airflow/example_dags/example_latest_only_with_trigger.py took 0.144 seconds
[2026-08-12T04:33:03.942+0000] {processor.py:186} INFO - Started process (PID=243) to work on /home/airflow/.local/lib/python3.12/site-packages/airflow/example_dags/example_latest_only_with_trigger.py
[2026-08-12T04:33:03.945+0000] {processor.py:914} INFO - Processing file /home/airflow/.local/lib/python3.12/site-packages/airflow/example_dags/example_latest_only_with_trigger.py for tasks to queue
[2026-08-12T04:33:03.952+0000] {logging_mixin.py:190} INFO - [2026-08-12T04:33:03.951+0000] {dagbag.py:587} INFO - Filling up the DagBag from /home/airflow/.local/lib/python3.12/site-packages/airflow/example_dags/example_latest_only_with_trigger.py
[2026-08-12T04:33:03.963+0000] {processor.py:925} INFO - DAG(s) 'latest_only_with_trigger' retrieved from /home/airflow/.local/lib/python3.12/site-packages/airflow/example_dags/example_latest_only_with_trigger.py
[2026-08-12T04:33:03.997+0000] {logging_mixin.py:190} INFO - [2026-08-12T04:33:03.997+0000] {dag.py:3211} INFO - Sync 1 DAGs
[2026-08-12T04:33:04.033+0000] {logging_mixin.py:190} INFO - [2026-08-12T04:33:04.032+0000] {dag.py:4138} INFO - Setting next_dagrun for latest_only_with_trigger to 2026-08-12 00:00:00+00:00, run_after=2026-08-12 04:00:00+00:00
[2026-08-12T04:33:04.076+0000] {processor.py:208} INFO - Processing /home/airflow/.local/lib/python3.12/site-packages/airflow/example_dags/example_latest_only_with_trigger.py took 0.147 seconds
[2026-08-12T04:33:34.454+0000] {processor.py:186} INFO - Started process (PID=305) to work on /home/airflow/.local/lib/python3.12/site-packages/airflow/example_dags/example_latest_only_with_trigger.py
[2026-08-12T04:33:34.456+0000] {processor.py:914} INFO - Processing file /home/airflow/.local/lib/python3.12/site-packages/airflow/example_dags/example_latest_only_with_trigger.py for tasks to queue
[2026-08-12T04:33:34.461+0000] {logging_mixin.py:190} INFO - [2026-08-12T04:33:34.460+0000] {dagbag.py:587} INFO - Filling up the DagBag from /home/airflow/.local/lib/python3.12/site-packages/airflow/example_dags/example_latest_only_with_trigger.py
[2026-08-12T04:33:34.472+0000] {processor.py:925} INFO - DAG(s) 'latest_only_with_trigger' retrieved from /home/airflow/.local/lib/python3.12/site-packages/airflow/example_dags/example_latest_only_with_trigger.py
[2026-08-12T04:33:34.504+0000] {logging_mixin.py:190} INFO - [2026-08-12T04:33:34.503+0000] {dag.py:3211} INFO - Sync 1 DAGs
[2026-08-12T04:33:34.537+0000] {logging_mixin.py:190} INFO - [2026-08-12T04:33:34.537+0000] {dag.py:4138} INFO - Setting next_dagrun for latest_only_with_trigger to 2026-08-12 00:00:00+00:00, run_after=2026-08-12 04:00:00+00:00
[2026-08-12T04:33:34.570+0000] {processor.py:208} INFO - Processing /home/airflow/.local/lib/python3.12/site-packages/airflow/example_dags/example_latest_only_with_trigger.py took 0.126 seconds
[2026-08-12T04:34:05.339+0000] {processor.py:186} INFO - Started process (PID=367) to work on /home/airflow/.local/lib/python3.12/site-packages/airflow/example_dags/example_latest_only_with_trigger.py
[2026-08-12T04:34:05.342+0000] {processor.py:914} INFO - Processing file /home/airflow/.local/lib/python3.12/site-packages/airflow/example_dags/example_latest_only_with_trigger.py for tasks to queue
[2026-08-12T04:34:05.349+0000] {logging_mixin.py:190} INFO - [2026-08-12T04:34:05.348+0000] {dagbag.py:587} INFO - Filling up the DagBag from /home/airflow/.local/lib/python3.12/site-packages/airflow/example_dags/example_latest_only_with_trigger.py
[2026-08-12T04:34:05.362+0000] {processor.py:925} INFO - DAG(s) 'latest_only_with_trigger' retrieved from /home/airflow/.local/lib/python3.12/site-packages/airflow/example_dags/example_latest_only_with_trigger.py
[2026-08-12T04:34:05.399+0000] {logging_mixin.py:190} INFO - [2026-08-12T04:34:05.398+0000] {dag.py:3211} INFO - Sync 1 DAGs
[2026-08-12T04:34:05.443+0000] {logging_mixin.py:190} INFO - [2026-08-12T04:34:05.443+0000] {dag.py:4138} INFO - Setting next_dagrun for latest_only_with_trigger to 2026-08-12 00:00:00+00:00, run_after=2026-08-12 04:00:00+00:00
[2026-08-12T04:34:05.487+0000] {processor.py:208} INFO - Processing /home/airflow/.local/lib/python3.12/site-packages/airflow/example_dags/example_latest_only_with_trigger.py took 0.161 seconds
[2026-08-12T04:36:01.590+0000] {processor.py:186} INFO - Started process (PID=111) to work on /home/airflow/.local/lib/python3.12/site-packages/airflow/example_dags/example_latest_only_with_trigger.py
[2026-08-12T04:36:01.593+0000] {processor.py:914} INFO - Processing file /home/airflow/.local/lib/python3.12/site-packages/airflow/example_dags/example_latest_only_with_trigger.py for tasks to queue
[2026-08-12T04:36:01.597+0000] {logging_mixin.py:190} INFO - [2026-08-12T04:36:01.596+0000] {dagbag.py:587} INFO - Filling up the DagBag from /home/airflow/.local/lib/python3.12/site-packages/airflow/example_dags/example_latest_only_with_trigger.py
[2026-08-12T04:36:01.610+0000] {processor.py:925} INFO - DAG(s) 'latest_only_with_trigger' retrieved from /home/airflow/.local/lib/python3.12/site-packages/airflow/example_dags/example_latest_only_with_trigger.py
[2026-08-12T04:36:01.647+0000] {logging_mixin.py:190} INFO - [2026-08-12T04:36:01.646+0000] {dag.py:3211} INFO - Sync 1 DAGs
[2026-08-12T04:36:01.680+0000] {logging_mixin.py:190} INFO - [2026-08-12T04:36:01.680+0000] {dag.py:4138} INFO - Setting next_dagrun for latest_only_with_trigger to 2026-08-12 00:00:00+00:00, run_after=2026-08-12 04:00:00+00:00
[2026-08-12T04:36:01.708+0000] {processor.py:208} INFO - Processing /home/airflow/.local/lib/python3.12/site-packages/airflow/example_dags/example_latest_only_with_trigger.py took 0.127 seconds
[2026-08-12T04:36:31.889+0000] {processor.py:186} INFO - Started process (PID=173) to work on /home/airflow/.local/lib/python3.12/site-packages/airflow/example_dags/example_latest_only_with_trigger.py
[2026-08-12T04:36:31.891+0000] {processor.py:914} INFO - Processing file /home/airflow/.local/lib/python3.12/site-packages/airflow/example_dags/example_latest_only_with_trigger.py for tasks to queue
[2026-08-12T04:36:31.895+0000] {logging_mixin.py:190} INFO - [2026-08-12T04:36:31.895+0000] {dagbag.py:587} INFO - Filling up the DagBag from /home/airflow/.local/lib/python3.12/site-packages/airflow/example_dags/example_latest_only_with_trigger.py
[2026-08-12T04:36:31.927+0000] {processor.py:925} INFO - DAG(s) 'latest_only_with_trigger' retrieved from /home/airflow/.local/lib/python3.12/site-packages/airflow/example_dags/example_latest_only_with_trigger.py
[2026-08-12T04:36:31.995+0000] {logging_mixin.py:190} INFO - [2026-08-12T04:36:31.994+0000] {dag.py:3211} INFO - Sync 1 DAGs
[2026-08-12T04:36:32.082+0000] {logging_mixin.py:190} INFO - [2026-08-12T04:36:32.081+0000] {dag.py:4138} INFO - Setting next_dagrun for latest_only_with_trigger to 2026-08-12 00:00:00+00:00, run_after=2026-08-12 04:00:00+00:00
[2026-08-12T04:36:32.158+0000] {processor.py:208} INFO - Processing /home/airflow/.local/lib/python3.12/site-packages/airflow/example_dags/example_latest_only_with_trigger.py took 0.280 seconds
[2026-08-12T04:37:02.720+0000] {processor.py:186} INFO - Started process (PID=235) to work on /home/airflow/.local/lib/python3.12/site-packages/airflow/example_dags/example_latest_only_with_trigger.py
[2026-08-12T04:37:02.724+0000] {processor.py:914} INFO - Processing file /home/airflow/.local/lib/python3.12/site-packages/airflow/example_dags/example_latest_only_with_trigger.py for tasks to queue
[2026-08-12T04:37:02.728+0000] {logging_mixin.py:190} INFO - [2026-08-12T04:37:02.728+0000] {dagbag.py:587} INFO - Filling up the DagBag from /home/airflow/.local/lib/python3.12/site-packages/airflow/example_dags/example_latest_only_with_trigger.py
[2026-08-12T04:37:02.743+0000] {processor.py:925} INFO - DAG(s) 'latest_only_with_trigger' retrieved from /home/airflow/.local/lib/python3.12/site-packages/airflow/example_dags/example_latest_only_with_trigger.py
[2026-08-12T04:37:02.776+0000] {logging_mixin.py:190} INFO - [2026-08-12T04:37:02.776+0000] {dag.py:3211} INFO - Sync 1 DAGs
[2026-08-12T04:37:02.808+0000] {logging_mixin.py:190} INFO - [2026-08-12T04:37:02.808+0000] {dag.py:4138} INFO - Setting next_dagrun for latest_only_with_trigger to 2026-08-12 00:00:00+00:00, run_after=2026-08-12 04:00:00+00:00
[2026-08-12T04:37:02.839+0000] {processor.py:208} INFO - Processing /home/airflow/.local/lib/python3.12/site-packages/airflow/example_dags/example_latest_only_with_trigger.py took 0.128 seconds
[2026-08-12T04:37:33.219+0000] {processor.py:186} INFO - Started process (PID=297) to work on /home/airflow/.local/lib/python3.12/site-packages/airflow/example_dags/example_latest_only_with_trigger.py
[2026-08-12T04:37:33.222+0000] {processor.py:914} INFO - Processing file /home/airflow/.local/lib/python3.12/site-packages/airflow/example_dags/example_latest_only_with_trigger.py for tasks to queue
[2026-08-12T04:37:33.226+0000] {logging_mixin.py:190} INFO - [2026-08-12T04:37:33.225+0000] {dagbag.py:587} INFO - Filling up the DagBag from /home/airflow/.local/lib/python3.12/site-packages/airflow/example_dags/example_latest_only_with_trigger.py
[2026-08-12T04:37:33.239+0000] {processor.py:925} INFO - DAG(s) 'latest_only_with_trigger' retrieved from /home/airflow/.local/lib/python3.12/site-packages/airflow/example_dags/example_latest_only_with_trigger.py
[2026-08-12T04:37:33.266+0000] {logging_mixin.py:190} INFO - [2026-08-12T04:37:33.266+0000] {dag.py:3211} INFO - Sync 1 DAGs
[2026-08-12T04:37:33.307+0000] {logging_mixin.py:190} INFO - [2026-08-12T04:37:33.307+0000] {dag.py:4138} INFO - Setting next_dagrun for latest_only_with_trigger to 2026-08-12 00:00:00+00:00, run_after=2026-08-12 04:00:00+00:00
[2026-08-12T04:37:33.342+0000] {processor.py:208} INFO - Processing /home/airflow/.local/lib/python3.12/site-packages/airflow/example_dags/example_latest_only_with_trigger.py took 0.133 seconds
[2026-08-12T04:38:04.334+0000] {processor.py:186} INFO - Started process (PID=359) to work on /home/airflow/.local/lib/python3.12/site-packages/airflow/example_dags/example_latest_only_with_trigger.py
[2026-08-12T04:38:04.335+0000] {processor.py:914} INFO - Processing file /home/airflow/.local/lib/python3.12/site-packages/airflow/example_dags/example_latest_only_with_trigger.py for tasks to queue
[2026-08-12T04:38:04.339+0000] {logging_mixin.py:190} INFO - [2026-08-12T04:38:04.339+0000] {dagbag.py:587} INFO - Filling up the DagBag from /home/airflow/.local/lib/python3.12/site-packages/airflow/example_dags/example_latest_only_with_trigger.py
[2026-08-12T04:38:04.348+0000] {processor.py:925} INFO - DAG(s) 'latest_only_with_trigger' retrieved from /home/airflow/.local/lib/python3.12/site-packages/airflow/example_dags/example_latest_only_with_trigger.py
[2026-08-12T04:38:04.374+0000] {logging_mixin.py:190} INFO - [2026-08-12T04:38:04.373+0000] {dag.py:3211} INFO - Sync 1 DAGs
[2026-08-12T04:38:04.396+0000] {logging_mixin.py:190} INFO - [2026-08-12T04:38:04.396+0000] {dag.py:4138} INFO - Setting next_dagrun for latest_only_with_trigger to 2026-08-12 00:00:00+00:00, run_after=2026-08-12 04:00:00+00:00
[2026-08-12T04:38:04.418+0000] {processor.py:208} INFO - Processing /home/airflow/.local/lib/python3.12/site-packages/airflow/example_dags/example_latest_only_with_trigger.py took 0.090 seconds
[2026-08-12T04:38:34.932+0000] {processor.py:186} INFO - Started process (PID=421) to work on /home/airflow/.local/lib/python3.12/site-packages/airflow/example_dags/example_latest_only_with_trigger.py
[2026-08-12T04:38:34.935+0000] {processor.py:914} INFO - Processing file /home/airflow/.local/lib/python3.12/site-packages/airflow/example_dags/example_latest_only_with_trigger.py for tasks to queue
[2026-08-12T04:38:34.941+0000] {logging_mixin.py:190} INFO - [2026-08-12T04:38:34.941+0000] {dagbag.py:587} INFO - Filling up the DagBag from /home/airflow/.local/lib/python3.12/site-packages/airflow/example_dags/example_latest_only_with_trigger.py
[2026-08-12T04:38:34.956+0000] {processor.py:925} INFO - DAG(s) 'latest_only_with_trigger' retrieved from /home/airflow/.local/lib/python3.12/site-packages/airflow/example_dags/example_latest_only_with_trigger.py
[2026-08-12T04:38:34.983+0000] {logging_mixin.py:190} INFO - [2026-08-12T04:38:34.983+0000] {dag.py:3211} INFO - Sync 1 DAGs
[2026-08-12T04:38:35.017+0000] {logging_mixin.py:190} INFO - [2026-08-12T04:38:35.017+0000] {dag.py:4138} INFO - Setting next_dagrun for latest_only_with_trigger to 2026-08-12 00:00:00+00:00, run_after=2026-08-12 04:00:00+00:00
[2026-08-12T04:38:35.045+0000] {processor.py:208} INFO - Processing /home/airflow/.local/lib/python3.12/site-packages/airflow/example_dags/example_latest_only_with_trigger.py took 0.119 seconds
[2026-08-12T04:39:06.216+0000] {processor.py:186} INFO - Started process (PID=483) to work on /home/airflow/.local/lib/python3.12/site-packages/airflow/example_dags/example_latest_only_with_trigger.py
[2026-08-12T04:39:06.218+0000] {processor.py:914} INFO - Processing file /home/airflow/.local/lib/python3.12/site-packages/airflow/example_dags/example_latest_only_with_trigger.py for tasks to queue
[2026-08-12T04:39:06.225+0000] {logging_mixin.py:190} INFO - [2026-08-12T04:39:06.224+0000] {dagbag.py:587} INFO - Filling up the DagBag from /home/airflow/.local/lib/python3.12/site-packages/airflow/example_dags/example_latest_only_with_trigger.py
[2026-08-12T04:39:06.239+0000] {processor.py:925} INFO - DAG(s) 'latest_only_with_trigger' retrieved from /home/airflow/.local/lib/python3.12/site-packages/airflow/example_dags/example_latest_only_with_trigger.py
[2026-08-12T04:39:06.272+0000] {logging_mixin.py:190} INFO - [2026-08-12T04:39:06.272+0000] {dag.py:3211} INFO - Sync 1 DAGs
[2026-08-12T04:39:06.315+0000] {logging_mixin.py:190} INFO - [2026-08-12T04:39:06.314+0000] {dag.py:4138} INFO - Setting next_dagrun for latest_only_with_trigger to 2026-08-12 00:00:00+00:00, run_after=2026-08-12 04:00:00+00:00
[2026-08-12T04:39:06.347+0000] {processor.py:208} INFO - Processing /home/airflow/.local/lib/python3.12/site-packages/airflow/example_dags/example_latest_only_with_trigger.py took 0.148 seconds
[2026-08-12T04:39:37.921+0000] {processor.py:186} INFO - Started process (PID=545) to work on /home/airflow/.local/lib/python3.12/site-packages/airflow/example_dags/example_latest_only_with_trigger.py
[2026-08-12T04:39:37.927+0000] {processor.py:914} INFO - Processing file /home/airflow/.local/lib/python3.12/site-packages/airflow/example_dags/example_latest_only_with_trigger.py for tasks to queue
[2026-08-12T04:39:37.932+0000] {logging_mixin.py:190} INFO - [2026-08-12T04:39:37.931+0000] {dagbag.py:587} INFO - Filling up the DagBag from /home/airflow/.local/lib/python3.12/site-packages/airflow/example_dags/example_latest_only_with_trigger.py
[2026-08-12T04:39:37.947+0000] {processor.py:925} INFO - DAG(s) 'latest_only_with_trigger' retrieved from /home/airflow/.local/lib/python3.12/site-packages/airflow/example_dags/example_latest_only_with_trigger.py
[2026-08-12T04:39:37.983+0000] {logging_mixin.py:190} INFO - [2026-08-12T04:39:37.982+0000] {dag.py:3211} INFO - Sync 1 DAGs
[2026-08-12T04:39:38.025+0000] {logging_mixin.py:190} INFO - [2026-08-12T04:39:38.024+0000] {dag.py:4138} INFO - Setting next_dagrun for latest_only_with_trigger to 2026-08-12 00:00:00+00:00, run_after=2026-08-12 04:00:00+00:00
[2026-08-12T04:39:38.070+0000] {processor.py:208} INFO - Processing /home/airflow/.local/lib/python3.12/site-packages/airflow/example_dags/example_latest_only_with_trigger.py took 0.159 seconds
[2026-08-12T04:40:09.214+0000] {processor.py:186} INFO - Started process (PID=607) to work on /home/airflow/.local/lib/python3.12/site-packages/airflow/example_dags/example_latest_only_with_trigger.py
[2026-08-12T04:40:09.216+0000] {processor.py:914} INFO - Processing file /home/airflow/.local/lib/python3.12/site-packages/airflow/example_dags/example_latest_only_with_trigger.py for tasks to queue
[2026-08-12T04:40:09.220+0000] {logging_mixin.py:190} INFO - [2026-08-12T04:40:09.219+0000] {dagbag.py:587} INFO - Filling up the DagBag from /home/airflow/.local/lib/python3.12/site-packages/airflow/example_dags/example_latest_only_with_trigger.py
[2026-08-12T04:40:09.235+0000] {processor.py:925} INFO - DAG(s) 'latest_only_with_trigger' retrieved from /home/airflow/.local/lib/python3.12/site-packages/airflow/example_dags/example_latest_only_with_trigger.py
[2026-08-12T04:40:09.278+0000] {logging_mixin.py:190} INFO - [2026-08-12T04:40:09.277+0000] {dag.py:3211} INFO - Sync 1 DAGs
[2026-08-12T04:40:09.330+0000] {logging_mixin.py:190} INFO - [2026-08-12T04:40:09.329+0000] {dag.py:4138} INFO - Setting next_dagrun for latest_only_with_trigger to 2026-08-12 00:00:00+00:00, run_after=2026-08-12 04:00:00+00:00
[2026-08-12T04:40:09.374+0000] {processor.py:208} INFO - Processing /home/airflow/.local/lib/python3.12/site-packages/airflow/example_dags/example_latest_only_with_trigger.py took 0.170 seconds
[2026-08-12T04:40:39.596+0000] {processor.py:186} INFO - Started process (PID=669) to work on /home/airflow/.local/lib/python3.12/site-packages/airflow/example_dags/example_latest_only_with_trigger.py
[2026-08-12T04:40:39.599+0000] {processor.py:914} INFO - Processing file /home/airflow/.local/lib/python3.12/site-packages/airflow/example_dags/example_latest_only_with_trigger.py for tasks to queue
[2026-08-12T04:40:39.604+0000] {logging_mixin.py:190} INFO - [2026-08-12T04:40:39.603+0000] {dagbag.py:587} INFO - Filling up the DagBag from /home/airflow/.local/lib/python3.12/site-packages/airflow/example_dags/example_latest_only_with_trigger.py
[2026-08-12T04:40:39.624+0000] {processor.py:925} INFO - DAG(s) 'latest_only_with_trigger' retrieved from /home/airflow/.local/lib/python3.12/site-packages/airflow/example_dags/example_latest_only_with_trigger.py
[2026-08-12T04:40:39.671+0000] {logging_mixin.py:190} INFO - [2026-08-12T04:40:39.671+0000] {dag.py:3211} INFO - Sync 1 DAGs
[2026-08-12T04:40:39.726+0000] {logging_mixin.py:190} INFO - [2026-08-12T04:40:39.725+0000] {dag.py:4138} INFO - Setting next_dagrun for latest_only_with_trigger to 2026-08-12 00:00:00+00:00, run_after=2026-08-12 04:00:00+00:00
[2026-08-12T04:40:39.761+0000] {processor.py:208} INFO - Processing /home/airflow/.local/lib/python3.12/site-packages/airflow/example_dags/example_latest_only_with_trigger.py took 0.177 seconds
[2026-08-12T04:41:09.880+0000] {processor.py:186} INFO - Started process (PID=731) to work on /home/airflow/.local/lib/python3.12/site-packages/airflow/example_dags/example_latest_only_with_trigger.py
[2026-08-12T04:41:09.882+0000] {processor.py:914} INFO - Processing file /home/airflow/.local/lib/python3.12/site-packages/airflow/example_dags/example_latest_only_with_trigger.py for tasks to queue
[2026-08-12T04:41:09.886+0000] {logging_mixin.py:190} INFO - [2026-08-12T04:41:09.885+0000] {dagbag.py:587} INFO - Filling up the DagBag from /home/airflow/.local/lib/python3.12/site-packages/airflow/example_dags/example_latest_only_with_trigger.py
[2026-08-12T04:41:09.900+0000] {processor.py:925} INFO - DAG(s) 'latest_only_with_trigger' retrieved from /home/airflow/.local/lib/python3.12/site-packages/airflow/example_dags/example_latest_only_with_trigger.py
[2026-08-12T04:41:09.928+0000] {logging_mixin.py:190} INFO - [2026-08-12T04:41:09.928+0000] {dag.py:3211} INFO - Sync 1 DAGs
[2026-08-12T04:41:09.955+0000] {logging_mixin.py:190} INFO - [2026-08-12T04:41:09.955+0000] {dag.py:4138} INFO - Setting next_dagrun for latest_only_with_trigger to 2026-08-12 00:00:00+00:00, run_after=2026-08-12 04:00:00+00:00
[2026-08-12T04:41:09.981+0000] {processor.py:208} INFO - Processing /home/airflow/.local/lib/python3.12/site-packages/airflow/example_dags/example_latest_only_with_trigger.py took 0.108 seconds
[2026-08-12T04:41:40.183+0000] {processor.py:186} INFO - Started process (PID=793) to work on /home/airflow/.local/lib/python3.12/site-packages/airflow/example_dags/example_latest_only_with_trigger.py
[2026-08-12T04:41:40.185+0000] {processor.py:914} INFO - Processing file /home/airflow/.local/lib/python3.12/site-packages/airflow/example_dags/example_latest_only_with_trigger.py for tasks to queue
[2026-08-12T04:41:40.188+0000] {logging_mixin.py:190} INFO - [2026-08-12T04:41:40.188+0000] {dagbag.py:587} INFO - Filling up the DagBag from /home/airflow/.local/lib/python3.12/site-packages/airflow/example_dags/example_latest_only_with_trigger.py
[2026-08-12T04:41:40.201+0000] {processor.py:925} INFO - DAG(s) 'latest_only_with_trigger' retrieved from /home/airflow/.local/lib/python3.12/site-packages/airflow/example_dags/example_latest_only_with_trigger.py
[2026-08-12T04:41:40.229+0000] {logging_mixin.py:190} INFO - [2026-08-12T04:41:40.229+0000] {dag.py:3211} INFO - Sync 1 DAGs
[2026-08-12T04:41:40.258+0000] {logging_mixin.py:190} INFO - [2026-08-12T04:41:40.257+0000] {dag.py:4138} INFO - Setting next_dagrun for latest_only_with_trigger to 2026-08-12 00:00:00+00:00, run_after=2026-08-12 04:00:00+00:00
[2026-08-12T04:41:40.284+0000] {processor.py:208} INFO - Processing /home/airflow/.local/lib/python3.12/site-packages/airflow/example_dags/example_latest_only_with_trigger.py took 0.106 seconds
[2026-08-12T04:42:10.577+0000] {processor.py:186} INFO - Started process (PID=855) to work on /home/airflow/.local/lib/python3.12/site-packages/airflow/example_dags/example_latest_only_with_trigger.py
[2026-08-12T04:42:10.579+0000] {processor.py:914} INFO - Processing file /home/airflow/.local/lib/python3.12/site-packages/airflow/example_dags/example_latest_only_with_trigger.py for tasks to queue
[2026-08-12T04:42:10.582+0000] {logging_mixin.py:190} INFO - [2026-08-12T04:42:10.582+0000] {dagbag.py:587} INFO - Filling up the DagBag from /home/airflow/.local/lib/python3.12/site-packages/airflow/example_dags/example_latest_only_with_trigger.py
[2026-08-12T04:42:10.591+0000] {processor.py:925} INFO - DAG(s) 'latest_only_with_trigger' retrieved from /home/airflow/.local/lib/python3.12/site-packages/airflow/example_dags/example_latest_only_with_trigger.py
[2026-08-12T04:42:10.611+0000] {logging_mixin.py:190} INFO - [2026-08-12T04:42:10.611+0000] {dag.py:3211} INFO - Sync 1 DAGs
[2026-08-12T04:42:10.634+0000] {logging_mixin.py:190} INFO - [2026-08-12T04:42:10.634+0000] {dag.py:4138} INFO - Setting next_dagrun for latest_only_with_trigger to 2026-08-12 00:00:00+00:00, run_after=2026-08-12 04:00:00+00:00
[2026-08-12T04:42:10.653+0000] {processor.py:208} INFO - Processing /home/airflow/.local/lib/python3.12/site-packages/airflow/example_dags/example_latest_only_with_trigger.py took 0.081 seconds
[2026-08-12T04:42:41.180+0000] {processor.py:186} INFO - Started process (PID=917) to work on /home/airflow/.local/lib/python3.12/site-packages/airflow/example_dags/example_latest_only_with_trigger.py
[2026-08-12T04:42:41.182+0000] {processor.py:914} INFO - Processing file /home/airflow/.local/lib/python3.12/site-packages/airflow/example_dags/example_latest_only_with_trigger.py for tasks to queue
[2026-08-12T04:42:41.186+0000] {logging_mixin.py:190} INFO - [2026-08-12T04:42:41.185+0000] {dagbag.py:587} INFO - Filling up the DagBag from /home/airflow/.local/lib/python3.12/site-packages/airflow/example_dags/example_latest_only_with_trigger.py
[2026-08-12T04:42:41.196+0000] {processor.py:925} INFO - DAG(s) 'latest_only_with_trigger' retrieved from /home/airflow/.local/lib/python3.12/site-packages/airflow/example_dags/example_latest_only_with_trigger.py
[2026-08-12T04:42:41.219+0000] {logging_mixin.py:190} INFO - [2026-08-12T04:42:41.219+0000] {dag.py:3211} INFO - Sync 1 DAGs
[2026-08-12T04:42:41.245+0000] {logging_mixin.py:190} INFO - [2026-08-12T04:42:41.245+0000] {dag.py:4138} INFO - Setting next_dagrun for latest_only_with_trigger to 2026-08-12 00:00:00+00:00, run_after=2026-08-12 04:00:00+00:00
[2026-08-12T04:42:41.269+0000] {processor.py:208} INFO - Processing /home/airflow/.local/lib/python3.12/site-packages/airflow/example_dags/example_latest_only_with_trigger.py took 0.097 seconds
[2026-08-12T04:43:11.396+0000] {processor.py:186} INFO - Started process (PID=979) to work on /home/airflow/.local/lib/python3.12/site-packages/airflow/example_dags/example_latest_only_with_trigger.py
[2026-08-12T04:43:11.397+0000] {processor.py:914} INFO - Processing file /home/airflow/.local/lib/python3.12/site-packages/airflow/example_dags/example_latest_only_with_trigger.py for tasks to queue
[2026-08-12T04:43:11.401+0000] {logging_mixin.py:190} INFO - [2026-08-12T04:43:11.401+0000] {dagbag.py:587} INFO - Filling up the DagBag from /home/airflow/.local/lib/python3.12/site-packages/airflow/example_dags/example_latest_only_with_trigger.py
[2026-08-12T04:43:11.410+0000] {processor.py:925} INFO - DAG(s) 'latest_only_with_trigger' retrieved from /home/airflow/.local/lib/python3.12/site-packages/airflow/example_dags/example_latest_only_with_trigger.py
[2026-08-12T04:43:11.433+0000] {logging_mixin.py:190} INFO - [2026-08-12T04:43:11.433+0000] {dag.py:3211} INFO - Sync 1 DAGs
[2026-08-12T04:43:11.456+0000] {logging_mixin.py:190} INFO - [2026-08-12T04:43:11.456+0000] {dag.py:4138} INFO - Setting next_dagrun for latest_only_with_trigger to 2026-08-12 00:00:00+00:00, run_after=2026-08-12 04:00:00+00:00
[2026-08-12T04:43:11.487+0000] {processor.py:208} INFO - Processing /home/airflow/.local/lib/python3.12/site-packages/airflow/example_dags/example_latest_only_with_trigger.py took 0.099 seconds
[2026-08-12T04:43:42.487+0000] {processor.py:186} INFO - Started process (PID=1047) to work on /home/airflow/.local/lib/python3.12/site-packages/airflow/example_dags/example_latest_only_with_trigger.py
[2026-08-12T04:43:42.491+0000] {processor.py:914} INFO - Processing file /home/airflow/.local/lib/python3.12/site-packages/airflow/example_dags/example_latest_only_with_trigger.py for tasks to queue
[2026-08-12T04:43:42.497+0000] {logging_mixin.py:190} INFO - [2026-08-12T04:43:42.496+0000] {dagbag.py:587} INFO - Filling up the DagBag from /home/airflow/.local/lib/python3.12/site-packages/airflow/example_dags/example_latest_only_with_trigger.py
[2026-08-12T04:43:42.511+0000] {processor.py:925} INFO - DAG(s) 'latest_only_with_trigger' retrieved from /home/airflow/.local/lib/python3.12/site-packages/airflow/example_dags/example_latest_only_with_trigger.py
[2026-08-12T04:43:42.551+0000] {logging_mixin.py:190} INFO - [2026-08-12T04:43:42.551+0000] {dag.py:3211} INFO - Sync 1 DAGs
[2026-08-12T04:43:42.595+0000] {logging_mixin.py:190} INFO - [2026-08-12T04:43:42.595+0000] {dag.py:4138} INFO - Setting next_dagrun for latest_only_with_trigger to 2026-08-12 00:00:00+00:00, run_after=2026-08-12 04:00:00+00:00
[2026-08-12T04:43:42.641+0000] {processor.py:208} INFO - Processing /home/airflow/.local/lib/python3.12/site-packages/airflow/example_dags/example_latest_only_with_trigger.py took 0.163 seconds
[2026-08-12T04:44:13.802+0000] {processor.py:186} INFO - Started process (PID=1109) to work on /home/airflow/.local/lib/python3.12/site-packages/airflow/example_dags/example_latest_only_with_trigger.py
[2026-08-12T04:44:13.803+0000] {processor.py:914} INFO - Processing file /home/airflow/.local/lib/python3.12/site-packages/airflow/example_dags/example_latest_only_with_trigger.py for tasks to queue
[2026-08-12T04:44:13.807+0000] {logging_mixin.py:190} INFO - [2026-08-12T04:44:13.807+0000] {dagbag.py:587} INFO - Filling up the DagBag from /home/airflow/.local/lib/python3.12/site-packages/airflow/example_dags/example_latest_only_with_trigger.py
[2026-08-12T04:44:13.823+0000] {processor.py:925} INFO - DAG(s) 'latest_only_with_trigger' retrieved from /home/airflow/.local/lib/python3.12/site-packages/airflow/example_dags/example_latest_only_with_trigger.py
[2026-08-12T04:44:13.888+0000] {logging_mixin.py:190} INFO - [2026-08-12T04:44:13.887+0000] {dag.py:3211} INFO - Sync 1 DAGs
[2026-08-12T04:44:13.925+0000] {logging_mixin.py:190} INFO - [2026-08-12T04:44:13.925+0000] {dag.py:4138} INFO - Setting next_dagrun for latest_only_with_trigger to 2026-08-12 00:00:00+00:00, run_after=2026-08-12 04:00:00+00:00
[2026-08-12T04:44:13.953+0000] {processor.py:208} INFO - Processing /home/airflow/.local/lib/python3.12/site-packages/airflow/example_dags/example_latest_only_with_trigger.py took 0.161 seconds
[2026-08-12T04:44:44.029+0000] {processor.py:186} INFO - Started process (PID=1172) to work on /home/airflow/.local/lib/python3.12/site-packages/airflow/example_dags/example_latest_only_with_trigger.py
[2026-08-12T04:44:44.030+0000] {processor.py:914} INFO - Processing file /home/airflow/.local/lib/python3.12/site-packages/airflow/example_dags/example_latest_only_with_trigger.py for tasks to queue
[2026-08-12T04:44:44.033+0000] {logging_mixin.py:190} INFO - [2026-08-12T04:44:44.033+0000] {dagbag.py:587} INFO - Filling up the DagBag from /home/airflow/.local/lib/python3.12/site-packages/airflow/example_dags/example_latest_only_with_trigger.py
[2026-08-12T04:44:44.041+0000] {processor.py:925} INFO - DAG(s) 'latest_only_with_trigger' retrieved from /home/airflow/.local/lib/python3.12/site-packages/airflow/example_dags/example_latest_only_with_trigger.py
[2026-08-12T04:44:44.063+0000] {logging_mixin.py:190} INFO - [2026-08-12T04:44:44.062+0000] {dag.py:3211} INFO - Sync 1 DAGs
[2026-08-12T04:44:44.094+0000] {logging_mixin.py:190} INFO - [2026-08-12T04:44:44.094+0000] {dag.py:4138} INFO - Setting next_dagrun for latest_only_with_trigger to 2026-08-12 00:00:00+00:00, run_after=2026-08-12 04:00:00+00:00
[2026-08-12T04:44:44.120+0000] {processor.py:208} INFO - Processing /home/airflow/.local/lib/python3.12/site-packages/airflow/example_dags/example_latest_only_with_trigger.py took 0.097 seconds
[2026-08-12T04:45:15.322+0000] {processor.py:186} INFO - Started process (PID=1234) to work on /home/airflow/.local/lib/python3.12/site-packages/airflow/example_dags/example_latest_only_with_trigger.py
[2026-08-12T04:45:15.327+0000] {processor.py:914} INFO - Processing file /home/airflow/.local/lib/python3.12/site-packages/airflow/example_dags/example_latest_only_with_trigger.py for tasks to queue
[2026-08-12T04:45:15.334+0000] {logging_mixin.py:190} INFO - [2026-08-12T04:45:15.333+0000] {dagbag.py:587} INFO - Filling up the DagBag from /home/airflow/.local/lib/python3.12/site-packages/airflow/example_dags/example_latest_only_with_trigger.py
[2026-08-12T04:45:15.348+0000] {processor.py:925} INFO - DAG(s) 'latest_only_with_trigger' retrieved from /home/airflow/.local/lib/python3.12/site-packages/airflow/example_dags/example_latest_only_with_trigger.py
[2026-08-12T04:45:15.394+0000] {logging_mixin.py:190} INFO - [2026-08-12T04:45:15.393+0000] {dag.py:3211} INFO - Sync 1 DAGs
[2026-08-12T04:45:15.482+0000] {logging_mixin.py:190} INFO - [2026-08-12T04:45:15.482+0000] {dag.py:4138} INFO - Setting next_dagrun for latest_only_with_trigger to 2026-08-12 00:00:00+00:00, run_after=2026-08-12 04:00:00+00:00
[2026-08-12T04:45:15.575+0000] {processor.py:208} INFO - Processing /home/airflow/.local/lib/python3.12/site-packages/airflow/example_dags/example_latest_only_with_trigger.py took 0.264 seconds
[2026-08-12T04:45:46.462+0000] {processor.py:186} INFO - Started process (PID=1296) to work on /home/airflow/.local/lib/python3.12/site-packages/airflow/example_dags/example_latest_only_with_trigger.py
[2026-08-12T04:45:46.465+0000] {processor.py:914} INFO - Processing file /home/airflow/.local/lib/python3.12/site-packages/airflow/example_dags/example_latest_only_with_trigger.py for tasks to queue
[2026-08-12T04:45:46.470+0000] {logging_mixin.py:190} INFO - [2026-08-12T04:45:46.469+0000] {dagbag.py:587} INFO - Filling up the DagBag from /home/airflow/.local/lib/python3.12/site-packages/airflow/example_dags/example_latest_only_with_trigger.py
[2026-08-12T04:45:46.481+0000] {processor.py:925} INFO - DAG(s) 'latest_only_with_trigger' retrieved from /home/airflow/.local/lib/python3.12/site-packages/airflow/example_dags/example_latest_only_with_trigger.py
[2026-08-12T04:45:46.506+0000] {logging_mixin.py:190} INFO - [2026-08-12T04:45:46.506+0000] {dag.py:3211} INFO - Sync 1 DAGs
[2026-08-12T04:45:46.549+0000] {logging_mixin.py:190} INFO - [2026-08-12T04:45:46.549+0000] {dag.py:4138} INFO - Setting next_dagrun for latest_only_with_trigger to 2026-08-12 00:00:00+00:00, run_after=2026-08-12 04:00:00+00:00
[2026-08-12T04:45:46.587+0000] {processor.py:208} INFO - Processing /home/airflow/.local/lib/python3.12/site-packages/airflow/example_dags/example_latest_only_with_trigger.py took 0.134 seconds
[2026-08-12T04:46:16.974+0000] {processor.py:186} INFO - Started process (PID=1358) to work on /home/airflow/.local/lib/python3.12/site-packages/airflow/example_dags/example_latest_only_with_trigger.py
[2026-08-12T04:46:16.981+0000] {processor.py:914} INFO - Processing file /home/airflow/.local/lib/python3.12/site-packages/airflow/example_dags/example_latest_only_with_trigger.py for tasks to queue
[2026-08-12T04:46:16.987+0000] {logging_mixin.py:190} INFO - [2026-08-12T04:46:16.986+0000] {dagbag.py:587} INFO - Filling up the DagBag from /home/airflow/.local/lib/python3.12/site-packages/airflow/example_dags/example_latest_only_with_trigger.py
[2026-08-12T04:46:17.004+0000] {processor.py:925} INFO - DAG(s) 'latest_only_with_trigger' retrieved from /home/airflow/.local/lib/python3.12/site-packages/airflow/example_dags/example_latest_only_with_trigger.py
[2026-08-12T04:46:17.041+0000] {logging_mixin.py:190} INFO - [2026-08-12T04:46:17.040+0000] {dag.py:3211} INFO - Sync 1 DAGs
[2026-08-12T04:46:17.096+0000] {logging_mixin.py:190} INFO - [2026-08-12T04:46:17.096+0000] {dag.py:4138} INFO - Setting next_dagrun for latest_only_with_trigger to 2026-08-12 00:00:00+00:00, run_after=2026-08-12 04:00:00+00:00
[2026-08-12T04:46:17.139+0000] {processor.py:208} INFO - Processing /home/airflow/.local/lib/python3.12/site-packages/airflow/example_dags/example_latest_only_with_trigger.py took 0.174 seconds
