[2026-08-12T04:31:56.702+0000] {processor.py:186} INFO - Started process (PID=100) to work on /home/airflow/.local/lib/python3.12/site-packages/airflow/example_dags/example_workday_timetable.py
[2026-08-12T04:31:56.708+0000] {processor.py:914} INFO - Processing file /home/airflow/.local/lib/python3.12/site-packages/airflow/example_dags/example_workday_timetable.py for tasks to queue
[2026-08-12T04:31:56.720+0000] {logging_mixin.py:190} INFO - [2026-08-12T04:31:56.719+0000] {dagbag.py:587} INFO - Filling up the DagBag from /home/airflow/.local/lib/python3.12/site-packages/airflow/example_dags/example_workday_timetable.py
[2026-08-12T04:31:56.743+0000] {processor.py:925} INFO - DAG(s) 'example_workday_timetable' retrieved from /home/airflow/.local/lib/python3.12/site-packages/airflow/example_dags/example_workday_timetable.py
[2026-08-12T04:31:57.042+0000] {logging_mixin.py:190} INFO - [2026-08-12T04:31:57.041+0000] {override.py:1858} INFO - Created Permission View: can edit on DAG:example_workday_timetable
[2026-08-12T04:31:57.076+0000] {logging_mixin.py:190} INFO - [2026-08-12T04:31:57.075+0000] {override.py:1858} INFO - Created Permission View: can read on DAG:example_workday_timetable
[2026-08-12T04:31:57.103+0000] {logging_mixin.py:190} INFO - [2026-08-12T04:31:57.102+0000] {override.py:1858} INFO - Created Permission View: can delete on DAG:example_workday_timetable
[2026-08-12T04:31:57.106+0000] {logging_mixin.py:190} INFO - [2026-08-12T04:31:57.105+0000] {dag.py:3211} INFO - Sync 1 DAGs
[2026-08-12T04:31:57.151+0000] {logging_mixin.py:190} INFO - [2026-08-12T04:31:57.150+0000] {dag.py:3234} INFO - Creating ORM DAG for example_workday_timetable
[2026-08-12T04:31:57.333+0000] {logging_mixin.py:190} INFO - [2026-08-12T04:31:57.332+0000] {dag.py:4138} INFO - Setting next_dagrun for example_workday_timetable to 2021-01-04 00:00:00+00:00, run_after=2021-01-05 00:00:00+00:00
[2026-08-12T04:31:57.410+0000] {processor.py:208} INFO - Processing /home/airflow/.local/lib/python3.12/site-packages/airflow/example_dags/example_workday_timetable.py took 0.729 seconds
[2026-08-12T04:32:27.836+0000] {processor.py:186} INFO - Started process (PID=163) to work on /home/airflow/.local/lib/python3.12/site-packages/airflow/example_dags/example_workday_timetable.py
[2026-08-12T04:32:27.838+0000] {processor.py:914} INFO - Processing file /home/airflow/.local/lib/python3.12/site-packages/airflow/example_dags/example_workday_timetable.py for tasks to queue
[2026-08-12T04:32:27.843+0000] {logging_mixin.py:190} INFO - [2026-08-12T04:32:27.841+0000] {dagbag.py:587} INFO - Filling up the DagBag from /home/airflow/.local/lib/python3.12/site-packages/airflow/example_dags/example_workday_timetable.py
[2026-08-12T04:32:27.853+0000] {processor.py:925} INFO - DAG(s) 'example_workday_timetable' retrieved from /home/airflow/.local/lib/python3.12/site-packages/airflow/example_dags/example_workday_timetable.py
[2026-08-12T04:32:27.887+0000] {logging_mixin.py:190} INFO - [2026-08-12T04:32:27.886+0000] {dag.py:3211} INFO - Sync 1 DAGs
[2026-08-12T04:32:27.990+0000] {logging_mixin.py:190} INFO - [2026-08-12T04:32:27.990+0000] {dag.py:4138} INFO - Setting next_dagrun for example_workday_timetable to 2021-01-04 00:00:00+00:00, run_after=2021-01-05 00:00:00+00:00
[2026-08-12T04:32:28.024+0000] {processor.py:208} INFO - Processing /home/airflow/.local/lib/python3.12/site-packages/airflow/example_dags/example_workday_timetable.py took 0.197 seconds
[2026-08-12T04:32:58.246+0000] {processor.py:186} INFO - Started process (PID=224) to work on /home/airflow/.local/lib/python3.12/site-packages/airflow/example_dags/example_workday_timetable.py
[2026-08-12T04:32:58.249+0000] {processor.py:914} INFO - Processing file /home/airflow/.local/lib/python3.12/site-packages/airflow/example_dags/example_workday_timetable.py for tasks to queue
[2026-08-12T04:32:58.254+0000] {logging_mixin.py:190} INFO - [2026-08-12T04:32:58.253+0000] {dagbag.py:587} INFO - Filling up the DagBag from /home/airflow/.local/lib/python3.12/site-packages/airflow/example_dags/example_workday_timetable.py
[2026-08-12T04:32:58.264+0000] {processor.py:925} INFO - DAG(s) 'example_workday_timetable' retrieved from /home/airflow/.local/lib/python3.12/site-packages/airflow/example_dags/example_workday_timetable.py
[2026-08-12T04:32:58.292+0000] {logging_mixin.py:190} INFO - [2026-08-12T04:32:58.291+0000] {dag.py:3211} INFO - Sync 1 DAGs
[2026-08-12T04:32:58.362+0000] {logging_mixin.py:190} INFO - [2026-08-12T04:32:58.362+0000] {dag.py:4138} INFO - Setting next_dagrun for example_workday_timetable to 2021-01-04 00:00:00+00:00, run_after=2021-01-05 00:00:00+00:00
[2026-08-12T04:32:58.392+0000] {processor.py:208} INFO - Processing /home/airflow/.local/lib/python3.12/site-packages/airflow/example_dags/example_workday_timetable.py took 0.154 seconds
[2026-08-12T04:33:28.620+0000] {processor.py:186} INFO - Started process (PID=286) to work on /home/airflow/.local/lib/python3.12/site-packages/airflow/example_dags/example_workday_timetable.py
[2026-08-12T04:33:28.623+0000] {processor.py:914} INFO - Processing file /home/airflow/.local/lib/python3.12/site-packages/airflow/example_dags/example_workday_timetable.py for tasks to queue
[2026-08-12T04:33:28.627+0000] {logging_mixin.py:190} INFO - [2026-08-12T04:33:28.626+0000] {dagbag.py:587} INFO - Filling up the DagBag from /home/airflow/.local/lib/python3.12/site-packages/airflow/example_dags/example_workday_timetable.py
[2026-08-12T04:33:28.638+0000] {processor.py:925} INFO - DAG(s) 'example_workday_timetable' retrieved from /home/airflow/.local/lib/python3.12/site-packages/airflow/example_dags/example_workday_timetable.py
[2026-08-12T04:33:28.676+0000] {logging_mixin.py:190} INFO - [2026-08-12T04:33:28.675+0000] {dag.py:3211} INFO - Sync 1 DAGs
[2026-08-12T04:33:28.813+0000] {logging_mixin.py:190} INFO - [2026-08-12T04:33:28.812+0000] {dag.py:4138} INFO - Setting next_dagrun for example_workday_timetable to 2021-01-04 00:00:00+00:00, run_after=2021-01-05 00:00:00+00:00
[2026-08-12T04:33:28.857+0000] {processor.py:208} INFO - Processing /home/airflow/.local/lib/python3.12/site-packages/airflow/example_dags/example_workday_timetable.py took 0.244 seconds
[2026-08-12T04:33:59.514+0000] {processor.py:186} INFO - Started process (PID=349) to work on /home/airflow/.local/lib/python3.12/site-packages/airflow/example_dags/example_workday_timetable.py
[2026-08-12T04:33:59.519+0000] {processor.py:914} INFO - Processing file /home/airflow/.local/lib/python3.12/site-packages/airflow/example_dags/example_workday_timetable.py for tasks to queue
[2026-08-12T04:33:59.524+0000] {logging_mixin.py:190} INFO - [2026-08-12T04:33:59.523+0000] {dagbag.py:587} INFO - Filling up the DagBag from /home/airflow/.local/lib/python3.12/site-packages/airflow/example_dags/example_workday_timetable.py
[2026-08-12T04:33:59.536+0000] {processor.py:925} INFO - DAG(s) 'example_workday_timetable' retrieved from /home/airflow/.local/lib/python3.12/site-packages/airflow/example_dags/example_workday_timetable.py
[2026-08-12T04:33:59.574+0000] {logging_mixin.py:190} INFO - [2026-08-12T04:33:59.573+0000] {dag.py:3211} INFO - Sync 1 DAGs
[2026-08-12T04:33:59.674+0000] {logging_mixin.py:190} INFO - [2026-08-12T04:33:59.673+0000] {dag.py:4138} INFO - Setting next_dagrun for example_workday_timetable to 2021-01-04 00:00:00+00:00, run_after=2021-01-05 00:00:00+00:00
[2026-08-12T04:33:59.707+0000] {processor.py:208} INFO - Processing /home/airflow/.local/lib/python3.12/site-packages/airflow/example_dags/example_workday_timetable.py took 0.207 seconds
[2026-08-12T04:34:30.533+0000] {processor.py:186} INFO - Started process (PID=411) to work on /home/airflow/.local/lib/python3.12/site-packages/airflow/example_dags/example_workday_timetable.py
[2026-08-12T04:34:30.547+0000] {processor.py:914} INFO - Processing file /home/airflow/.local/lib/python3.12/site-packages/airflow/example_dags/example_workday_timetable.py for tasks to queue
[2026-08-12T04:34:30.564+0000] {logging_mixin.py:190} INFO - [2026-08-12T04:34:30.563+0000] {dagbag.py:587} INFO - Filling up the DagBag from /home/airflow/.local/lib/python3.12/site-packages/airflow/example_dags/example_workday_timetable.py
[2026-08-12T04:35:58.993+0000] {processor.py:186} INFO - Started process (PID=93) to work on /home/airflow/.local/lib/python3.12/site-packages/airflow/example_dags/example_workday_timetable.py
[2026-08-12T04:35:58.996+0000] {processor.py:914} INFO - Processing file /home/airflow/.local/lib/python3.12/site-packages/airflow/example_dags/example_workday_timetable.py for tasks to queue
[2026-08-12T04:35:59.006+0000] {logging_mixin.py:190} INFO - [2026-08-12T04:35:59.004+0000] {dagbag.py:587} INFO - Filling up the DagBag from /home/airflow/.local/lib/python3.12/site-packages/airflow/example_dags/example_workday_timetable.py
[2026-08-12T04:35:59.023+0000] {processor.py:925} INFO - DAG(s) 'example_workday_timetable' retrieved from /home/airflow/.local/lib/python3.12/site-packages/airflow/example_dags/example_workday_timetable.py
[2026-08-12T04:35:59.061+0000] {logging_mixin.py:190} INFO - [2026-08-12T04:35:59.061+0000] {dag.py:3211} INFO - Sync 1 DAGs
[2026-08-12T04:35:59.174+0000] {logging_mixin.py:190} INFO - [2026-08-12T04:35:59.174+0000] {dag.py:4138} INFO - Setting next_dagrun for example_workday_timetable to 2021-01-04 00:00:00+00:00, run_after=2021-01-05 00:00:00+00:00
[2026-08-12T04:35:59.207+0000] {processor.py:208} INFO - Processing /home/airflow/.local/lib/python3.12/site-packages/airflow/example_dags/example_workday_timetable.py took 0.231 seconds
[2026-08-12T04:36:29.392+0000] {processor.py:186} INFO - Started process (PID=155) to work on /home/airflow/.local/lib/python3.12/site-packages/airflow/example_dags/example_workday_timetable.py
[2026-08-12T04:36:29.453+0000] {processor.py:914} INFO - Processing file /home/airflow/.local/lib/python3.12/site-packages/airflow/example_dags/example_workday_timetable.py for tasks to queue
[2026-08-12T04:36:29.460+0000] {logging_mixin.py:190} INFO - [2026-08-12T04:36:29.459+0000] {dagbag.py:587} INFO - Filling up the DagBag from /home/airflow/.local/lib/python3.12/site-packages/airflow/example_dags/example_workday_timetable.py
[2026-08-12T04:36:29.477+0000] {processor.py:925} INFO - DAG(s) 'example_workday_timetable' retrieved from /home/airflow/.local/lib/python3.12/site-packages/airflow/example_dags/example_workday_timetable.py
[2026-08-12T04:36:29.516+0000] {logging_mixin.py:190} INFO - [2026-08-12T04:36:29.515+0000] {dag.py:3211} INFO - Sync 1 DAGs
[2026-08-12T04:36:29.649+0000] {logging_mixin.py:190} INFO - [2026-08-12T04:36:29.649+0000] {dag.py:4138} INFO - Setting next_dagrun for example_workday_timetable to 2021-01-04 00:00:00+00:00, run_after=2021-01-05 00:00:00+00:00
[2026-08-12T04:36:29.681+0000] {processor.py:208} INFO - Processing /home/airflow/.local/lib/python3.12/site-packages/airflow/example_dags/example_workday_timetable.py took 0.300 seconds
[2026-08-12T04:37:00.563+0000] {processor.py:186} INFO - Started process (PID=217) to work on /home/airflow/.local/lib/python3.12/site-packages/airflow/example_dags/example_workday_timetable.py
[2026-08-12T04:37:00.565+0000] {processor.py:914} INFO - Processing file /home/airflow/.local/lib/python3.12/site-packages/airflow/example_dags/example_workday_timetable.py for tasks to queue
[2026-08-12T04:37:00.569+0000] {logging_mixin.py:190} INFO - [2026-08-12T04:37:00.568+0000] {dagbag.py:587} INFO - Filling up the DagBag from /home/airflow/.local/lib/python3.12/site-packages/airflow/example_dags/example_workday_timetable.py
[2026-08-12T04:37:00.578+0000] {processor.py:925} INFO - DAG(s) 'example_workday_timetable' retrieved from /home/airflow/.local/lib/python3.12/site-packages/airflow/example_dags/example_workday_timetable.py
[2026-08-12T04:37:00.606+0000] {logging_mixin.py:190} INFO - [2026-08-12T04:37:00.605+0000] {dag.py:3211} INFO - Sync 1 DAGs
[2026-08-12T04:37:00.696+0000] {logging_mixin.py:190} INFO - [2026-08-12T04:37:00.695+0000] {dag.py:4138} INFO - Setting next_dagrun for example_workday_timetable to 2021-01-04 00:00:00+00:00, run_after=2021-01-05 00:00:00+00:00
[2026-08-12T04:37:00.731+0000] {processor.py:208} INFO - Processing /home/airflow/.local/lib/python3.12/site-packages/airflow/example_dags/example_workday_timetable.py took 0.173 seconds
[2026-08-12T04:37:31.083+0000] {processor.py:186} INFO - Started process (PID=279) to work on /home/airflow/.local/lib/python3.12/site-packages/airflow/example_dags/example_workday_timetable.py
[2026-08-12T04:37:31.085+0000] {processor.py:914} INFO - Processing file /home/airflow/.local/lib/python3.12/site-packages/airflow/example_dags/example_workday_timetable.py for tasks to queue
[2026-08-12T04:37:31.090+0000] {logging_mixin.py:190} INFO - [2026-08-12T04:37:31.090+0000] {dagbag.py:587} INFO - Filling up the DagBag from /home/airflow/.local/lib/python3.12/site-packages/airflow/example_dags/example_workday_timetable.py
[2026-08-12T04:37:31.096+0000] {processor.py:925} INFO - DAG(s) 'example_workday_timetable' retrieved from /home/airflow/.local/lib/python3.12/site-packages/airflow/example_dags/example_workday_timetable.py
[2026-08-12T04:37:31.123+0000] {logging_mixin.py:190} INFO - [2026-08-12T04:37:31.123+0000] {dag.py:3211} INFO - Sync 1 DAGs
[2026-08-12T04:37:31.195+0000] {logging_mixin.py:190} INFO - [2026-08-12T04:37:31.194+0000] {dag.py:4138} INFO - Setting next_dagrun for example_workday_timetable to 2021-01-04 00:00:00+00:00, run_after=2021-01-05 00:00:00+00:00
[2026-08-12T04:37:31.236+0000] {processor.py:208} INFO - Processing /home/airflow/.local/lib/python3.12/site-packages/airflow/example_dags/example_workday_timetable.py took 0.162 seconds
[2026-08-12T04:38:01.787+0000] {processor.py:186} INFO - Started process (PID=341) to work on /home/airflow/.local/lib/python3.12/site-packages/airflow/example_dags/example_workday_timetable.py
[2026-08-12T04:38:01.789+0000] {processor.py:914} INFO - Processing file /home/airflow/.local/lib/python3.12/site-packages/airflow/example_dags/example_workday_timetable.py for tasks to queue
[2026-08-12T04:38:01.792+0000] {logging_mixin.py:190} INFO - [2026-08-12T04:38:01.792+0000] {dagbag.py:587} INFO - Filling up the DagBag from /home/airflow/.local/lib/python3.12/site-packages/airflow/example_dags/example_workday_timetable.py
[2026-08-12T04:38:01.799+0000] {processor.py:925} INFO - DAG(s) 'example_workday_timetable' retrieved from /home/airflow/.local/lib/python3.12/site-packages/airflow/example_dags/example_workday_timetable.py
[2026-08-12T04:38:01.828+0000] {logging_mixin.py:190} INFO - [2026-08-12T04:38:01.827+0000] {dag.py:3211} INFO - Sync 1 DAGs
[2026-08-12T04:38:01.893+0000] {logging_mixin.py:190} INFO - [2026-08-12T04:38:01.893+0000] {dag.py:4138} INFO - Setting next_dagrun for example_workday_timetable to 2021-01-04 00:00:00+00:00, run_after=2021-01-05 00:00:00+00:00
[2026-08-12T04:38:01.916+0000] {processor.py:208} INFO - Processing /home/airflow/.local/lib/python3.12/site-packages/airflow/example_dags/example_workday_timetable.py took 0.136 seconds
[2026-08-12T04:38:32.938+0000] {processor.py:186} INFO - Started process (PID=403) to work on /home/airflow/.local/lib/python3.12/site-packages/airflow/example_dags/example_workday_timetable.py
[2026-08-12T04:38:32.940+0000] {processor.py:914} INFO - Processing file /home/airflow/.local/lib/python3.12/site-packages/airflow/example_dags/example_workday_timetable.py for tasks to queue
[2026-08-12T04:38:32.946+0000] {logging_mixin.py:190} INFO - [2026-08-12T04:38:32.946+0000] {dagbag.py:587} INFO - Filling up the DagBag from /home/airflow/.local/lib/python3.12/site-packages/airflow/example_dags/example_workday_timetable.py
[2026-08-12T04:38:32.953+0000] {processor.py:925} INFO - DAG(s) 'example_workday_timetable' retrieved from /home/airflow/.local/lib/python3.12/site-packages/airflow/example_dags/example_workday_timetable.py
[2026-08-12T04:38:32.981+0000] {logging_mixin.py:190} INFO - [2026-08-12T04:38:32.981+0000] {dag.py:3211} INFO - Sync 1 DAGs
[2026-08-12T04:38:33.058+0000] {logging_mixin.py:190} INFO - [2026-08-12T04:38:33.057+0000] {dag.py:4138} INFO - Setting next_dagrun for example_workday_timetable to 2021-01-04 00:00:00+00:00, run_after=2021-01-05 00:00:00+00:00
[2026-08-12T04:38:33.097+0000] {processor.py:208} INFO - Processing /home/airflow/.local/lib/python3.12/site-packages/airflow/example_dags/example_workday_timetable.py took 0.164 seconds
[2026-08-12T04:39:04.097+0000] {processor.py:186} INFO - Started process (PID=465) to work on /home/airflow/.local/lib/python3.12/site-packages/airflow/example_dags/example_workday_timetable.py
[2026-08-12T04:39:04.100+0000] {processor.py:914} INFO - Processing file /home/airflow/.local/lib/python3.12/site-packages/airflow/example_dags/example_workday_timetable.py for tasks to queue
[2026-08-12T04:39:04.106+0000] {logging_mixin.py:190} INFO - [2026-08-12T04:39:04.105+0000] {dagbag.py:587} INFO - Filling up the DagBag from /home/airflow/.local/lib/python3.12/site-packages/airflow/example_dags/example_workday_timetable.py
[2026-08-12T04:39:04.116+0000] {processor.py:925} INFO - DAG(s) 'example_workday_timetable' retrieved from /home/airflow/.local/lib/python3.12/site-packages/airflow/example_dags/example_workday_timetable.py
[2026-08-12T04:39:04.151+0000] {logging_mixin.py:190} INFO - [2026-08-12T04:39:04.151+0000] {dag.py:3211} INFO - Sync 1 DAGs
[2026-08-12T04:39:04.284+0000] {logging_mixin.py:190} INFO - [2026-08-12T04:39:04.284+0000] {dag.py:4138} INFO - Setting next_dagrun for example_workday_timetable to 2021-01-04 00:00:00+00:00, run_after=2021-01-05 00:00:00+00:00
[2026-08-12T04:39:04.321+0000] {processor.py:208} INFO - Processing /home/airflow/.local/lib/python3.12/site-packages/airflow/example_dags/example_workday_timetable.py took 0.233 seconds
[2026-08-12T04:39:35.587+0000] {processor.py:186} INFO - Started process (PID=527) to work on /home/airflow/.local/lib/python3.12/site-packages/airflow/example_dags/example_workday_timetable.py
[2026-08-12T04:39:35.592+0000] {processor.py:914} INFO - Processing file /home/airflow/.local/lib/python3.12/site-packages/airflow/example_dags/example_workday_timetable.py for tasks to queue
[2026-08-12T04:39:35.597+0000] {logging_mixin.py:190} INFO - [2026-08-12T04:39:35.597+0000] {dagbag.py:587} INFO - Filling up the DagBag from /home/airflow/.local/lib/python3.12/site-packages/airflow/example_dags/example_workday_timetable.py
[2026-08-12T04:39:35.614+0000] {processor.py:925} INFO - DAG(s) 'example_workday_timetable' retrieved from /home/airflow/.local/lib/python3.12/site-packages/airflow/example_dags/example_workday_timetable.py
[2026-08-12T04:39:35.650+0000] {logging_mixin.py:190} INFO - [2026-08-12T04:39:35.649+0000] {dag.py:3211} INFO - Sync 1 DAGs
[2026-08-12T04:39:35.751+0000] {logging_mixin.py:190} INFO - [2026-08-12T04:39:35.751+0000] {dag.py:4138} INFO - Setting next_dagrun for example_workday_timetable to 2021-01-04 00:00:00+00:00, run_after=2021-01-05 00:00:00+00:00
[2026-08-12T04:39:35.794+0000] {processor.py:208} INFO - Processing /home/airflow/.local/lib/python3.12/site-packages/airflow/example_dags/example_workday_timetable.py took 0.222 seconds
[2026-08-12T04:40:07.084+0000] {processor.py:186} INFO - Started process (PID=589) to work on /home/airflow/.local/lib/python3.12/site-packages/airflow/example_dags/example_workday_timetable.py
[2026-08-12T04:40:07.086+0000] {processor.py:914} INFO - Processing file /home/airflow/.local/lib/python3.12/site-packages/airflow/example_dags/example_workday_timetable.py for tasks to queue
[2026-08-12T04:40:07.093+0000] {logging_mixin.py:190} INFO - [2026-08-12T04:40:07.093+0000] {dagbag.py:587} INFO - Filling up the DagBag from /home/airflow/.local/lib/python3.12/site-packages/airflow/example_dags/example_workday_timetable.py
[2026-08-12T04:40:07.101+0000] {processor.py:925} INFO - DAG(s) 'example_workday_timetable' retrieved from /home/airflow/.local/lib/python3.12/site-packages/airflow/example_dags/example_workday_timetable.py
[2026-08-12T04:40:07.147+0000] {logging_mixin.py:190} INFO - [2026-08-12T04:40:07.146+0000] {dag.py:3211} INFO - Sync 1 DAGs
[2026-08-12T04:40:07.259+0000] {logging_mixin.py:190} INFO - [2026-08-12T04:40:07.258+0000] {dag.py:4138} INFO - Setting next_dagrun for example_workday_timetable to 2021-01-04 00:00:00+00:00, run_after=2021-01-05 00:00:00+00:00
[2026-08-12T04:40:07.315+0000] {processor.py:208} INFO - Processing /home/airflow/.local/lib/python3.12/site-packages/airflow/example_dags/example_workday_timetable.py took 0.238 seconds
[2026-08-12T04:40:37.526+0000] {processor.py:186} INFO - Started process (PID=651) to work on /home/airflow/.local/lib/python3.12/site-packages/airflow/example_dags/example_workday_timetable.py
[2026-08-12T04:40:37.529+0000] {processor.py:914} INFO - Processing file /home/airflow/.local/lib/python3.12/site-packages/airflow/example_dags/example_workday_timetable.py for tasks to queue
[2026-08-12T04:40:37.536+0000] {logging_mixin.py:190} INFO - [2026-08-12T04:40:37.534+0000] {dagbag.py:587} INFO - Filling up the DagBag from /home/airflow/.local/lib/python3.12/site-packages/airflow/example_dags/example_workday_timetable.py
[2026-08-12T04:40:37.554+0000] {processor.py:925} INFO - DAG(s) 'example_workday_timetable' retrieved from /home/airflow/.local/lib/python3.12/site-packages/airflow/example_dags/example_workday_timetable.py
[2026-08-12T04:40:37.612+0000] {logging_mixin.py:190} INFO - [2026-08-12T04:40:37.611+0000] {dag.py:3211} INFO - Sync 1 DAGs
[2026-08-12T04:40:37.720+0000] {logging_mixin.py:190} INFO - [2026-08-12T04:40:37.720+0000] {dag.py:4138} INFO - Setting next_dagrun for example_workday_timetable to 2021-01-04 00:00:00+00:00, run_after=2021-01-05 00:00:00+00:00
[2026-08-12T04:40:37.757+0000] {processor.py:208} INFO - Processing /home/airflow/.local/lib/python3.12/site-packages/airflow/example_dags/example_workday_timetable.py took 0.246 seconds
[2026-08-12T04:41:08.005+0000] {processor.py:186} INFO - Started process (PID=713) to work on /home/airflow/.local/lib/python3.12/site-packages/airflow/example_dags/example_workday_timetable.py
[2026-08-12T04:41:08.007+0000] {processor.py:914} INFO - Processing file /home/airflow/.local/lib/python3.12/site-packages/airflow/example_dags/example_workday_timetable.py for tasks to queue
[2026-08-12T04:41:08.012+0000] {logging_mixin.py:190} INFO - [2026-08-12T04:41:08.012+0000] {dagbag.py:587} INFO - Filling up the DagBag from /home/airflow/.local/lib/python3.12/site-packages/airflow/example_dags/example_workday_timetable.py
[2026-08-12T04:41:08.020+0000] {processor.py:925} INFO - DAG(s) 'example_workday_timetable' retrieved from /home/airflow/.local/lib/python3.12/site-packages/airflow/example_dags/example_workday_timetable.py
[2026-08-12T04:41:08.053+0000] {logging_mixin.py:190} INFO - [2026-08-12T04:41:08.052+0000] {dag.py:3211} INFO - Sync 1 DAGs
[2026-08-12T04:41:08.147+0000] {logging_mixin.py:190} INFO - [2026-08-12T04:41:08.147+0000] {dag.py:4138} INFO - Setting next_dagrun for example_workday_timetable to 2021-01-04 00:00:00+00:00, run_after=2021-01-05 00:00:00+00:00
[2026-08-12T04:41:08.195+0000] {processor.py:208} INFO - Processing /home/airflow/.local/lib/python3.12/site-packages/airflow/example_dags/example_workday_timetable.py took 0.200 seconds
[2026-08-12T04:41:38.619+0000] {processor.py:186} INFO - Started process (PID=775) to work on /home/airflow/.local/lib/python3.12/site-packages/airflow/example_dags/example_workday_timetable.py
[2026-08-12T04:41:38.621+0000] {processor.py:914} INFO - Processing file /home/airflow/.local/lib/python3.12/site-packages/airflow/example_dags/example_workday_timetable.py for tasks to queue
[2026-08-12T04:41:38.627+0000] {logging_mixin.py:190} INFO - [2026-08-12T04:41:38.626+0000] {dagbag.py:587} INFO - Filling up the DagBag from /home/airflow/.local/lib/python3.12/site-packages/airflow/example_dags/example_workday_timetable.py
[2026-08-12T04:41:38.634+0000] {processor.py:925} INFO - DAG(s) 'example_workday_timetable' retrieved from /home/airflow/.local/lib/python3.12/site-packages/airflow/example_dags/example_workday_timetable.py
[2026-08-12T04:41:38.662+0000] {logging_mixin.py:190} INFO - [2026-08-12T04:41:38.662+0000] {dag.py:3211} INFO - Sync 1 DAGs
[2026-08-12T04:41:38.739+0000] {logging_mixin.py:190} INFO - [2026-08-12T04:41:38.739+0000] {dag.py:4138} INFO - Setting next_dagrun for example_workday_timetable to 2021-01-04 00:00:00+00:00, run_after=2021-01-05 00:00:00+00:00
[2026-08-12T04:41:38.766+0000] {processor.py:208} INFO - Processing /home/airflow/.local/lib/python3.12/site-packages/airflow/example_dags/example_workday_timetable.py took 0.152 seconds
[2026-08-12T04:42:09.296+0000] {processor.py:186} INFO - Started process (PID=837) to work on /home/airflow/.local/lib/python3.12/site-packages/airflow/example_dags/example_workday_timetable.py
[2026-08-12T04:42:09.297+0000] {processor.py:914} INFO - Processing file /home/airflow/.local/lib/python3.12/site-packages/airflow/example_dags/example_workday_timetable.py for tasks to queue
[2026-08-12T04:42:09.300+0000] {logging_mixin.py:190} INFO - [2026-08-12T04:42:09.300+0000] {dagbag.py:587} INFO - Filling up the DagBag from /home/airflow/.local/lib/python3.12/site-packages/airflow/example_dags/example_workday_timetable.py
[2026-08-12T04:42:09.306+0000] {processor.py:925} INFO - DAG(s) 'example_workday_timetable' retrieved from /home/airflow/.local/lib/python3.12/site-packages/airflow/example_dags/example_workday_timetable.py
[2026-08-12T04:42:09.329+0000] {logging_mixin.py:190} INFO - [2026-08-12T04:42:09.328+0000] {dag.py:3211} INFO - Sync 1 DAGs
[2026-08-12T04:42:09.394+0000] {logging_mixin.py:190} INFO - [2026-08-12T04:42:09.394+0000] {dag.py:4138} INFO - Setting next_dagrun for example_workday_timetable to 2021-01-04 00:00:00+00:00, run_after=2021-01-05 00:00:00+00:00
[2026-08-12T04:42:09.415+0000] {processor.py:208} INFO - Processing /home/airflow/.local/lib/python3.12/site-packages/airflow/example_dags/example_workday_timetable.py took 0.125 seconds
[2026-08-12T04:42:39.841+0000] {processor.py:186} INFO - Started process (PID=899) to work on /home/airflow/.local/lib/python3.12/site-packages/airflow/example_dags/example_workday_timetable.py
[2026-08-12T04:42:39.844+0000] {processor.py:914} INFO - Processing file /home/airflow/.local/lib/python3.12/site-packages/airflow/example_dags/example_workday_timetable.py for tasks to queue
[2026-08-12T04:42:39.848+0000] {logging_mixin.py:190} INFO - [2026-08-12T04:42:39.848+0000] {dagbag.py:587} INFO - Filling up the DagBag from /home/airflow/.local/lib/python3.12/site-packages/airflow/example_dags/example_workday_timetable.py
[2026-08-12T04:42:39.858+0000] {processor.py:925} INFO - DAG(s) 'example_workday_timetable' retrieved from /home/airflow/.local/lib/python3.12/site-packages/airflow/example_dags/example_workday_timetable.py
[2026-08-12T04:42:39.884+0000] {logging_mixin.py:190} INFO - [2026-08-12T04:42:39.884+0000] {dag.py:3211} INFO - Sync 1 DAGs
[2026-08-12T04:42:39.963+0000] {logging_mixin.py:190} INFO - [2026-08-12T04:42:39.963+0000] {dag.py:4138} INFO - Setting next_dagrun for example_workday_timetable to 2021-01-04 00:00:00+00:00, run_after=2021-01-05 00:00:00+00:00
[2026-08-12T04:42:39.988+0000] {processor.py:208} INFO - Processing /home/airflow/.local/lib/python3.12/site-packages/airflow/example_dags/example_workday_timetable.py took 0.156 seconds
[2026-08-12T04:43:10.159+0000] {processor.py:186} INFO - Started process (PID=961) to work on /home/airflow/.local/lib/python3.12/site-packages/airflow/example_dags/example_workday_timetable.py
[2026-08-12T04:43:10.161+0000] {processor.py:914} INFO - Processing file /home/airflow/.local/lib/python3.12/site-packages/airflow/example_dags/example_workday_timetable.py for tasks to queue
[2026-08-12T04:43:10.164+0000] {logging_mixin.py:190} INFO - [2026-08-12T04:43:10.163+0000] {dagbag.py:587} INFO - Filling up the DagBag from /home/airflow/.local/lib/python3.12/site-packages/airflow/example_dags/example_workday_timetable.py
[2026-08-12T04:43:10.170+0000] {processor.py:925} INFO - DAG(s) 'example_workday_timetable' retrieved from /home/airflow/.local/lib/python3.12/site-packages/airflow/example_dags/example_workday_timetable.py
[2026-08-12T04:43:10.192+0000] {logging_mixin.py:190} INFO - [2026-08-12T04:43:10.192+0000] {dag.py:3211} INFO - Sync 1 DAGs
[2026-08-12T04:43:10.251+0000] {logging_mixin.py:190} INFO - [2026-08-12T04:43:10.251+0000] {dag.py:4138} INFO - Setting next_dagrun for example_workday_timetable to 2021-01-04 00:00:00+00:00, run_after=2021-01-05 00:00:00+00:00
[2026-08-12T04:43:10.273+0000] {processor.py:208} INFO - Processing /home/airflow/.local/lib/python3.12/site-packages/airflow/example_dags/example_workday_timetable.py took 0.119 seconds
[2026-08-12T04:43:41.007+0000] {processor.py:186} INFO - Started process (PID=1023) to work on /home/airflow/.local/lib/python3.12/site-packages/airflow/example_dags/example_workday_timetable.py
[2026-08-12T04:43:41.009+0000] {processor.py:914} INFO - Processing file /home/airflow/.local/lib/python3.12/site-packages/airflow/example_dags/example_workday_timetable.py for tasks to queue
[2026-08-12T04:43:41.012+0000] {logging_mixin.py:190} INFO - [2026-08-12T04:43:41.011+0000] {dagbag.py:587} INFO - Filling up the DagBag from /home/airflow/.local/lib/python3.12/site-packages/airflow/example_dags/example_workday_timetable.py
[2026-08-12T04:43:41.019+0000] {processor.py:925} INFO - DAG(s) 'example_workday_timetable' retrieved from /home/airflow/.local/lib/python3.12/site-packages/airflow/example_dags/example_workday_timetable.py
[2026-08-12T04:43:41.038+0000] {logging_mixin.py:190} INFO - [2026-08-12T04:43:41.038+0000] {dag.py:3211} INFO - Sync 1 DAGs
[2026-08-12T04:43:41.098+0000] {logging_mixin.py:190} INFO - [2026-08-12T04:43:41.098+0000] {dag.py:4138} INFO - Setting next_dagrun for example_workday_timetable to 2021-01-04 00:00:00+00:00, run_after=2021-01-05 00:00:00+00:00
[2026-08-12T04:43:41.123+0000] {processor.py:208} INFO - Processing /home/airflow/.local/lib/python3.12/site-packages/airflow/example_dags/example_workday_timetable.py took 0.121 seconds
[2026-08-12T04:44:11.771+0000] {processor.py:186} INFO - Started process (PID=1091) to work on /home/airflow/.local/lib/python3.12/site-packages/airflow/example_dags/example_workday_timetable.py
[2026-08-12T04:44:11.774+0000] {processor.py:914} INFO - Processing file /home/airflow/.local/lib/python3.12/site-packages/airflow/example_dags/example_workday_timetable.py for tasks to queue
[2026-08-12T04:44:11.780+0000] {logging_mixin.py:190} INFO - [2026-08-12T04:44:11.779+0000] {dagbag.py:587} INFO - Filling up the DagBag from /home/airflow/.local/lib/python3.12/site-packages/airflow/example_dags/example_workday_timetable.py
[2026-08-12T04:44:11.789+0000] {processor.py:925} INFO - DAG(s) 'example_workday_timetable' retrieved from /home/airflow/.local/lib/python3.12/site-packages/airflow/example_dags/example_workday_timetable.py
[2026-08-12T04:44:11.823+0000] {logging_mixin.py:190} INFO - [2026-08-12T04:44:11.822+0000] {dag.py:3211} INFO - Sync 1 DAGs
[2026-08-12T04:44:11.927+0000] {logging_mixin.py:190} INFO - [2026-08-12T04:44:11.926+0000] {dag.py:4138} INFO - Setting next_dagrun for example_workday_timetable to 2021-01-04 00:00:00+00:00, run_after=2021-01-05 00:00:00+00:00
[2026-08-12T04:44:11.958+0000] {processor.py:208} INFO - Processing /home/airflow/.local/lib/python3.12/site-packages/airflow/example_dags/example_workday_timetable.py took 0.198 seconds
[2026-08-12T04:44:42.333+0000] {processor.py:186} INFO - Started process (PID=1154) to work on /home/airflow/.local/lib/python3.12/site-packages/airflow/example_dags/example_workday_timetable.py
[2026-08-12T04:44:42.336+0000] {processor.py:914} INFO - Processing file /home/airflow/.local/lib/python3.12/site-packages/airflow/example_dags/example_workday_timetable.py for tasks to queue
[2026-08-12T04:44:42.342+0000] {logging_mixin.py:190} INFO - [2026-08-12T04:44:42.342+0000] {dagbag.py:587} INFO - Filling up the DagBag from /home/airflow/.local/lib/python3.12/site-packages/airflow/example_dags/example_workday_timetable.py
[2026-08-12T04:44:42.350+0000] {processor.py:925} INFO - DAG(s) 'example_workday_timetable' retrieved from /home/airflow/.local/lib/python3.12/site-packages/airflow/example_dags/example_workday_timetable.py
[2026-08-12T04:44:42.374+0000] {logging_mixin.py:190} INFO - [2026-08-12T04:44:42.374+0000] {dag.py:3211} INFO - Sync 1 DAGs
[2026-08-12T04:44:42.434+0000] {logging_mixin.py:190} INFO - [2026-08-12T04:44:42.434+0000] {dag.py:4138} INFO - Setting next_dagrun for example_workday_timetable to 2021-01-04 00:00:00+00:00, run_after=2021-01-05 00:00:00+00:00
[2026-08-12T04:44:42.457+0000] {processor.py:208} INFO - Processing /home/airflow/.local/lib/python3.12/site-packages/airflow/example_dags/example_workday_timetable.py took 0.133 seconds
[2026-08-12T04:45:13.353+0000] {processor.py:186} INFO - Started process (PID=1216) to work on /home/airflow/.local/lib/python3.12/site-packages/airflow/example_dags/example_workday_timetable.py
[2026-08-12T04:45:13.356+0000] {processor.py:914} INFO - Processing file /home/airflow/.local/lib/python3.12/site-packages/airflow/example_dags/example_workday_timetable.py for tasks to queue
[2026-08-12T04:45:13.367+0000] {logging_mixin.py:190} INFO - [2026-08-12T04:45:13.365+0000] {dagbag.py:587} INFO - Filling up the DagBag from /home/airflow/.local/lib/python3.12/site-packages/airflow/example_dags/example_workday_timetable.py
[2026-08-12T04:45:13.384+0000] {processor.py:925} INFO - DAG(s) 'example_workday_timetable' retrieved from /home/airflow/.local/lib/python3.12/site-packages/airflow/example_dags/example_workday_timetable.py
[2026-08-12T04:45:13.431+0000] {logging_mixin.py:190} INFO - [2026-08-12T04:45:13.430+0000] {dag.py:3211} INFO - Sync 1 DAGs
[2026-08-12T04:45:13.576+0000] {logging_mixin.py:190} INFO - [2026-08-12T04:45:13.576+0000] {dag.py:4138} INFO - Setting next_dagrun for example_workday_timetable to 2021-01-04 00:00:00+00:00, run_after=2021-01-05 00:00:00+00:00
[2026-08-12T04:45:13.634+0000] {processor.py:208} INFO - Processing /home/airflow/.local/lib/python3.12/site-packages/airflow/example_dags/example_workday_timetable.py took 0.294 seconds
[2026-08-12T04:45:44.478+0000] {processor.py:186} INFO - Started process (PID=1278) to work on /home/airflow/.local/lib/python3.12/site-packages/airflow/example_dags/example_workday_timetable.py
[2026-08-12T04:45:44.481+0000] {processor.py:914} INFO - Processing file /home/airflow/.local/lib/python3.12/site-packages/airflow/example_dags/example_workday_timetable.py for tasks to queue
[2026-08-12T04:45:44.486+0000] {logging_mixin.py:190} INFO - [2026-08-12T04:45:44.485+0000] {dagbag.py:587} INFO - Filling up the DagBag from /home/airflow/.local/lib/python3.12/site-packages/airflow/example_dags/example_workday_timetable.py
[2026-08-12T04:45:44.499+0000] {processor.py:925} INFO - DAG(s) 'example_workday_timetable' retrieved from /home/airflow/.local/lib/python3.12/site-packages/airflow/example_dags/example_workday_timetable.py
[2026-08-12T04:45:44.534+0000] {logging_mixin.py:190} INFO - [2026-08-12T04:45:44.533+0000] {dag.py:3211} INFO - Sync 1 DAGs
[2026-08-12T04:45:44.659+0000] {logging_mixin.py:190} INFO - [2026-08-12T04:45:44.658+0000] {dag.py:4138} INFO - Setting next_dagrun for example_workday_timetable to 2021-01-04 00:00:00+00:00, run_after=2021-01-05 00:00:00+00:00
[2026-08-12T04:45:44.699+0000] {processor.py:208} INFO - Processing /home/airflow/.local/lib/python3.12/site-packages/airflow/example_dags/example_workday_timetable.py took 0.235 seconds
[2026-08-12T04:46:14.858+0000] {processor.py:186} INFO - Started process (PID=1340) to work on /home/airflow/.local/lib/python3.12/site-packages/airflow/example_dags/example_workday_timetable.py
[2026-08-12T04:46:14.860+0000] {processor.py:914} INFO - Processing file /home/airflow/.local/lib/python3.12/site-packages/airflow/example_dags/example_workday_timetable.py for tasks to queue
[2026-08-12T04:46:14.863+0000] {logging_mixin.py:190} INFO - [2026-08-12T04:46:14.863+0000] {dagbag.py:587} INFO - Filling up the DagBag from /home/airflow/.local/lib/python3.12/site-packages/airflow/example_dags/example_workday_timetable.py
[2026-08-12T04:46:14.871+0000] {processor.py:925} INFO - DAG(s) 'example_workday_timetable' retrieved from /home/airflow/.local/lib/python3.12/site-packages/airflow/example_dags/example_workday_timetable.py
[2026-08-12T04:46:14.898+0000] {logging_mixin.py:190} INFO - [2026-08-12T04:46:14.898+0000] {dag.py:3211} INFO - Sync 1 DAGs
[2026-08-12T04:46:14.976+0000] {logging_mixin.py:190} INFO - [2026-08-12T04:46:14.976+0000] {dag.py:4138} INFO - Setting next_dagrun for example_workday_timetable to 2021-01-04 00:00:00+00:00, run_after=2021-01-05 00:00:00+00:00
[2026-08-12T04:46:14.997+0000] {processor.py:208} INFO - Processing /home/airflow/.local/lib/python3.12/site-packages/airflow/example_dags/example_workday_timetable.py took 0.147 seconds
[2026-08-12T04:46:45.324+0000] {processor.py:186} INFO - Started process (PID=1402) to work on /home/airflow/.local/lib/python3.12/site-packages/airflow/example_dags/example_workday_timetable.py
[2026-08-12T04:46:45.326+0000] {processor.py:914} INFO - Processing file /home/airflow/.local/lib/python3.12/site-packages/airflow/example_dags/example_workday_timetable.py for tasks to queue
[2026-08-12T04:46:45.329+0000] {logging_mixin.py:190} INFO - [2026-08-12T04:46:45.329+0000] {dagbag.py:587} INFO - Filling up the DagBag from /home/airflow/.local/lib/python3.12/site-packages/airflow/example_dags/example_workday_timetable.py
[2026-08-12T04:46:45.336+0000] {processor.py:925} INFO - DAG(s) 'example_workday_timetable' retrieved from /home/airflow/.local/lib/python3.12/site-packages/airflow/example_dags/example_workday_timetable.py
[2026-08-12T04:46:45.357+0000] {logging_mixin.py:190} INFO - [2026-08-12T04:46:45.357+0000] {dag.py:3211} INFO - Sync 1 DAGs
[2026-08-12T04:46:45.427+0000] {logging_mixin.py:190} INFO - [2026-08-12T04:46:45.427+0000] {dag.py:4138} INFO - Setting next_dagrun for example_workday_timetable to 2021-01-04 00:00:00+00:00, run_after=2021-01-05 00:00:00+00:00
[2026-08-12T04:46:45.458+0000] {processor.py:208} INFO - Processing /home/airflow/.local/lib/python3.12/site-packages/airflow/example_dags/example_workday_timetable.py took 0.140 seconds
[2026-08-12T04:47:16.104+0000] {processor.py:186} INFO - Started process (PID=1463) to work on /home/airflow/.local/lib/python3.12/site-packages/airflow/example_dags/example_workday_timetable.py
[2026-08-12T04:47:16.106+0000] {processor.py:914} INFO - Processing file /home/airflow/.local/lib/python3.12/site-packages/airflow/example_dags/example_workday_timetable.py for tasks to queue
[2026-08-12T04:47:16.111+0000] {logging_mixin.py:190} INFO - [2026-08-12T04:47:16.110+0000] {dagbag.py:587} INFO - Filling up the DagBag from /home/airflow/.local/lib/python3.12/site-packages/airflow/example_dags/example_workday_timetable.py
[2026-08-12T04:47:16.122+0000] {processor.py:925} INFO - DAG(s) 'example_workday_timetable' retrieved from /home/airflow/.local/lib/python3.12/site-packages/airflow/example_dags/example_workday_timetable.py
[2026-08-12T04:47:16.150+0000] {logging_mixin.py:190} INFO - [2026-08-12T04:47:16.150+0000] {dag.py:3211} INFO - Sync 1 DAGs
[2026-08-12T04:47:16.248+0000] {logging_mixin.py:190} INFO - [2026-08-12T04:47:16.248+0000] {dag.py:4138} INFO - Setting next_dagrun for example_workday_timetable to 2021-01-04 00:00:00+00:00, run_after=2021-01-05 00:00:00+00:00
[2026-08-12T04:47:16.272+0000] {processor.py:208} INFO - Processing /home/airflow/.local/lib/python3.12/site-packages/airflow/example_dags/example_workday_timetable.py took 0.177 seconds
[2026-08-12T04:47:47.223+0000] {processor.py:186} INFO - Started process (PID=1525) to work on /home/airflow/.local/lib/python3.12/site-packages/airflow/example_dags/example_workday_timetable.py
[2026-08-12T04:47:47.225+0000] {processor.py:914} INFO - Processing file /home/airflow/.local/lib/python3.12/site-packages/airflow/example_dags/example_workday_timetable.py for tasks to queue
[2026-08-12T04:47:47.229+0000] {logging_mixin.py:190} INFO - [2026-08-12T04:47:47.228+0000] {dagbag.py:587} INFO - Filling up the DagBag from /home/airflow/.local/lib/python3.12/site-packages/airflow/example_dags/example_workday_timetable.py
[2026-08-12T04:47:47.236+0000] {processor.py:925} INFO - DAG(s) 'example_workday_timetable' retrieved from /home/airflow/.local/lib/python3.12/site-packages/airflow/example_dags/example_workday_timetable.py
[2026-08-12T04:47:47.262+0000] {logging_mixin.py:190} INFO - [2026-08-12T04:47:47.262+0000] {dag.py:3211} INFO - Sync 1 DAGs
[2026-08-12T04:47:47.341+0000] {logging_mixin.py:190} INFO - [2026-08-12T04:47:47.341+0000] {dag.py:4138} INFO - Setting next_dagrun for example_workday_timetable to 2021-01-04 00:00:00+00:00, run_after=2021-01-05 00:00:00+00:00
[2026-08-12T04:47:47.364+0000] {processor.py:208} INFO - Processing /home/airflow/.local/lib/python3.12/site-packages/airflow/example_dags/example_workday_timetable.py took 0.148 seconds
