[2026-08-12T04:31:57.506+0000] {processor.py:186} INFO - Started process (PID=102) to work on /home/airflow/.local/lib/python3.12/site-packages/airflow/example_dags/example_xcom.py
[2026-08-12T04:31:57.512+0000] {processor.py:914} INFO - Processing file /home/airflow/.local/lib/python3.12/site-packages/airflow/example_dags/example_xcom.py for tasks to queue
[2026-08-12T04:31:57.522+0000] {logging_mixin.py:190} INFO - [2026-08-12T04:31:57.521+0000] {dagbag.py:587} INFO - Filling up the DagBag from /home/airflow/.local/lib/python3.12/site-packages/airflow/example_dags/example_xcom.py
[2026-08-12T04:31:57.545+0000] {processor.py:925} INFO - DAG(s) 'example_xcom' retrieved from /home/airflow/.local/lib/python3.12/site-packages/airflow/example_dags/example_xcom.py
[2026-08-12T04:31:57.849+0000] {logging_mixin.py:190} INFO - [2026-08-12T04:31:57.847+0000] {override.py:1858} INFO - Created Permission View: can edit on DAG:example_xcom
[2026-08-12T04:31:57.877+0000] {logging_mixin.py:190} INFO - [2026-08-12T04:31:57.875+0000] {override.py:1858} INFO - Created Permission View: can read on DAG:example_xcom
[2026-08-12T04:31:57.901+0000] {logging_mixin.py:190} INFO - [2026-08-12T04:31:57.900+0000] {override.py:1858} INFO - Created Permission View: can delete on DAG:example_xcom
[2026-08-12T04:31:57.903+0000] {logging_mixin.py:190} INFO - [2026-08-12T04:31:57.903+0000] {dag.py:3211} INFO - Sync 1 DAGs
[2026-08-12T04:31:57.936+0000] {logging_mixin.py:190} INFO - [2026-08-12T04:31:57.935+0000] {dag.py:3234} INFO - Creating ORM DAG for example_xcom
[2026-08-12T04:31:57.957+0000] {logging_mixin.py:190} INFO - [2026-08-12T04:31:57.956+0000] {dag.py:4138} INFO - Setting next_dagrun for example_xcom to 2021-01-01 00:00:00+00:00, run_after=2021-01-01 00:00:00+00:00
[2026-08-12T04:31:57.996+0000] {processor.py:208} INFO - Processing /home/airflow/.local/lib/python3.12/site-packages/airflow/example_dags/example_xcom.py took 0.503 seconds
[2026-08-12T04:32:28.261+0000] {processor.py:186} INFO - Started process (PID=165) to work on /home/airflow/.local/lib/python3.12/site-packages/airflow/example_dags/example_xcom.py
[2026-08-12T04:32:28.263+0000] {processor.py:914} INFO - Processing file /home/airflow/.local/lib/python3.12/site-packages/airflow/example_dags/example_xcom.py for tasks to queue
[2026-08-12T04:32:28.267+0000] {logging_mixin.py:190} INFO - [2026-08-12T04:32:28.267+0000] {dagbag.py:587} INFO - Filling up the DagBag from /home/airflow/.local/lib/python3.12/site-packages/airflow/example_dags/example_xcom.py
[2026-08-12T04:32:28.279+0000] {processor.py:925} INFO - DAG(s) 'example_xcom' retrieved from /home/airflow/.local/lib/python3.12/site-packages/airflow/example_dags/example_xcom.py
[2026-08-12T04:32:28.305+0000] {logging_mixin.py:190} INFO - [2026-08-12T04:32:28.305+0000] {dag.py:3211} INFO - Sync 1 DAGs
[2026-08-12T04:32:28.335+0000] {logging_mixin.py:190} INFO - [2026-08-12T04:32:28.335+0000] {dag.py:4138} INFO - Setting next_dagrun for example_xcom to 2021-01-01 00:00:00+00:00, run_after=2021-01-01 00:00:00+00:00
[2026-08-12T04:32:28.367+0000] {processor.py:208} INFO - Processing /home/airflow/.local/lib/python3.12/site-packages/airflow/example_dags/example_xcom.py took 0.111 seconds
[2026-08-12T04:32:58.636+0000] {processor.py:186} INFO - Started process (PID=227) to work on /home/airflow/.local/lib/python3.12/site-packages/airflow/example_dags/example_xcom.py
[2026-08-12T04:32:58.638+0000] {processor.py:914} INFO - Processing file /home/airflow/.local/lib/python3.12/site-packages/airflow/example_dags/example_xcom.py for tasks to queue
[2026-08-12T04:32:58.644+0000] {logging_mixin.py:190} INFO - [2026-08-12T04:32:58.643+0000] {dagbag.py:587} INFO - Filling up the DagBag from /home/airflow/.local/lib/python3.12/site-packages/airflow/example_dags/example_xcom.py
[2026-08-12T04:32:58.664+0000] {processor.py:925} INFO - DAG(s) 'example_xcom' retrieved from /home/airflow/.local/lib/python3.12/site-packages/airflow/example_dags/example_xcom.py
[2026-08-12T04:32:58.701+0000] {logging_mixin.py:190} INFO - [2026-08-12T04:32:58.701+0000] {dag.py:3211} INFO - Sync 1 DAGs
[2026-08-12T04:32:58.731+0000] {logging_mixin.py:190} INFO - [2026-08-12T04:32:58.730+0000] {dag.py:4138} INFO - Setting next_dagrun for example_xcom to 2021-01-01 00:00:00+00:00, run_after=2021-01-01 00:00:00+00:00
[2026-08-12T04:32:58.758+0000] {processor.py:208} INFO - Processing /home/airflow/.local/lib/python3.12/site-packages/airflow/example_dags/example_xcom.py took 0.132 seconds
[2026-08-12T04:33:29.322+0000] {processor.py:186} INFO - Started process (PID=289) to work on /home/airflow/.local/lib/python3.12/site-packages/airflow/example_dags/example_xcom.py
[2026-08-12T04:33:29.324+0000] {processor.py:914} INFO - Processing file /home/airflow/.local/lib/python3.12/site-packages/airflow/example_dags/example_xcom.py for tasks to queue
[2026-08-12T04:33:29.327+0000] {logging_mixin.py:190} INFO - [2026-08-12T04:33:29.326+0000] {dagbag.py:587} INFO - Filling up the DagBag from /home/airflow/.local/lib/python3.12/site-packages/airflow/example_dags/example_xcom.py
[2026-08-12T04:33:29.339+0000] {processor.py:925} INFO - DAG(s) 'example_xcom' retrieved from /home/airflow/.local/lib/python3.12/site-packages/airflow/example_dags/example_xcom.py
[2026-08-12T04:33:29.367+0000] {logging_mixin.py:190} INFO - [2026-08-12T04:33:29.366+0000] {dag.py:3211} INFO - Sync 1 DAGs
[2026-08-12T04:33:29.396+0000] {logging_mixin.py:190} INFO - [2026-08-12T04:33:29.395+0000] {dag.py:4138} INFO - Setting next_dagrun for example_xcom to 2021-01-01 00:00:00+00:00, run_after=2021-01-01 00:00:00+00:00
[2026-08-12T04:33:29.428+0000] {processor.py:208} INFO - Processing /home/airflow/.local/lib/python3.12/site-packages/airflow/example_dags/example_xcom.py took 0.115 seconds
[2026-08-12T04:33:59.920+0000] {processor.py:186} INFO - Started process (PID=351) to work on /home/airflow/.local/lib/python3.12/site-packages/airflow/example_dags/example_xcom.py
[2026-08-12T04:33:59.923+0000] {processor.py:914} INFO - Processing file /home/airflow/.local/lib/python3.12/site-packages/airflow/example_dags/example_xcom.py for tasks to queue
[2026-08-12T04:33:59.928+0000] {logging_mixin.py:190} INFO - [2026-08-12T04:33:59.927+0000] {dagbag.py:587} INFO - Filling up the DagBag from /home/airflow/.local/lib/python3.12/site-packages/airflow/example_dags/example_xcom.py
[2026-08-12T04:33:59.942+0000] {processor.py:925} INFO - DAG(s) 'example_xcom' retrieved from /home/airflow/.local/lib/python3.12/site-packages/airflow/example_dags/example_xcom.py
[2026-08-12T04:33:59.973+0000] {logging_mixin.py:190} INFO - [2026-08-12T04:33:59.973+0000] {dag.py:3211} INFO - Sync 1 DAGs
[2026-08-12T04:34:00.008+0000] {logging_mixin.py:190} INFO - [2026-08-12T04:34:00.007+0000] {dag.py:4138} INFO - Setting next_dagrun for example_xcom to 2021-01-01 00:00:00+00:00, run_after=2021-01-01 00:00:00+00:00
[2026-08-12T04:34:00.040+0000] {processor.py:208} INFO - Processing /home/airflow/.local/lib/python3.12/site-packages/airflow/example_dags/example_xcom.py took 0.128 seconds
[2026-08-12T04:35:59.280+0000] {processor.py:186} INFO - Started process (PID=95) to work on /home/airflow/.local/lib/python3.12/site-packages/airflow/example_dags/example_xcom.py
[2026-08-12T04:35:59.284+0000] {processor.py:914} INFO - Processing file /home/airflow/.local/lib/python3.12/site-packages/airflow/example_dags/example_xcom.py for tasks to queue
[2026-08-12T04:35:59.295+0000] {logging_mixin.py:190} INFO - [2026-08-12T04:35:59.294+0000] {dagbag.py:587} INFO - Filling up the DagBag from /home/airflow/.local/lib/python3.12/site-packages/airflow/example_dags/example_xcom.py
[2026-08-12T04:35:59.314+0000] {processor.py:925} INFO - DAG(s) 'example_xcom' retrieved from /home/airflow/.local/lib/python3.12/site-packages/airflow/example_dags/example_xcom.py
[2026-08-12T04:35:59.348+0000] {logging_mixin.py:190} INFO - [2026-08-12T04:35:59.348+0000] {dag.py:3211} INFO - Sync 1 DAGs
[2026-08-12T04:35:59.378+0000] {logging_mixin.py:190} INFO - [2026-08-12T04:35:59.378+0000] {dag.py:4138} INFO - Setting next_dagrun for example_xcom to 2021-01-01 00:00:00+00:00, run_after=2021-01-01 00:00:00+00:00
[2026-08-12T04:35:59.409+0000] {processor.py:208} INFO - Processing /home/airflow/.local/lib/python3.12/site-packages/airflow/example_dags/example_xcom.py took 0.140 seconds
[2026-08-12T04:36:30.136+0000] {processor.py:186} INFO - Started process (PID=157) to work on /home/airflow/.local/lib/python3.12/site-packages/airflow/example_dags/example_xcom.py
[2026-08-12T04:36:30.141+0000] {processor.py:914} INFO - Processing file /home/airflow/.local/lib/python3.12/site-packages/airflow/example_dags/example_xcom.py for tasks to queue
[2026-08-12T04:36:30.150+0000] {logging_mixin.py:190} INFO - [2026-08-12T04:36:30.149+0000] {dagbag.py:587} INFO - Filling up the DagBag from /home/airflow/.local/lib/python3.12/site-packages/airflow/example_dags/example_xcom.py
[2026-08-12T04:36:30.176+0000] {processor.py:925} INFO - DAG(s) 'example_xcom' retrieved from /home/airflow/.local/lib/python3.12/site-packages/airflow/example_dags/example_xcom.py
[2026-08-12T04:36:30.224+0000] {logging_mixin.py:190} INFO - [2026-08-12T04:36:30.224+0000] {dag.py:3211} INFO - Sync 1 DAGs
[2026-08-12T04:36:30.268+0000] {logging_mixin.py:190} INFO - [2026-08-12T04:36:30.267+0000] {dag.py:4138} INFO - Setting next_dagrun for example_xcom to 2021-01-01 00:00:00+00:00, run_after=2021-01-01 00:00:00+00:00
[2026-08-12T04:36:30.307+0000] {processor.py:208} INFO - Processing /home/airflow/.local/lib/python3.12/site-packages/airflow/example_dags/example_xcom.py took 0.182 seconds
[2026-08-12T04:37:00.796+0000] {processor.py:186} INFO - Started process (PID=219) to work on /home/airflow/.local/lib/python3.12/site-packages/airflow/example_dags/example_xcom.py
[2026-08-12T04:37:00.799+0000] {processor.py:914} INFO - Processing file /home/airflow/.local/lib/python3.12/site-packages/airflow/example_dags/example_xcom.py for tasks to queue
[2026-08-12T04:37:00.805+0000] {logging_mixin.py:190} INFO - [2026-08-12T04:37:00.803+0000] {dagbag.py:587} INFO - Filling up the DagBag from /home/airflow/.local/lib/python3.12/site-packages/airflow/example_dags/example_xcom.py
[2026-08-12T04:37:00.816+0000] {processor.py:925} INFO - DAG(s) 'example_xcom' retrieved from /home/airflow/.local/lib/python3.12/site-packages/airflow/example_dags/example_xcom.py
[2026-08-12T04:37:00.845+0000] {logging_mixin.py:190} INFO - [2026-08-12T04:37:00.844+0000] {dag.py:3211} INFO - Sync 1 DAGs
[2026-08-12T04:37:00.875+0000] {logging_mixin.py:190} INFO - [2026-08-12T04:37:00.875+0000] {dag.py:4138} INFO - Setting next_dagrun for example_xcom to 2021-01-01 00:00:00+00:00, run_after=2021-01-01 00:00:00+00:00
[2026-08-12T04:37:00.908+0000] {processor.py:208} INFO - Processing /home/airflow/.local/lib/python3.12/site-packages/airflow/example_dags/example_xcom.py took 0.117 seconds
[2026-08-12T04:37:31.311+0000] {processor.py:186} INFO - Started process (PID=281) to work on /home/airflow/.local/lib/python3.12/site-packages/airflow/example_dags/example_xcom.py
[2026-08-12T04:37:31.315+0000] {processor.py:914} INFO - Processing file /home/airflow/.local/lib/python3.12/site-packages/airflow/example_dags/example_xcom.py for tasks to queue
[2026-08-12T04:37:31.319+0000] {logging_mixin.py:190} INFO - [2026-08-12T04:37:31.318+0000] {dagbag.py:587} INFO - Filling up the DagBag from /home/airflow/.local/lib/python3.12/site-packages/airflow/example_dags/example_xcom.py
[2026-08-12T04:37:31.337+0000] {processor.py:925} INFO - DAG(s) 'example_xcom' retrieved from /home/airflow/.local/lib/python3.12/site-packages/airflow/example_dags/example_xcom.py
[2026-08-12T04:37:31.369+0000] {logging_mixin.py:190} INFO - [2026-08-12T04:37:31.369+0000] {dag.py:3211} INFO - Sync 1 DAGs
[2026-08-12T04:37:31.399+0000] {logging_mixin.py:190} INFO - [2026-08-12T04:37:31.398+0000] {dag.py:4138} INFO - Setting next_dagrun for example_xcom to 2021-01-01 00:00:00+00:00, run_after=2021-01-01 00:00:00+00:00
[2026-08-12T04:37:31.428+0000] {processor.py:208} INFO - Processing /home/airflow/.local/lib/python3.12/site-packages/airflow/example_dags/example_xcom.py took 0.129 seconds
[2026-08-12T04:38:01.943+0000] {processor.py:186} INFO - Started process (PID=343) to work on /home/airflow/.local/lib/python3.12/site-packages/airflow/example_dags/example_xcom.py
[2026-08-12T04:38:01.945+0000] {processor.py:914} INFO - Processing file /home/airflow/.local/lib/python3.12/site-packages/airflow/example_dags/example_xcom.py for tasks to queue
[2026-08-12T04:38:01.950+0000] {logging_mixin.py:190} INFO - [2026-08-12T04:38:01.949+0000] {dagbag.py:587} INFO - Filling up the DagBag from /home/airflow/.local/lib/python3.12/site-packages/airflow/example_dags/example_xcom.py
[2026-08-12T04:38:01.967+0000] {processor.py:925} INFO - DAG(s) 'example_xcom' retrieved from /home/airflow/.local/lib/python3.12/site-packages/airflow/example_dags/example_xcom.py
[2026-08-12T04:38:02.001+0000] {logging_mixin.py:190} INFO - [2026-08-12T04:38:02.001+0000] {dag.py:3211} INFO - Sync 1 DAGs
[2026-08-12T04:38:02.056+0000] {logging_mixin.py:190} INFO - [2026-08-12T04:38:02.055+0000] {dag.py:4138} INFO - Setting next_dagrun for example_xcom to 2021-01-01 00:00:00+00:00, run_after=2021-01-01 00:00:00+00:00
[2026-08-12T04:38:02.094+0000] {processor.py:208} INFO - Processing /home/airflow/.local/lib/python3.12/site-packages/airflow/example_dags/example_xcom.py took 0.161 seconds
[2026-08-12T04:38:33.153+0000] {processor.py:186} INFO - Started process (PID=405) to work on /home/airflow/.local/lib/python3.12/site-packages/airflow/example_dags/example_xcom.py
[2026-08-12T04:38:33.155+0000] {processor.py:914} INFO - Processing file /home/airflow/.local/lib/python3.12/site-packages/airflow/example_dags/example_xcom.py for tasks to queue
[2026-08-12T04:38:33.159+0000] {logging_mixin.py:190} INFO - [2026-08-12T04:38:33.158+0000] {dagbag.py:587} INFO - Filling up the DagBag from /home/airflow/.local/lib/python3.12/site-packages/airflow/example_dags/example_xcom.py
[2026-08-12T04:38:33.170+0000] {processor.py:925} INFO - DAG(s) 'example_xcom' retrieved from /home/airflow/.local/lib/python3.12/site-packages/airflow/example_dags/example_xcom.py
[2026-08-12T04:38:33.195+0000] {logging_mixin.py:190} INFO - [2026-08-12T04:38:33.194+0000] {dag.py:3211} INFO - Sync 1 DAGs
[2026-08-12T04:38:33.219+0000] {logging_mixin.py:190} INFO - [2026-08-12T04:38:33.219+0000] {dag.py:4138} INFO - Setting next_dagrun for example_xcom to 2021-01-01 00:00:00+00:00, run_after=2021-01-01 00:00:00+00:00
[2026-08-12T04:38:33.241+0000] {processor.py:208} INFO - Processing /home/airflow/.local/lib/python3.12/site-packages/airflow/example_dags/example_xcom.py took 0.096 seconds
[2026-08-12T04:39:04.329+0000] {processor.py:186} INFO - Started process (PID=467) to work on /home/airflow/.local/lib/python3.12/site-packages/airflow/example_dags/example_xcom.py
[2026-08-12T04:39:04.332+0000] {processor.py:914} INFO - Processing file /home/airflow/.local/lib/python3.12/site-packages/airflow/example_dags/example_xcom.py for tasks to queue
[2026-08-12T04:39:04.337+0000] {logging_mixin.py:190} INFO - [2026-08-12T04:39:04.336+0000] {dagbag.py:587} INFO - Filling up the DagBag from /home/airflow/.local/lib/python3.12/site-packages/airflow/example_dags/example_xcom.py
[2026-08-12T04:39:04.358+0000] {processor.py:925} INFO - DAG(s) 'example_xcom' retrieved from /home/airflow/.local/lib/python3.12/site-packages/airflow/example_dags/example_xcom.py
[2026-08-12T04:39:04.394+0000] {logging_mixin.py:190} INFO - [2026-08-12T04:39:04.393+0000] {dag.py:3211} INFO - Sync 1 DAGs
[2026-08-12T04:39:04.431+0000] {logging_mixin.py:190} INFO - [2026-08-12T04:39:04.430+0000] {dag.py:4138} INFO - Setting next_dagrun for example_xcom to 2021-01-01 00:00:00+00:00, run_after=2021-01-01 00:00:00+00:00
[2026-08-12T04:39:04.463+0000] {processor.py:208} INFO - Processing /home/airflow/.local/lib/python3.12/site-packages/airflow/example_dags/example_xcom.py took 0.142 seconds
[2026-08-12T04:39:35.818+0000] {processor.py:186} INFO - Started process (PID=529) to work on /home/airflow/.local/lib/python3.12/site-packages/airflow/example_dags/example_xcom.py
[2026-08-12T04:39:35.821+0000] {processor.py:914} INFO - Processing file /home/airflow/.local/lib/python3.12/site-packages/airflow/example_dags/example_xcom.py for tasks to queue
[2026-08-12T04:39:35.826+0000] {logging_mixin.py:190} INFO - [2026-08-12T04:39:35.826+0000] {dagbag.py:587} INFO - Filling up the DagBag from /home/airflow/.local/lib/python3.12/site-packages/airflow/example_dags/example_xcom.py
[2026-08-12T04:39:35.841+0000] {processor.py:925} INFO - DAG(s) 'example_xcom' retrieved from /home/airflow/.local/lib/python3.12/site-packages/airflow/example_dags/example_xcom.py
[2026-08-12T04:39:35.875+0000] {logging_mixin.py:190} INFO - [2026-08-12T04:39:35.875+0000] {dag.py:3211} INFO - Sync 1 DAGs
[2026-08-12T04:39:35.913+0000] {logging_mixin.py:190} INFO - [2026-08-12T04:39:35.913+0000] {dag.py:4138} INFO - Setting next_dagrun for example_xcom to 2021-01-01 00:00:00+00:00, run_after=2021-01-01 00:00:00+00:00
[2026-08-12T04:39:35.949+0000] {processor.py:208} INFO - Processing /home/airflow/.local/lib/python3.12/site-packages/airflow/example_dags/example_xcom.py took 0.141 seconds
[2026-08-12T04:40:07.324+0000] {processor.py:186} INFO - Started process (PID=591) to work on /home/airflow/.local/lib/python3.12/site-packages/airflow/example_dags/example_xcom.py
[2026-08-12T04:40:07.328+0000] {processor.py:914} INFO - Processing file /home/airflow/.local/lib/python3.12/site-packages/airflow/example_dags/example_xcom.py for tasks to queue
[2026-08-12T04:40:07.333+0000] {logging_mixin.py:190} INFO - [2026-08-12T04:40:07.333+0000] {dagbag.py:587} INFO - Filling up the DagBag from /home/airflow/.local/lib/python3.12/site-packages/airflow/example_dags/example_xcom.py
[2026-08-12T04:40:07.350+0000] {processor.py:925} INFO - DAG(s) 'example_xcom' retrieved from /home/airflow/.local/lib/python3.12/site-packages/airflow/example_dags/example_xcom.py
[2026-08-12T04:40:07.409+0000] {logging_mixin.py:190} INFO - [2026-08-12T04:40:07.408+0000] {dag.py:3211} INFO - Sync 1 DAGs
[2026-08-12T04:40:07.461+0000] {logging_mixin.py:190} INFO - [2026-08-12T04:40:07.461+0000] {dag.py:4138} INFO - Setting next_dagrun for example_xcom to 2021-01-01 00:00:00+00:00, run_after=2021-01-01 00:00:00+00:00
[2026-08-12T04:40:07.490+0000] {processor.py:208} INFO - Processing /home/airflow/.local/lib/python3.12/site-packages/airflow/example_dags/example_xcom.py took 0.176 seconds
[2026-08-12T04:40:37.824+0000] {processor.py:186} INFO - Started process (PID=653) to work on /home/airflow/.local/lib/python3.12/site-packages/airflow/example_dags/example_xcom.py
[2026-08-12T04:40:37.827+0000] {processor.py:914} INFO - Processing file /home/airflow/.local/lib/python3.12/site-packages/airflow/example_dags/example_xcom.py for tasks to queue
[2026-08-12T04:40:37.845+0000] {logging_mixin.py:190} INFO - [2026-08-12T04:40:37.844+0000] {dagbag.py:587} INFO - Filling up the DagBag from /home/airflow/.local/lib/python3.12/site-packages/airflow/example_dags/example_xcom.py
[2026-08-12T04:40:37.876+0000] {processor.py:925} INFO - DAG(s) 'example_xcom' retrieved from /home/airflow/.local/lib/python3.12/site-packages/airflow/example_dags/example_xcom.py
[2026-08-12T04:40:37.914+0000] {logging_mixin.py:190} INFO - [2026-08-12T04:40:37.913+0000] {dag.py:3211} INFO - Sync 1 DAGs
[2026-08-12T04:40:37.966+0000] {logging_mixin.py:190} INFO - [2026-08-12T04:40:37.966+0000] {dag.py:4138} INFO - Setting next_dagrun for example_xcom to 2021-01-01 00:00:00+00:00, run_after=2021-01-01 00:00:00+00:00
[2026-08-12T04:40:38.004+0000] {processor.py:208} INFO - Processing /home/airflow/.local/lib/python3.12/site-packages/airflow/example_dags/example_xcom.py took 0.189 seconds
[2026-08-12T04:41:08.247+0000] {processor.py:186} INFO - Started process (PID=715) to work on /home/airflow/.local/lib/python3.12/site-packages/airflow/example_dags/example_xcom.py
[2026-08-12T04:41:08.249+0000] {processor.py:914} INFO - Processing file /home/airflow/.local/lib/python3.12/site-packages/airflow/example_dags/example_xcom.py for tasks to queue
[2026-08-12T04:41:08.254+0000] {logging_mixin.py:190} INFO - [2026-08-12T04:41:08.253+0000] {dagbag.py:587} INFO - Filling up the DagBag from /home/airflow/.local/lib/python3.12/site-packages/airflow/example_dags/example_xcom.py
[2026-08-12T04:41:08.271+0000] {processor.py:925} INFO - DAG(s) 'example_xcom' retrieved from /home/airflow/.local/lib/python3.12/site-packages/airflow/example_dags/example_xcom.py
[2026-08-12T04:41:08.301+0000] {logging_mixin.py:190} INFO - [2026-08-12T04:41:08.301+0000] {dag.py:3211} INFO - Sync 1 DAGs
[2026-08-12T04:41:08.333+0000] {logging_mixin.py:190} INFO - [2026-08-12T04:41:08.332+0000] {dag.py:4138} INFO - Setting next_dagrun for example_xcom to 2021-01-01 00:00:00+00:00, run_after=2021-01-01 00:00:00+00:00
[2026-08-12T04:41:08.362+0000] {processor.py:208} INFO - Processing /home/airflow/.local/lib/python3.12/site-packages/airflow/example_dags/example_xcom.py took 0.123 seconds
[2026-08-12T04:41:38.829+0000] {processor.py:186} INFO - Started process (PID=777) to work on /home/airflow/.local/lib/python3.12/site-packages/airflow/example_dags/example_xcom.py
[2026-08-12T04:41:38.831+0000] {processor.py:914} INFO - Processing file /home/airflow/.local/lib/python3.12/site-packages/airflow/example_dags/example_xcom.py for tasks to queue
[2026-08-12T04:41:38.837+0000] {logging_mixin.py:190} INFO - [2026-08-12T04:41:38.837+0000] {dagbag.py:587} INFO - Filling up the DagBag from /home/airflow/.local/lib/python3.12/site-packages/airflow/example_dags/example_xcom.py
[2026-08-12T04:41:38.852+0000] {processor.py:925} INFO - DAG(s) 'example_xcom' retrieved from /home/airflow/.local/lib/python3.12/site-packages/airflow/example_dags/example_xcom.py
[2026-08-12T04:41:38.886+0000] {logging_mixin.py:190} INFO - [2026-08-12T04:41:38.885+0000] {dag.py:3211} INFO - Sync 1 DAGs
[2026-08-12T04:41:38.920+0000] {logging_mixin.py:190} INFO - [2026-08-12T04:41:38.919+0000] {dag.py:4138} INFO - Setting next_dagrun for example_xcom to 2021-01-01 00:00:00+00:00, run_after=2021-01-01 00:00:00+00:00
[2026-08-12T04:41:38.948+0000] {processor.py:208} INFO - Processing /home/airflow/.local/lib/python3.12/site-packages/airflow/example_dags/example_xcom.py took 0.128 seconds
[2026-08-12T04:42:09.457+0000] {processor.py:186} INFO - Started process (PID=839) to work on /home/airflow/.local/lib/python3.12/site-packages/airflow/example_dags/example_xcom.py
[2026-08-12T04:42:09.458+0000] {processor.py:914} INFO - Processing file /home/airflow/.local/lib/python3.12/site-packages/airflow/example_dags/example_xcom.py for tasks to queue
[2026-08-12T04:42:09.462+0000] {logging_mixin.py:190} INFO - [2026-08-12T04:42:09.461+0000] {dagbag.py:587} INFO - Filling up the DagBag from /home/airflow/.local/lib/python3.12/site-packages/airflow/example_dags/example_xcom.py
[2026-08-12T04:42:09.471+0000] {processor.py:925} INFO - DAG(s) 'example_xcom' retrieved from /home/airflow/.local/lib/python3.12/site-packages/airflow/example_dags/example_xcom.py
[2026-08-12T04:42:09.493+0000] {logging_mixin.py:190} INFO - [2026-08-12T04:42:09.493+0000] {dag.py:3211} INFO - Sync 1 DAGs
[2026-08-12T04:42:09.518+0000] {logging_mixin.py:190} INFO - [2026-08-12T04:42:09.518+0000] {dag.py:4138} INFO - Setting next_dagrun for example_xcom to 2021-01-01 00:00:00+00:00, run_after=2021-01-01 00:00:00+00:00
[2026-08-12T04:42:09.538+0000] {processor.py:208} INFO - Processing /home/airflow/.local/lib/python3.12/site-packages/airflow/example_dags/example_xcom.py took 0.087 seconds
[2026-08-12T04:42:40.005+0000] {processor.py:186} INFO - Started process (PID=901) to work on /home/airflow/.local/lib/python3.12/site-packages/airflow/example_dags/example_xcom.py
[2026-08-12T04:42:40.006+0000] {processor.py:914} INFO - Processing file /home/airflow/.local/lib/python3.12/site-packages/airflow/example_dags/example_xcom.py for tasks to queue
[2026-08-12T04:42:40.010+0000] {logging_mixin.py:190} INFO - [2026-08-12T04:42:40.009+0000] {dagbag.py:587} INFO - Filling up the DagBag from /home/airflow/.local/lib/python3.12/site-packages/airflow/example_dags/example_xcom.py
[2026-08-12T04:42:40.020+0000] {processor.py:925} INFO - DAG(s) 'example_xcom' retrieved from /home/airflow/.local/lib/python3.12/site-packages/airflow/example_dags/example_xcom.py
[2026-08-12T04:42:40.047+0000] {logging_mixin.py:190} INFO - [2026-08-12T04:42:40.047+0000] {dag.py:3211} INFO - Sync 1 DAGs
[2026-08-12T04:42:40.079+0000] {logging_mixin.py:190} INFO - [2026-08-12T04:42:40.079+0000] {dag.py:4138} INFO - Setting next_dagrun for example_xcom to 2021-01-01 00:00:00+00:00, run_after=2021-01-01 00:00:00+00:00
[2026-08-12T04:42:40.105+0000] {processor.py:208} INFO - Processing /home/airflow/.local/lib/python3.12/site-packages/airflow/example_dags/example_xcom.py took 0.107 seconds
[2026-08-12T04:43:10.288+0000] {processor.py:186} INFO - Started process (PID=963) to work on /home/airflow/.local/lib/python3.12/site-packages/airflow/example_dags/example_xcom.py
[2026-08-12T04:43:10.291+0000] {processor.py:914} INFO - Processing file /home/airflow/.local/lib/python3.12/site-packages/airflow/example_dags/example_xcom.py for tasks to queue
[2026-08-12T04:43:10.294+0000] {logging_mixin.py:190} INFO - [2026-08-12T04:43:10.293+0000] {dagbag.py:587} INFO - Filling up the DagBag from /home/airflow/.local/lib/python3.12/site-packages/airflow/example_dags/example_xcom.py
[2026-08-12T04:43:10.305+0000] {processor.py:925} INFO - DAG(s) 'example_xcom' retrieved from /home/airflow/.local/lib/python3.12/site-packages/airflow/example_dags/example_xcom.py
[2026-08-12T04:43:10.330+0000] {logging_mixin.py:190} INFO - [2026-08-12T04:43:10.330+0000] {dag.py:3211} INFO - Sync 1 DAGs
[2026-08-12T04:43:10.361+0000] {logging_mixin.py:190} INFO - [2026-08-12T04:43:10.360+0000] {dag.py:4138} INFO - Setting next_dagrun for example_xcom to 2021-01-01 00:00:00+00:00, run_after=2021-01-01 00:00:00+00:00
[2026-08-12T04:43:10.380+0000] {processor.py:208} INFO - Processing /home/airflow/.local/lib/python3.12/site-packages/airflow/example_dags/example_xcom.py took 0.099 seconds
[2026-08-12T04:43:41.187+0000] {processor.py:186} INFO - Started process (PID=1025) to work on /home/airflow/.local/lib/python3.12/site-packages/airflow/example_dags/example_xcom.py
[2026-08-12T04:43:41.190+0000] {processor.py:914} INFO - Processing file /home/airflow/.local/lib/python3.12/site-packages/airflow/example_dags/example_xcom.py for tasks to queue
[2026-08-12T04:43:41.195+0000] {logging_mixin.py:190} INFO - [2026-08-12T04:43:41.194+0000] {dagbag.py:587} INFO - Filling up the DagBag from /home/airflow/.local/lib/python3.12/site-packages/airflow/example_dags/example_xcom.py
[2026-08-12T04:43:41.212+0000] {processor.py:925} INFO - DAG(s) 'example_xcom' retrieved from /home/airflow/.local/lib/python3.12/site-packages/airflow/example_dags/example_xcom.py
[2026-08-12T04:43:41.246+0000] {logging_mixin.py:190} INFO - [2026-08-12T04:43:41.246+0000] {dag.py:3211} INFO - Sync 1 DAGs
[2026-08-12T04:43:41.293+0000] {logging_mixin.py:190} INFO - [2026-08-12T04:43:41.292+0000] {dag.py:4138} INFO - Setting next_dagrun for example_xcom to 2021-01-01 00:00:00+00:00, run_after=2021-01-01 00:00:00+00:00
[2026-08-12T04:43:41.327+0000] {processor.py:208} INFO - Processing /home/airflow/.local/lib/python3.12/site-packages/airflow/example_dags/example_xcom.py took 0.151 seconds
[2026-08-12T04:44:11.998+0000] {processor.py:186} INFO - Started process (PID=1093) to work on /home/airflow/.local/lib/python3.12/site-packages/airflow/example_dags/example_xcom.py
[2026-08-12T04:44:12.001+0000] {processor.py:914} INFO - Processing file /home/airflow/.local/lib/python3.12/site-packages/airflow/example_dags/example_xcom.py for tasks to queue
[2026-08-12T04:44:12.007+0000] {logging_mixin.py:190} INFO - [2026-08-12T04:44:12.007+0000] {dagbag.py:587} INFO - Filling up the DagBag from /home/airflow/.local/lib/python3.12/site-packages/airflow/example_dags/example_xcom.py
[2026-08-12T04:44:12.026+0000] {processor.py:925} INFO - DAG(s) 'example_xcom' retrieved from /home/airflow/.local/lib/python3.12/site-packages/airflow/example_dags/example_xcom.py
[2026-08-12T04:44:12.064+0000] {logging_mixin.py:190} INFO - [2026-08-12T04:44:12.063+0000] {dag.py:3211} INFO - Sync 1 DAGs
[2026-08-12T04:44:12.104+0000] {logging_mixin.py:190} INFO - [2026-08-12T04:44:12.103+0000] {dag.py:4138} INFO - Setting next_dagrun for example_xcom to 2021-01-01 00:00:00+00:00, run_after=2021-01-01 00:00:00+00:00
[2026-08-12T04:44:12.142+0000] {processor.py:208} INFO - Processing /home/airflow/.local/lib/python3.12/site-packages/airflow/example_dags/example_xcom.py took 0.156 seconds
[2026-08-12T04:44:42.475+0000] {processor.py:186} INFO - Started process (PID=1156) to work on /home/airflow/.local/lib/python3.12/site-packages/airflow/example_dags/example_xcom.py
[2026-08-12T04:44:42.477+0000] {processor.py:914} INFO - Processing file /home/airflow/.local/lib/python3.12/site-packages/airflow/example_dags/example_xcom.py for tasks to queue
[2026-08-12T04:44:42.480+0000] {logging_mixin.py:190} INFO - [2026-08-12T04:44:42.480+0000] {dagbag.py:587} INFO - Filling up the DagBag from /home/airflow/.local/lib/python3.12/site-packages/airflow/example_dags/example_xcom.py
[2026-08-12T04:44:42.490+0000] {processor.py:925} INFO - DAG(s) 'example_xcom' retrieved from /home/airflow/.local/lib/python3.12/site-packages/airflow/example_dags/example_xcom.py
[2026-08-12T04:44:42.511+0000] {logging_mixin.py:190} INFO - [2026-08-12T04:44:42.511+0000] {dag.py:3211} INFO - Sync 1 DAGs
[2026-08-12T04:44:42.534+0000] {logging_mixin.py:190} INFO - [2026-08-12T04:44:42.534+0000] {dag.py:4138} INFO - Setting next_dagrun for example_xcom to 2021-01-01 00:00:00+00:00, run_after=2021-01-01 00:00:00+00:00
[2026-08-12T04:44:42.556+0000] {processor.py:208} INFO - Processing /home/airflow/.local/lib/python3.12/site-packages/airflow/example_dags/example_xcom.py took 0.088 seconds
[2026-08-12T04:45:13.669+0000] {processor.py:186} INFO - Started process (PID=1218) to work on /home/airflow/.local/lib/python3.12/site-packages/airflow/example_dags/example_xcom.py
[2026-08-12T04:45:13.671+0000] {processor.py:914} INFO - Processing file /home/airflow/.local/lib/python3.12/site-packages/airflow/example_dags/example_xcom.py for tasks to queue
[2026-08-12T04:45:13.681+0000] {logging_mixin.py:190} INFO - [2026-08-12T04:45:13.680+0000] {dagbag.py:587} INFO - Filling up the DagBag from /home/airflow/.local/lib/python3.12/site-packages/airflow/example_dags/example_xcom.py
[2026-08-12T04:45:13.708+0000] {processor.py:925} INFO - DAG(s) 'example_xcom' retrieved from /home/airflow/.local/lib/python3.12/site-packages/airflow/example_dags/example_xcom.py
[2026-08-12T04:45:13.752+0000] {logging_mixin.py:190} INFO - [2026-08-12T04:45:13.751+0000] {dag.py:3211} INFO - Sync 1 DAGs
[2026-08-12T04:45:13.787+0000] {logging_mixin.py:190} INFO - [2026-08-12T04:45:13.787+0000] {dag.py:4138} INFO - Setting next_dagrun for example_xcom to 2021-01-01 00:00:00+00:00, run_after=2021-01-01 00:00:00+00:00
[2026-08-12T04:45:13.820+0000] {processor.py:208} INFO - Processing /home/airflow/.local/lib/python3.12/site-packages/airflow/example_dags/example_xcom.py took 0.167 seconds
[2026-08-12T04:45:44.760+0000] {processor.py:186} INFO - Started process (PID=1280) to work on /home/airflow/.local/lib/python3.12/site-packages/airflow/example_dags/example_xcom.py
[2026-08-12T04:45:44.763+0000] {processor.py:914} INFO - Processing file /home/airflow/.local/lib/python3.12/site-packages/airflow/example_dags/example_xcom.py for tasks to queue
[2026-08-12T04:45:44.767+0000] {logging_mixin.py:190} INFO - [2026-08-12T04:45:44.767+0000] {dagbag.py:587} INFO - Filling up the DagBag from /home/airflow/.local/lib/python3.12/site-packages/airflow/example_dags/example_xcom.py
[2026-08-12T04:45:44.782+0000] {processor.py:925} INFO - DAG(s) 'example_xcom' retrieved from /home/airflow/.local/lib/python3.12/site-packages/airflow/example_dags/example_xcom.py
[2026-08-12T04:45:44.828+0000] {logging_mixin.py:190} INFO - [2026-08-12T04:45:44.827+0000] {dag.py:3211} INFO - Sync 1 DAGs
[2026-08-12T04:45:44.867+0000] {logging_mixin.py:190} INFO - [2026-08-12T04:45:44.867+0000] {dag.py:4138} INFO - Setting next_dagrun for example_xcom to 2021-01-01 00:00:00+00:00, run_after=2021-01-01 00:00:00+00:00
[2026-08-12T04:45:44.895+0000] {processor.py:208} INFO - Processing /home/airflow/.local/lib/python3.12/site-packages/airflow/example_dags/example_xcom.py took 0.144 seconds
[2026-08-12T04:46:15.035+0000] {processor.py:186} INFO - Started process (PID=1342) to work on /home/airflow/.local/lib/python3.12/site-packages/airflow/example_dags/example_xcom.py
[2026-08-12T04:46:15.037+0000] {processor.py:914} INFO - Processing file /home/airflow/.local/lib/python3.12/site-packages/airflow/example_dags/example_xcom.py for tasks to queue
[2026-08-12T04:46:15.040+0000] {logging_mixin.py:190} INFO - [2026-08-12T04:46:15.039+0000] {dagbag.py:587} INFO - Filling up the DagBag from /home/airflow/.local/lib/python3.12/site-packages/airflow/example_dags/example_xcom.py
[2026-08-12T04:46:15.049+0000] {processor.py:925} INFO - DAG(s) 'example_xcom' retrieved from /home/airflow/.local/lib/python3.12/site-packages/airflow/example_dags/example_xcom.py
[2026-08-12T04:46:15.080+0000] {logging_mixin.py:190} INFO - [2026-08-12T04:46:15.080+0000] {dag.py:3211} INFO - Sync 1 DAGs
[2026-08-12T04:46:15.116+0000] {logging_mixin.py:190} INFO - [2026-08-12T04:46:15.115+0000] {dag.py:4138} INFO - Setting next_dagrun for example_xcom to 2021-01-01 00:00:00+00:00, run_after=2021-01-01 00:00:00+00:00
[2026-08-12T04:46:15.143+0000] {processor.py:208} INFO - Processing /home/airflow/.local/lib/python3.12/site-packages/airflow/example_dags/example_xcom.py took 0.114 seconds
[2026-08-12T04:46:45.488+0000] {processor.py:186} INFO - Started process (PID=1404) to work on /home/airflow/.local/lib/python3.12/site-packages/airflow/example_dags/example_xcom.py
[2026-08-12T04:46:45.494+0000] {processor.py:914} INFO - Processing file /home/airflow/.local/lib/python3.12/site-packages/airflow/example_dags/example_xcom.py for tasks to queue
[2026-08-12T04:46:45.503+0000] {logging_mixin.py:190} INFO - [2026-08-12T04:46:45.502+0000] {dagbag.py:587} INFO - Filling up the DagBag from /home/airflow/.local/lib/python3.12/site-packages/airflow/example_dags/example_xcom.py
[2026-08-12T04:46:45.529+0000] {processor.py:925} INFO - DAG(s) 'example_xcom' retrieved from /home/airflow/.local/lib/python3.12/site-packages/airflow/example_dags/example_xcom.py
[2026-08-12T04:46:45.571+0000] {logging_mixin.py:190} INFO - [2026-08-12T04:46:45.570+0000] {dag.py:3211} INFO - Sync 1 DAGs
[2026-08-12T04:46:45.620+0000] {logging_mixin.py:190} INFO - [2026-08-12T04:46:45.620+0000] {dag.py:4138} INFO - Setting next_dagrun for example_xcom to 2021-01-01 00:00:00+00:00, run_after=2021-01-01 00:00:00+00:00
[2026-08-12T04:46:45.642+0000] {processor.py:208} INFO - Processing /home/airflow/.local/lib/python3.12/site-packages/airflow/example_dags/example_xcom.py took 0.169 seconds
