[2026-08-12T04:31:45.850+0000] {processor.py:186} INFO - Started process (PID=67) to work on /home/airflow/.local/lib/python3.12/site-packages/airflow/example_dags/example_branch_operator.py
[2026-08-12T04:31:45.855+0000] {processor.py:914} INFO - Processing file /home/airflow/.local/lib/python3.12/site-packages/airflow/example_dags/example_branch_operator.py for tasks to queue
[2026-08-12T04:31:45.865+0000] {logging_mixin.py:190} INFO - [2026-08-12T04:31:45.864+0000] {dagbag.py:587} INFO - Filling up the DagBag from /home/airflow/.local/lib/python3.12/site-packages/airflow/example_dags/example_branch_operator.py
[2026-08-12T04:31:45.951+0000] {processor.py:925} INFO - DAG(s) 'example_branch_operator' retrieved from /home/airflow/.local/lib/python3.12/site-packages/airflow/example_dags/example_branch_operator.py
[2026-08-12T04:31:46.654+0000] {logging_mixin.py:190} INFO - [2026-08-12T04:31:46.653+0000] {override.py:1858} INFO - Created Permission View: can edit on DAG:example_branch_operator
[2026-08-12T04:31:46.683+0000] {logging_mixin.py:190} INFO - [2026-08-12T04:31:46.683+0000] {override.py:1858} INFO - Created Permission View: can read on DAG:example_branch_operator
[2026-08-12T04:31:46.697+0000] {logging_mixin.py:190} INFO - [2026-08-12T04:31:46.697+0000] {override.py:1858} INFO - Created Permission View: can delete on DAG:example_branch_operator
[2026-08-12T04:31:46.702+0000] {logging_mixin.py:190} INFO - [2026-08-12T04:31:46.701+0000] {dag.py:3211} INFO - Sync 1 DAGs
[2026-08-12T04:31:46.736+0000] {logging_mixin.py:190} INFO - [2026-08-12T04:31:46.735+0000] {dag.py:3234} INFO - Creating ORM DAG for example_branch_operator
[2026-08-12T04:31:46.762+0000] {logging_mixin.py:190} INFO - [2026-08-12T04:31:46.761+0000] {dag.py:4138} INFO - Setting next_dagrun for example_branch_operator to 2026-08-11 00:00:00+00:00, run_after=2026-08-12 00:00:00+00:00
[2026-08-12T04:31:46.821+0000] {processor.py:208} INFO - Processing /home/airflow/.local/lib/python3.12/site-packages/airflow/example_dags/example_branch_operator.py took 0.990 seconds
[2026-08-12T04:32:17.708+0000] {processor.py:186} INFO - Started process (PID=130) to work on /home/airflow/.local/lib/python3.12/site-packages/airflow/example_dags/example_branch_operator.py
[2026-08-12T04:32:17.711+0000] {processor.py:914} INFO - Processing file /home/airflow/.local/lib/python3.12/site-packages/airflow/example_dags/example_branch_operator.py for tasks to queue
[2026-08-12T04:32:17.717+0000] {logging_mixin.py:190} INFO - [2026-08-12T04:32:17.717+0000] {dagbag.py:587} INFO - Filling up the DagBag from /home/airflow/.local/lib/python3.12/site-packages/airflow/example_dags/example_branch_operator.py
[2026-08-12T04:32:17.756+0000] {processor.py:925} INFO - DAG(s) 'example_branch_operator' retrieved from /home/airflow/.local/lib/python3.12/site-packages/airflow/example_dags/example_branch_operator.py
[2026-08-12T04:32:17.795+0000] {logging_mixin.py:190} INFO - [2026-08-12T04:32:17.795+0000] {dag.py:3211} INFO - Sync 1 DAGs
[2026-08-12T04:32:17.828+0000] {logging_mixin.py:190} INFO - [2026-08-12T04:32:17.827+0000] {dag.py:4138} INFO - Setting next_dagrun for example_branch_operator to 2026-08-11 00:00:00+00:00, run_after=2026-08-12 00:00:00+00:00
[2026-08-12T04:32:17.868+0000] {processor.py:208} INFO - Processing /home/airflow/.local/lib/python3.12/site-packages/airflow/example_dags/example_branch_operator.py took 0.166 seconds
[2026-08-12T04:32:48.115+0000] {processor.py:186} INFO - Started process (PID=193) to work on /home/airflow/.local/lib/python3.12/site-packages/airflow/example_dags/example_branch_operator.py
[2026-08-12T04:32:48.118+0000] {processor.py:914} INFO - Processing file /home/airflow/.local/lib/python3.12/site-packages/airflow/example_dags/example_branch_operator.py for tasks to queue
[2026-08-12T04:32:48.123+0000] {logging_mixin.py:190} INFO - [2026-08-12T04:32:48.123+0000] {dagbag.py:587} INFO - Filling up the DagBag from /home/airflow/.local/lib/python3.12/site-packages/airflow/example_dags/example_branch_operator.py
[2026-08-12T04:32:48.149+0000] {processor.py:925} INFO - DAG(s) 'example_branch_operator' retrieved from /home/airflow/.local/lib/python3.12/site-packages/airflow/example_dags/example_branch_operator.py
[2026-08-12T04:32:48.192+0000] {logging_mixin.py:190} INFO - [2026-08-12T04:32:48.192+0000] {dag.py:3211} INFO - Sync 1 DAGs
[2026-08-12T04:32:48.227+0000] {logging_mixin.py:190} INFO - [2026-08-12T04:32:48.226+0000] {dag.py:4138} INFO - Setting next_dagrun for example_branch_operator to 2026-08-11 00:00:00+00:00, run_after=2026-08-12 00:00:00+00:00
[2026-08-12T04:32:48.258+0000] {processor.py:208} INFO - Processing /home/airflow/.local/lib/python3.12/site-packages/airflow/example_dags/example_branch_operator.py took 0.153 seconds
[2026-08-12T04:33:19.051+0000] {processor.py:186} INFO - Started process (PID=255) to work on /home/airflow/.local/lib/python3.12/site-packages/airflow/example_dags/example_branch_operator.py
[2026-08-12T04:33:19.054+0000] {processor.py:914} INFO - Processing file /home/airflow/.local/lib/python3.12/site-packages/airflow/example_dags/example_branch_operator.py for tasks to queue
[2026-08-12T04:33:19.058+0000] {logging_mixin.py:190} INFO - [2026-08-12T04:33:19.057+0000] {dagbag.py:587} INFO - Filling up the DagBag from /home/airflow/.local/lib/python3.12/site-packages/airflow/example_dags/example_branch_operator.py
[2026-08-12T04:33:19.105+0000] {processor.py:925} INFO - DAG(s) 'example_branch_operator' retrieved from /home/airflow/.local/lib/python3.12/site-packages/airflow/example_dags/example_branch_operator.py
[2026-08-12T04:33:19.150+0000] {logging_mixin.py:190} INFO - [2026-08-12T04:33:19.149+0000] {dag.py:3211} INFO - Sync 1 DAGs
[2026-08-12T04:33:19.188+0000] {logging_mixin.py:190} INFO - [2026-08-12T04:33:19.188+0000] {dag.py:4138} INFO - Setting next_dagrun for example_branch_operator to 2026-08-11 00:00:00+00:00, run_after=2026-08-12 00:00:00+00:00
[2026-08-12T04:33:19.220+0000] {processor.py:208} INFO - Processing /home/airflow/.local/lib/python3.12/site-packages/airflow/example_dags/example_branch_operator.py took 0.181 seconds
[2026-08-12T04:33:49.560+0000] {processor.py:186} INFO - Started process (PID=317) to work on /home/airflow/.local/lib/python3.12/site-packages/airflow/example_dags/example_branch_operator.py
[2026-08-12T04:33:49.562+0000] {processor.py:914} INFO - Processing file /home/airflow/.local/lib/python3.12/site-packages/airflow/example_dags/example_branch_operator.py for tasks to queue
[2026-08-12T04:33:49.568+0000] {logging_mixin.py:190} INFO - [2026-08-12T04:33:49.567+0000] {dagbag.py:587} INFO - Filling up the DagBag from /home/airflow/.local/lib/python3.12/site-packages/airflow/example_dags/example_branch_operator.py
[2026-08-12T04:33:49.591+0000] {processor.py:925} INFO - DAG(s) 'example_branch_operator' retrieved from /home/airflow/.local/lib/python3.12/site-packages/airflow/example_dags/example_branch_operator.py
[2026-08-12T04:33:49.627+0000] {logging_mixin.py:190} INFO - [2026-08-12T04:33:49.627+0000] {dag.py:3211} INFO - Sync 1 DAGs
[2026-08-12T04:33:49.659+0000] {logging_mixin.py:190} INFO - [2026-08-12T04:33:49.659+0000] {dag.py:4138} INFO - Setting next_dagrun for example_branch_operator to 2026-08-11 00:00:00+00:00, run_after=2026-08-12 00:00:00+00:00
[2026-08-12T04:33:49.693+0000] {processor.py:208} INFO - Processing /home/airflow/.local/lib/python3.12/site-packages/airflow/example_dags/example_branch_operator.py took 0.142 seconds
[2026-08-12T04:34:20.420+0000] {processor.py:186} INFO - Started process (PID=379) to work on /home/airflow/.local/lib/python3.12/site-packages/airflow/example_dags/example_branch_operator.py
[2026-08-12T04:34:20.424+0000] {processor.py:914} INFO - Processing file /home/airflow/.local/lib/python3.12/site-packages/airflow/example_dags/example_branch_operator.py for tasks to queue
[2026-08-12T04:34:20.428+0000] {logging_mixin.py:190} INFO - [2026-08-12T04:34:20.428+0000] {dagbag.py:587} INFO - Filling up the DagBag from /home/airflow/.local/lib/python3.12/site-packages/airflow/example_dags/example_branch_operator.py
[2026-08-12T04:34:20.462+0000] {processor.py:925} INFO - DAG(s) 'example_branch_operator' retrieved from /home/airflow/.local/lib/python3.12/site-packages/airflow/example_dags/example_branch_operator.py
[2026-08-12T04:34:20.520+0000] {logging_mixin.py:190} INFO - [2026-08-12T04:34:20.519+0000] {dag.py:3211} INFO - Sync 1 DAGs
[2026-08-12T04:34:20.554+0000] {logging_mixin.py:190} INFO - [2026-08-12T04:34:20.553+0000] {dag.py:4138} INFO - Setting next_dagrun for example_branch_operator to 2026-08-11 00:00:00+00:00, run_after=2026-08-12 00:00:00+00:00
[2026-08-12T04:34:20.585+0000] {processor.py:208} INFO - Processing /home/airflow/.local/lib/python3.12/site-packages/airflow/example_dags/example_branch_operator.py took 0.176 seconds
[2026-08-12T04:35:51.828+0000] {processor.py:186} INFO - Started process (PID=67) to work on /home/airflow/.local/lib/python3.12/site-packages/airflow/example_dags/example_branch_operator.py
[2026-08-12T04:35:51.855+0000] {processor.py:914} INFO - Processing file /home/airflow/.local/lib/python3.12/site-packages/airflow/example_dags/example_branch_operator.py for tasks to queue
[2026-08-12T04:35:51.904+0000] {logging_mixin.py:190} INFO - [2026-08-12T04:35:51.896+0000] {dagbag.py:587} INFO - Filling up the DagBag from /home/airflow/.local/lib/python3.12/site-packages/airflow/example_dags/example_branch_operator.py
[2026-08-12T04:35:52.067+0000] {processor.py:925} INFO - DAG(s) 'example_branch_operator' retrieved from /home/airflow/.local/lib/python3.12/site-packages/airflow/example_dags/example_branch_operator.py
[2026-08-12T04:35:52.626+0000] {logging_mixin.py:190} INFO - [2026-08-12T04:35:52.626+0000] {dag.py:3211} INFO - Sync 1 DAGs
[2026-08-12T04:35:52.681+0000] {logging_mixin.py:190} INFO - [2026-08-12T04:35:52.681+0000] {dag.py:4138} INFO - Setting next_dagrun for example_branch_operator to 2026-08-11 00:00:00+00:00, run_after=2026-08-12 00:00:00+00:00
[2026-08-12T04:35:52.737+0000] {processor.py:208} INFO - Processing /home/airflow/.local/lib/python3.12/site-packages/airflow/example_dags/example_branch_operator.py took 0.978 seconds
[2026-08-12T04:36:23.123+0000] {processor.py:186} INFO - Started process (PID=129) to work on /home/airflow/.local/lib/python3.12/site-packages/airflow/example_dags/example_branch_operator.py
[2026-08-12T04:36:23.126+0000] {processor.py:914} INFO - Processing file /home/airflow/.local/lib/python3.12/site-packages/airflow/example_dags/example_branch_operator.py for tasks to queue
[2026-08-12T04:36:23.132+0000] {logging_mixin.py:190} INFO - [2026-08-12T04:36:23.131+0000] {dagbag.py:587} INFO - Filling up the DagBag from /home/airflow/.local/lib/python3.12/site-packages/airflow/example_dags/example_branch_operator.py
[2026-08-12T04:36:23.176+0000] {processor.py:925} INFO - DAG(s) 'example_branch_operator' retrieved from /home/airflow/.local/lib/python3.12/site-packages/airflow/example_dags/example_branch_operator.py
[2026-08-12T04:36:23.216+0000] {logging_mixin.py:190} INFO - [2026-08-12T04:36:23.216+0000] {dag.py:3211} INFO - Sync 1 DAGs
[2026-08-12T04:36:23.261+0000] {logging_mixin.py:190} INFO - [2026-08-12T04:36:23.261+0000] {dag.py:4138} INFO - Setting next_dagrun for example_branch_operator to 2026-08-11 00:00:00+00:00, run_after=2026-08-12 00:00:00+00:00
[2026-08-12T04:36:23.293+0000] {processor.py:208} INFO - Processing /home/airflow/.local/lib/python3.12/site-packages/airflow/example_dags/example_branch_operator.py took 0.182 seconds
[2026-08-12T04:36:53.794+0000] {processor.py:186} INFO - Started process (PID=191) to work on /home/airflow/.local/lib/python3.12/site-packages/airflow/example_dags/example_branch_operator.py
[2026-08-12T04:36:53.796+0000] {processor.py:914} INFO - Processing file /home/airflow/.local/lib/python3.12/site-packages/airflow/example_dags/example_branch_operator.py for tasks to queue
[2026-08-12T04:36:53.803+0000] {logging_mixin.py:190} INFO - [2026-08-12T04:36:53.802+0000] {dagbag.py:587} INFO - Filling up the DagBag from /home/airflow/.local/lib/python3.12/site-packages/airflow/example_dags/example_branch_operator.py
[2026-08-12T04:36:53.827+0000] {processor.py:925} INFO - DAG(s) 'example_branch_operator' retrieved from /home/airflow/.local/lib/python3.12/site-packages/airflow/example_dags/example_branch_operator.py
[2026-08-12T04:36:53.872+0000] {logging_mixin.py:190} INFO - [2026-08-12T04:36:53.871+0000] {dag.py:3211} INFO - Sync 1 DAGs
[2026-08-12T04:36:53.908+0000] {logging_mixin.py:190} INFO - [2026-08-12T04:36:53.908+0000] {dag.py:4138} INFO - Setting next_dagrun for example_branch_operator to 2026-08-11 00:00:00+00:00, run_after=2026-08-12 00:00:00+00:00
[2026-08-12T04:36:53.936+0000] {processor.py:208} INFO - Processing /home/airflow/.local/lib/python3.12/site-packages/airflow/example_dags/example_branch_operator.py took 0.150 seconds
[2026-08-12T04:37:24.014+0000] {processor.py:186} INFO - Started process (PID=254) to work on /home/airflow/.local/lib/python3.12/site-packages/airflow/example_dags/example_branch_operator.py
[2026-08-12T04:37:24.016+0000] {processor.py:914} INFO - Processing file /home/airflow/.local/lib/python3.12/site-packages/airflow/example_dags/example_branch_operator.py for tasks to queue
[2026-08-12T04:37:24.033+0000] {logging_mixin.py:190} INFO - [2026-08-12T04:37:24.033+0000] {dagbag.py:587} INFO - Filling up the DagBag from /home/airflow/.local/lib/python3.12/site-packages/airflow/example_dags/example_branch_operator.py
[2026-08-12T04:37:24.059+0000] {processor.py:925} INFO - DAG(s) 'example_branch_operator' retrieved from /home/airflow/.local/lib/python3.12/site-packages/airflow/example_dags/example_branch_operator.py
[2026-08-12T04:37:24.113+0000] {logging_mixin.py:190} INFO - [2026-08-12T04:37:24.113+0000] {dag.py:3211} INFO - Sync 1 DAGs
[2026-08-12T04:37:24.152+0000] {logging_mixin.py:190} INFO - [2026-08-12T04:37:24.152+0000] {dag.py:4138} INFO - Setting next_dagrun for example_branch_operator to 2026-08-11 00:00:00+00:00, run_after=2026-08-12 00:00:00+00:00
[2026-08-12T04:37:24.190+0000] {processor.py:208} INFO - Processing /home/airflow/.local/lib/python3.12/site-packages/airflow/example_dags/example_branch_operator.py took 0.184 seconds
[2026-08-12T04:37:54.454+0000] {processor.py:186} INFO - Started process (PID=315) to work on /home/airflow/.local/lib/python3.12/site-packages/airflow/example_dags/example_branch_operator.py
[2026-08-12T04:37:54.457+0000] {processor.py:914} INFO - Processing file /home/airflow/.local/lib/python3.12/site-packages/airflow/example_dags/example_branch_operator.py for tasks to queue
[2026-08-12T04:37:54.463+0000] {logging_mixin.py:190} INFO - [2026-08-12T04:37:54.462+0000] {dagbag.py:587} INFO - Filling up the DagBag from /home/airflow/.local/lib/python3.12/site-packages/airflow/example_dags/example_branch_operator.py
[2026-08-12T04:37:54.496+0000] {processor.py:925} INFO - DAG(s) 'example_branch_operator' retrieved from /home/airflow/.local/lib/python3.12/site-packages/airflow/example_dags/example_branch_operator.py
[2026-08-12T04:37:54.558+0000] {logging_mixin.py:190} INFO - [2026-08-12T04:37:54.557+0000] {dag.py:3211} INFO - Sync 1 DAGs
[2026-08-12T04:37:54.597+0000] {logging_mixin.py:190} INFO - [2026-08-12T04:37:54.597+0000] {dag.py:4138} INFO - Setting next_dagrun for example_branch_operator to 2026-08-11 00:00:00+00:00, run_after=2026-08-12 00:00:00+00:00
[2026-08-12T04:37:54.639+0000] {processor.py:208} INFO - Processing /home/airflow/.local/lib/python3.12/site-packages/airflow/example_dags/example_branch_operator.py took 0.199 seconds
[2026-08-12T04:38:25.533+0000] {processor.py:186} INFO - Started process (PID=377) to work on /home/airflow/.local/lib/python3.12/site-packages/airflow/example_dags/example_branch_operator.py
[2026-08-12T04:38:25.536+0000] {processor.py:914} INFO - Processing file /home/airflow/.local/lib/python3.12/site-packages/airflow/example_dags/example_branch_operator.py for tasks to queue
[2026-08-12T04:38:25.539+0000] {logging_mixin.py:190} INFO - [2026-08-12T04:38:25.539+0000] {dagbag.py:587} INFO - Filling up the DagBag from /home/airflow/.local/lib/python3.12/site-packages/airflow/example_dags/example_branch_operator.py
[2026-08-12T04:38:25.562+0000] {processor.py:925} INFO - DAG(s) 'example_branch_operator' retrieved from /home/airflow/.local/lib/python3.12/site-packages/airflow/example_dags/example_branch_operator.py
[2026-08-12T04:38:25.605+0000] {logging_mixin.py:190} INFO - [2026-08-12T04:38:25.605+0000] {dag.py:3211} INFO - Sync 1 DAGs
[2026-08-12T04:38:25.640+0000] {logging_mixin.py:190} INFO - [2026-08-12T04:38:25.640+0000] {dag.py:4138} INFO - Setting next_dagrun for example_branch_operator to 2026-08-11 00:00:00+00:00, run_after=2026-08-12 00:00:00+00:00
[2026-08-12T04:38:25.675+0000] {processor.py:208} INFO - Processing /home/airflow/.local/lib/python3.12/site-packages/airflow/example_dags/example_branch_operator.py took 0.148 seconds
[2026-08-12T04:38:56.479+0000] {processor.py:186} INFO - Started process (PID=439) to work on /home/airflow/.local/lib/python3.12/site-packages/airflow/example_dags/example_branch_operator.py
[2026-08-12T04:38:56.481+0000] {processor.py:914} INFO - Processing file /home/airflow/.local/lib/python3.12/site-packages/airflow/example_dags/example_branch_operator.py for tasks to queue
[2026-08-12T04:38:56.487+0000] {logging_mixin.py:190} INFO - [2026-08-12T04:38:56.487+0000] {dagbag.py:587} INFO - Filling up the DagBag from /home/airflow/.local/lib/python3.12/site-packages/airflow/example_dags/example_branch_operator.py
[2026-08-12T04:38:56.510+0000] {processor.py:925} INFO - DAG(s) 'example_branch_operator' retrieved from /home/airflow/.local/lib/python3.12/site-packages/airflow/example_dags/example_branch_operator.py
[2026-08-12T04:38:56.545+0000] {logging_mixin.py:190} INFO - [2026-08-12T04:38:56.545+0000] {dag.py:3211} INFO - Sync 1 DAGs
[2026-08-12T04:38:56.580+0000] {logging_mixin.py:190} INFO - [2026-08-12T04:38:56.579+0000] {dag.py:4138} INFO - Setting next_dagrun for example_branch_operator to 2026-08-11 00:00:00+00:00, run_after=2026-08-12 00:00:00+00:00
[2026-08-12T04:38:56.614+0000] {processor.py:208} INFO - Processing /home/airflow/.local/lib/python3.12/site-packages/airflow/example_dags/example_branch_operator.py took 0.142 seconds
[2026-08-12T04:39:27.595+0000] {processor.py:186} INFO - Started process (PID=501) to work on /home/airflow/.local/lib/python3.12/site-packages/airflow/example_dags/example_branch_operator.py
[2026-08-12T04:39:27.598+0000] {processor.py:914} INFO - Processing file /home/airflow/.local/lib/python3.12/site-packages/airflow/example_dags/example_branch_operator.py for tasks to queue
[2026-08-12T04:39:27.604+0000] {logging_mixin.py:190} INFO - [2026-08-12T04:39:27.603+0000] {dagbag.py:587} INFO - Filling up the DagBag from /home/airflow/.local/lib/python3.12/site-packages/airflow/example_dags/example_branch_operator.py
[2026-08-12T04:39:27.631+0000] {processor.py:925} INFO - DAG(s) 'example_branch_operator' retrieved from /home/airflow/.local/lib/python3.12/site-packages/airflow/example_dags/example_branch_operator.py
[2026-08-12T04:39:27.673+0000] {logging_mixin.py:190} INFO - [2026-08-12T04:39:27.672+0000] {dag.py:3211} INFO - Sync 1 DAGs
[2026-08-12T04:39:27.711+0000] {logging_mixin.py:190} INFO - [2026-08-12T04:39:27.711+0000] {dag.py:4138} INFO - Setting next_dagrun for example_branch_operator to 2026-08-11 00:00:00+00:00, run_after=2026-08-12 00:00:00+00:00
[2026-08-12T04:39:27.745+0000] {processor.py:208} INFO - Processing /home/airflow/.local/lib/python3.12/site-packages/airflow/example_dags/example_branch_operator.py took 0.162 seconds
[2026-08-12T04:39:57.855+0000] {processor.py:186} INFO - Started process (PID=563) to work on /home/airflow/.local/lib/python3.12/site-packages/airflow/example_dags/example_branch_operator.py
[2026-08-12T04:39:57.858+0000] {processor.py:914} INFO - Processing file /home/airflow/.local/lib/python3.12/site-packages/airflow/example_dags/example_branch_operator.py for tasks to queue
[2026-08-12T04:39:57.861+0000] {logging_mixin.py:190} INFO - [2026-08-12T04:39:57.861+0000] {dagbag.py:587} INFO - Filling up the DagBag from /home/airflow/.local/lib/python3.12/site-packages/airflow/example_dags/example_branch_operator.py
[2026-08-12T04:39:57.890+0000] {processor.py:925} INFO - DAG(s) 'example_branch_operator' retrieved from /home/airflow/.local/lib/python3.12/site-packages/airflow/example_dags/example_branch_operator.py
[2026-08-12T04:39:57.929+0000] {logging_mixin.py:190} INFO - [2026-08-12T04:39:57.928+0000] {dag.py:3211} INFO - Sync 1 DAGs
[2026-08-12T04:39:57.963+0000] {logging_mixin.py:190} INFO - [2026-08-12T04:39:57.962+0000] {dag.py:4138} INFO - Setting next_dagrun for example_branch_operator to 2026-08-11 00:00:00+00:00, run_after=2026-08-12 00:00:00+00:00
[2026-08-12T04:39:57.998+0000] {processor.py:208} INFO - Processing /home/airflow/.local/lib/python3.12/site-packages/airflow/example_dags/example_branch_operator.py took 0.152 seconds
[2026-08-12T04:40:28.633+0000] {processor.py:186} INFO - Started process (PID=625) to work on /home/airflow/.local/lib/python3.12/site-packages/airflow/example_dags/example_branch_operator.py
[2026-08-12T04:40:28.636+0000] {processor.py:914} INFO - Processing file /home/airflow/.local/lib/python3.12/site-packages/airflow/example_dags/example_branch_operator.py for tasks to queue
[2026-08-12T04:40:28.643+0000] {logging_mixin.py:190} INFO - [2026-08-12T04:40:28.643+0000] {dagbag.py:587} INFO - Filling up the DagBag from /home/airflow/.local/lib/python3.12/site-packages/airflow/example_dags/example_branch_operator.py
[2026-08-12T04:40:28.670+0000] {processor.py:925} INFO - DAG(s) 'example_branch_operator' retrieved from /home/airflow/.local/lib/python3.12/site-packages/airflow/example_dags/example_branch_operator.py
[2026-08-12T04:40:28.713+0000] {logging_mixin.py:190} INFO - [2026-08-12T04:40:28.712+0000] {dag.py:3211} INFO - Sync 1 DAGs
[2026-08-12T04:40:28.747+0000] {logging_mixin.py:190} INFO - [2026-08-12T04:40:28.746+0000] {dag.py:4138} INFO - Setting next_dagrun for example_branch_operator to 2026-08-11 00:00:00+00:00, run_after=2026-08-12 00:00:00+00:00
[2026-08-12T04:40:28.782+0000] {processor.py:208} INFO - Processing /home/airflow/.local/lib/python3.12/site-packages/airflow/example_dags/example_branch_operator.py took 0.159 seconds
[2026-08-12T04:40:59.243+0000] {processor.py:186} INFO - Started process (PID=687) to work on /home/airflow/.local/lib/python3.12/site-packages/airflow/example_dags/example_branch_operator.py
[2026-08-12T04:40:59.246+0000] {processor.py:914} INFO - Processing file /home/airflow/.local/lib/python3.12/site-packages/airflow/example_dags/example_branch_operator.py for tasks to queue
[2026-08-12T04:40:59.250+0000] {logging_mixin.py:190} INFO - [2026-08-12T04:40:59.250+0000] {dagbag.py:587} INFO - Filling up the DagBag from /home/airflow/.local/lib/python3.12/site-packages/airflow/example_dags/example_branch_operator.py
[2026-08-12T04:40:59.297+0000] {processor.py:925} INFO - DAG(s) 'example_branch_operator' retrieved from /home/airflow/.local/lib/python3.12/site-packages/airflow/example_dags/example_branch_operator.py
[2026-08-12T04:40:59.346+0000] {logging_mixin.py:190} INFO - [2026-08-12T04:40:59.346+0000] {dag.py:3211} INFO - Sync 1 DAGs
[2026-08-12T04:40:59.384+0000] {logging_mixin.py:190} INFO - [2026-08-12T04:40:59.384+0000] {dag.py:4138} INFO - Setting next_dagrun for example_branch_operator to 2026-08-11 00:00:00+00:00, run_after=2026-08-12 00:00:00+00:00
[2026-08-12T04:40:59.415+0000] {processor.py:208} INFO - Processing /home/airflow/.local/lib/python3.12/site-packages/airflow/example_dags/example_branch_operator.py took 0.182 seconds
[2026-08-12T04:41:30.195+0000] {processor.py:186} INFO - Started process (PID=749) to work on /home/airflow/.local/lib/python3.12/site-packages/airflow/example_dags/example_branch_operator.py
[2026-08-12T04:41:30.198+0000] {processor.py:914} INFO - Processing file /home/airflow/.local/lib/python3.12/site-packages/airflow/example_dags/example_branch_operator.py for tasks to queue
[2026-08-12T04:41:30.202+0000] {logging_mixin.py:190} INFO - [2026-08-12T04:41:30.202+0000] {dagbag.py:587} INFO - Filling up the DagBag from /home/airflow/.local/lib/python3.12/site-packages/airflow/example_dags/example_branch_operator.py
[2026-08-12T04:41:30.228+0000] {processor.py:925} INFO - DAG(s) 'example_branch_operator' retrieved from /home/airflow/.local/lib/python3.12/site-packages/airflow/example_dags/example_branch_operator.py
[2026-08-12T04:41:30.268+0000] {logging_mixin.py:190} INFO - [2026-08-12T04:41:30.268+0000] {dag.py:3211} INFO - Sync 1 DAGs
[2026-08-12T04:41:30.303+0000] {logging_mixin.py:190} INFO - [2026-08-12T04:41:30.303+0000] {dag.py:4138} INFO - Setting next_dagrun for example_branch_operator to 2026-08-11 00:00:00+00:00, run_after=2026-08-12 00:00:00+00:00
[2026-08-12T04:41:30.344+0000] {processor.py:208} INFO - Processing /home/airflow/.local/lib/python3.12/site-packages/airflow/example_dags/example_branch_operator.py took 0.157 seconds
[2026-08-12T04:42:00.892+0000] {processor.py:186} INFO - Started process (PID=811) to work on /home/airflow/.local/lib/python3.12/site-packages/airflow/example_dags/example_branch_operator.py
[2026-08-12T04:42:00.894+0000] {processor.py:914} INFO - Processing file /home/airflow/.local/lib/python3.12/site-packages/airflow/example_dags/example_branch_operator.py for tasks to queue
[2026-08-12T04:42:00.898+0000] {logging_mixin.py:190} INFO - [2026-08-12T04:42:00.898+0000] {dagbag.py:587} INFO - Filling up the DagBag from /home/airflow/.local/lib/python3.12/site-packages/airflow/example_dags/example_branch_operator.py
[2026-08-12T04:42:00.924+0000] {processor.py:925} INFO - DAG(s) 'example_branch_operator' retrieved from /home/airflow/.local/lib/python3.12/site-packages/airflow/example_dags/example_branch_operator.py
[2026-08-12T04:42:00.951+0000] {logging_mixin.py:190} INFO - [2026-08-12T04:42:00.951+0000] {dag.py:3211} INFO - Sync 1 DAGs
[2026-08-12T04:42:00.984+0000] {logging_mixin.py:190} INFO - [2026-08-12T04:42:00.984+0000] {dag.py:4138} INFO - Setting next_dagrun for example_branch_operator to 2026-08-11 00:00:00+00:00, run_after=2026-08-12 00:00:00+00:00
[2026-08-12T04:42:01.007+0000] {processor.py:208} INFO - Processing /home/airflow/.local/lib/python3.12/site-packages/airflow/example_dags/example_branch_operator.py took 0.123 seconds
[2026-08-12T04:42:31.618+0000] {processor.py:186} INFO - Started process (PID=873) to work on /home/airflow/.local/lib/python3.12/site-packages/airflow/example_dags/example_branch_operator.py
[2026-08-12T04:42:31.620+0000] {processor.py:914} INFO - Processing file /home/airflow/.local/lib/python3.12/site-packages/airflow/example_dags/example_branch_operator.py for tasks to queue
[2026-08-12T04:42:31.626+0000] {logging_mixin.py:190} INFO - [2026-08-12T04:42:31.626+0000] {dagbag.py:587} INFO - Filling up the DagBag from /home/airflow/.local/lib/python3.12/site-packages/airflow/example_dags/example_branch_operator.py
[2026-08-12T04:42:31.651+0000] {processor.py:925} INFO - DAG(s) 'example_branch_operator' retrieved from /home/airflow/.local/lib/python3.12/site-packages/airflow/example_dags/example_branch_operator.py
[2026-08-12T04:42:31.680+0000] {logging_mixin.py:190} INFO - [2026-08-12T04:42:31.680+0000] {dag.py:3211} INFO - Sync 1 DAGs
[2026-08-12T04:42:31.710+0000] {logging_mixin.py:190} INFO - [2026-08-12T04:42:31.710+0000] {dag.py:4138} INFO - Setting next_dagrun for example_branch_operator to 2026-08-11 00:00:00+00:00, run_after=2026-08-12 00:00:00+00:00
[2026-08-12T04:42:31.736+0000] {processor.py:208} INFO - Processing /home/airflow/.local/lib/python3.12/site-packages/airflow/example_dags/example_branch_operator.py took 0.124 seconds
[2026-08-12T04:43:01.932+0000] {processor.py:186} INFO - Started process (PID=935) to work on /home/airflow/.local/lib/python3.12/site-packages/airflow/example_dags/example_branch_operator.py
[2026-08-12T04:43:01.936+0000] {processor.py:914} INFO - Processing file /home/airflow/.local/lib/python3.12/site-packages/airflow/example_dags/example_branch_operator.py for tasks to queue
[2026-08-12T04:43:01.940+0000] {logging_mixin.py:190} INFO - [2026-08-12T04:43:01.940+0000] {dagbag.py:587} INFO - Filling up the DagBag from /home/airflow/.local/lib/python3.12/site-packages/airflow/example_dags/example_branch_operator.py
[2026-08-12T04:43:01.967+0000] {processor.py:925} INFO - DAG(s) 'example_branch_operator' retrieved from /home/airflow/.local/lib/python3.12/site-packages/airflow/example_dags/example_branch_operator.py
[2026-08-12T04:43:02.003+0000] {logging_mixin.py:190} INFO - [2026-08-12T04:43:02.003+0000] {dag.py:3211} INFO - Sync 1 DAGs
[2026-08-12T04:43:02.042+0000] {logging_mixin.py:190} INFO - [2026-08-12T04:43:02.042+0000] {dag.py:4138} INFO - Setting next_dagrun for example_branch_operator to 2026-08-11 00:00:00+00:00, run_after=2026-08-12 00:00:00+00:00
[2026-08-12T04:43:02.068+0000] {processor.py:208} INFO - Processing /home/airflow/.local/lib/python3.12/site-packages/airflow/example_dags/example_branch_operator.py took 0.148 seconds
[2026-08-12T04:43:32.295+0000] {processor.py:186} INFO - Started process (PID=997) to work on /home/airflow/.local/lib/python3.12/site-packages/airflow/example_dags/example_branch_operator.py
[2026-08-12T04:43:32.297+0000] {processor.py:914} INFO - Processing file /home/airflow/.local/lib/python3.12/site-packages/airflow/example_dags/example_branch_operator.py for tasks to queue
[2026-08-12T04:43:32.303+0000] {logging_mixin.py:190} INFO - [2026-08-12T04:43:32.302+0000] {dagbag.py:587} INFO - Filling up the DagBag from /home/airflow/.local/lib/python3.12/site-packages/airflow/example_dags/example_branch_operator.py
[2026-08-12T04:43:32.335+0000] {processor.py:925} INFO - DAG(s) 'example_branch_operator' retrieved from /home/airflow/.local/lib/python3.12/site-packages/airflow/example_dags/example_branch_operator.py
[2026-08-12T04:43:32.374+0000] {logging_mixin.py:190} INFO - [2026-08-12T04:43:32.374+0000] {dag.py:3211} INFO - Sync 1 DAGs
[2026-08-12T04:43:32.410+0000] {logging_mixin.py:190} INFO - [2026-08-12T04:43:32.410+0000] {dag.py:4138} INFO - Setting next_dagrun for example_branch_operator to 2026-08-11 00:00:00+00:00, run_after=2026-08-12 00:00:00+00:00
[2026-08-12T04:43:32.445+0000] {processor.py:208} INFO - Processing /home/airflow/.local/lib/python3.12/site-packages/airflow/example_dags/example_branch_operator.py took 0.163 seconds
[2026-08-12T04:44:02.591+0000] {processor.py:186} INFO - Started process (PID=1059) to work on /home/airflow/.local/lib/python3.12/site-packages/airflow/example_dags/example_branch_operator.py
[2026-08-12T04:44:02.593+0000] {processor.py:914} INFO - Processing file /home/airflow/.local/lib/python3.12/site-packages/airflow/example_dags/example_branch_operator.py for tasks to queue
[2026-08-12T04:44:02.597+0000] {logging_mixin.py:190} INFO - [2026-08-12T04:44:02.596+0000] {dagbag.py:587} INFO - Filling up the DagBag from /home/airflow/.local/lib/python3.12/site-packages/airflow/example_dags/example_branch_operator.py
[2026-08-12T04:44:02.616+0000] {processor.py:925} INFO - DAG(s) 'example_branch_operator' retrieved from /home/airflow/.local/lib/python3.12/site-packages/airflow/example_dags/example_branch_operator.py
[2026-08-12T04:44:02.643+0000] {logging_mixin.py:190} INFO - [2026-08-12T04:44:02.643+0000] {dag.py:3211} INFO - Sync 1 DAGs
[2026-08-12T04:44:02.668+0000] {logging_mixin.py:190} INFO - [2026-08-12T04:44:02.668+0000] {dag.py:4138} INFO - Setting next_dagrun for example_branch_operator to 2026-08-11 00:00:00+00:00, run_after=2026-08-12 00:00:00+00:00
[2026-08-12T04:44:02.691+0000] {processor.py:208} INFO - Processing /home/airflow/.local/lib/python3.12/site-packages/airflow/example_dags/example_branch_operator.py took 0.106 seconds
[2026-08-12T04:44:33.130+0000] {processor.py:186} INFO - Started process (PID=1121) to work on /home/airflow/.local/lib/python3.12/site-packages/airflow/example_dags/example_branch_operator.py
[2026-08-12T04:44:33.134+0000] {processor.py:914} INFO - Processing file /home/airflow/.local/lib/python3.12/site-packages/airflow/example_dags/example_branch_operator.py for tasks to queue
[2026-08-12T04:44:33.138+0000] {logging_mixin.py:190} INFO - [2026-08-12T04:44:33.138+0000] {dagbag.py:587} INFO - Filling up the DagBag from /home/airflow/.local/lib/python3.12/site-packages/airflow/example_dags/example_branch_operator.py
[2026-08-12T04:44:33.163+0000] {processor.py:925} INFO - DAG(s) 'example_branch_operator' retrieved from /home/airflow/.local/lib/python3.12/site-packages/airflow/example_dags/example_branch_operator.py
[2026-08-12T04:44:33.206+0000] {logging_mixin.py:190} INFO - [2026-08-12T04:44:33.206+0000] {dag.py:3211} INFO - Sync 1 DAGs
[2026-08-12T04:44:33.269+0000] {logging_mixin.py:190} INFO - [2026-08-12T04:44:33.268+0000] {dag.py:4138} INFO - Setting next_dagrun for example_branch_operator to 2026-08-11 00:00:00+00:00, run_after=2026-08-12 00:00:00+00:00
[2026-08-12T04:44:33.317+0000] {processor.py:208} INFO - Processing /home/airflow/.local/lib/python3.12/site-packages/airflow/example_dags/example_branch_operator.py took 0.199 seconds
[2026-08-12T04:45:04.100+0000] {processor.py:186} INFO - Started process (PID=1184) to work on /home/airflow/.local/lib/python3.12/site-packages/airflow/example_dags/example_branch_operator.py
[2026-08-12T04:45:04.103+0000] {processor.py:914} INFO - Processing file /home/airflow/.local/lib/python3.12/site-packages/airflow/example_dags/example_branch_operator.py for tasks to queue
[2026-08-12T04:45:04.107+0000] {logging_mixin.py:190} INFO - [2026-08-12T04:45:04.107+0000] {dagbag.py:587} INFO - Filling up the DagBag from /home/airflow/.local/lib/python3.12/site-packages/airflow/example_dags/example_branch_operator.py
[2026-08-12T04:45:04.138+0000] {processor.py:925} INFO - DAG(s) 'example_branch_operator' retrieved from /home/airflow/.local/lib/python3.12/site-packages/airflow/example_dags/example_branch_operator.py
[2026-08-12T04:45:04.180+0000] {logging_mixin.py:190} INFO - [2026-08-12T04:45:04.179+0000] {dag.py:3211} INFO - Sync 1 DAGs
[2026-08-12T04:45:04.213+0000] {logging_mixin.py:190} INFO - [2026-08-12T04:45:04.212+0000] {dag.py:4138} INFO - Setting next_dagrun for example_branch_operator to 2026-08-11 00:00:00+00:00, run_after=2026-08-12 00:00:00+00:00
[2026-08-12T04:45:04.249+0000] {processor.py:208} INFO - Processing /home/airflow/.local/lib/python3.12/site-packages/airflow/example_dags/example_branch_operator.py took 0.160 seconds
[2026-08-12T04:45:34.809+0000] {processor.py:186} INFO - Started process (PID=1246) to work on /home/airflow/.local/lib/python3.12/site-packages/airflow/example_dags/example_branch_operator.py
[2026-08-12T04:45:34.813+0000] {processor.py:914} INFO - Processing file /home/airflow/.local/lib/python3.12/site-packages/airflow/example_dags/example_branch_operator.py for tasks to queue
[2026-08-12T04:45:34.817+0000] {logging_mixin.py:190} INFO - [2026-08-12T04:45:34.816+0000] {dagbag.py:587} INFO - Filling up the DagBag from /home/airflow/.local/lib/python3.12/site-packages/airflow/example_dags/example_branch_operator.py
[2026-08-12T04:45:34.841+0000] {processor.py:925} INFO - DAG(s) 'example_branch_operator' retrieved from /home/airflow/.local/lib/python3.12/site-packages/airflow/example_dags/example_branch_operator.py
[2026-08-12T04:45:34.877+0000] {logging_mixin.py:190} INFO - [2026-08-12T04:45:34.876+0000] {dag.py:3211} INFO - Sync 1 DAGs
[2026-08-12T04:45:34.913+0000] {logging_mixin.py:190} INFO - [2026-08-12T04:45:34.912+0000] {dag.py:4138} INFO - Setting next_dagrun for example_branch_operator to 2026-08-11 00:00:00+00:00, run_after=2026-08-12 00:00:00+00:00
[2026-08-12T04:45:34.950+0000] {processor.py:208} INFO - Processing /home/airflow/.local/lib/python3.12/site-packages/airflow/example_dags/example_branch_operator.py took 0.147 seconds
[2026-08-12T04:46:05.941+0000] {processor.py:186} INFO - Started process (PID=1308) to work on /home/airflow/.local/lib/python3.12/site-packages/airflow/example_dags/example_branch_operator.py
[2026-08-12T04:46:05.943+0000] {processor.py:914} INFO - Processing file /home/airflow/.local/lib/python3.12/site-packages/airflow/example_dags/example_branch_operator.py for tasks to queue
[2026-08-12T04:46:05.951+0000] {logging_mixin.py:190} INFO - [2026-08-12T04:46:05.950+0000] {dagbag.py:587} INFO - Filling up the DagBag from /home/airflow/.local/lib/python3.12/site-packages/airflow/example_dags/example_branch_operator.py
[2026-08-12T04:46:05.992+0000] {processor.py:925} INFO - DAG(s) 'example_branch_operator' retrieved from /home/airflow/.local/lib/python3.12/site-packages/airflow/example_dags/example_branch_operator.py
[2026-08-12T04:46:06.051+0000] {logging_mixin.py:190} INFO - [2026-08-12T04:46:06.051+0000] {dag.py:3211} INFO - Sync 1 DAGs
[2026-08-12T04:46:06.103+0000] {logging_mixin.py:190} INFO - [2026-08-12T04:46:06.102+0000] {dag.py:4138} INFO - Setting next_dagrun for example_branch_operator to 2026-08-11 00:00:00+00:00, run_after=2026-08-12 00:00:00+00:00
[2026-08-12T04:46:06.147+0000] {processor.py:208} INFO - Processing /home/airflow/.local/lib/python3.12/site-packages/airflow/example_dags/example_branch_operator.py took 0.220 seconds
[2026-08-12T04:46:36.499+0000] {processor.py:186} INFO - Started process (PID=1370) to work on /home/airflow/.local/lib/python3.12/site-packages/airflow/example_dags/example_branch_operator.py
[2026-08-12T04:46:36.501+0000] {processor.py:914} INFO - Processing file /home/airflow/.local/lib/python3.12/site-packages/airflow/example_dags/example_branch_operator.py for tasks to queue
[2026-08-12T04:46:36.504+0000] {logging_mixin.py:190} INFO - [2026-08-12T04:46:36.504+0000] {dagbag.py:587} INFO - Filling up the DagBag from /home/airflow/.local/lib/python3.12/site-packages/airflow/example_dags/example_branch_operator.py
[2026-08-12T04:46:36.522+0000] {processor.py:925} INFO - DAG(s) 'example_branch_operator' retrieved from /home/airflow/.local/lib/python3.12/site-packages/airflow/example_dags/example_branch_operator.py
[2026-08-12T04:46:36.572+0000] {logging_mixin.py:190} INFO - [2026-08-12T04:46:36.571+0000] {dag.py:3211} INFO - Sync 1 DAGs
[2026-08-12T04:46:36.600+0000] {logging_mixin.py:190} INFO - [2026-08-12T04:46:36.600+0000] {dag.py:4138} INFO - Setting next_dagrun for example_branch_operator to 2026-08-11 00:00:00+00:00, run_after=2026-08-12 00:00:00+00:00
[2026-08-12T04:46:36.624+0000] {processor.py:208} INFO - Processing /home/airflow/.local/lib/python3.12/site-packages/airflow/example_dags/example_branch_operator.py took 0.130 seconds
