[2026-08-12T04:31:54.524+0000] {processor.py:186} INFO - Started process (PID=95) to work on /home/airflow/.local/lib/python3.12/site-packages/airflow/example_dags/example_params_ui_tutorial.py
[2026-08-12T04:31:54.527+0000] {processor.py:914} INFO - Processing file /home/airflow/.local/lib/python3.12/site-packages/airflow/example_dags/example_params_ui_tutorial.py for tasks to queue
[2026-08-12T04:31:54.540+0000] {logging_mixin.py:190} INFO - [2026-08-12T04:31:54.539+0000] {dagbag.py:587} INFO - Filling up the DagBag from /home/airflow/.local/lib/python3.12/site-packages/airflow/example_dags/example_params_ui_tutorial.py
[2026-08-12T04:31:54.587+0000] {processor.py:925} INFO - DAG(s) 'example_params_ui_tutorial' retrieved from /home/airflow/.local/lib/python3.12/site-packages/airflow/example_dags/example_params_ui_tutorial.py
[2026-08-12T04:31:55.021+0000] {logging_mixin.py:190} INFO - [2026-08-12T04:31:55.018+0000] {override.py:1858} INFO - Created Permission View: can edit on DAG:example_params_ui_tutorial
[2026-08-12T04:31:55.052+0000] {logging_mixin.py:190} INFO - [2026-08-12T04:31:55.052+0000] {override.py:1858} INFO - Created Permission View: can read on DAG:example_params_ui_tutorial
[2026-08-12T04:31:55.077+0000] {logging_mixin.py:190} INFO - [2026-08-12T04:31:55.076+0000] {override.py:1858} INFO - Created Permission View: can delete on DAG:example_params_ui_tutorial
[2026-08-12T04:31:55.081+0000] {logging_mixin.py:190} INFO - [2026-08-12T04:31:55.080+0000] {dag.py:3211} INFO - Sync 1 DAGs
[2026-08-12T04:31:55.126+0000] {logging_mixin.py:190} INFO - [2026-08-12T04:31:55.125+0000] {dag.py:3234} INFO - Creating ORM DAG for example_params_ui_tutorial
[2026-08-12T04:31:55.129+0000] {logging_mixin.py:190} INFO - [2026-08-12T04:31:55.128+0000] {dag.py:4138} INFO - Setting next_dagrun for example_params_ui_tutorial to None, run_after=None
[2026-08-12T04:31:55.184+0000] {processor.py:208} INFO - Processing /home/airflow/.local/lib/python3.12/site-packages/airflow/example_dags/example_params_ui_tutorial.py took 0.696 seconds
[2026-08-12T04:32:25.250+0000] {processor.py:186} INFO - Started process (PID=158) to work on /home/airflow/.local/lib/python3.12/site-packages/airflow/example_dags/example_params_ui_tutorial.py
[2026-08-12T04:32:25.253+0000] {processor.py:914} INFO - Processing file /home/airflow/.local/lib/python3.12/site-packages/airflow/example_dags/example_params_ui_tutorial.py for tasks to queue
[2026-08-12T04:32:25.256+0000] {logging_mixin.py:190} INFO - [2026-08-12T04:32:25.256+0000] {dagbag.py:587} INFO - Filling up the DagBag from /home/airflow/.local/lib/python3.12/site-packages/airflow/example_dags/example_params_ui_tutorial.py
[2026-08-12T04:32:25.269+0000] {processor.py:925} INFO - DAG(s) 'example_params_ui_tutorial' retrieved from /home/airflow/.local/lib/python3.12/site-packages/airflow/example_dags/example_params_ui_tutorial.py
[2026-08-12T04:32:25.344+0000] {logging_mixin.py:190} INFO - [2026-08-12T04:32:25.344+0000] {dag.py:3211} INFO - Sync 1 DAGs
[2026-08-12T04:32:25.362+0000] {logging_mixin.py:190} INFO - [2026-08-12T04:32:25.361+0000] {dag.py:4138} INFO - Setting next_dagrun for example_params_ui_tutorial to None, run_after=None
[2026-08-12T04:32:25.407+0000] {processor.py:208} INFO - Processing /home/airflow/.local/lib/python3.12/site-packages/airflow/example_dags/example_params_ui_tutorial.py took 0.166 seconds
[2026-08-12T04:32:55.672+0000] {processor.py:186} INFO - Started process (PID=220) to work on /home/airflow/.local/lib/python3.12/site-packages/airflow/example_dags/example_params_ui_tutorial.py
[2026-08-12T04:32:55.675+0000] {processor.py:914} INFO - Processing file /home/airflow/.local/lib/python3.12/site-packages/airflow/example_dags/example_params_ui_tutorial.py for tasks to queue
[2026-08-12T04:32:55.680+0000] {logging_mixin.py:190} INFO - [2026-08-12T04:32:55.679+0000] {dagbag.py:587} INFO - Filling up the DagBag from /home/airflow/.local/lib/python3.12/site-packages/airflow/example_dags/example_params_ui_tutorial.py
[2026-08-12T04:32:55.692+0000] {processor.py:925} INFO - DAG(s) 'example_params_ui_tutorial' retrieved from /home/airflow/.local/lib/python3.12/site-packages/airflow/example_dags/example_params_ui_tutorial.py
[2026-08-12T04:32:55.743+0000] {logging_mixin.py:190} INFO - [2026-08-12T04:32:55.742+0000] {dag.py:3211} INFO - Sync 1 DAGs
[2026-08-12T04:32:55.776+0000] {logging_mixin.py:190} INFO - [2026-08-12T04:32:55.770+0000] {dag.py:4138} INFO - Setting next_dagrun for example_params_ui_tutorial to None, run_after=None
[2026-08-12T04:32:55.807+0000] {processor.py:208} INFO - Processing /home/airflow/.local/lib/python3.12/site-packages/airflow/example_dags/example_params_ui_tutorial.py took 0.140 seconds
[2026-08-12T04:33:26.256+0000] {processor.py:186} INFO - Started process (PID=282) to work on /home/airflow/.local/lib/python3.12/site-packages/airflow/example_dags/example_params_ui_tutorial.py
[2026-08-12T04:33:26.260+0000] {processor.py:914} INFO - Processing file /home/airflow/.local/lib/python3.12/site-packages/airflow/example_dags/example_params_ui_tutorial.py for tasks to queue
[2026-08-12T04:33:26.265+0000] {logging_mixin.py:190} INFO - [2026-08-12T04:33:26.264+0000] {dagbag.py:587} INFO - Filling up the DagBag from /home/airflow/.local/lib/python3.12/site-packages/airflow/example_dags/example_params_ui_tutorial.py
[2026-08-12T04:33:26.290+0000] {processor.py:925} INFO - DAG(s) 'example_params_ui_tutorial' retrieved from /home/airflow/.local/lib/python3.12/site-packages/airflow/example_dags/example_params_ui_tutorial.py
[2026-08-12T04:33:26.407+0000] {logging_mixin.py:190} INFO - [2026-08-12T04:33:26.406+0000] {dag.py:3211} INFO - Sync 1 DAGs
[2026-08-12T04:33:26.445+0000] {logging_mixin.py:190} INFO - [2026-08-12T04:33:26.445+0000] {dag.py:4138} INFO - Setting next_dagrun for example_params_ui_tutorial to None, run_after=None
[2026-08-12T04:33:26.482+0000] {processor.py:208} INFO - Processing /home/airflow/.local/lib/python3.12/site-packages/airflow/example_dags/example_params_ui_tutorial.py took 0.237 seconds
[2026-08-12T04:33:57.125+0000] {processor.py:186} INFO - Started process (PID=344) to work on /home/airflow/.local/lib/python3.12/site-packages/airflow/example_dags/example_params_ui_tutorial.py
[2026-08-12T04:33:57.128+0000] {processor.py:914} INFO - Processing file /home/airflow/.local/lib/python3.12/site-packages/airflow/example_dags/example_params_ui_tutorial.py for tasks to queue
[2026-08-12T04:33:57.135+0000] {logging_mixin.py:190} INFO - [2026-08-12T04:33:57.134+0000] {dagbag.py:587} INFO - Filling up the DagBag from /home/airflow/.local/lib/python3.12/site-packages/airflow/example_dags/example_params_ui_tutorial.py
[2026-08-12T04:33:57.148+0000] {processor.py:925} INFO - DAG(s) 'example_params_ui_tutorial' retrieved from /home/airflow/.local/lib/python3.12/site-packages/airflow/example_dags/example_params_ui_tutorial.py
[2026-08-12T04:33:57.207+0000] {logging_mixin.py:190} INFO - [2026-08-12T04:33:57.206+0000] {dag.py:3211} INFO - Sync 1 DAGs
[2026-08-12T04:33:57.226+0000] {logging_mixin.py:190} INFO - [2026-08-12T04:33:57.226+0000] {dag.py:4138} INFO - Setting next_dagrun for example_params_ui_tutorial to None, run_after=None
[2026-08-12T04:33:57.261+0000] {processor.py:208} INFO - Processing /home/airflow/.local/lib/python3.12/site-packages/airflow/example_dags/example_params_ui_tutorial.py took 0.145 seconds
[2026-08-12T04:34:28.004+0000] {processor.py:186} INFO - Started process (PID=406) to work on /home/airflow/.local/lib/python3.12/site-packages/airflow/example_dags/example_params_ui_tutorial.py
[2026-08-12T04:34:28.006+0000] {processor.py:914} INFO - Processing file /home/airflow/.local/lib/python3.12/site-packages/airflow/example_dags/example_params_ui_tutorial.py for tasks to queue
[2026-08-12T04:34:28.010+0000] {logging_mixin.py:190} INFO - [2026-08-12T04:34:28.010+0000] {dagbag.py:587} INFO - Filling up the DagBag from /home/airflow/.local/lib/python3.12/site-packages/airflow/example_dags/example_params_ui_tutorial.py
[2026-08-12T04:34:28.025+0000] {processor.py:925} INFO - DAG(s) 'example_params_ui_tutorial' retrieved from /home/airflow/.local/lib/python3.12/site-packages/airflow/example_dags/example_params_ui_tutorial.py
[2026-08-12T04:34:28.080+0000] {logging_mixin.py:190} INFO - [2026-08-12T04:34:28.079+0000] {dag.py:3211} INFO - Sync 1 DAGs
[2026-08-12T04:34:28.096+0000] {logging_mixin.py:190} INFO - [2026-08-12T04:34:28.096+0000] {dag.py:4138} INFO - Setting next_dagrun for example_params_ui_tutorial to None, run_after=None
[2026-08-12T04:34:28.124+0000] {processor.py:208} INFO - Processing /home/airflow/.local/lib/python3.12/site-packages/airflow/example_dags/example_params_ui_tutorial.py took 0.130 seconds
[2026-08-12T04:35:57.200+0000] {processor.py:186} INFO - Started process (PID=88) to work on /home/airflow/.local/lib/python3.12/site-packages/airflow/example_dags/example_params_ui_tutorial.py
[2026-08-12T04:35:57.213+0000] {processor.py:914} INFO - Processing file /home/airflow/.local/lib/python3.12/site-packages/airflow/example_dags/example_params_ui_tutorial.py for tasks to queue
[2026-08-12T04:35:57.229+0000] {logging_mixin.py:190} INFO - [2026-08-12T04:35:57.227+0000] {dagbag.py:587} INFO - Filling up the DagBag from /home/airflow/.local/lib/python3.12/site-packages/airflow/example_dags/example_params_ui_tutorial.py
[2026-08-12T04:35:57.271+0000] {processor.py:925} INFO - DAG(s) 'example_params_ui_tutorial' retrieved from /home/airflow/.local/lib/python3.12/site-packages/airflow/example_dags/example_params_ui_tutorial.py
[2026-08-12T04:35:57.430+0000] {logging_mixin.py:190} INFO - [2026-08-12T04:35:57.429+0000] {dag.py:3211} INFO - Sync 1 DAGs
[2026-08-12T04:35:57.464+0000] {logging_mixin.py:190} INFO - [2026-08-12T04:35:57.463+0000] {dag.py:4138} INFO - Setting next_dagrun for example_params_ui_tutorial to None, run_after=None
[2026-08-12T04:35:57.507+0000] {processor.py:208} INFO - Processing /home/airflow/.local/lib/python3.12/site-packages/airflow/example_dags/example_params_ui_tutorial.py took 0.340 seconds
[2026-08-12T04:36:27.617+0000] {processor.py:186} INFO - Started process (PID=150) to work on /home/airflow/.local/lib/python3.12/site-packages/airflow/example_dags/example_params_ui_tutorial.py
[2026-08-12T04:36:27.620+0000] {processor.py:914} INFO - Processing file /home/airflow/.local/lib/python3.12/site-packages/airflow/example_dags/example_params_ui_tutorial.py for tasks to queue
[2026-08-12T04:36:27.625+0000] {logging_mixin.py:190} INFO - [2026-08-12T04:36:27.624+0000] {dagbag.py:587} INFO - Filling up the DagBag from /home/airflow/.local/lib/python3.12/site-packages/airflow/example_dags/example_params_ui_tutorial.py
[2026-08-12T04:36:27.638+0000] {processor.py:925} INFO - DAG(s) 'example_params_ui_tutorial' retrieved from /home/airflow/.local/lib/python3.12/site-packages/airflow/example_dags/example_params_ui_tutorial.py
[2026-08-12T04:36:27.690+0000] {logging_mixin.py:190} INFO - [2026-08-12T04:36:27.689+0000] {dag.py:3211} INFO - Sync 1 DAGs
[2026-08-12T04:36:27.707+0000] {logging_mixin.py:190} INFO - [2026-08-12T04:36:27.706+0000] {dag.py:4138} INFO - Setting next_dagrun for example_params_ui_tutorial to None, run_after=None
[2026-08-12T04:36:27.730+0000] {processor.py:208} INFO - Processing /home/airflow/.local/lib/python3.12/site-packages/airflow/example_dags/example_params_ui_tutorial.py took 0.121 seconds
[2026-08-12T04:36:58.644+0000] {processor.py:186} INFO - Started process (PID=212) to work on /home/airflow/.local/lib/python3.12/site-packages/airflow/example_dags/example_params_ui_tutorial.py
[2026-08-12T04:36:58.647+0000] {processor.py:914} INFO - Processing file /home/airflow/.local/lib/python3.12/site-packages/airflow/example_dags/example_params_ui_tutorial.py for tasks to queue
[2026-08-12T04:36:58.650+0000] {logging_mixin.py:190} INFO - [2026-08-12T04:36:58.650+0000] {dagbag.py:587} INFO - Filling up the DagBag from /home/airflow/.local/lib/python3.12/site-packages/airflow/example_dags/example_params_ui_tutorial.py
[2026-08-12T04:36:58.668+0000] {processor.py:925} INFO - DAG(s) 'example_params_ui_tutorial' retrieved from /home/airflow/.local/lib/python3.12/site-packages/airflow/example_dags/example_params_ui_tutorial.py
[2026-08-12T04:36:58.761+0000] {logging_mixin.py:190} INFO - [2026-08-12T04:36:58.760+0000] {dag.py:3211} INFO - Sync 1 DAGs
[2026-08-12T04:36:58.808+0000] {logging_mixin.py:190} INFO - [2026-08-12T04:36:58.808+0000] {dag.py:4138} INFO - Setting next_dagrun for example_params_ui_tutorial to None, run_after=None
[2026-08-12T04:36:58.834+0000] {processor.py:208} INFO - Processing /home/airflow/.local/lib/python3.12/site-packages/airflow/example_dags/example_params_ui_tutorial.py took 0.200 seconds
[2026-08-12T04:37:29.327+0000] {processor.py:186} INFO - Started process (PID=274) to work on /home/airflow/.local/lib/python3.12/site-packages/airflow/example_dags/example_params_ui_tutorial.py
[2026-08-12T04:37:29.330+0000] {processor.py:914} INFO - Processing file /home/airflow/.local/lib/python3.12/site-packages/airflow/example_dags/example_params_ui_tutorial.py for tasks to queue
[2026-08-12T04:37:29.336+0000] {logging_mixin.py:190} INFO - [2026-08-12T04:37:29.335+0000] {dagbag.py:587} INFO - Filling up the DagBag from /home/airflow/.local/lib/python3.12/site-packages/airflow/example_dags/example_params_ui_tutorial.py
[2026-08-12T04:37:29.354+0000] {processor.py:925} INFO - DAG(s) 'example_params_ui_tutorial' retrieved from /home/airflow/.local/lib/python3.12/site-packages/airflow/example_dags/example_params_ui_tutorial.py
[2026-08-12T04:37:29.426+0000] {logging_mixin.py:190} INFO - [2026-08-12T04:37:29.426+0000] {dag.py:3211} INFO - Sync 1 DAGs
[2026-08-12T04:37:29.447+0000] {logging_mixin.py:190} INFO - [2026-08-12T04:37:29.447+0000] {dag.py:4138} INFO - Setting next_dagrun for example_params_ui_tutorial to None, run_after=None
[2026-08-12T04:37:29.479+0000] {processor.py:208} INFO - Processing /home/airflow/.local/lib/python3.12/site-packages/airflow/example_dags/example_params_ui_tutorial.py took 0.164 seconds
[2026-08-12T04:38:00.091+0000] {processor.py:186} INFO - Started process (PID=336) to work on /home/airflow/.local/lib/python3.12/site-packages/airflow/example_dags/example_params_ui_tutorial.py
[2026-08-12T04:38:00.093+0000] {processor.py:914} INFO - Processing file /home/airflow/.local/lib/python3.12/site-packages/airflow/example_dags/example_params_ui_tutorial.py for tasks to queue
[2026-08-12T04:38:00.096+0000] {logging_mixin.py:190} INFO - [2026-08-12T04:38:00.096+0000] {dagbag.py:587} INFO - Filling up the DagBag from /home/airflow/.local/lib/python3.12/site-packages/airflow/example_dags/example_params_ui_tutorial.py
[2026-08-12T04:38:00.109+0000] {processor.py:925} INFO - DAG(s) 'example_params_ui_tutorial' retrieved from /home/airflow/.local/lib/python3.12/site-packages/airflow/example_dags/example_params_ui_tutorial.py
[2026-08-12T04:38:00.156+0000] {logging_mixin.py:190} INFO - [2026-08-12T04:38:00.156+0000] {dag.py:3211} INFO - Sync 1 DAGs
[2026-08-12T04:38:00.176+0000] {logging_mixin.py:190} INFO - [2026-08-12T04:38:00.176+0000] {dag.py:4138} INFO - Setting next_dagrun for example_params_ui_tutorial to None, run_after=None
[2026-08-12T04:38:00.210+0000] {processor.py:208} INFO - Processing /home/airflow/.local/lib/python3.12/site-packages/airflow/example_dags/example_params_ui_tutorial.py took 0.127 seconds
[2026-08-12T04:38:31.078+0000] {processor.py:186} INFO - Started process (PID=398) to work on /home/airflow/.local/lib/python3.12/site-packages/airflow/example_dags/example_params_ui_tutorial.py
[2026-08-12T04:38:31.080+0000] {processor.py:914} INFO - Processing file /home/airflow/.local/lib/python3.12/site-packages/airflow/example_dags/example_params_ui_tutorial.py for tasks to queue
[2026-08-12T04:38:31.084+0000] {logging_mixin.py:190} INFO - [2026-08-12T04:38:31.083+0000] {dagbag.py:587} INFO - Filling up the DagBag from /home/airflow/.local/lib/python3.12/site-packages/airflow/example_dags/example_params_ui_tutorial.py
[2026-08-12T04:38:31.100+0000] {processor.py:925} INFO - DAG(s) 'example_params_ui_tutorial' retrieved from /home/airflow/.local/lib/python3.12/site-packages/airflow/example_dags/example_params_ui_tutorial.py
[2026-08-12T04:38:31.165+0000] {logging_mixin.py:190} INFO - [2026-08-12T04:38:31.165+0000] {dag.py:3211} INFO - Sync 1 DAGs
[2026-08-12T04:38:31.183+0000] {logging_mixin.py:190} INFO - [2026-08-12T04:38:31.183+0000] {dag.py:4138} INFO - Setting next_dagrun for example_params_ui_tutorial to None, run_after=None
[2026-08-12T04:38:31.229+0000] {processor.py:208} INFO - Processing /home/airflow/.local/lib/python3.12/site-packages/airflow/example_dags/example_params_ui_tutorial.py took 0.162 seconds
[2026-08-12T04:39:02.026+0000] {processor.py:186} INFO - Started process (PID=460) to work on /home/airflow/.local/lib/python3.12/site-packages/airflow/example_dags/example_params_ui_tutorial.py
[2026-08-12T04:39:02.033+0000] {processor.py:914} INFO - Processing file /home/airflow/.local/lib/python3.12/site-packages/airflow/example_dags/example_params_ui_tutorial.py for tasks to queue
[2026-08-12T04:39:02.038+0000] {logging_mixin.py:190} INFO - [2026-08-12T04:39:02.037+0000] {dagbag.py:587} INFO - Filling up the DagBag from /home/airflow/.local/lib/python3.12/site-packages/airflow/example_dags/example_params_ui_tutorial.py
[2026-08-12T04:39:02.066+0000] {processor.py:925} INFO - DAG(s) 'example_params_ui_tutorial' retrieved from /home/airflow/.local/lib/python3.12/site-packages/airflow/example_dags/example_params_ui_tutorial.py
[2026-08-12T04:39:02.168+0000] {logging_mixin.py:190} INFO - [2026-08-12T04:39:02.168+0000] {dag.py:3211} INFO - Sync 1 DAGs
[2026-08-12T04:39:02.201+0000] {logging_mixin.py:190} INFO - [2026-08-12T04:39:02.200+0000] {dag.py:4138} INFO - Setting next_dagrun for example_params_ui_tutorial to None, run_after=None
[2026-08-12T04:39:02.248+0000] {processor.py:208} INFO - Processing /home/airflow/.local/lib/python3.12/site-packages/airflow/example_dags/example_params_ui_tutorial.py took 0.238 seconds
[2026-08-12T04:39:32.517+0000] {processor.py:186} INFO - Started process (PID=522) to work on /home/airflow/.local/lib/python3.12/site-packages/airflow/example_dags/example_params_ui_tutorial.py
[2026-08-12T04:39:32.519+0000] {processor.py:914} INFO - Processing file /home/airflow/.local/lib/python3.12/site-packages/airflow/example_dags/example_params_ui_tutorial.py for tasks to queue
[2026-08-12T04:39:32.523+0000] {logging_mixin.py:190} INFO - [2026-08-12T04:39:32.523+0000] {dagbag.py:587} INFO - Filling up the DagBag from /home/airflow/.local/lib/python3.12/site-packages/airflow/example_dags/example_params_ui_tutorial.py
[2026-08-12T04:39:32.532+0000] {processor.py:925} INFO - DAG(s) 'example_params_ui_tutorial' retrieved from /home/airflow/.local/lib/python3.12/site-packages/airflow/example_dags/example_params_ui_tutorial.py
[2026-08-12T04:39:32.595+0000] {logging_mixin.py:190} INFO - [2026-08-12T04:39:32.594+0000] {dag.py:3211} INFO - Sync 1 DAGs
[2026-08-12T04:39:32.613+0000] {logging_mixin.py:190} INFO - [2026-08-12T04:39:32.613+0000] {dag.py:4138} INFO - Setting next_dagrun for example_params_ui_tutorial to None, run_after=None
[2026-08-12T04:39:32.647+0000] {processor.py:208} INFO - Processing /home/airflow/.local/lib/python3.12/site-packages/airflow/example_dags/example_params_ui_tutorial.py took 0.137 seconds
[2026-08-12T04:40:02.836+0000] {processor.py:186} INFO - Started process (PID=584) to work on /home/airflow/.local/lib/python3.12/site-packages/airflow/example_dags/example_params_ui_tutorial.py
[2026-08-12T04:40:02.838+0000] {processor.py:914} INFO - Processing file /home/airflow/.local/lib/python3.12/site-packages/airflow/example_dags/example_params_ui_tutorial.py for tasks to queue
[2026-08-12T04:40:02.843+0000] {logging_mixin.py:190} INFO - [2026-08-12T04:40:02.842+0000] {dagbag.py:587} INFO - Filling up the DagBag from /home/airflow/.local/lib/python3.12/site-packages/airflow/example_dags/example_params_ui_tutorial.py
[2026-08-12T04:40:02.857+0000] {processor.py:925} INFO - DAG(s) 'example_params_ui_tutorial' retrieved from /home/airflow/.local/lib/python3.12/site-packages/airflow/example_dags/example_params_ui_tutorial.py
[2026-08-12T04:40:02.919+0000] {logging_mixin.py:190} INFO - [2026-08-12T04:40:02.918+0000] {dag.py:3211} INFO - Sync 1 DAGs
[2026-08-12T04:40:02.939+0000] {logging_mixin.py:190} INFO - [2026-08-12T04:40:02.939+0000] {dag.py:4138} INFO - Setting next_dagrun for example_params_ui_tutorial to None, run_after=None
[2026-08-12T04:40:02.968+0000] {processor.py:208} INFO - Processing /home/airflow/.local/lib/python3.12/site-packages/airflow/example_dags/example_params_ui_tutorial.py took 0.142 seconds
[2026-08-12T04:40:33.778+0000] {processor.py:186} INFO - Started process (PID=646) to work on /home/airflow/.local/lib/python3.12/site-packages/airflow/example_dags/example_params_ui_tutorial.py
[2026-08-12T04:40:33.780+0000] {processor.py:914} INFO - Processing file /home/airflow/.local/lib/python3.12/site-packages/airflow/example_dags/example_params_ui_tutorial.py for tasks to queue
[2026-08-12T04:40:33.784+0000] {logging_mixin.py:190} INFO - [2026-08-12T04:40:33.784+0000] {dagbag.py:587} INFO - Filling up the DagBag from /home/airflow/.local/lib/python3.12/site-packages/airflow/example_dags/example_params_ui_tutorial.py
[2026-08-12T04:40:33.800+0000] {processor.py:925} INFO - DAG(s) 'example_params_ui_tutorial' retrieved from /home/airflow/.local/lib/python3.12/site-packages/airflow/example_dags/example_params_ui_tutorial.py
[2026-08-12T04:40:33.862+0000] {logging_mixin.py:190} INFO - [2026-08-12T04:40:33.861+0000] {dag.py:3211} INFO - Sync 1 DAGs
[2026-08-12T04:40:33.883+0000] {logging_mixin.py:190} INFO - [2026-08-12T04:40:33.883+0000] {dag.py:4138} INFO - Setting next_dagrun for example_params_ui_tutorial to None, run_after=None
[2026-08-12T04:40:33.915+0000] {processor.py:208} INFO - Processing /home/airflow/.local/lib/python3.12/site-packages/airflow/example_dags/example_params_ui_tutorial.py took 0.147 seconds
[2026-08-12T04:41:04.285+0000] {processor.py:186} INFO - Started process (PID=708) to work on /home/airflow/.local/lib/python3.12/site-packages/airflow/example_dags/example_params_ui_tutorial.py
[2026-08-12T04:41:04.288+0000] {processor.py:914} INFO - Processing file /home/airflow/.local/lib/python3.12/site-packages/airflow/example_dags/example_params_ui_tutorial.py for tasks to queue
[2026-08-12T04:41:04.295+0000] {logging_mixin.py:190} INFO - [2026-08-12T04:41:04.294+0000] {dagbag.py:587} INFO - Filling up the DagBag from /home/airflow/.local/lib/python3.12/site-packages/airflow/example_dags/example_params_ui_tutorial.py
[2026-08-12T04:41:04.310+0000] {processor.py:925} INFO - DAG(s) 'example_params_ui_tutorial' retrieved from /home/airflow/.local/lib/python3.12/site-packages/airflow/example_dags/example_params_ui_tutorial.py
[2026-08-12T04:41:04.364+0000] {logging_mixin.py:190} INFO - [2026-08-12T04:41:04.363+0000] {dag.py:3211} INFO - Sync 1 DAGs
[2026-08-12T04:41:04.385+0000] {logging_mixin.py:190} INFO - [2026-08-12T04:41:04.385+0000] {dag.py:4138} INFO - Setting next_dagrun for example_params_ui_tutorial to None, run_after=None
[2026-08-12T04:41:04.415+0000] {processor.py:208} INFO - Processing /home/airflow/.local/lib/python3.12/site-packages/airflow/example_dags/example_params_ui_tutorial.py took 0.139 seconds
[2026-08-12T04:41:34.968+0000] {processor.py:186} INFO - Started process (PID=770) to work on /home/airflow/.local/lib/python3.12/site-packages/airflow/example_dags/example_params_ui_tutorial.py
[2026-08-12T04:41:34.970+0000] {processor.py:914} INFO - Processing file /home/airflow/.local/lib/python3.12/site-packages/airflow/example_dags/example_params_ui_tutorial.py for tasks to queue
[2026-08-12T04:41:34.975+0000] {logging_mixin.py:190} INFO - [2026-08-12T04:41:34.974+0000] {dagbag.py:587} INFO - Filling up the DagBag from /home/airflow/.local/lib/python3.12/site-packages/airflow/example_dags/example_params_ui_tutorial.py
[2026-08-12T04:41:34.985+0000] {processor.py:925} INFO - DAG(s) 'example_params_ui_tutorial' retrieved from /home/airflow/.local/lib/python3.12/site-packages/airflow/example_dags/example_params_ui_tutorial.py
[2026-08-12T04:41:35.054+0000] {logging_mixin.py:190} INFO - [2026-08-12T04:41:35.053+0000] {dag.py:3211} INFO - Sync 1 DAGs
[2026-08-12T04:41:35.078+0000] {logging_mixin.py:190} INFO - [2026-08-12T04:41:35.077+0000] {dag.py:4138} INFO - Setting next_dagrun for example_params_ui_tutorial to None, run_after=None
[2026-08-12T04:41:35.107+0000] {processor.py:208} INFO - Processing /home/airflow/.local/lib/python3.12/site-packages/airflow/example_dags/example_params_ui_tutorial.py took 0.145 seconds
[2026-08-12T04:42:05.742+0000] {processor.py:186} INFO - Started process (PID=832) to work on /home/airflow/.local/lib/python3.12/site-packages/airflow/example_dags/example_params_ui_tutorial.py
[2026-08-12T04:42:05.744+0000] {processor.py:914} INFO - Processing file /home/airflow/.local/lib/python3.12/site-packages/airflow/example_dags/example_params_ui_tutorial.py for tasks to queue
[2026-08-12T04:42:05.747+0000] {logging_mixin.py:190} INFO - [2026-08-12T04:42:05.746+0000] {dagbag.py:587} INFO - Filling up the DagBag from /home/airflow/.local/lib/python3.12/site-packages/airflow/example_dags/example_params_ui_tutorial.py
[2026-08-12T04:42:05.756+0000] {processor.py:925} INFO - DAG(s) 'example_params_ui_tutorial' retrieved from /home/airflow/.local/lib/python3.12/site-packages/airflow/example_dags/example_params_ui_tutorial.py
[2026-08-12T04:42:05.799+0000] {logging_mixin.py:190} INFO - [2026-08-12T04:42:05.798+0000] {dag.py:3211} INFO - Sync 1 DAGs
[2026-08-12T04:42:05.814+0000] {logging_mixin.py:190} INFO - [2026-08-12T04:42:05.814+0000] {dag.py:4138} INFO - Setting next_dagrun for example_params_ui_tutorial to None, run_after=None
[2026-08-12T04:42:05.834+0000] {processor.py:208} INFO - Processing /home/airflow/.local/lib/python3.12/site-packages/airflow/example_dags/example_params_ui_tutorial.py took 0.100 seconds
[2026-08-12T04:42:35.889+0000] {processor.py:186} INFO - Started process (PID=893) to work on /home/airflow/.local/lib/python3.12/site-packages/airflow/example_dags/example_params_ui_tutorial.py
[2026-08-12T04:42:35.891+0000] {processor.py:914} INFO - Processing file /home/airflow/.local/lib/python3.12/site-packages/airflow/example_dags/example_params_ui_tutorial.py for tasks to queue
[2026-08-12T04:42:35.895+0000] {logging_mixin.py:190} INFO - [2026-08-12T04:42:35.895+0000] {dagbag.py:587} INFO - Filling up the DagBag from /home/airflow/.local/lib/python3.12/site-packages/airflow/example_dags/example_params_ui_tutorial.py
[2026-08-12T04:42:35.907+0000] {processor.py:925} INFO - DAG(s) 'example_params_ui_tutorial' retrieved from /home/airflow/.local/lib/python3.12/site-packages/airflow/example_dags/example_params_ui_tutorial.py
[2026-08-12T04:42:35.949+0000] {logging_mixin.py:190} INFO - [2026-08-12T04:42:35.949+0000] {dag.py:3211} INFO - Sync 1 DAGs
[2026-08-12T04:42:35.965+0000] {logging_mixin.py:190} INFO - [2026-08-12T04:42:35.965+0000] {dag.py:4138} INFO - Setting next_dagrun for example_params_ui_tutorial to None, run_after=None
[2026-08-12T04:42:35.987+0000] {processor.py:208} INFO - Processing /home/airflow/.local/lib/python3.12/site-packages/airflow/example_dags/example_params_ui_tutorial.py took 0.106 seconds
[2026-08-12T04:43:06.206+0000] {processor.py:186} INFO - Started process (PID=955) to work on /home/airflow/.local/lib/python3.12/site-packages/airflow/example_dags/example_params_ui_tutorial.py
[2026-08-12T04:43:06.208+0000] {processor.py:914} INFO - Processing file /home/airflow/.local/lib/python3.12/site-packages/airflow/example_dags/example_params_ui_tutorial.py for tasks to queue
[2026-08-12T04:43:06.213+0000] {logging_mixin.py:190} INFO - [2026-08-12T04:43:06.212+0000] {dagbag.py:587} INFO - Filling up the DagBag from /home/airflow/.local/lib/python3.12/site-packages/airflow/example_dags/example_params_ui_tutorial.py
[2026-08-12T04:43:06.228+0000] {processor.py:925} INFO - DAG(s) 'example_params_ui_tutorial' retrieved from /home/airflow/.local/lib/python3.12/site-packages/airflow/example_dags/example_params_ui_tutorial.py
[2026-08-12T04:43:06.270+0000] {logging_mixin.py:190} INFO - [2026-08-12T04:43:06.270+0000] {dag.py:3211} INFO - Sync 1 DAGs
[2026-08-12T04:43:06.290+0000] {logging_mixin.py:190} INFO - [2026-08-12T04:43:06.290+0000] {dag.py:4138} INFO - Setting next_dagrun for example_params_ui_tutorial to None, run_after=None
[2026-08-12T04:43:06.320+0000] {processor.py:208} INFO - Processing /home/airflow/.local/lib/python3.12/site-packages/airflow/example_dags/example_params_ui_tutorial.py took 0.120 seconds
[2026-08-12T04:43:37.517+0000] {processor.py:186} INFO - Started process (PID=1018) to work on /home/airflow/.local/lib/python3.12/site-packages/airflow/example_dags/example_params_ui_tutorial.py
[2026-08-12T04:43:37.519+0000] {processor.py:914} INFO - Processing file /home/airflow/.local/lib/python3.12/site-packages/airflow/example_dags/example_params_ui_tutorial.py for tasks to queue
[2026-08-12T04:43:37.524+0000] {logging_mixin.py:190} INFO - [2026-08-12T04:43:37.524+0000] {dagbag.py:587} INFO - Filling up the DagBag from /home/airflow/.local/lib/python3.12/site-packages/airflow/example_dags/example_params_ui_tutorial.py
[2026-08-12T04:43:37.538+0000] {processor.py:925} INFO - DAG(s) 'example_params_ui_tutorial' retrieved from /home/airflow/.local/lib/python3.12/site-packages/airflow/example_dags/example_params_ui_tutorial.py
[2026-08-12T04:43:37.591+0000] {logging_mixin.py:190} INFO - [2026-08-12T04:43:37.591+0000] {dag.py:3211} INFO - Sync 1 DAGs
[2026-08-12T04:43:37.621+0000] {logging_mixin.py:190} INFO - [2026-08-12T04:43:37.620+0000] {dag.py:4138} INFO - Setting next_dagrun for example_params_ui_tutorial to None, run_after=None
[2026-08-12T04:43:37.655+0000] {processor.py:208} INFO - Processing /home/airflow/.local/lib/python3.12/site-packages/airflow/example_dags/example_params_ui_tutorial.py took 0.156 seconds
[2026-08-12T04:44:08.780+0000] {processor.py:186} INFO - Started process (PID=1080) to work on /home/airflow/.local/lib/python3.12/site-packages/airflow/example_dags/example_params_ui_tutorial.py
[2026-08-12T04:44:08.782+0000] {processor.py:914} INFO - Processing file /home/airflow/.local/lib/python3.12/site-packages/airflow/example_dags/example_params_ui_tutorial.py for tasks to queue
[2026-08-12T04:44:08.787+0000] {logging_mixin.py:190} INFO - [2026-08-12T04:44:08.786+0000] {dagbag.py:587} INFO - Filling up the DagBag from /home/airflow/.local/lib/python3.12/site-packages/airflow/example_dags/example_params_ui_tutorial.py
[2026-08-12T04:44:08.803+0000] {processor.py:925} INFO - DAG(s) 'example_params_ui_tutorial' retrieved from /home/airflow/.local/lib/python3.12/site-packages/airflow/example_dags/example_params_ui_tutorial.py
[2026-08-12T04:44:08.874+0000] {logging_mixin.py:190} INFO - [2026-08-12T04:44:08.873+0000] {dag.py:3211} INFO - Sync 1 DAGs
[2026-08-12T04:44:08.891+0000] {logging_mixin.py:190} INFO - [2026-08-12T04:44:08.891+0000] {dag.py:4138} INFO - Setting next_dagrun for example_params_ui_tutorial to None, run_after=None
[2026-08-12T04:44:08.919+0000] {processor.py:208} INFO - Processing /home/airflow/.local/lib/python3.12/site-packages/airflow/example_dags/example_params_ui_tutorial.py took 0.148 seconds
[2026-08-12T04:44:39.688+0000] {processor.py:186} INFO - Started process (PID=1142) to work on /home/airflow/.local/lib/python3.12/site-packages/airflow/example_dags/example_params_ui_tutorial.py
[2026-08-12T04:44:39.690+0000] {processor.py:914} INFO - Processing file /home/airflow/.local/lib/python3.12/site-packages/airflow/example_dags/example_params_ui_tutorial.py for tasks to queue
[2026-08-12T04:44:39.694+0000] {logging_mixin.py:190} INFO - [2026-08-12T04:44:39.694+0000] {dagbag.py:587} INFO - Filling up the DagBag from /home/airflow/.local/lib/python3.12/site-packages/airflow/example_dags/example_params_ui_tutorial.py
[2026-08-12T04:44:39.704+0000] {processor.py:925} INFO - DAG(s) 'example_params_ui_tutorial' retrieved from /home/airflow/.local/lib/python3.12/site-packages/airflow/example_dags/example_params_ui_tutorial.py
[2026-08-12T04:44:39.755+0000] {logging_mixin.py:190} INFO - [2026-08-12T04:44:39.755+0000] {dag.py:3211} INFO - Sync 1 DAGs
[2026-08-12T04:44:39.772+0000] {logging_mixin.py:190} INFO - [2026-08-12T04:44:39.771+0000] {dag.py:4138} INFO - Setting next_dagrun for example_params_ui_tutorial to None, run_after=None
[2026-08-12T04:44:39.798+0000] {processor.py:208} INFO - Processing /home/airflow/.local/lib/python3.12/site-packages/airflow/example_dags/example_params_ui_tutorial.py took 0.115 seconds
[2026-08-12T04:45:10.495+0000] {processor.py:186} INFO - Started process (PID=1205) to work on /home/airflow/.local/lib/python3.12/site-packages/airflow/example_dags/example_params_ui_tutorial.py
[2026-08-12T04:45:10.497+0000] {processor.py:914} INFO - Processing file /home/airflow/.local/lib/python3.12/site-packages/airflow/example_dags/example_params_ui_tutorial.py for tasks to queue
[2026-08-12T04:45:10.502+0000] {logging_mixin.py:190} INFO - [2026-08-12T04:45:10.501+0000] {dagbag.py:587} INFO - Filling up the DagBag from /home/airflow/.local/lib/python3.12/site-packages/airflow/example_dags/example_params_ui_tutorial.py
[2026-08-12T04:45:10.517+0000] {processor.py:925} INFO - DAG(s) 'example_params_ui_tutorial' retrieved from /home/airflow/.local/lib/python3.12/site-packages/airflow/example_dags/example_params_ui_tutorial.py
[2026-08-12T04:45:10.583+0000] {logging_mixin.py:190} INFO - [2026-08-12T04:45:10.582+0000] {dag.py:3211} INFO - Sync 1 DAGs
[2026-08-12T04:45:10.610+0000] {logging_mixin.py:190} INFO - [2026-08-12T04:45:10.609+0000] {dag.py:4138} INFO - Setting next_dagrun for example_params_ui_tutorial to None, run_after=None
[2026-08-12T04:45:10.644+0000] {processor.py:208} INFO - Processing /home/airflow/.local/lib/python3.12/site-packages/airflow/example_dags/example_params_ui_tutorial.py took 0.160 seconds
[2026-08-12T04:45:41.786+0000] {processor.py:186} INFO - Started process (PID=1267) to work on /home/airflow/.local/lib/python3.12/site-packages/airflow/example_dags/example_params_ui_tutorial.py
[2026-08-12T04:45:41.789+0000] {processor.py:914} INFO - Processing file /home/airflow/.local/lib/python3.12/site-packages/airflow/example_dags/example_params_ui_tutorial.py for tasks to queue
[2026-08-12T04:45:41.793+0000] {logging_mixin.py:190} INFO - [2026-08-12T04:45:41.793+0000] {dagbag.py:587} INFO - Filling up the DagBag from /home/airflow/.local/lib/python3.12/site-packages/airflow/example_dags/example_params_ui_tutorial.py
[2026-08-12T04:45:41.806+0000] {processor.py:925} INFO - DAG(s) 'example_params_ui_tutorial' retrieved from /home/airflow/.local/lib/python3.12/site-packages/airflow/example_dags/example_params_ui_tutorial.py
[2026-08-12T04:45:41.857+0000] {logging_mixin.py:190} INFO - [2026-08-12T04:45:41.857+0000] {dag.py:3211} INFO - Sync 1 DAGs
[2026-08-12T04:45:41.874+0000] {logging_mixin.py:190} INFO - [2026-08-12T04:45:41.873+0000] {dag.py:4138} INFO - Setting next_dagrun for example_params_ui_tutorial to None, run_after=None
[2026-08-12T04:45:41.910+0000] {processor.py:208} INFO - Processing /home/airflow/.local/lib/python3.12/site-packages/airflow/example_dags/example_params_ui_tutorial.py took 0.133 seconds
[2026-08-12T04:46:12.266+0000] {processor.py:186} INFO - Started process (PID=1335) to work on /home/airflow/.local/lib/python3.12/site-packages/airflow/example_dags/example_params_ui_tutorial.py
[2026-08-12T04:46:12.270+0000] {processor.py:914} INFO - Processing file /home/airflow/.local/lib/python3.12/site-packages/airflow/example_dags/example_params_ui_tutorial.py for tasks to queue
[2026-08-12T04:46:12.274+0000] {logging_mixin.py:190} INFO - [2026-08-12T04:46:12.274+0000] {dagbag.py:587} INFO - Filling up the DagBag from /home/airflow/.local/lib/python3.12/site-packages/airflow/example_dags/example_params_ui_tutorial.py
[2026-08-12T04:46:12.292+0000] {processor.py:925} INFO - DAG(s) 'example_params_ui_tutorial' retrieved from /home/airflow/.local/lib/python3.12/site-packages/airflow/example_dags/example_params_ui_tutorial.py
[2026-08-12T04:46:12.377+0000] {logging_mixin.py:190} INFO - [2026-08-12T04:46:12.377+0000] {dag.py:3211} INFO - Sync 1 DAGs
[2026-08-12T04:46:12.410+0000] {logging_mixin.py:190} INFO - [2026-08-12T04:46:12.409+0000] {dag.py:4138} INFO - Setting next_dagrun for example_params_ui_tutorial to None, run_after=None
[2026-08-12T04:46:12.440+0000] {processor.py:208} INFO - Processing /home/airflow/.local/lib/python3.12/site-packages/airflow/example_dags/example_params_ui_tutorial.py took 0.191 seconds
[2026-08-12T04:46:42.663+0000] {processor.py:186} INFO - Started process (PID=1397) to work on /home/airflow/.local/lib/python3.12/site-packages/airflow/example_dags/example_params_ui_tutorial.py
[2026-08-12T04:46:42.665+0000] {processor.py:914} INFO - Processing file /home/airflow/.local/lib/python3.12/site-packages/airflow/example_dags/example_params_ui_tutorial.py for tasks to queue
[2026-08-12T04:46:42.669+0000] {logging_mixin.py:190} INFO - [2026-08-12T04:46:42.668+0000] {dagbag.py:587} INFO - Filling up the DagBag from /home/airflow/.local/lib/python3.12/site-packages/airflow/example_dags/example_params_ui_tutorial.py
[2026-08-12T04:46:42.678+0000] {processor.py:925} INFO - DAG(s) 'example_params_ui_tutorial' retrieved from /home/airflow/.local/lib/python3.12/site-packages/airflow/example_dags/example_params_ui_tutorial.py
[2026-08-12T04:46:42.723+0000] {logging_mixin.py:190} INFO - [2026-08-12T04:46:42.723+0000] {dag.py:3211} INFO - Sync 1 DAGs
[2026-08-12T04:46:42.738+0000] {logging_mixin.py:190} INFO - [2026-08-12T04:46:42.738+0000] {dag.py:4138} INFO - Setting next_dagrun for example_params_ui_tutorial to None, run_after=None
[2026-08-12T04:46:42.760+0000] {processor.py:208} INFO - Processing /home/airflow/.local/lib/python3.12/site-packages/airflow/example_dags/example_params_ui_tutorial.py took 0.102 seconds
