[2026-08-12T04:31:57.120+0000] {processor.py:186} INFO - Started process (PID=101) to work on /home/airflow/.local/lib/python3.12/site-packages/airflow/example_dags/example_kubernetes_executor.py
[2026-08-12T04:31:57.129+0000] {processor.py:914} INFO - Processing file /home/airflow/.local/lib/python3.12/site-packages/airflow/example_dags/example_kubernetes_executor.py for tasks to queue
[2026-08-12T04:31:57.146+0000] {logging_mixin.py:190} INFO - [2026-08-12T04:31:57.144+0000] {dagbag.py:587} INFO - Filling up the DagBag from /home/airflow/.local/lib/python3.12/site-packages/airflow/example_dags/example_kubernetes_executor.py
[2026-08-12T04:31:57.226+0000] {processor.py:925} INFO - DAG(s) 'example_kubernetes_executor' retrieved from /home/airflow/.local/lib/python3.12/site-packages/airflow/example_dags/example_kubernetes_executor.py
[2026-08-12T04:31:57.561+0000] {logging_mixin.py:190} INFO - [2026-08-12T04:31:57.560+0000] {override.py:1858} INFO - Created Permission View: can edit on DAG:example_kubernetes_executor
[2026-08-12T04:31:57.591+0000] {logging_mixin.py:190} INFO - [2026-08-12T04:31:57.590+0000] {override.py:1858} INFO - Created Permission View: can read on DAG:example_kubernetes_executor
[2026-08-12T04:31:57.609+0000] {logging_mixin.py:190} INFO - [2026-08-12T04:31:57.608+0000] {override.py:1858} INFO - Created Permission View: can delete on DAG:example_kubernetes_executor
[2026-08-12T04:31:57.615+0000] {logging_mixin.py:190} INFO - [2026-08-12T04:31:57.612+0000] {dag.py:3211} INFO - Sync 1 DAGs
[2026-08-12T04:31:57.660+0000] {logging_mixin.py:190} INFO - [2026-08-12T04:31:57.659+0000] {dag.py:3234} INFO - Creating ORM DAG for example_kubernetes_executor
[2026-08-12T04:31:57.663+0000] {logging_mixin.py:190} INFO - [2026-08-12T04:31:57.662+0000] {dag.py:4138} INFO - Setting next_dagrun for example_kubernetes_executor to None, run_after=None
[2026-08-12T04:31:57.723+0000] {processor.py:208} INFO - Processing /home/airflow/.local/lib/python3.12/site-packages/airflow/example_dags/example_kubernetes_executor.py took 0.631 seconds
[2026-08-12T04:32:28.071+0000] {processor.py:186} INFO - Started process (PID=164) to work on /home/airflow/.local/lib/python3.12/site-packages/airflow/example_dags/example_kubernetes_executor.py
[2026-08-12T04:32:28.073+0000] {processor.py:914} INFO - Processing file /home/airflow/.local/lib/python3.12/site-packages/airflow/example_dags/example_kubernetes_executor.py for tasks to queue
[2026-08-12T04:32:28.078+0000] {logging_mixin.py:190} INFO - [2026-08-12T04:32:28.077+0000] {dagbag.py:587} INFO - Filling up the DagBag from /home/airflow/.local/lib/python3.12/site-packages/airflow/example_dags/example_kubernetes_executor.py
[2026-08-12T04:32:28.107+0000] {processor.py:925} INFO - DAG(s) 'example_kubernetes_executor' retrieved from /home/airflow/.local/lib/python3.12/site-packages/airflow/example_dags/example_kubernetes_executor.py
[2026-08-12T04:32:28.168+0000] {logging_mixin.py:190} INFO - [2026-08-12T04:32:28.167+0000] {dag.py:3211} INFO - Sync 1 DAGs
[2026-08-12T04:32:28.203+0000] {logging_mixin.py:190} INFO - [2026-08-12T04:32:28.203+0000] {dag.py:4138} INFO - Setting next_dagrun for example_kubernetes_executor to None, run_after=None
[2026-08-12T04:32:28.228+0000] {processor.py:208} INFO - Processing /home/airflow/.local/lib/python3.12/site-packages/airflow/example_dags/example_kubernetes_executor.py took 0.167 seconds
[2026-08-12T04:32:58.447+0000] {processor.py:186} INFO - Started process (PID=226) to work on /home/airflow/.local/lib/python3.12/site-packages/airflow/example_dags/example_kubernetes_executor.py
[2026-08-12T04:32:58.450+0000] {processor.py:914} INFO - Processing file /home/airflow/.local/lib/python3.12/site-packages/airflow/example_dags/example_kubernetes_executor.py for tasks to queue
[2026-08-12T04:32:58.455+0000] {logging_mixin.py:190} INFO - [2026-08-12T04:32:58.455+0000] {dagbag.py:587} INFO - Filling up the DagBag from /home/airflow/.local/lib/python3.12/site-packages/airflow/example_dags/example_kubernetes_executor.py
[2026-08-12T04:32:58.475+0000] {processor.py:925} INFO - DAG(s) 'example_kubernetes_executor' retrieved from /home/airflow/.local/lib/python3.12/site-packages/airflow/example_dags/example_kubernetes_executor.py
[2026-08-12T04:32:58.525+0000] {logging_mixin.py:190} INFO - [2026-08-12T04:32:58.524+0000] {dag.py:3211} INFO - Sync 1 DAGs
[2026-08-12T04:32:58.540+0000] {logging_mixin.py:190} INFO - [2026-08-12T04:32:58.540+0000] {dag.py:4138} INFO - Setting next_dagrun for example_kubernetes_executor to None, run_after=None
[2026-08-12T04:32:58.573+0000] {processor.py:208} INFO - Processing /home/airflow/.local/lib/python3.12/site-packages/airflow/example_dags/example_kubernetes_executor.py took 0.133 seconds
[2026-08-12T04:33:28.681+0000] {processor.py:186} INFO - Started process (PID=287) to work on /home/airflow/.local/lib/python3.12/site-packages/airflow/example_dags/example_kubernetes_executor.py
[2026-08-12T04:33:28.686+0000] {processor.py:914} INFO - Processing file /home/airflow/.local/lib/python3.12/site-packages/airflow/example_dags/example_kubernetes_executor.py for tasks to queue
[2026-08-12T04:33:28.692+0000] {logging_mixin.py:190} INFO - [2026-08-12T04:33:28.691+0000] {dagbag.py:587} INFO - Filling up the DagBag from /home/airflow/.local/lib/python3.12/site-packages/airflow/example_dags/example_kubernetes_executor.py
[2026-08-12T04:33:28.719+0000] {processor.py:925} INFO - DAG(s) 'example_kubernetes_executor' retrieved from /home/airflow/.local/lib/python3.12/site-packages/airflow/example_dags/example_kubernetes_executor.py
[2026-08-12T04:33:28.794+0000] {logging_mixin.py:190} INFO - [2026-08-12T04:33:28.794+0000] {dag.py:3211} INFO - Sync 1 DAGs
[2026-08-12T04:33:28.821+0000] {logging_mixin.py:190} INFO - [2026-08-12T04:33:28.821+0000] {dag.py:4138} INFO - Setting next_dagrun for example_kubernetes_executor to None, run_after=None
[2026-08-12T04:33:28.865+0000] {processor.py:208} INFO - Processing /home/airflow/.local/lib/python3.12/site-packages/airflow/example_dags/example_kubernetes_executor.py took 0.191 seconds
[2026-08-12T04:33:59.776+0000] {processor.py:186} INFO - Started process (PID=350) to work on /home/airflow/.local/lib/python3.12/site-packages/airflow/example_dags/example_kubernetes_executor.py
[2026-08-12T04:33:59.779+0000] {processor.py:914} INFO - Processing file /home/airflow/.local/lib/python3.12/site-packages/airflow/example_dags/example_kubernetes_executor.py for tasks to queue
[2026-08-12T04:33:59.784+0000] {logging_mixin.py:190} INFO - [2026-08-12T04:33:59.783+0000] {dagbag.py:587} INFO - Filling up the DagBag from /home/airflow/.local/lib/python3.12/site-packages/airflow/example_dags/example_kubernetes_executor.py
[2026-08-12T04:33:59.811+0000] {processor.py:925} INFO - DAG(s) 'example_kubernetes_executor' retrieved from /home/airflow/.local/lib/python3.12/site-packages/airflow/example_dags/example_kubernetes_executor.py
[2026-08-12T04:33:59.862+0000] {logging_mixin.py:190} INFO - [2026-08-12T04:33:59.862+0000] {dag.py:3211} INFO - Sync 1 DAGs
[2026-08-12T04:33:59.883+0000] {logging_mixin.py:190} INFO - [2026-08-12T04:33:59.883+0000] {dag.py:4138} INFO - Setting next_dagrun for example_kubernetes_executor to None, run_after=None
[2026-08-12T04:33:59.910+0000] {processor.py:208} INFO - Processing /home/airflow/.local/lib/python3.12/site-packages/airflow/example_dags/example_kubernetes_executor.py took 0.143 seconds
[2026-08-12T04:35:59.059+0000] {processor.py:186} INFO - Started process (PID=94) to work on /home/airflow/.local/lib/python3.12/site-packages/airflow/example_dags/example_kubernetes_executor.py
[2026-08-12T04:35:59.061+0000] {processor.py:914} INFO - Processing file /home/airflow/.local/lib/python3.12/site-packages/airflow/example_dags/example_kubernetes_executor.py for tasks to queue
[2026-08-12T04:35:59.065+0000] {logging_mixin.py:190} INFO - [2026-08-12T04:35:59.064+0000] {dagbag.py:587} INFO - Filling up the DagBag from /home/airflow/.local/lib/python3.12/site-packages/airflow/example_dags/example_kubernetes_executor.py
[2026-08-12T04:35:59.091+0000] {processor.py:925} INFO - DAG(s) 'example_kubernetes_executor' retrieved from /home/airflow/.local/lib/python3.12/site-packages/airflow/example_dags/example_kubernetes_executor.py
[2026-08-12T04:35:59.150+0000] {logging_mixin.py:190} INFO - [2026-08-12T04:35:59.150+0000] {dag.py:3211} INFO - Sync 1 DAGs
[2026-08-12T04:35:59.175+0000] {logging_mixin.py:190} INFO - [2026-08-12T04:35:59.175+0000] {dag.py:4138} INFO - Setting next_dagrun for example_kubernetes_executor to None, run_after=None
[2026-08-12T04:35:59.205+0000] {processor.py:208} INFO - Processing /home/airflow/.local/lib/python3.12/site-packages/airflow/example_dags/example_kubernetes_executor.py took 0.156 seconds
[2026-08-12T04:36:29.748+0000] {processor.py:186} INFO - Started process (PID=156) to work on /home/airflow/.local/lib/python3.12/site-packages/airflow/example_dags/example_kubernetes_executor.py
[2026-08-12T04:36:29.750+0000] {processor.py:914} INFO - Processing file /home/airflow/.local/lib/python3.12/site-packages/airflow/example_dags/example_kubernetes_executor.py for tasks to queue
[2026-08-12T04:36:29.756+0000] {logging_mixin.py:190} INFO - [2026-08-12T04:36:29.756+0000] {dagbag.py:587} INFO - Filling up the DagBag from /home/airflow/.local/lib/python3.12/site-packages/airflow/example_dags/example_kubernetes_executor.py
[2026-08-12T04:36:29.789+0000] {processor.py:925} INFO - DAG(s) 'example_kubernetes_executor' retrieved from /home/airflow/.local/lib/python3.12/site-packages/airflow/example_dags/example_kubernetes_executor.py
[2026-08-12T04:36:29.858+0000] {logging_mixin.py:190} INFO - [2026-08-12T04:36:29.858+0000] {dag.py:3211} INFO - Sync 1 DAGs
[2026-08-12T04:36:29.919+0000] {logging_mixin.py:190} INFO - [2026-08-12T04:36:29.918+0000] {dag.py:4138} INFO - Setting next_dagrun for example_kubernetes_executor to None, run_after=None
[2026-08-12T04:36:29.996+0000] {processor.py:208} INFO - Processing /home/airflow/.local/lib/python3.12/site-packages/airflow/example_dags/example_kubernetes_executor.py took 0.257 seconds
[2026-08-12T04:37:00.792+0000] {processor.py:186} INFO - Started process (PID=218) to work on /home/airflow/.local/lib/python3.12/site-packages/airflow/example_dags/example_kubernetes_executor.py
[2026-08-12T04:37:00.794+0000] {processor.py:914} INFO - Processing file /home/airflow/.local/lib/python3.12/site-packages/airflow/example_dags/example_kubernetes_executor.py for tasks to queue
[2026-08-12T04:37:00.797+0000] {logging_mixin.py:190} INFO - [2026-08-12T04:37:00.797+0000] {dagbag.py:587} INFO - Filling up the DagBag from /home/airflow/.local/lib/python3.12/site-packages/airflow/example_dags/example_kubernetes_executor.py
[2026-08-12T04:37:00.815+0000] {processor.py:925} INFO - DAG(s) 'example_kubernetes_executor' retrieved from /home/airflow/.local/lib/python3.12/site-packages/airflow/example_dags/example_kubernetes_executor.py
[2026-08-12T04:37:00.862+0000] {logging_mixin.py:190} INFO - [2026-08-12T04:37:00.861+0000] {dag.py:3211} INFO - Sync 1 DAGs
[2026-08-12T04:37:00.890+0000] {logging_mixin.py:190} INFO - [2026-08-12T04:37:00.890+0000] {dag.py:4138} INFO - Setting next_dagrun for example_kubernetes_executor to None, run_after=None
[2026-08-12T04:37:00.915+0000] {processor.py:208} INFO - Processing /home/airflow/.local/lib/python3.12/site-packages/airflow/example_dags/example_kubernetes_executor.py took 0.130 seconds
[2026-08-12T04:37:31.307+0000] {processor.py:186} INFO - Started process (PID=280) to work on /home/airflow/.local/lib/python3.12/site-packages/airflow/example_dags/example_kubernetes_executor.py
[2026-08-12T04:37:31.310+0000] {processor.py:914} INFO - Processing file /home/airflow/.local/lib/python3.12/site-packages/airflow/example_dags/example_kubernetes_executor.py for tasks to queue
[2026-08-12T04:37:31.316+0000] {logging_mixin.py:190} INFO - [2026-08-12T04:37:31.316+0000] {dagbag.py:587} INFO - Filling up the DagBag from /home/airflow/.local/lib/python3.12/site-packages/airflow/example_dags/example_kubernetes_executor.py
[2026-08-12T04:37:31.340+0000] {processor.py:925} INFO - DAG(s) 'example_kubernetes_executor' retrieved from /home/airflow/.local/lib/python3.12/site-packages/airflow/example_dags/example_kubernetes_executor.py
[2026-08-12T04:37:31.390+0000] {logging_mixin.py:190} INFO - [2026-08-12T04:37:31.390+0000] {dag.py:3211} INFO - Sync 1 DAGs
[2026-08-12T04:37:31.415+0000] {logging_mixin.py:190} INFO - [2026-08-12T04:37:31.415+0000] {dag.py:4138} INFO - Setting next_dagrun for example_kubernetes_executor to None, run_after=None
[2026-08-12T04:37:31.460+0000] {processor.py:208} INFO - Processing /home/airflow/.local/lib/python3.12/site-packages/airflow/example_dags/example_kubernetes_executor.py took 0.165 seconds
[2026-08-12T04:38:01.790+0000] {processor.py:186} INFO - Started process (PID=342) to work on /home/airflow/.local/lib/python3.12/site-packages/airflow/example_dags/example_kubernetes_executor.py
[2026-08-12T04:38:01.791+0000] {processor.py:914} INFO - Processing file /home/airflow/.local/lib/python3.12/site-packages/airflow/example_dags/example_kubernetes_executor.py for tasks to queue
[2026-08-12T04:38:01.795+0000] {logging_mixin.py:190} INFO - [2026-08-12T04:38:01.794+0000] {dagbag.py:587} INFO - Filling up the DagBag from /home/airflow/.local/lib/python3.12/site-packages/airflow/example_dags/example_kubernetes_executor.py
[2026-08-12T04:38:01.815+0000] {processor.py:925} INFO - DAG(s) 'example_kubernetes_executor' retrieved from /home/airflow/.local/lib/python3.12/site-packages/airflow/example_dags/example_kubernetes_executor.py
[2026-08-12T04:38:01.858+0000] {logging_mixin.py:190} INFO - [2026-08-12T04:38:01.858+0000] {dag.py:3211} INFO - Sync 1 DAGs
[2026-08-12T04:38:01.873+0000] {logging_mixin.py:190} INFO - [2026-08-12T04:38:01.873+0000] {dag.py:4138} INFO - Setting next_dagrun for example_kubernetes_executor to None, run_after=None
[2026-08-12T04:38:01.897+0000] {processor.py:208} INFO - Processing /home/airflow/.local/lib/python3.12/site-packages/airflow/example_dags/example_kubernetes_executor.py took 0.114 seconds
[2026-08-12T04:38:32.947+0000] {processor.py:186} INFO - Started process (PID=404) to work on /home/airflow/.local/lib/python3.12/site-packages/airflow/example_dags/example_kubernetes_executor.py
[2026-08-12T04:38:32.949+0000] {processor.py:914} INFO - Processing file /home/airflow/.local/lib/python3.12/site-packages/airflow/example_dags/example_kubernetes_executor.py for tasks to queue
[2026-08-12T04:38:32.952+0000] {logging_mixin.py:190} INFO - [2026-08-12T04:38:32.952+0000] {dagbag.py:587} INFO - Filling up the DagBag from /home/airflow/.local/lib/python3.12/site-packages/airflow/example_dags/example_kubernetes_executor.py
[2026-08-12T04:38:32.978+0000] {processor.py:925} INFO - DAG(s) 'example_kubernetes_executor' retrieved from /home/airflow/.local/lib/python3.12/site-packages/airflow/example_dags/example_kubernetes_executor.py
[2026-08-12T04:38:33.027+0000] {logging_mixin.py:190} INFO - [2026-08-12T04:38:33.026+0000] {dag.py:3211} INFO - Sync 1 DAGs
[2026-08-12T04:38:33.046+0000] {logging_mixin.py:190} INFO - [2026-08-12T04:38:33.046+0000] {dag.py:4138} INFO - Setting next_dagrun for example_kubernetes_executor to None, run_after=None
[2026-08-12T04:38:33.078+0000] {processor.py:208} INFO - Processing /home/airflow/.local/lib/python3.12/site-packages/airflow/example_dags/example_kubernetes_executor.py took 0.140 seconds
[2026-08-12T04:39:04.102+0000] {processor.py:186} INFO - Started process (PID=466) to work on /home/airflow/.local/lib/python3.12/site-packages/airflow/example_dags/example_kubernetes_executor.py
[2026-08-12T04:39:04.104+0000] {processor.py:914} INFO - Processing file /home/airflow/.local/lib/python3.12/site-packages/airflow/example_dags/example_kubernetes_executor.py for tasks to queue
[2026-08-12T04:39:04.109+0000] {logging_mixin.py:190} INFO - [2026-08-12T04:39:04.109+0000] {dagbag.py:587} INFO - Filling up the DagBag from /home/airflow/.local/lib/python3.12/site-packages/airflow/example_dags/example_kubernetes_executor.py
[2026-08-12T04:39:04.131+0000] {processor.py:925} INFO - DAG(s) 'example_kubernetes_executor' retrieved from /home/airflow/.local/lib/python3.12/site-packages/airflow/example_dags/example_kubernetes_executor.py
[2026-08-12T04:39:04.186+0000] {logging_mixin.py:190} INFO - [2026-08-12T04:39:04.185+0000] {dag.py:3211} INFO - Sync 1 DAGs
[2026-08-12T04:39:04.215+0000] {logging_mixin.py:190} INFO - [2026-08-12T04:39:04.215+0000] {dag.py:4138} INFO - Setting next_dagrun for example_kubernetes_executor to None, run_after=None
[2026-08-12T04:39:04.266+0000] {processor.py:208} INFO - Processing /home/airflow/.local/lib/python3.12/site-packages/airflow/example_dags/example_kubernetes_executor.py took 0.173 seconds
[2026-08-12T04:39:35.595+0000] {processor.py:186} INFO - Started process (PID=528) to work on /home/airflow/.local/lib/python3.12/site-packages/airflow/example_dags/example_kubernetes_executor.py
[2026-08-12T04:39:35.600+0000] {processor.py:914} INFO - Processing file /home/airflow/.local/lib/python3.12/site-packages/airflow/example_dags/example_kubernetes_executor.py for tasks to queue
[2026-08-12T04:39:35.608+0000] {logging_mixin.py:190} INFO - [2026-08-12T04:39:35.607+0000] {dagbag.py:587} INFO - Filling up the DagBag from /home/airflow/.local/lib/python3.12/site-packages/airflow/example_dags/example_kubernetes_executor.py
[2026-08-12T04:39:35.639+0000] {processor.py:925} INFO - DAG(s) 'example_kubernetes_executor' retrieved from /home/airflow/.local/lib/python3.12/site-packages/airflow/example_dags/example_kubernetes_executor.py
[2026-08-12T04:39:35.693+0000] {logging_mixin.py:190} INFO - [2026-08-12T04:39:35.692+0000] {dag.py:3211} INFO - Sync 1 DAGs
[2026-08-12T04:39:35.715+0000] {logging_mixin.py:190} INFO - [2026-08-12T04:39:35.715+0000] {dag.py:4138} INFO - Setting next_dagrun for example_kubernetes_executor to None, run_after=None
[2026-08-12T04:39:35.758+0000] {processor.py:208} INFO - Processing /home/airflow/.local/lib/python3.12/site-packages/airflow/example_dags/example_kubernetes_executor.py took 0.175 seconds
[2026-08-12T04:40:07.090+0000] {processor.py:186} INFO - Started process (PID=590) to work on /home/airflow/.local/lib/python3.12/site-packages/airflow/example_dags/example_kubernetes_executor.py
[2026-08-12T04:40:07.092+0000] {processor.py:914} INFO - Processing file /home/airflow/.local/lib/python3.12/site-packages/airflow/example_dags/example_kubernetes_executor.py for tasks to queue
[2026-08-12T04:40:07.095+0000] {logging_mixin.py:190} INFO - [2026-08-12T04:40:07.095+0000] {dagbag.py:587} INFO - Filling up the DagBag from /home/airflow/.local/lib/python3.12/site-packages/airflow/example_dags/example_kubernetes_executor.py
[2026-08-12T04:40:07.115+0000] {processor.py:925} INFO - DAG(s) 'example_kubernetes_executor' retrieved from /home/airflow/.local/lib/python3.12/site-packages/airflow/example_dags/example_kubernetes_executor.py
[2026-08-12T04:40:07.183+0000] {logging_mixin.py:190} INFO - [2026-08-12T04:40:07.183+0000] {dag.py:3211} INFO - Sync 1 DAGs
[2026-08-12T04:40:07.209+0000] {logging_mixin.py:190} INFO - [2026-08-12T04:40:07.209+0000] {dag.py:4138} INFO - Setting next_dagrun for example_kubernetes_executor to None, run_after=None
[2026-08-12T04:40:07.238+0000] {processor.py:208} INFO - Processing /home/airflow/.local/lib/python3.12/site-packages/airflow/example_dags/example_kubernetes_executor.py took 0.156 seconds
[2026-08-12T04:40:37.757+0000] {processor.py:186} INFO - Started process (PID=652) to work on /home/airflow/.local/lib/python3.12/site-packages/airflow/example_dags/example_kubernetes_executor.py
[2026-08-12T04:40:37.759+0000] {processor.py:914} INFO - Processing file /home/airflow/.local/lib/python3.12/site-packages/airflow/example_dags/example_kubernetes_executor.py for tasks to queue
[2026-08-12T04:40:37.763+0000] {logging_mixin.py:190} INFO - [2026-08-12T04:40:37.763+0000] {dagbag.py:587} INFO - Filling up the DagBag from /home/airflow/.local/lib/python3.12/site-packages/airflow/example_dags/example_kubernetes_executor.py
[2026-08-12T04:40:37.791+0000] {processor.py:925} INFO - DAG(s) 'example_kubernetes_executor' retrieved from /home/airflow/.local/lib/python3.12/site-packages/airflow/example_dags/example_kubernetes_executor.py
[2026-08-12T04:40:37.869+0000] {logging_mixin.py:190} INFO - [2026-08-12T04:40:37.869+0000] {dag.py:3211} INFO - Sync 1 DAGs
[2026-08-12T04:40:37.895+0000] {logging_mixin.py:190} INFO - [2026-08-12T04:40:37.895+0000] {dag.py:4138} INFO - Setting next_dagrun for example_kubernetes_executor to None, run_after=None
[2026-08-12T04:40:37.941+0000] {processor.py:208} INFO - Processing /home/airflow/.local/lib/python3.12/site-packages/airflow/example_dags/example_kubernetes_executor.py took 0.193 seconds
[2026-08-12T04:41:08.139+0000] {processor.py:186} INFO - Started process (PID=714) to work on /home/airflow/.local/lib/python3.12/site-packages/airflow/example_dags/example_kubernetes_executor.py
[2026-08-12T04:41:08.141+0000] {processor.py:914} INFO - Processing file /home/airflow/.local/lib/python3.12/site-packages/airflow/example_dags/example_kubernetes_executor.py for tasks to queue
[2026-08-12T04:41:08.146+0000] {logging_mixin.py:190} INFO - [2026-08-12T04:41:08.146+0000] {dagbag.py:587} INFO - Filling up the DagBag from /home/airflow/.local/lib/python3.12/site-packages/airflow/example_dags/example_kubernetes_executor.py
[2026-08-12T04:41:08.182+0000] {processor.py:925} INFO - DAG(s) 'example_kubernetes_executor' retrieved from /home/airflow/.local/lib/python3.12/site-packages/airflow/example_dags/example_kubernetes_executor.py
[2026-08-12T04:41:08.231+0000] {logging_mixin.py:190} INFO - [2026-08-12T04:41:08.231+0000] {dag.py:3211} INFO - Sync 1 DAGs
[2026-08-12T04:41:08.250+0000] {logging_mixin.py:190} INFO - [2026-08-12T04:41:08.250+0000] {dag.py:4138} INFO - Setting next_dagrun for example_kubernetes_executor to None, run_after=None
[2026-08-12T04:41:08.281+0000] {processor.py:208} INFO - Processing /home/airflow/.local/lib/python3.12/site-packages/airflow/example_dags/example_kubernetes_executor.py took 0.147 seconds
[2026-08-12T04:41:38.745+0000] {processor.py:186} INFO - Started process (PID=776) to work on /home/airflow/.local/lib/python3.12/site-packages/airflow/example_dags/example_kubernetes_executor.py
[2026-08-12T04:41:38.747+0000] {processor.py:914} INFO - Processing file /home/airflow/.local/lib/python3.12/site-packages/airflow/example_dags/example_kubernetes_executor.py for tasks to queue
[2026-08-12T04:41:38.750+0000] {logging_mixin.py:190} INFO - [2026-08-12T04:41:38.749+0000] {dagbag.py:587} INFO - Filling up the DagBag from /home/airflow/.local/lib/python3.12/site-packages/airflow/example_dags/example_kubernetes_executor.py
[2026-08-12T04:41:38.769+0000] {processor.py:925} INFO - DAG(s) 'example_kubernetes_executor' retrieved from /home/airflow/.local/lib/python3.12/site-packages/airflow/example_dags/example_kubernetes_executor.py
[2026-08-12T04:41:38.830+0000] {logging_mixin.py:190} INFO - [2026-08-12T04:41:38.830+0000] {dag.py:3211} INFO - Sync 1 DAGs
[2026-08-12T04:41:38.852+0000] {logging_mixin.py:190} INFO - [2026-08-12T04:41:38.852+0000] {dag.py:4138} INFO - Setting next_dagrun for example_kubernetes_executor to None, run_after=None
[2026-08-12T04:41:38.886+0000] {processor.py:208} INFO - Processing /home/airflow/.local/lib/python3.12/site-packages/airflow/example_dags/example_kubernetes_executor.py took 0.148 seconds
[2026-08-12T04:42:09.391+0000] {processor.py:186} INFO - Started process (PID=838) to work on /home/airflow/.local/lib/python3.12/site-packages/airflow/example_dags/example_kubernetes_executor.py
[2026-08-12T04:42:09.393+0000] {processor.py:914} INFO - Processing file /home/airflow/.local/lib/python3.12/site-packages/airflow/example_dags/example_kubernetes_executor.py for tasks to queue
[2026-08-12T04:42:09.396+0000] {logging_mixin.py:190} INFO - [2026-08-12T04:42:09.395+0000] {dagbag.py:587} INFO - Filling up the DagBag from /home/airflow/.local/lib/python3.12/site-packages/airflow/example_dags/example_kubernetes_executor.py
[2026-08-12T04:42:09.409+0000] {processor.py:925} INFO - DAG(s) 'example_kubernetes_executor' retrieved from /home/airflow/.local/lib/python3.12/site-packages/airflow/example_dags/example_kubernetes_executor.py
[2026-08-12T04:42:09.448+0000] {logging_mixin.py:190} INFO - [2026-08-12T04:42:09.448+0000] {dag.py:3211} INFO - Sync 1 DAGs
[2026-08-12T04:42:09.462+0000] {logging_mixin.py:190} INFO - [2026-08-12T04:42:09.461+0000] {dag.py:4138} INFO - Setting next_dagrun for example_kubernetes_executor to None, run_after=None
[2026-08-12T04:42:09.482+0000] {processor.py:208} INFO - Processing /home/airflow/.local/lib/python3.12/site-packages/airflow/example_dags/example_kubernetes_executor.py took 0.096 seconds
[2026-08-12T04:42:39.843+0000] {processor.py:186} INFO - Started process (PID=900) to work on /home/airflow/.local/lib/python3.12/site-packages/airflow/example_dags/example_kubernetes_executor.py
[2026-08-12T04:42:39.845+0000] {processor.py:914} INFO - Processing file /home/airflow/.local/lib/python3.12/site-packages/airflow/example_dags/example_kubernetes_executor.py for tasks to queue
[2026-08-12T04:42:39.848+0000] {logging_mixin.py:190} INFO - [2026-08-12T04:42:39.848+0000] {dagbag.py:587} INFO - Filling up the DagBag from /home/airflow/.local/lib/python3.12/site-packages/airflow/example_dags/example_kubernetes_executor.py
[2026-08-12T04:42:39.870+0000] {processor.py:925} INFO - DAG(s) 'example_kubernetes_executor' retrieved from /home/airflow/.local/lib/python3.12/site-packages/airflow/example_dags/example_kubernetes_executor.py
[2026-08-12T04:42:39.917+0000] {logging_mixin.py:190} INFO - [2026-08-12T04:42:39.916+0000] {dag.py:3211} INFO - Sync 1 DAGs
[2026-08-12T04:42:39.937+0000] {logging_mixin.py:190} INFO - [2026-08-12T04:42:39.936+0000] {dag.py:4138} INFO - Setting next_dagrun for example_kubernetes_executor to None, run_after=None
[2026-08-12T04:42:39.964+0000] {processor.py:208} INFO - Processing /home/airflow/.local/lib/python3.12/site-packages/airflow/example_dags/example_kubernetes_executor.py took 0.128 seconds
[2026-08-12T04:43:10.162+0000] {processor.py:186} INFO - Started process (PID=962) to work on /home/airflow/.local/lib/python3.12/site-packages/airflow/example_dags/example_kubernetes_executor.py
[2026-08-12T04:43:10.163+0000] {processor.py:914} INFO - Processing file /home/airflow/.local/lib/python3.12/site-packages/airflow/example_dags/example_kubernetes_executor.py for tasks to queue
[2026-08-12T04:43:10.166+0000] {logging_mixin.py:190} INFO - [2026-08-12T04:43:10.166+0000] {dagbag.py:587} INFO - Filling up the DagBag from /home/airflow/.local/lib/python3.12/site-packages/airflow/example_dags/example_kubernetes_executor.py
[2026-08-12T04:43:10.179+0000] {processor.py:925} INFO - DAG(s) 'example_kubernetes_executor' retrieved from /home/airflow/.local/lib/python3.12/site-packages/airflow/example_dags/example_kubernetes_executor.py
[2026-08-12T04:43:10.212+0000] {logging_mixin.py:190} INFO - [2026-08-12T04:43:10.212+0000] {dag.py:3211} INFO - Sync 1 DAGs
[2026-08-12T04:43:10.226+0000] {logging_mixin.py:190} INFO - [2026-08-12T04:43:10.226+0000] {dag.py:4138} INFO - Setting next_dagrun for example_kubernetes_executor to None, run_after=None
[2026-08-12T04:43:10.246+0000] {processor.py:208} INFO - Processing /home/airflow/.local/lib/python3.12/site-packages/airflow/example_dags/example_kubernetes_executor.py took 0.090 seconds
[2026-08-12T04:43:41.117+0000] {processor.py:186} INFO - Started process (PID=1024) to work on /home/airflow/.local/lib/python3.12/site-packages/airflow/example_dags/example_kubernetes_executor.py
[2026-08-12T04:43:41.119+0000] {processor.py:914} INFO - Processing file /home/airflow/.local/lib/python3.12/site-packages/airflow/example_dags/example_kubernetes_executor.py for tasks to queue
[2026-08-12T04:43:41.125+0000] {logging_mixin.py:190} INFO - [2026-08-12T04:43:41.124+0000] {dagbag.py:587} INFO - Filling up the DagBag from /home/airflow/.local/lib/python3.12/site-packages/airflow/example_dags/example_kubernetes_executor.py
[2026-08-12T04:43:41.153+0000] {processor.py:925} INFO - DAG(s) 'example_kubernetes_executor' retrieved from /home/airflow/.local/lib/python3.12/site-packages/airflow/example_dags/example_kubernetes_executor.py
[2026-08-12T04:43:41.216+0000] {logging_mixin.py:190} INFO - [2026-08-12T04:43:41.216+0000] {dag.py:3211} INFO - Sync 1 DAGs
[2026-08-12T04:43:41.238+0000] {logging_mixin.py:190} INFO - [2026-08-12T04:43:41.238+0000] {dag.py:4138} INFO - Setting next_dagrun for example_kubernetes_executor to None, run_after=None
[2026-08-12T04:43:41.267+0000] {processor.py:208} INFO - Processing /home/airflow/.local/lib/python3.12/site-packages/airflow/example_dags/example_kubernetes_executor.py took 0.159 seconds
[2026-08-12T04:44:11.776+0000] {processor.py:186} INFO - Started process (PID=1092) to work on /home/airflow/.local/lib/python3.12/site-packages/airflow/example_dags/example_kubernetes_executor.py
[2026-08-12T04:44:11.779+0000] {processor.py:914} INFO - Processing file /home/airflow/.local/lib/python3.12/site-packages/airflow/example_dags/example_kubernetes_executor.py for tasks to queue
[2026-08-12T04:44:11.784+0000] {logging_mixin.py:190} INFO - [2026-08-12T04:44:11.783+0000] {dagbag.py:587} INFO - Filling up the DagBag from /home/airflow/.local/lib/python3.12/site-packages/airflow/example_dags/example_kubernetes_executor.py
[2026-08-12T04:44:11.811+0000] {processor.py:925} INFO - DAG(s) 'example_kubernetes_executor' retrieved from /home/airflow/.local/lib/python3.12/site-packages/airflow/example_dags/example_kubernetes_executor.py
[2026-08-12T04:44:11.862+0000] {logging_mixin.py:190} INFO - [2026-08-12T04:44:11.862+0000] {dag.py:3211} INFO - Sync 1 DAGs
[2026-08-12T04:44:11.889+0000] {logging_mixin.py:190} INFO - [2026-08-12T04:44:11.888+0000] {dag.py:4138} INFO - Setting next_dagrun for example_kubernetes_executor to None, run_after=None
[2026-08-12T04:44:11.936+0000] {processor.py:208} INFO - Processing /home/airflow/.local/lib/python3.12/site-packages/airflow/example_dags/example_kubernetes_executor.py took 0.169 seconds
[2026-08-12T04:44:42.338+0000] {processor.py:186} INFO - Started process (PID=1155) to work on /home/airflow/.local/lib/python3.12/site-packages/airflow/example_dags/example_kubernetes_executor.py
[2026-08-12T04:44:42.341+0000] {processor.py:914} INFO - Processing file /home/airflow/.local/lib/python3.12/site-packages/airflow/example_dags/example_kubernetes_executor.py for tasks to queue
[2026-08-12T04:44:42.345+0000] {logging_mixin.py:190} INFO - [2026-08-12T04:44:42.344+0000] {dagbag.py:587} INFO - Filling up the DagBag from /home/airflow/.local/lib/python3.12/site-packages/airflow/example_dags/example_kubernetes_executor.py
[2026-08-12T04:44:42.361+0000] {processor.py:925} INFO - DAG(s) 'example_kubernetes_executor' retrieved from /home/airflow/.local/lib/python3.12/site-packages/airflow/example_dags/example_kubernetes_executor.py
[2026-08-12T04:44:42.398+0000] {logging_mixin.py:190} INFO - [2026-08-12T04:44:42.397+0000] {dag.py:3211} INFO - Sync 1 DAGs
[2026-08-12T04:44:42.414+0000] {logging_mixin.py:190} INFO - [2026-08-12T04:44:42.414+0000] {dag.py:4138} INFO - Setting next_dagrun for example_kubernetes_executor to None, run_after=None
[2026-08-12T04:44:42.435+0000] {processor.py:208} INFO - Processing /home/airflow/.local/lib/python3.12/site-packages/airflow/example_dags/example_kubernetes_executor.py took 0.105 seconds
[2026-08-12T04:45:13.362+0000] {processor.py:186} INFO - Started process (PID=1217) to work on /home/airflow/.local/lib/python3.12/site-packages/airflow/example_dags/example_kubernetes_executor.py
[2026-08-12T04:45:13.368+0000] {processor.py:914} INFO - Processing file /home/airflow/.local/lib/python3.12/site-packages/airflow/example_dags/example_kubernetes_executor.py for tasks to queue
[2026-08-12T04:45:13.373+0000] {logging_mixin.py:190} INFO - [2026-08-12T04:45:13.373+0000] {dagbag.py:587} INFO - Filling up the DagBag from /home/airflow/.local/lib/python3.12/site-packages/airflow/example_dags/example_kubernetes_executor.py
[2026-08-12T04:45:13.404+0000] {processor.py:925} INFO - DAG(s) 'example_kubernetes_executor' retrieved from /home/airflow/.local/lib/python3.12/site-packages/airflow/example_dags/example_kubernetes_executor.py
[2026-08-12T04:45:13.499+0000] {logging_mixin.py:190} INFO - [2026-08-12T04:45:13.498+0000] {dag.py:3211} INFO - Sync 1 DAGs
[2026-08-12T04:45:13.531+0000] {logging_mixin.py:190} INFO - [2026-08-12T04:45:13.531+0000] {dag.py:4138} INFO - Setting next_dagrun for example_kubernetes_executor to None, run_after=None
[2026-08-12T04:45:13.574+0000] {processor.py:208} INFO - Processing /home/airflow/.local/lib/python3.12/site-packages/airflow/example_dags/example_kubernetes_executor.py took 0.224 seconds
[2026-08-12T04:45:44.630+0000] {processor.py:186} INFO - Started process (PID=1279) to work on /home/airflow/.local/lib/python3.12/site-packages/airflow/example_dags/example_kubernetes_executor.py
[2026-08-12T04:45:44.634+0000] {processor.py:914} INFO - Processing file /home/airflow/.local/lib/python3.12/site-packages/airflow/example_dags/example_kubernetes_executor.py for tasks to queue
[2026-08-12T04:45:44.639+0000] {logging_mixin.py:190} INFO - [2026-08-12T04:45:44.639+0000] {dagbag.py:587} INFO - Filling up the DagBag from /home/airflow/.local/lib/python3.12/site-packages/airflow/example_dags/example_kubernetes_executor.py
[2026-08-12T04:45:44.673+0000] {processor.py:925} INFO - DAG(s) 'example_kubernetes_executor' retrieved from /home/airflow/.local/lib/python3.12/site-packages/airflow/example_dags/example_kubernetes_executor.py
[2026-08-12T04:45:44.748+0000] {logging_mixin.py:190} INFO - [2026-08-12T04:45:44.748+0000] {dag.py:3211} INFO - Sync 1 DAGs
[2026-08-12T04:45:44.769+0000] {logging_mixin.py:190} INFO - [2026-08-12T04:45:44.768+0000] {dag.py:4138} INFO - Setting next_dagrun for example_kubernetes_executor to None, run_after=None
[2026-08-12T04:45:44.798+0000] {processor.py:208} INFO - Processing /home/airflow/.local/lib/python3.12/site-packages/airflow/example_dags/example_kubernetes_executor.py took 0.181 seconds
[2026-08-12T04:46:14.979+0000] {processor.py:186} INFO - Started process (PID=1341) to work on /home/airflow/.local/lib/python3.12/site-packages/airflow/example_dags/example_kubernetes_executor.py
[2026-08-12T04:46:14.981+0000] {processor.py:914} INFO - Processing file /home/airflow/.local/lib/python3.12/site-packages/airflow/example_dags/example_kubernetes_executor.py for tasks to queue
[2026-08-12T04:46:14.985+0000] {logging_mixin.py:190} INFO - [2026-08-12T04:46:14.985+0000] {dagbag.py:587} INFO - Filling up the DagBag from /home/airflow/.local/lib/python3.12/site-packages/airflow/example_dags/example_kubernetes_executor.py
[2026-08-12T04:46:15.002+0000] {processor.py:925} INFO - DAG(s) 'example_kubernetes_executor' retrieved from /home/airflow/.local/lib/python3.12/site-packages/airflow/example_dags/example_kubernetes_executor.py
[2026-08-12T04:46:15.040+0000] {logging_mixin.py:190} INFO - [2026-08-12T04:46:15.040+0000] {dag.py:3211} INFO - Sync 1 DAGs
[2026-08-12T04:46:15.058+0000] {logging_mixin.py:190} INFO - [2026-08-12T04:46:15.057+0000] {dag.py:4138} INFO - Setting next_dagrun for example_kubernetes_executor to None, run_after=None
[2026-08-12T04:46:15.084+0000] {processor.py:208} INFO - Processing /home/airflow/.local/lib/python3.12/site-packages/airflow/example_dags/example_kubernetes_executor.py took 0.113 seconds
[2026-08-12T04:46:45.328+0000] {processor.py:186} INFO - Started process (PID=1403) to work on /home/airflow/.local/lib/python3.12/site-packages/airflow/example_dags/example_kubernetes_executor.py
[2026-08-12T04:46:45.329+0000] {processor.py:914} INFO - Processing file /home/airflow/.local/lib/python3.12/site-packages/airflow/example_dags/example_kubernetes_executor.py for tasks to queue
[2026-08-12T04:46:45.332+0000] {logging_mixin.py:190} INFO - [2026-08-12T04:46:45.332+0000] {dagbag.py:587} INFO - Filling up the DagBag from /home/airflow/.local/lib/python3.12/site-packages/airflow/example_dags/example_kubernetes_executor.py
[2026-08-12T04:46:45.346+0000] {processor.py:925} INFO - DAG(s) 'example_kubernetes_executor' retrieved from /home/airflow/.local/lib/python3.12/site-packages/airflow/example_dags/example_kubernetes_executor.py
[2026-08-12T04:46:45.383+0000] {logging_mixin.py:190} INFO - [2026-08-12T04:46:45.383+0000] {dag.py:3211} INFO - Sync 1 DAGs
[2026-08-12T04:46:45.399+0000] {logging_mixin.py:190} INFO - [2026-08-12T04:46:45.399+0000] {dag.py:4138} INFO - Setting next_dagrun for example_kubernetes_executor to None, run_after=None
[2026-08-12T04:46:45.427+0000] {processor.py:208} INFO - Processing /home/airflow/.local/lib/python3.12/site-packages/airflow/example_dags/example_kubernetes_executor.py took 0.106 seconds
[2026-08-12T04:47:16.110+0000] {processor.py:186} INFO - Started process (PID=1464) to work on /home/airflow/.local/lib/python3.12/site-packages/airflow/example_dags/example_kubernetes_executor.py
[2026-08-12T04:47:16.113+0000] {processor.py:914} INFO - Processing file /home/airflow/.local/lib/python3.12/site-packages/airflow/example_dags/example_kubernetes_executor.py for tasks to queue
[2026-08-12T04:47:16.117+0000] {logging_mixin.py:190} INFO - [2026-08-12T04:47:16.117+0000] {dagbag.py:587} INFO - Filling up the DagBag from /home/airflow/.local/lib/python3.12/site-packages/airflow/example_dags/example_kubernetes_executor.py
[2026-08-12T04:47:16.138+0000] {processor.py:925} INFO - DAG(s) 'example_kubernetes_executor' retrieved from /home/airflow/.local/lib/python3.12/site-packages/airflow/example_dags/example_kubernetes_executor.py
[2026-08-12T04:47:16.198+0000] {logging_mixin.py:190} INFO - [2026-08-12T04:47:16.198+0000] {dag.py:3211} INFO - Sync 1 DAGs
[2026-08-12T04:47:16.215+0000] {logging_mixin.py:190} INFO - [2026-08-12T04:47:16.215+0000] {dag.py:4138} INFO - Setting next_dagrun for example_kubernetes_executor to None, run_after=None
[2026-08-12T04:47:16.240+0000] {processor.py:208} INFO - Processing /home/airflow/.local/lib/python3.12/site-packages/airflow/example_dags/example_kubernetes_executor.py took 0.139 seconds
[2026-08-12T04:47:47.223+0000] {processor.py:186} INFO - Started process (PID=1526) to work on /home/airflow/.local/lib/python3.12/site-packages/airflow/example_dags/example_kubernetes_executor.py
[2026-08-12T04:47:47.224+0000] {processor.py:914} INFO - Processing file /home/airflow/.local/lib/python3.12/site-packages/airflow/example_dags/example_kubernetes_executor.py for tasks to queue
[2026-08-12T04:47:47.228+0000] {logging_mixin.py:190} INFO - [2026-08-12T04:47:47.228+0000] {dagbag.py:587} INFO - Filling up the DagBag from /home/airflow/.local/lib/python3.12/site-packages/airflow/example_dags/example_kubernetes_executor.py
[2026-08-12T04:47:47.245+0000] {processor.py:925} INFO - DAG(s) 'example_kubernetes_executor' retrieved from /home/airflow/.local/lib/python3.12/site-packages/airflow/example_dags/example_kubernetes_executor.py
[2026-08-12T04:47:47.288+0000] {logging_mixin.py:190} INFO - [2026-08-12T04:47:47.287+0000] {dag.py:3211} INFO - Sync 1 DAGs
[2026-08-12T04:47:47.307+0000] {logging_mixin.py:190} INFO - [2026-08-12T04:47:47.307+0000] {dag.py:4138} INFO - Setting next_dagrun for example_kubernetes_executor to None, run_after=None
[2026-08-12T04:47:47.333+0000] {processor.py:208} INFO - Processing /home/airflow/.local/lib/python3.12/site-packages/airflow/example_dags/example_kubernetes_executor.py took 0.116 seconds
