[2026-08-12T04:31:55.883+0000] {processor.py:186} INFO - Started process (PID=98) to work on /home/airflow/.local/lib/python3.12/site-packages/airflow/example_dags/example_outlet_event_extra.py
[2026-08-12T04:31:55.886+0000] {processor.py:914} INFO - Processing file /home/airflow/.local/lib/python3.12/site-packages/airflow/example_dags/example_outlet_event_extra.py for tasks to queue
[2026-08-12T04:31:55.894+0000] {logging_mixin.py:190} INFO - [2026-08-12T04:31:55.893+0000] {dagbag.py:587} INFO - Filling up the DagBag from /home/airflow/.local/lib/python3.12/site-packages/airflow/example_dags/example_outlet_event_extra.py
[2026-08-12T04:31:56.217+0000] {processor.py:925} INFO - DAG(s) 'dataset_with_extra_by_yield', 'dataset_with_extra_from_classic_operator', 'dataset_with_extra_by_context' retrieved from /home/airflow/.local/lib/python3.12/site-packages/airflow/example_dags/example_outlet_event_extra.py
[2026-08-12T04:31:56.581+0000] {logging_mixin.py:190} INFO - [2026-08-12T04:31:56.579+0000] {override.py:1858} INFO - Created Permission View: can edit on DAG:dataset_with_extra_by_yield
[2026-08-12T04:31:56.621+0000] {logging_mixin.py:190} INFO - [2026-08-12T04:31:56.621+0000] {override.py:1858} INFO - Created Permission View: can read on DAG:dataset_with_extra_by_yield
[2026-08-12T04:31:56.644+0000] {logging_mixin.py:190} INFO - [2026-08-12T04:31:56.643+0000] {override.py:1858} INFO - Created Permission View: can delete on DAG:dataset_with_extra_by_yield
[2026-08-12T04:31:56.704+0000] {logging_mixin.py:190} INFO - [2026-08-12T04:31:56.703+0000] {override.py:1858} INFO - Created Permission View: can edit on DAG:dataset_with_extra_from_classic_operator
[2026-08-12T04:31:56.732+0000] {logging_mixin.py:190} INFO - [2026-08-12T04:31:56.731+0000] {override.py:1858} INFO - Created Permission View: can read on DAG:dataset_with_extra_from_classic_operator
[2026-08-12T04:31:56.755+0000] {logging_mixin.py:190} INFO - [2026-08-12T04:31:56.754+0000] {override.py:1858} INFO - Created Permission View: can delete on DAG:dataset_with_extra_from_classic_operator
[2026-08-12T04:31:56.796+0000] {logging_mixin.py:190} INFO - [2026-08-12T04:31:56.795+0000] {override.py:1858} INFO - Created Permission View: can edit on DAG:dataset_with_extra_by_context
[2026-08-12T04:31:56.821+0000] {logging_mixin.py:190} INFO - [2026-08-12T04:31:56.819+0000] {override.py:1858} INFO - Created Permission View: can read on DAG:dataset_with_extra_by_context
[2026-08-12T04:31:56.841+0000] {logging_mixin.py:190} INFO - [2026-08-12T04:31:56.841+0000] {override.py:1858} INFO - Created Permission View: can delete on DAG:dataset_with_extra_by_context
[2026-08-12T04:31:56.844+0000] {logging_mixin.py:190} INFO - [2026-08-12T04:31:56.844+0000] {dag.py:3211} INFO - Sync 3 DAGs
[2026-08-12T04:31:56.885+0000] {logging_mixin.py:190} INFO - [2026-08-12T04:31:56.884+0000] {dag.py:3234} INFO - Creating ORM DAG for dataset_with_extra_by_yield
[2026-08-12T04:31:56.889+0000] {logging_mixin.py:190} INFO - [2026-08-12T04:31:56.888+0000] {dag.py:3234} INFO - Creating ORM DAG for dataset_with_extra_from_classic_operator
[2026-08-12T04:31:56.891+0000] {logging_mixin.py:190} INFO - [2026-08-12T04:31:56.891+0000] {dag.py:3234} INFO - Creating ORM DAG for dataset_with_extra_by_context
[2026-08-12T04:31:56.922+0000] {logging_mixin.py:190} INFO - [2026-08-12T04:31:56.921+0000] {dag.py:4138} INFO - Setting next_dagrun for dataset_with_extra_by_context to 2026-08-11 00:00:00+00:00, run_after=2026-08-12 00:00:00+00:00
[2026-08-12T04:31:56.929+0000] {logging_mixin.py:190} INFO - [2026-08-12T04:31:56.928+0000] {dag.py:4138} INFO - Setting next_dagrun for dataset_with_extra_by_yield to 2026-08-11 00:00:00+00:00, run_after=2026-08-12 00:00:00+00:00
[2026-08-12T04:31:56.935+0000] {logging_mixin.py:190} INFO - [2026-08-12T04:31:56.935+0000] {dag.py:4138} INFO - Setting next_dagrun for dataset_with_extra_from_classic_operator to 2026-08-11 00:00:00+00:00, run_after=2026-08-12 00:00:00+00:00
[2026-08-12T04:31:57.003+0000] {processor.py:208} INFO - Processing /home/airflow/.local/lib/python3.12/site-packages/airflow/example_dags/example_outlet_event_extra.py took 1.133 seconds
[2026-08-12T04:32:27.837+0000] {processor.py:186} INFO - Started process (PID=162) to work on /home/airflow/.local/lib/python3.12/site-packages/airflow/example_dags/example_outlet_event_extra.py
[2026-08-12T04:32:27.839+0000] {processor.py:914} INFO - Processing file /home/airflow/.local/lib/python3.12/site-packages/airflow/example_dags/example_outlet_event_extra.py for tasks to queue
[2026-08-12T04:32:27.844+0000] {logging_mixin.py:190} INFO - [2026-08-12T04:32:27.844+0000] {dagbag.py:587} INFO - Filling up the DagBag from /home/airflow/.local/lib/python3.12/site-packages/airflow/example_dags/example_outlet_event_extra.py
[2026-08-12T04:32:28.062+0000] {processor.py:925} INFO - DAG(s) 'dataset_with_extra_from_classic_operator', 'dataset_with_extra_by_context', 'dataset_with_extra_by_yield' retrieved from /home/airflow/.local/lib/python3.12/site-packages/airflow/example_dags/example_outlet_event_extra.py
[2026-08-12T04:32:28.103+0000] {logging_mixin.py:190} INFO - [2026-08-12T04:32:28.103+0000] {dag.py:3211} INFO - Sync 3 DAGs
[2026-08-12T04:32:28.138+0000] {logging_mixin.py:190} INFO - [2026-08-12T04:32:28.138+0000] {dag.py:4138} INFO - Setting next_dagrun for dataset_with_extra_by_context to 2026-08-11 00:00:00+00:00, run_after=2026-08-12 00:00:00+00:00
[2026-08-12T04:32:28.145+0000] {logging_mixin.py:190} INFO - [2026-08-12T04:32:28.144+0000] {dag.py:4138} INFO - Setting next_dagrun for dataset_with_extra_by_yield to 2026-08-11 00:00:00+00:00, run_after=2026-08-12 00:00:00+00:00
[2026-08-12T04:32:28.149+0000] {logging_mixin.py:190} INFO - [2026-08-12T04:32:28.148+0000] {dag.py:4138} INFO - Setting next_dagrun for dataset_with_extra_from_classic_operator to 2026-08-11 00:00:00+00:00, run_after=2026-08-12 00:00:00+00:00
[2026-08-12T04:32:28.210+0000] {processor.py:208} INFO - Processing /home/airflow/.local/lib/python3.12/site-packages/airflow/example_dags/example_outlet_event_extra.py took 0.383 seconds
[2026-08-12T04:32:58.424+0000] {processor.py:186} INFO - Started process (PID=225) to work on /home/airflow/.local/lib/python3.12/site-packages/airflow/example_dags/example_outlet_event_extra.py
[2026-08-12T04:32:58.426+0000] {processor.py:914} INFO - Processing file /home/airflow/.local/lib/python3.12/site-packages/airflow/example_dags/example_outlet_event_extra.py for tasks to queue
[2026-08-12T04:32:58.432+0000] {logging_mixin.py:190} INFO - [2026-08-12T04:32:58.431+0000] {dagbag.py:587} INFO - Filling up the DagBag from /home/airflow/.local/lib/python3.12/site-packages/airflow/example_dags/example_outlet_event_extra.py
[2026-08-12T04:32:58.613+0000] {processor.py:925} INFO - DAG(s) 'dataset_with_extra_from_classic_operator', 'dataset_with_extra_by_yield', 'dataset_with_extra_by_context' retrieved from /home/airflow/.local/lib/python3.12/site-packages/airflow/example_dags/example_outlet_event_extra.py
[2026-08-12T04:32:58.660+0000] {logging_mixin.py:190} INFO - [2026-08-12T04:32:58.659+0000] {dag.py:3211} INFO - Sync 3 DAGs
[2026-08-12T04:32:58.702+0000] {logging_mixin.py:190} INFO - [2026-08-12T04:32:58.701+0000] {dag.py:4138} INFO - Setting next_dagrun for dataset_with_extra_by_context to 2026-08-11 00:00:00+00:00, run_after=2026-08-12 00:00:00+00:00
[2026-08-12T04:32:58.707+0000] {logging_mixin.py:190} INFO - [2026-08-12T04:32:58.707+0000] {dag.py:4138} INFO - Setting next_dagrun for dataset_with_extra_by_yield to 2026-08-11 00:00:00+00:00, run_after=2026-08-12 00:00:00+00:00
[2026-08-12T04:32:58.713+0000] {logging_mixin.py:190} INFO - [2026-08-12T04:32:58.713+0000] {dag.py:4138} INFO - Setting next_dagrun for dataset_with_extra_from_classic_operator to 2026-08-11 00:00:00+00:00, run_after=2026-08-12 00:00:00+00:00
[2026-08-12T04:32:58.739+0000] {processor.py:208} INFO - Processing /home/airflow/.local/lib/python3.12/site-packages/airflow/example_dags/example_outlet_event_extra.py took 0.323 seconds
[2026-08-12T04:33:28.933+0000] {processor.py:186} INFO - Started process (PID=288) to work on /home/airflow/.local/lib/python3.12/site-packages/airflow/example_dags/example_outlet_event_extra.py
[2026-08-12T04:33:28.935+0000] {processor.py:914} INFO - Processing file /home/airflow/.local/lib/python3.12/site-packages/airflow/example_dags/example_outlet_event_extra.py for tasks to queue
[2026-08-12T04:33:28.939+0000] {logging_mixin.py:190} INFO - [2026-08-12T04:33:28.938+0000] {dagbag.py:587} INFO - Filling up the DagBag from /home/airflow/.local/lib/python3.12/site-packages/airflow/example_dags/example_outlet_event_extra.py
[2026-08-12T04:33:29.124+0000] {processor.py:925} INFO - DAG(s) 'dataset_with_extra_from_classic_operator', 'dataset_with_extra_by_yield', 'dataset_with_extra_by_context' retrieved from /home/airflow/.local/lib/python3.12/site-packages/airflow/example_dags/example_outlet_event_extra.py
[2026-08-12T04:33:29.161+0000] {logging_mixin.py:190} INFO - [2026-08-12T04:33:29.161+0000] {dag.py:3211} INFO - Sync 3 DAGs
[2026-08-12T04:33:29.202+0000] {logging_mixin.py:190} INFO - [2026-08-12T04:33:29.202+0000] {dag.py:4138} INFO - Setting next_dagrun for dataset_with_extra_by_context to 2026-08-11 00:00:00+00:00, run_after=2026-08-12 00:00:00+00:00
[2026-08-12T04:33:29.211+0000] {logging_mixin.py:190} INFO - [2026-08-12T04:33:29.210+0000] {dag.py:4138} INFO - Setting next_dagrun for dataset_with_extra_by_yield to 2026-08-11 00:00:00+00:00, run_after=2026-08-12 00:00:00+00:00
[2026-08-12T04:33:29.218+0000] {logging_mixin.py:190} INFO - [2026-08-12T04:33:29.217+0000] {dag.py:4138} INFO - Setting next_dagrun for dataset_with_extra_from_classic_operator to 2026-08-11 00:00:00+00:00, run_after=2026-08-12 00:00:00+00:00
[2026-08-12T04:33:29.261+0000] {processor.py:208} INFO - Processing /home/airflow/.local/lib/python3.12/site-packages/airflow/example_dags/example_outlet_event_extra.py took 0.336 seconds
[2026-08-12T04:33:59.514+0000] {processor.py:186} INFO - Started process (PID=348) to work on /home/airflow/.local/lib/python3.12/site-packages/airflow/example_dags/example_outlet_event_extra.py
[2026-08-12T04:33:59.519+0000] {processor.py:914} INFO - Processing file /home/airflow/.local/lib/python3.12/site-packages/airflow/example_dags/example_outlet_event_extra.py for tasks to queue
[2026-08-12T04:33:59.524+0000] {logging_mixin.py:190} INFO - [2026-08-12T04:33:59.523+0000] {dagbag.py:587} INFO - Filling up the DagBag from /home/airflow/.local/lib/python3.12/site-packages/airflow/example_dags/example_outlet_event_extra.py
[2026-08-12T04:33:59.755+0000] {processor.py:925} INFO - DAG(s) 'dataset_with_extra_from_classic_operator', 'dataset_with_extra_by_yield', 'dataset_with_extra_by_context' retrieved from /home/airflow/.local/lib/python3.12/site-packages/airflow/example_dags/example_outlet_event_extra.py
[2026-08-12T04:33:59.798+0000] {logging_mixin.py:190} INFO - [2026-08-12T04:33:59.797+0000] {dag.py:3211} INFO - Sync 3 DAGs
[2026-08-12T04:33:59.835+0000] {logging_mixin.py:190} INFO - [2026-08-12T04:33:59.834+0000] {dag.py:4138} INFO - Setting next_dagrun for dataset_with_extra_by_context to 2026-08-11 00:00:00+00:00, run_after=2026-08-12 00:00:00+00:00
[2026-08-12T04:33:59.841+0000] {logging_mixin.py:190} INFO - [2026-08-12T04:33:59.841+0000] {dag.py:4138} INFO - Setting next_dagrun for dataset_with_extra_by_yield to 2026-08-11 00:00:00+00:00, run_after=2026-08-12 00:00:00+00:00
[2026-08-12T04:33:59.846+0000] {logging_mixin.py:190} INFO - [2026-08-12T04:33:59.846+0000] {dag.py:4138} INFO - Setting next_dagrun for dataset_with_extra_from_classic_operator to 2026-08-11 00:00:00+00:00, run_after=2026-08-12 00:00:00+00:00
[2026-08-12T04:33:59.875+0000] {processor.py:208} INFO - Processing /home/airflow/.local/lib/python3.12/site-packages/airflow/example_dags/example_outlet_event_extra.py took 0.372 seconds
[2026-08-12T04:34:30.508+0000] {processor.py:186} INFO - Started process (PID=410) to work on /home/airflow/.local/lib/python3.12/site-packages/airflow/example_dags/example_outlet_event_extra.py
[2026-08-12T04:34:30.528+0000] {processor.py:914} INFO - Processing file /home/airflow/.local/lib/python3.12/site-packages/airflow/example_dags/example_outlet_event_extra.py for tasks to queue
[2026-08-12T04:34:30.546+0000] {logging_mixin.py:190} INFO - [2026-08-12T04:34:30.544+0000] {dagbag.py:587} INFO - Filling up the DagBag from /home/airflow/.local/lib/python3.12/site-packages/airflow/example_dags/example_outlet_event_extra.py
[2026-08-12T04:35:58.149+0000] {processor.py:186} INFO - Started process (PID=91) to work on /home/airflow/.local/lib/python3.12/site-packages/airflow/example_dags/example_outlet_event_extra.py
[2026-08-12T04:35:58.155+0000] {processor.py:914} INFO - Processing file /home/airflow/.local/lib/python3.12/site-packages/airflow/example_dags/example_outlet_event_extra.py for tasks to queue
[2026-08-12T04:35:58.160+0000] {logging_mixin.py:190} INFO - [2026-08-12T04:35:58.160+0000] {dagbag.py:587} INFO - Filling up the DagBag from /home/airflow/.local/lib/python3.12/site-packages/airflow/example_dags/example_outlet_event_extra.py
[2026-08-12T04:35:58.714+0000] {processor.py:925} INFO - DAG(s) 'dataset_with_extra_by_yield', 'dataset_with_extra_by_context', 'dataset_with_extra_from_classic_operator' retrieved from /home/airflow/.local/lib/python3.12/site-packages/airflow/example_dags/example_outlet_event_extra.py
[2026-08-12T04:35:58.805+0000] {logging_mixin.py:190} INFO - [2026-08-12T04:35:58.805+0000] {dag.py:3211} INFO - Sync 3 DAGs
[2026-08-12T04:35:58.873+0000] {logging_mixin.py:190} INFO - [2026-08-12T04:35:58.873+0000] {dag.py:4138} INFO - Setting next_dagrun for dataset_with_extra_by_context to 2026-08-11 00:00:00+00:00, run_after=2026-08-12 00:00:00+00:00
[2026-08-12T04:35:58.891+0000] {logging_mixin.py:190} INFO - [2026-08-12T04:35:58.891+0000] {dag.py:4138} INFO - Setting next_dagrun for dataset_with_extra_by_yield to 2026-08-11 00:00:00+00:00, run_after=2026-08-12 00:00:00+00:00
[2026-08-12T04:35:58.904+0000] {logging_mixin.py:190} INFO - [2026-08-12T04:35:58.900+0000] {dag.py:4138} INFO - Setting next_dagrun for dataset_with_extra_from_classic_operator to 2026-08-11 00:00:00+00:00, run_after=2026-08-12 00:00:00+00:00
[2026-08-12T04:35:58.979+0000] {processor.py:208} INFO - Processing /home/airflow/.local/lib/python3.12/site-packages/airflow/example_dags/example_outlet_event_extra.py took 0.843 seconds
[2026-08-12T04:36:29.192+0000] {processor.py:186} INFO - Started process (PID=153) to work on /home/airflow/.local/lib/python3.12/site-packages/airflow/example_dags/example_outlet_event_extra.py
[2026-08-12T04:36:29.195+0000] {processor.py:914} INFO - Processing file /home/airflow/.local/lib/python3.12/site-packages/airflow/example_dags/example_outlet_event_extra.py for tasks to queue
[2026-08-12T04:36:29.199+0000] {logging_mixin.py:190} INFO - [2026-08-12T04:36:29.199+0000] {dagbag.py:587} INFO - Filling up the DagBag from /home/airflow/.local/lib/python3.12/site-packages/airflow/example_dags/example_outlet_event_extra.py
[2026-08-12T04:36:29.474+0000] {processor.py:925} INFO - DAG(s) 'dataset_with_extra_by_yield', 'dataset_with_extra_by_context', 'dataset_with_extra_from_classic_operator' retrieved from /home/airflow/.local/lib/python3.12/site-packages/airflow/example_dags/example_outlet_event_extra.py
[2026-08-12T04:36:29.531+0000] {logging_mixin.py:190} INFO - [2026-08-12T04:36:29.531+0000] {dag.py:3211} INFO - Sync 3 DAGs
[2026-08-12T04:36:29.594+0000] {logging_mixin.py:190} INFO - [2026-08-12T04:36:29.593+0000] {dag.py:4138} INFO - Setting next_dagrun for dataset_with_extra_by_context to 2026-08-11 00:00:00+00:00, run_after=2026-08-12 00:00:00+00:00
[2026-08-12T04:36:29.602+0000] {logging_mixin.py:190} INFO - [2026-08-12T04:36:29.602+0000] {dag.py:4138} INFO - Setting next_dagrun for dataset_with_extra_by_yield to 2026-08-11 00:00:00+00:00, run_after=2026-08-12 00:00:00+00:00
[2026-08-12T04:36:29.612+0000] {logging_mixin.py:190} INFO - [2026-08-12T04:36:29.611+0000] {dag.py:4138} INFO - Setting next_dagrun for dataset_with_extra_from_classic_operator to 2026-08-11 00:00:00+00:00, run_after=2026-08-12 00:00:00+00:00
[2026-08-12T04:36:29.667+0000] {processor.py:208} INFO - Processing /home/airflow/.local/lib/python3.12/site-packages/airflow/example_dags/example_outlet_event_extra.py took 0.484 seconds
[2026-08-12T04:36:59.935+0000] {processor.py:186} INFO - Started process (PID=215) to work on /home/airflow/.local/lib/python3.12/site-packages/airflow/example_dags/example_outlet_event_extra.py
[2026-08-12T04:36:59.940+0000] {processor.py:914} INFO - Processing file /home/airflow/.local/lib/python3.12/site-packages/airflow/example_dags/example_outlet_event_extra.py for tasks to queue
[2026-08-12T04:36:59.946+0000] {logging_mixin.py:190} INFO - [2026-08-12T04:36:59.945+0000] {dagbag.py:587} INFO - Filling up the DagBag from /home/airflow/.local/lib/python3.12/site-packages/airflow/example_dags/example_outlet_event_extra.py
[2026-08-12T04:37:00.190+0000] {processor.py:925} INFO - DAG(s) 'dataset_with_extra_by_yield', 'dataset_with_extra_by_context', 'dataset_with_extra_from_classic_operator' retrieved from /home/airflow/.local/lib/python3.12/site-packages/airflow/example_dags/example_outlet_event_extra.py
[2026-08-12T04:37:00.233+0000] {logging_mixin.py:190} INFO - [2026-08-12T04:37:00.232+0000] {dag.py:3211} INFO - Sync 3 DAGs
[2026-08-12T04:37:00.275+0000] {logging_mixin.py:190} INFO - [2026-08-12T04:37:00.274+0000] {dag.py:4138} INFO - Setting next_dagrun for dataset_with_extra_by_context to 2026-08-11 00:00:00+00:00, run_after=2026-08-12 00:00:00+00:00
[2026-08-12T04:37:00.283+0000] {logging_mixin.py:190} INFO - [2026-08-12T04:37:00.283+0000] {dag.py:4138} INFO - Setting next_dagrun for dataset_with_extra_by_yield to 2026-08-11 00:00:00+00:00, run_after=2026-08-12 00:00:00+00:00
[2026-08-12T04:37:00.289+0000] {logging_mixin.py:190} INFO - [2026-08-12T04:37:00.288+0000] {dag.py:4138} INFO - Setting next_dagrun for dataset_with_extra_from_classic_operator to 2026-08-11 00:00:00+00:00, run_after=2026-08-12 00:00:00+00:00
[2026-08-12T04:37:00.331+0000] {processor.py:208} INFO - Processing /home/airflow/.local/lib/python3.12/site-packages/airflow/example_dags/example_outlet_event_extra.py took 0.404 seconds
[2026-08-12T04:37:30.532+0000] {processor.py:186} INFO - Started process (PID=277) to work on /home/airflow/.local/lib/python3.12/site-packages/airflow/example_dags/example_outlet_event_extra.py
[2026-08-12T04:37:30.536+0000] {processor.py:914} INFO - Processing file /home/airflow/.local/lib/python3.12/site-packages/airflow/example_dags/example_outlet_event_extra.py for tasks to queue
[2026-08-12T04:37:30.541+0000] {logging_mixin.py:190} INFO - [2026-08-12T04:37:30.541+0000] {dagbag.py:587} INFO - Filling up the DagBag from /home/airflow/.local/lib/python3.12/site-packages/airflow/example_dags/example_outlet_event_extra.py
[2026-08-12T04:37:30.717+0000] {processor.py:925} INFO - DAG(s) 'dataset_with_extra_by_context', 'dataset_with_extra_by_yield', 'dataset_with_extra_from_classic_operator' retrieved from /home/airflow/.local/lib/python3.12/site-packages/airflow/example_dags/example_outlet_event_extra.py
[2026-08-12T04:37:30.752+0000] {logging_mixin.py:190} INFO - [2026-08-12T04:37:30.752+0000] {dag.py:3211} INFO - Sync 3 DAGs
[2026-08-12T04:37:30.815+0000] {logging_mixin.py:190} INFO - [2026-08-12T04:37:30.815+0000] {dag.py:4138} INFO - Setting next_dagrun for dataset_with_extra_by_context to 2026-08-11 00:00:00+00:00, run_after=2026-08-12 00:00:00+00:00
[2026-08-12T04:37:30.823+0000] {logging_mixin.py:190} INFO - [2026-08-12T04:37:30.823+0000] {dag.py:4138} INFO - Setting next_dagrun for dataset_with_extra_by_yield to 2026-08-11 00:00:00+00:00, run_after=2026-08-12 00:00:00+00:00
[2026-08-12T04:37:30.827+0000] {logging_mixin.py:190} INFO - [2026-08-12T04:37:30.826+0000] {dag.py:4138} INFO - Setting next_dagrun for dataset_with_extra_from_classic_operator to 2026-08-11 00:00:00+00:00, run_after=2026-08-12 00:00:00+00:00
[2026-08-12T04:37:30.858+0000] {processor.py:208} INFO - Processing /home/airflow/.local/lib/python3.12/site-packages/airflow/example_dags/example_outlet_event_extra.py took 0.334 seconds
[2026-08-12T04:38:01.290+0000] {processor.py:186} INFO - Started process (PID=339) to work on /home/airflow/.local/lib/python3.12/site-packages/airflow/example_dags/example_outlet_event_extra.py
[2026-08-12T04:38:01.293+0000] {processor.py:914} INFO - Processing file /home/airflow/.local/lib/python3.12/site-packages/airflow/example_dags/example_outlet_event_extra.py for tasks to queue
[2026-08-12T04:38:01.296+0000] {logging_mixin.py:190} INFO - [2026-08-12T04:38:01.296+0000] {dagbag.py:587} INFO - Filling up the DagBag from /home/airflow/.local/lib/python3.12/site-packages/airflow/example_dags/example_outlet_event_extra.py
[2026-08-12T04:38:01.472+0000] {processor.py:925} INFO - DAG(s) 'dataset_with_extra_by_yield', 'dataset_with_extra_by_context', 'dataset_with_extra_from_classic_operator' retrieved from /home/airflow/.local/lib/python3.12/site-packages/airflow/example_dags/example_outlet_event_extra.py
[2026-08-12T04:38:01.513+0000] {logging_mixin.py:190} INFO - [2026-08-12T04:38:01.513+0000] {dag.py:3211} INFO - Sync 3 DAGs
[2026-08-12T04:38:01.548+0000] {logging_mixin.py:190} INFO - [2026-08-12T04:38:01.548+0000] {dag.py:4138} INFO - Setting next_dagrun for dataset_with_extra_by_context to 2026-08-11 00:00:00+00:00, run_after=2026-08-12 00:00:00+00:00
[2026-08-12T04:38:01.557+0000] {logging_mixin.py:190} INFO - [2026-08-12T04:38:01.557+0000] {dag.py:4138} INFO - Setting next_dagrun for dataset_with_extra_by_yield to 2026-08-11 00:00:00+00:00, run_after=2026-08-12 00:00:00+00:00
[2026-08-12T04:38:01.562+0000] {logging_mixin.py:190} INFO - [2026-08-12T04:38:01.561+0000] {dag.py:4138} INFO - Setting next_dagrun for dataset_with_extra_from_classic_operator to 2026-08-11 00:00:00+00:00, run_after=2026-08-12 00:00:00+00:00
[2026-08-12T04:38:01.608+0000] {processor.py:208} INFO - Processing /home/airflow/.local/lib/python3.12/site-packages/airflow/example_dags/example_outlet_event_extra.py took 0.328 seconds
[2026-08-12T04:38:32.326+0000] {processor.py:186} INFO - Started process (PID=401) to work on /home/airflow/.local/lib/python3.12/site-packages/airflow/example_dags/example_outlet_event_extra.py
[2026-08-12T04:38:32.328+0000] {processor.py:914} INFO - Processing file /home/airflow/.local/lib/python3.12/site-packages/airflow/example_dags/example_outlet_event_extra.py for tasks to queue
[2026-08-12T04:38:32.333+0000] {logging_mixin.py:190} INFO - [2026-08-12T04:38:32.332+0000] {dagbag.py:587} INFO - Filling up the DagBag from /home/airflow/.local/lib/python3.12/site-packages/airflow/example_dags/example_outlet_event_extra.py
[2026-08-12T04:38:32.522+0000] {processor.py:925} INFO - DAG(s) 'dataset_with_extra_by_yield', 'dataset_with_extra_by_context', 'dataset_with_extra_from_classic_operator' retrieved from /home/airflow/.local/lib/python3.12/site-packages/airflow/example_dags/example_outlet_event_extra.py
[2026-08-12T04:38:32.563+0000] {logging_mixin.py:190} INFO - [2026-08-12T04:38:32.562+0000] {dag.py:3211} INFO - Sync 3 DAGs
[2026-08-12T04:38:32.599+0000] {logging_mixin.py:190} INFO - [2026-08-12T04:38:32.599+0000] {dag.py:4138} INFO - Setting next_dagrun for dataset_with_extra_by_context to 2026-08-11 00:00:00+00:00, run_after=2026-08-12 00:00:00+00:00
[2026-08-12T04:38:32.607+0000] {logging_mixin.py:190} INFO - [2026-08-12T04:38:32.607+0000] {dag.py:4138} INFO - Setting next_dagrun for dataset_with_extra_by_yield to 2026-08-11 00:00:00+00:00, run_after=2026-08-12 00:00:00+00:00
[2026-08-12T04:38:32.614+0000] {logging_mixin.py:190} INFO - [2026-08-12T04:38:32.613+0000] {dag.py:4138} INFO - Setting next_dagrun for dataset_with_extra_from_classic_operator to 2026-08-11 00:00:00+00:00, run_after=2026-08-12 00:00:00+00:00
[2026-08-12T04:38:32.648+0000] {processor.py:208} INFO - Processing /home/airflow/.local/lib/python3.12/site-packages/airflow/example_dags/example_outlet_event_extra.py took 0.331 seconds
[2026-08-12T04:39:03.338+0000] {processor.py:186} INFO - Started process (PID=463) to work on /home/airflow/.local/lib/python3.12/site-packages/airflow/example_dags/example_outlet_event_extra.py
[2026-08-12T04:39:03.341+0000] {processor.py:914} INFO - Processing file /home/airflow/.local/lib/python3.12/site-packages/airflow/example_dags/example_outlet_event_extra.py for tasks to queue
[2026-08-12T04:39:03.346+0000] {logging_mixin.py:190} INFO - [2026-08-12T04:39:03.346+0000] {dagbag.py:587} INFO - Filling up the DagBag from /home/airflow/.local/lib/python3.12/site-packages/airflow/example_dags/example_outlet_event_extra.py
[2026-08-12T04:39:03.572+0000] {processor.py:925} INFO - DAG(s) 'dataset_with_extra_from_classic_operator', 'dataset_with_extra_by_context', 'dataset_with_extra_by_yield' retrieved from /home/airflow/.local/lib/python3.12/site-packages/airflow/example_dags/example_outlet_event_extra.py
[2026-08-12T04:39:03.622+0000] {logging_mixin.py:190} INFO - [2026-08-12T04:39:03.621+0000] {dag.py:3211} INFO - Sync 3 DAGs
[2026-08-12T04:39:03.693+0000] {logging_mixin.py:190} INFO - [2026-08-12T04:39:03.693+0000] {dag.py:4138} INFO - Setting next_dagrun for dataset_with_extra_by_context to 2026-08-11 00:00:00+00:00, run_after=2026-08-12 00:00:00+00:00
[2026-08-12T04:39:03.721+0000] {logging_mixin.py:190} INFO - [2026-08-12T04:39:03.720+0000] {dag.py:4138} INFO - Setting next_dagrun for dataset_with_extra_by_yield to 2026-08-11 00:00:00+00:00, run_after=2026-08-12 00:00:00+00:00
[2026-08-12T04:39:03.734+0000] {logging_mixin.py:190} INFO - [2026-08-12T04:39:03.734+0000] {dag.py:4138} INFO - Setting next_dagrun for dataset_with_extra_from_classic_operator to 2026-08-11 00:00:00+00:00, run_after=2026-08-12 00:00:00+00:00
[2026-08-12T04:39:03.801+0000] {processor.py:208} INFO - Processing /home/airflow/.local/lib/python3.12/site-packages/airflow/example_dags/example_outlet_event_extra.py took 0.473 seconds
[2026-08-12T04:39:34.738+0000] {processor.py:186} INFO - Started process (PID=525) to work on /home/airflow/.local/lib/python3.12/site-packages/airflow/example_dags/example_outlet_event_extra.py
[2026-08-12T04:39:34.741+0000] {processor.py:914} INFO - Processing file /home/airflow/.local/lib/python3.12/site-packages/airflow/example_dags/example_outlet_event_extra.py for tasks to queue
[2026-08-12T04:39:34.746+0000] {logging_mixin.py:190} INFO - [2026-08-12T04:39:34.746+0000] {dagbag.py:587} INFO - Filling up the DagBag from /home/airflow/.local/lib/python3.12/site-packages/airflow/example_dags/example_outlet_event_extra.py
[2026-08-12T04:39:34.943+0000] {processor.py:925} INFO - DAG(s) 'dataset_with_extra_by_context', 'dataset_with_extra_by_yield', 'dataset_with_extra_from_classic_operator' retrieved from /home/airflow/.local/lib/python3.12/site-packages/airflow/example_dags/example_outlet_event_extra.py
[2026-08-12T04:39:34.983+0000] {logging_mixin.py:190} INFO - [2026-08-12T04:39:34.983+0000] {dag.py:3211} INFO - Sync 3 DAGs
[2026-08-12T04:39:35.028+0000] {logging_mixin.py:190} INFO - [2026-08-12T04:39:35.028+0000] {dag.py:4138} INFO - Setting next_dagrun for dataset_with_extra_by_context to 2026-08-11 00:00:00+00:00, run_after=2026-08-12 00:00:00+00:00
[2026-08-12T04:39:35.036+0000] {logging_mixin.py:190} INFO - [2026-08-12T04:39:35.035+0000] {dag.py:4138} INFO - Setting next_dagrun for dataset_with_extra_by_yield to 2026-08-11 00:00:00+00:00, run_after=2026-08-12 00:00:00+00:00
[2026-08-12T04:39:35.042+0000] {logging_mixin.py:190} INFO - [2026-08-12T04:39:35.042+0000] {dag.py:4138} INFO - Setting next_dagrun for dataset_with_extra_from_classic_operator to 2026-08-11 00:00:00+00:00, run_after=2026-08-12 00:00:00+00:00
[2026-08-12T04:39:35.087+0000] {processor.py:208} INFO - Processing /home/airflow/.local/lib/python3.12/site-packages/airflow/example_dags/example_outlet_event_extra.py took 0.357 seconds
[2026-08-12T04:40:06.085+0000] {processor.py:186} INFO - Started process (PID=587) to work on /home/airflow/.local/lib/python3.12/site-packages/airflow/example_dags/example_outlet_event_extra.py
[2026-08-12T04:40:06.086+0000] {processor.py:914} INFO - Processing file /home/airflow/.local/lib/python3.12/site-packages/airflow/example_dags/example_outlet_event_extra.py for tasks to queue
[2026-08-12T04:40:06.092+0000] {logging_mixin.py:190} INFO - [2026-08-12T04:40:06.092+0000] {dagbag.py:587} INFO - Filling up the DagBag from /home/airflow/.local/lib/python3.12/site-packages/airflow/example_dags/example_outlet_event_extra.py
[2026-08-12T04:40:06.648+0000] {processor.py:925} INFO - DAG(s) 'dataset_with_extra_from_classic_operator', 'dataset_with_extra_by_yield', 'dataset_with_extra_by_context' retrieved from /home/airflow/.local/lib/python3.12/site-packages/airflow/example_dags/example_outlet_event_extra.py
[2026-08-12T04:40:06.701+0000] {logging_mixin.py:190} INFO - [2026-08-12T04:40:06.701+0000] {dag.py:3211} INFO - Sync 3 DAGs
[2026-08-12T04:40:06.765+0000] {logging_mixin.py:190} INFO - [2026-08-12T04:40:06.764+0000] {dag.py:4138} INFO - Setting next_dagrun for dataset_with_extra_by_context to 2026-08-11 00:00:00+00:00, run_after=2026-08-12 00:00:00+00:00
[2026-08-12T04:40:06.780+0000] {logging_mixin.py:190} INFO - [2026-08-12T04:40:06.779+0000] {dag.py:4138} INFO - Setting next_dagrun for dataset_with_extra_by_yield to 2026-08-11 00:00:00+00:00, run_after=2026-08-12 00:00:00+00:00
[2026-08-12T04:40:06.785+0000] {logging_mixin.py:190} INFO - [2026-08-12T04:40:06.784+0000] {dag.py:4138} INFO - Setting next_dagrun for dataset_with_extra_from_classic_operator to 2026-08-11 00:00:00+00:00, run_after=2026-08-12 00:00:00+00:00
[2026-08-12T04:40:06.830+0000] {processor.py:208} INFO - Processing /home/airflow/.local/lib/python3.12/site-packages/airflow/example_dags/example_outlet_event_extra.py took 0.751 seconds
[2026-08-12T04:40:37.016+0000] {processor.py:186} INFO - Started process (PID=649) to work on /home/airflow/.local/lib/python3.12/site-packages/airflow/example_dags/example_outlet_event_extra.py
[2026-08-12T04:40:37.017+0000] {processor.py:914} INFO - Processing file /home/airflow/.local/lib/python3.12/site-packages/airflow/example_dags/example_outlet_event_extra.py for tasks to queue
[2026-08-12T04:40:37.024+0000] {logging_mixin.py:190} INFO - [2026-08-12T04:40:37.023+0000] {dagbag.py:587} INFO - Filling up the DagBag from /home/airflow/.local/lib/python3.12/site-packages/airflow/example_dags/example_outlet_event_extra.py
[2026-08-12T04:40:37.260+0000] {processor.py:925} INFO - DAG(s) 'dataset_with_extra_by_context', 'dataset_with_extra_from_classic_operator', 'dataset_with_extra_by_yield' retrieved from /home/airflow/.local/lib/python3.12/site-packages/airflow/example_dags/example_outlet_event_extra.py
[2026-08-12T04:40:37.299+0000] {logging_mixin.py:190} INFO - [2026-08-12T04:40:37.299+0000] {dag.py:3211} INFO - Sync 3 DAGs
[2026-08-12T04:40:37.342+0000] {logging_mixin.py:190} INFO - [2026-08-12T04:40:37.342+0000] {dag.py:4138} INFO - Setting next_dagrun for dataset_with_extra_by_context to 2026-08-11 00:00:00+00:00, run_after=2026-08-12 00:00:00+00:00
[2026-08-12T04:40:37.348+0000] {logging_mixin.py:190} INFO - [2026-08-12T04:40:37.348+0000] {dag.py:4138} INFO - Setting next_dagrun for dataset_with_extra_by_yield to 2026-08-11 00:00:00+00:00, run_after=2026-08-12 00:00:00+00:00
[2026-08-12T04:40:37.353+0000] {logging_mixin.py:190} INFO - [2026-08-12T04:40:37.353+0000] {dag.py:4138} INFO - Setting next_dagrun for dataset_with_extra_from_classic_operator to 2026-08-11 00:00:00+00:00, run_after=2026-08-12 00:00:00+00:00
[2026-08-12T04:40:37.407+0000] {processor.py:208} INFO - Processing /home/airflow/.local/lib/python3.12/site-packages/airflow/example_dags/example_outlet_event_extra.py took 0.400 seconds
[2026-08-12T04:41:07.506+0000] {processor.py:186} INFO - Started process (PID=710) to work on /home/airflow/.local/lib/python3.12/site-packages/airflow/example_dags/example_outlet_event_extra.py
[2026-08-12T04:41:07.509+0000] {processor.py:914} INFO - Processing file /home/airflow/.local/lib/python3.12/site-packages/airflow/example_dags/example_outlet_event_extra.py for tasks to queue
[2026-08-12T04:41:07.513+0000] {logging_mixin.py:190} INFO - [2026-08-12T04:41:07.513+0000] {dagbag.py:587} INFO - Filling up the DagBag from /home/airflow/.local/lib/python3.12/site-packages/airflow/example_dags/example_outlet_event_extra.py
[2026-08-12T04:41:07.777+0000] {processor.py:925} INFO - DAG(s) 'dataset_with_extra_by_context', 'dataset_with_extra_from_classic_operator', 'dataset_with_extra_by_yield' retrieved from /home/airflow/.local/lib/python3.12/site-packages/airflow/example_dags/example_outlet_event_extra.py
[2026-08-12T04:41:07.813+0000] {logging_mixin.py:190} INFO - [2026-08-12T04:41:07.812+0000] {dag.py:3211} INFO - Sync 3 DAGs
[2026-08-12T04:41:07.848+0000] {logging_mixin.py:190} INFO - [2026-08-12T04:41:07.848+0000] {dag.py:4138} INFO - Setting next_dagrun for dataset_with_extra_by_context to 2026-08-11 00:00:00+00:00, run_after=2026-08-12 00:00:00+00:00
[2026-08-12T04:41:07.855+0000] {logging_mixin.py:190} INFO - [2026-08-12T04:41:07.854+0000] {dag.py:4138} INFO - Setting next_dagrun for dataset_with_extra_by_yield to 2026-08-11 00:00:00+00:00, run_after=2026-08-12 00:00:00+00:00
[2026-08-12T04:41:07.862+0000] {logging_mixin.py:190} INFO - [2026-08-12T04:41:07.861+0000] {dag.py:4138} INFO - Setting next_dagrun for dataset_with_extra_from_classic_operator to 2026-08-11 00:00:00+00:00, run_after=2026-08-12 00:00:00+00:00
[2026-08-12T04:41:07.910+0000] {processor.py:208} INFO - Processing /home/airflow/.local/lib/python3.12/site-packages/airflow/example_dags/example_outlet_event_extra.py took 0.412 seconds
[2026-08-12T04:41:38.190+0000] {processor.py:186} INFO - Started process (PID=773) to work on /home/airflow/.local/lib/python3.12/site-packages/airflow/example_dags/example_outlet_event_extra.py
[2026-08-12T04:41:38.193+0000] {processor.py:914} INFO - Processing file /home/airflow/.local/lib/python3.12/site-packages/airflow/example_dags/example_outlet_event_extra.py for tasks to queue
[2026-08-12T04:41:38.197+0000] {logging_mixin.py:190} INFO - [2026-08-12T04:41:38.197+0000] {dagbag.py:587} INFO - Filling up the DagBag from /home/airflow/.local/lib/python3.12/site-packages/airflow/example_dags/example_outlet_event_extra.py
[2026-08-12T04:41:38.372+0000] {processor.py:925} INFO - DAG(s) 'dataset_with_extra_by_context', 'dataset_with_extra_from_classic_operator', 'dataset_with_extra_by_yield' retrieved from /home/airflow/.local/lib/python3.12/site-packages/airflow/example_dags/example_outlet_event_extra.py
[2026-08-12T04:41:38.416+0000] {logging_mixin.py:190} INFO - [2026-08-12T04:41:38.416+0000] {dag.py:3211} INFO - Sync 3 DAGs
[2026-08-12T04:41:38.462+0000] {logging_mixin.py:190} INFO - [2026-08-12T04:41:38.461+0000] {dag.py:4138} INFO - Setting next_dagrun for dataset_with_extra_by_context to 2026-08-11 00:00:00+00:00, run_after=2026-08-12 00:00:00+00:00
[2026-08-12T04:41:38.471+0000] {logging_mixin.py:190} INFO - [2026-08-12T04:41:38.470+0000] {dag.py:4138} INFO - Setting next_dagrun for dataset_with_extra_by_yield to 2026-08-11 00:00:00+00:00, run_after=2026-08-12 00:00:00+00:00
[2026-08-12T04:41:38.479+0000] {logging_mixin.py:190} INFO - [2026-08-12T04:41:38.479+0000] {dag.py:4138} INFO - Setting next_dagrun for dataset_with_extra_from_classic_operator to 2026-08-11 00:00:00+00:00, run_after=2026-08-12 00:00:00+00:00
[2026-08-12T04:41:38.538+0000] {processor.py:208} INFO - Processing /home/airflow/.local/lib/python3.12/site-packages/airflow/example_dags/example_outlet_event_extra.py took 0.368 seconds
[2026-08-12T04:42:08.989+0000] {processor.py:186} INFO - Started process (PID=835) to work on /home/airflow/.local/lib/python3.12/site-packages/airflow/example_dags/example_outlet_event_extra.py
[2026-08-12T04:42:08.990+0000] {processor.py:914} INFO - Processing file /home/airflow/.local/lib/python3.12/site-packages/airflow/example_dags/example_outlet_event_extra.py for tasks to queue
[2026-08-12T04:42:08.994+0000] {logging_mixin.py:190} INFO - [2026-08-12T04:42:08.993+0000] {dagbag.py:587} INFO - Filling up the DagBag from /home/airflow/.local/lib/python3.12/site-packages/airflow/example_dags/example_outlet_event_extra.py
[2026-08-12T04:42:09.119+0000] {processor.py:925} INFO - DAG(s) 'dataset_with_extra_by_yield', 'dataset_with_extra_by_context', 'dataset_with_extra_from_classic_operator' retrieved from /home/airflow/.local/lib/python3.12/site-packages/airflow/example_dags/example_outlet_event_extra.py
[2026-08-12T04:42:09.148+0000] {logging_mixin.py:190} INFO - [2026-08-12T04:42:09.148+0000] {dag.py:3211} INFO - Sync 3 DAGs
[2026-08-12T04:42:09.181+0000] {logging_mixin.py:190} INFO - [2026-08-12T04:42:09.181+0000] {dag.py:4138} INFO - Setting next_dagrun for dataset_with_extra_by_context to 2026-08-11 00:00:00+00:00, run_after=2026-08-12 00:00:00+00:00
[2026-08-12T04:42:09.187+0000] {logging_mixin.py:190} INFO - [2026-08-12T04:42:09.187+0000] {dag.py:4138} INFO - Setting next_dagrun for dataset_with_extra_by_yield to 2026-08-11 00:00:00+00:00, run_after=2026-08-12 00:00:00+00:00
[2026-08-12T04:42:09.191+0000] {logging_mixin.py:190} INFO - [2026-08-12T04:42:09.191+0000] {dag.py:4138} INFO - Setting next_dagrun for dataset_with_extra_from_classic_operator to 2026-08-11 00:00:00+00:00, run_after=2026-08-12 00:00:00+00:00
[2026-08-12T04:42:09.229+0000] {processor.py:208} INFO - Processing /home/airflow/.local/lib/python3.12/site-packages/airflow/example_dags/example_outlet_event_extra.py took 0.246 seconds
[2026-08-12T04:42:39.404+0000] {processor.py:186} INFO - Started process (PID=897) to work on /home/airflow/.local/lib/python3.12/site-packages/airflow/example_dags/example_outlet_event_extra.py
[2026-08-12T04:42:39.405+0000] {processor.py:914} INFO - Processing file /home/airflow/.local/lib/python3.12/site-packages/airflow/example_dags/example_outlet_event_extra.py for tasks to queue
[2026-08-12T04:42:39.410+0000] {logging_mixin.py:190} INFO - [2026-08-12T04:42:39.409+0000] {dagbag.py:587} INFO - Filling up the DagBag from /home/airflow/.local/lib/python3.12/site-packages/airflow/example_dags/example_outlet_event_extra.py
[2026-08-12T04:42:39.549+0000] {processor.py:925} INFO - DAG(s) 'dataset_with_extra_by_yield', 'dataset_with_extra_by_context', 'dataset_with_extra_from_classic_operator' retrieved from /home/airflow/.local/lib/python3.12/site-packages/airflow/example_dags/example_outlet_event_extra.py
[2026-08-12T04:42:39.584+0000] {logging_mixin.py:190} INFO - [2026-08-12T04:42:39.584+0000] {dag.py:3211} INFO - Sync 3 DAGs
[2026-08-12T04:42:39.614+0000] {logging_mixin.py:190} INFO - [2026-08-12T04:42:39.614+0000] {dag.py:4138} INFO - Setting next_dagrun for dataset_with_extra_by_context to 2026-08-11 00:00:00+00:00, run_after=2026-08-12 00:00:00+00:00
[2026-08-12T04:42:39.621+0000] {logging_mixin.py:190} INFO - [2026-08-12T04:42:39.621+0000] {dag.py:4138} INFO - Setting next_dagrun for dataset_with_extra_by_yield to 2026-08-11 00:00:00+00:00, run_after=2026-08-12 00:00:00+00:00
[2026-08-12T04:42:39.625+0000] {logging_mixin.py:190} INFO - [2026-08-12T04:42:39.625+0000] {dag.py:4138} INFO - Setting next_dagrun for dataset_with_extra_from_classic_operator to 2026-08-11 00:00:00+00:00, run_after=2026-08-12 00:00:00+00:00
[2026-08-12T04:42:39.652+0000] {processor.py:208} INFO - Processing /home/airflow/.local/lib/python3.12/site-packages/airflow/example_dags/example_outlet_event_extra.py took 0.256 seconds
[2026-08-12T04:43:09.763+0000] {processor.py:186} INFO - Started process (PID=959) to work on /home/airflow/.local/lib/python3.12/site-packages/airflow/example_dags/example_outlet_event_extra.py
[2026-08-12T04:43:09.764+0000] {processor.py:914} INFO - Processing file /home/airflow/.local/lib/python3.12/site-packages/airflow/example_dags/example_outlet_event_extra.py for tasks to queue
[2026-08-12T04:43:09.768+0000] {logging_mixin.py:190} INFO - [2026-08-12T04:43:09.767+0000] {dagbag.py:587} INFO - Filling up the DagBag from /home/airflow/.local/lib/python3.12/site-packages/airflow/example_dags/example_outlet_event_extra.py
[2026-08-12T04:43:09.902+0000] {processor.py:925} INFO - DAG(s) 'dataset_with_extra_by_context', 'dataset_with_extra_by_yield', 'dataset_with_extra_from_classic_operator' retrieved from /home/airflow/.local/lib/python3.12/site-packages/airflow/example_dags/example_outlet_event_extra.py
[2026-08-12T04:43:09.930+0000] {logging_mixin.py:190} INFO - [2026-08-12T04:43:09.930+0000] {dag.py:3211} INFO - Sync 3 DAGs
[2026-08-12T04:43:09.958+0000] {logging_mixin.py:190} INFO - [2026-08-12T04:43:09.958+0000] {dag.py:4138} INFO - Setting next_dagrun for dataset_with_extra_by_context to 2026-08-11 00:00:00+00:00, run_after=2026-08-12 00:00:00+00:00
[2026-08-12T04:43:09.965+0000] {logging_mixin.py:190} INFO - [2026-08-12T04:43:09.964+0000] {dag.py:4138} INFO - Setting next_dagrun for dataset_with_extra_by_yield to 2026-08-11 00:00:00+00:00, run_after=2026-08-12 00:00:00+00:00
[2026-08-12T04:43:09.968+0000] {logging_mixin.py:190} INFO - [2026-08-12T04:43:09.968+0000] {dag.py:4138} INFO - Setting next_dagrun for dataset_with_extra_from_classic_operator to 2026-08-11 00:00:00+00:00, run_after=2026-08-12 00:00:00+00:00
[2026-08-12T04:43:09.997+0000] {processor.py:208} INFO - Processing /home/airflow/.local/lib/python3.12/site-packages/airflow/example_dags/example_outlet_event_extra.py took 0.240 seconds
[2026-08-12T04:43:40.732+0000] {processor.py:186} INFO - Started process (PID=1021) to work on /home/airflow/.local/lib/python3.12/site-packages/airflow/example_dags/example_outlet_event_extra.py
[2026-08-12T04:43:40.733+0000] {processor.py:914} INFO - Processing file /home/airflow/.local/lib/python3.12/site-packages/airflow/example_dags/example_outlet_event_extra.py for tasks to queue
[2026-08-12T04:43:40.736+0000] {logging_mixin.py:190} INFO - [2026-08-12T04:43:40.736+0000] {dagbag.py:587} INFO - Filling up the DagBag from /home/airflow/.local/lib/python3.12/site-packages/airflow/example_dags/example_outlet_event_extra.py
[2026-08-12T04:43:40.865+0000] {processor.py:925} INFO - DAG(s) 'dataset_with_extra_from_classic_operator', 'dataset_with_extra_by_context', 'dataset_with_extra_by_yield' retrieved from /home/airflow/.local/lib/python3.12/site-packages/airflow/example_dags/example_outlet_event_extra.py
[2026-08-12T04:43:40.891+0000] {logging_mixin.py:190} INFO - [2026-08-12T04:43:40.891+0000] {dag.py:3211} INFO - Sync 3 DAGs
[2026-08-12T04:43:40.914+0000] {logging_mixin.py:190} INFO - [2026-08-12T04:43:40.913+0000] {dag.py:4138} INFO - Setting next_dagrun for dataset_with_extra_by_context to 2026-08-11 00:00:00+00:00, run_after=2026-08-12 00:00:00+00:00
[2026-08-12T04:43:40.922+0000] {logging_mixin.py:190} INFO - [2026-08-12T04:43:40.922+0000] {dag.py:4138} INFO - Setting next_dagrun for dataset_with_extra_by_yield to 2026-08-11 00:00:00+00:00, run_after=2026-08-12 00:00:00+00:00
[2026-08-12T04:43:40.927+0000] {logging_mixin.py:190} INFO - [2026-08-12T04:43:40.927+0000] {dag.py:4138} INFO - Setting next_dagrun for dataset_with_extra_from_classic_operator to 2026-08-11 00:00:00+00:00, run_after=2026-08-12 00:00:00+00:00
[2026-08-12T04:43:40.951+0000] {processor.py:208} INFO - Processing /home/airflow/.local/lib/python3.12/site-packages/airflow/example_dags/example_outlet_event_extra.py took 0.225 seconds
[2026-08-12T04:44:11.070+0000] {processor.py:186} INFO - Started process (PID=1083) to work on /home/airflow/.local/lib/python3.12/site-packages/airflow/example_dags/example_outlet_event_extra.py
[2026-08-12T04:44:11.072+0000] {processor.py:914} INFO - Processing file /home/airflow/.local/lib/python3.12/site-packages/airflow/example_dags/example_outlet_event_extra.py for tasks to queue
[2026-08-12T04:44:11.080+0000] {logging_mixin.py:190} INFO - [2026-08-12T04:44:11.078+0000] {dagbag.py:587} INFO - Filling up the DagBag from /home/airflow/.local/lib/python3.12/site-packages/airflow/example_dags/example_outlet_event_extra.py
[2026-08-12T04:44:11.307+0000] {processor.py:925} INFO - DAG(s) 'dataset_with_extra_by_context', 'dataset_with_extra_by_yield', 'dataset_with_extra_from_classic_operator' retrieved from /home/airflow/.local/lib/python3.12/site-packages/airflow/example_dags/example_outlet_event_extra.py
[2026-08-12T04:44:11.370+0000] {logging_mixin.py:190} INFO - [2026-08-12T04:44:11.370+0000] {dag.py:3211} INFO - Sync 3 DAGs
[2026-08-12T04:44:11.409+0000] {logging_mixin.py:190} INFO - [2026-08-12T04:44:11.409+0000] {dag.py:4138} INFO - Setting next_dagrun for dataset_with_extra_by_context to 2026-08-11 00:00:00+00:00, run_after=2026-08-12 00:00:00+00:00
[2026-08-12T04:44:11.417+0000] {logging_mixin.py:190} INFO - [2026-08-12T04:44:11.417+0000] {dag.py:4138} INFO - Setting next_dagrun for dataset_with_extra_by_yield to 2026-08-11 00:00:00+00:00, run_after=2026-08-12 00:00:00+00:00
[2026-08-12T04:44:11.424+0000] {logging_mixin.py:190} INFO - [2026-08-12T04:44:11.423+0000] {dag.py:4138} INFO - Setting next_dagrun for dataset_with_extra_from_classic_operator to 2026-08-11 00:00:00+00:00, run_after=2026-08-12 00:00:00+00:00
[2026-08-12T04:44:11.471+0000] {processor.py:208} INFO - Processing /home/airflow/.local/lib/python3.12/site-packages/airflow/example_dags/example_outlet_event_extra.py took 0.411 seconds
[2026-08-12T04:44:41.859+0000] {processor.py:186} INFO - Started process (PID=1152) to work on /home/airflow/.local/lib/python3.12/site-packages/airflow/example_dags/example_outlet_event_extra.py
[2026-08-12T04:44:41.861+0000] {processor.py:914} INFO - Processing file /home/airflow/.local/lib/python3.12/site-packages/airflow/example_dags/example_outlet_event_extra.py for tasks to queue
[2026-08-12T04:44:41.865+0000] {logging_mixin.py:190} INFO - [2026-08-12T04:44:41.864+0000] {dagbag.py:587} INFO - Filling up the DagBag from /home/airflow/.local/lib/python3.12/site-packages/airflow/example_dags/example_outlet_event_extra.py
[2026-08-12T04:44:42.000+0000] {processor.py:925} INFO - DAG(s) 'dataset_with_extra_by_context', 'dataset_with_extra_by_yield', 'dataset_with_extra_from_classic_operator' retrieved from /home/airflow/.local/lib/python3.12/site-packages/airflow/example_dags/example_outlet_event_extra.py
[2026-08-12T04:44:42.037+0000] {logging_mixin.py:190} INFO - [2026-08-12T04:44:42.036+0000] {dag.py:3211} INFO - Sync 3 DAGs
[2026-08-12T04:44:42.082+0000] {logging_mixin.py:190} INFO - [2026-08-12T04:44:42.082+0000] {dag.py:4138} INFO - Setting next_dagrun for dataset_with_extra_by_context to 2026-08-11 00:00:00+00:00, run_after=2026-08-12 00:00:00+00:00
[2026-08-12T04:44:42.088+0000] {logging_mixin.py:190} INFO - [2026-08-12T04:44:42.088+0000] {dag.py:4138} INFO - Setting next_dagrun for dataset_with_extra_by_yield to 2026-08-11 00:00:00+00:00, run_after=2026-08-12 00:00:00+00:00
[2026-08-12T04:44:42.091+0000] {logging_mixin.py:190} INFO - [2026-08-12T04:44:42.091+0000] {dag.py:4138} INFO - Setting next_dagrun for dataset_with_extra_from_classic_operator to 2026-08-11 00:00:00+00:00, run_after=2026-08-12 00:00:00+00:00
[2026-08-12T04:44:42.116+0000] {processor.py:208} INFO - Processing /home/airflow/.local/lib/python3.12/site-packages/airflow/example_dags/example_outlet_event_extra.py took 0.263 seconds
[2026-08-12T04:45:12.727+0000] {processor.py:186} INFO - Started process (PID=1214) to work on /home/airflow/.local/lib/python3.12/site-packages/airflow/example_dags/example_outlet_event_extra.py
[2026-08-12T04:45:12.730+0000] {processor.py:914} INFO - Processing file /home/airflow/.local/lib/python3.12/site-packages/airflow/example_dags/example_outlet_event_extra.py for tasks to queue
[2026-08-12T04:45:12.737+0000] {logging_mixin.py:190} INFO - [2026-08-12T04:45:12.736+0000] {dagbag.py:587} INFO - Filling up the DagBag from /home/airflow/.local/lib/python3.12/site-packages/airflow/example_dags/example_outlet_event_extra.py
[2026-08-12T04:45:12.969+0000] {processor.py:925} INFO - DAG(s) 'dataset_with_extra_from_classic_operator', 'dataset_with_extra_by_yield', 'dataset_with_extra_by_context' retrieved from /home/airflow/.local/lib/python3.12/site-packages/airflow/example_dags/example_outlet_event_extra.py
[2026-08-12T04:45:13.019+0000] {logging_mixin.py:190} INFO - [2026-08-12T04:45:13.018+0000] {dag.py:3211} INFO - Sync 3 DAGs
[2026-08-12T04:45:13.062+0000] {logging_mixin.py:190} INFO - [2026-08-12T04:45:13.062+0000] {dag.py:4138} INFO - Setting next_dagrun for dataset_with_extra_by_context to 2026-08-11 00:00:00+00:00, run_after=2026-08-12 00:00:00+00:00
[2026-08-12T04:45:13.070+0000] {logging_mixin.py:190} INFO - [2026-08-12T04:45:13.069+0000] {dag.py:4138} INFO - Setting next_dagrun for dataset_with_extra_by_yield to 2026-08-11 00:00:00+00:00, run_after=2026-08-12 00:00:00+00:00
[2026-08-12T04:45:13.073+0000] {logging_mixin.py:190} INFO - [2026-08-12T04:45:13.072+0000] {dag.py:4138} INFO - Setting next_dagrun for dataset_with_extra_from_classic_operator to 2026-08-11 00:00:00+00:00, run_after=2026-08-12 00:00:00+00:00
[2026-08-12T04:45:13.129+0000] {processor.py:208} INFO - Processing /home/airflow/.local/lib/python3.12/site-packages/airflow/example_dags/example_outlet_event_extra.py took 0.411 seconds
[2026-08-12T04:45:44.001+0000] {processor.py:186} INFO - Started process (PID=1276) to work on /home/airflow/.local/lib/python3.12/site-packages/airflow/example_dags/example_outlet_event_extra.py
[2026-08-12T04:45:44.003+0000] {processor.py:914} INFO - Processing file /home/airflow/.local/lib/python3.12/site-packages/airflow/example_dags/example_outlet_event_extra.py for tasks to queue
[2026-08-12T04:45:44.007+0000] {logging_mixin.py:190} INFO - [2026-08-12T04:45:44.006+0000] {dagbag.py:587} INFO - Filling up the DagBag from /home/airflow/.local/lib/python3.12/site-packages/airflow/example_dags/example_outlet_event_extra.py
[2026-08-12T04:45:44.210+0000] {processor.py:925} INFO - DAG(s) 'dataset_with_extra_from_classic_operator', 'dataset_with_extra_by_yield', 'dataset_with_extra_by_context' retrieved from /home/airflow/.local/lib/python3.12/site-packages/airflow/example_dags/example_outlet_event_extra.py
[2026-08-12T04:45:44.253+0000] {logging_mixin.py:190} INFO - [2026-08-12T04:45:44.253+0000] {dag.py:3211} INFO - Sync 3 DAGs
[2026-08-12T04:45:44.292+0000] {logging_mixin.py:190} INFO - [2026-08-12T04:45:44.291+0000] {dag.py:4138} INFO - Setting next_dagrun for dataset_with_extra_by_context to 2026-08-11 00:00:00+00:00, run_after=2026-08-12 00:00:00+00:00
[2026-08-12T04:45:44.301+0000] {logging_mixin.py:190} INFO - [2026-08-12T04:45:44.301+0000] {dag.py:4138} INFO - Setting next_dagrun for dataset_with_extra_by_yield to 2026-08-11 00:00:00+00:00, run_after=2026-08-12 00:00:00+00:00
[2026-08-12T04:45:44.305+0000] {logging_mixin.py:190} INFO - [2026-08-12T04:45:44.304+0000] {dag.py:4138} INFO - Setting next_dagrun for dataset_with_extra_from_classic_operator to 2026-08-11 00:00:00+00:00, run_after=2026-08-12 00:00:00+00:00
[2026-08-12T04:45:44.344+0000] {processor.py:208} INFO - Processing /home/airflow/.local/lib/python3.12/site-packages/airflow/example_dags/example_outlet_event_extra.py took 0.354 seconds
[2026-08-12T04:46:14.517+0000] {processor.py:186} INFO - Started process (PID=1338) to work on /home/airflow/.local/lib/python3.12/site-packages/airflow/example_dags/example_outlet_event_extra.py
[2026-08-12T04:46:14.520+0000] {processor.py:914} INFO - Processing file /home/airflow/.local/lib/python3.12/site-packages/airflow/example_dags/example_outlet_event_extra.py for tasks to queue
[2026-08-12T04:46:14.524+0000] {logging_mixin.py:190} INFO - [2026-08-12T04:46:14.524+0000] {dagbag.py:587} INFO - Filling up the DagBag from /home/airflow/.local/lib/python3.12/site-packages/airflow/example_dags/example_outlet_event_extra.py
[2026-08-12T04:46:14.670+0000] {processor.py:925} INFO - DAG(s) 'dataset_with_extra_by_yield', 'dataset_with_extra_by_context', 'dataset_with_extra_from_classic_operator' retrieved from /home/airflow/.local/lib/python3.12/site-packages/airflow/example_dags/example_outlet_event_extra.py
[2026-08-12T04:46:14.697+0000] {logging_mixin.py:190} INFO - [2026-08-12T04:46:14.697+0000] {dag.py:3211} INFO - Sync 3 DAGs
[2026-08-12T04:46:14.728+0000] {logging_mixin.py:190} INFO - [2026-08-12T04:46:14.728+0000] {dag.py:4138} INFO - Setting next_dagrun for dataset_with_extra_by_context to 2026-08-11 00:00:00+00:00, run_after=2026-08-12 00:00:00+00:00
[2026-08-12T04:46:14.734+0000] {logging_mixin.py:190} INFO - [2026-08-12T04:46:14.734+0000] {dag.py:4138} INFO - Setting next_dagrun for dataset_with_extra_by_yield to 2026-08-11 00:00:00+00:00, run_after=2026-08-12 00:00:00+00:00
[2026-08-12T04:46:14.738+0000] {logging_mixin.py:190} INFO - [2026-08-12T04:46:14.738+0000] {dag.py:4138} INFO - Setting next_dagrun for dataset_with_extra_from_classic_operator to 2026-08-11 00:00:00+00:00, run_after=2026-08-12 00:00:00+00:00
[2026-08-12T04:46:14.783+0000] {processor.py:208} INFO - Processing /home/airflow/.local/lib/python3.12/site-packages/airflow/example_dags/example_outlet_event_extra.py took 0.275 seconds
[2026-08-12T04:46:44.859+0000] {processor.py:186} INFO - Started process (PID=1400) to work on /home/airflow/.local/lib/python3.12/site-packages/airflow/example_dags/example_outlet_event_extra.py
[2026-08-12T04:46:44.861+0000] {processor.py:914} INFO - Processing file /home/airflow/.local/lib/python3.12/site-packages/airflow/example_dags/example_outlet_event_extra.py for tasks to queue
[2026-08-12T04:46:44.865+0000] {logging_mixin.py:190} INFO - [2026-08-12T04:46:44.864+0000] {dagbag.py:587} INFO - Filling up the DagBag from /home/airflow/.local/lib/python3.12/site-packages/airflow/example_dags/example_outlet_event_extra.py
[2026-08-12T04:46:45.013+0000] {processor.py:925} INFO - DAG(s) 'dataset_with_extra_by_context', 'dataset_with_extra_from_classic_operator', 'dataset_with_extra_by_yield' retrieved from /home/airflow/.local/lib/python3.12/site-packages/airflow/example_dags/example_outlet_event_extra.py
[2026-08-12T04:46:45.061+0000] {logging_mixin.py:190} INFO - [2026-08-12T04:46:45.061+0000] {dag.py:3211} INFO - Sync 3 DAGs
[2026-08-12T04:46:45.095+0000] {logging_mixin.py:190} INFO - [2026-08-12T04:46:45.094+0000] {dag.py:4138} INFO - Setting next_dagrun for dataset_with_extra_by_context to 2026-08-11 00:00:00+00:00, run_after=2026-08-12 00:00:00+00:00
[2026-08-12T04:46:45.101+0000] {logging_mixin.py:190} INFO - [2026-08-12T04:46:45.100+0000] {dag.py:4138} INFO - Setting next_dagrun for dataset_with_extra_by_yield to 2026-08-11 00:00:00+00:00, run_after=2026-08-12 00:00:00+00:00
[2026-08-12T04:46:45.104+0000] {logging_mixin.py:190} INFO - [2026-08-12T04:46:45.103+0000] {dag.py:4138} INFO - Setting next_dagrun for dataset_with_extra_from_classic_operator to 2026-08-11 00:00:00+00:00, run_after=2026-08-12 00:00:00+00:00
[2026-08-12T04:46:45.131+0000] {processor.py:208} INFO - Processing /home/airflow/.local/lib/python3.12/site-packages/airflow/example_dags/example_outlet_event_extra.py took 0.281 seconds
[2026-08-12T04:47:15.438+0000] {processor.py:186} INFO - Started process (PID=1461) to work on /home/airflow/.local/lib/python3.12/site-packages/airflow/example_dags/example_outlet_event_extra.py
[2026-08-12T04:47:15.440+0000] {processor.py:914} INFO - Processing file /home/airflow/.local/lib/python3.12/site-packages/airflow/example_dags/example_outlet_event_extra.py for tasks to queue
[2026-08-12T04:47:15.447+0000] {logging_mixin.py:190} INFO - [2026-08-12T04:47:15.445+0000] {dagbag.py:587} INFO - Filling up the DagBag from /home/airflow/.local/lib/python3.12/site-packages/airflow/example_dags/example_outlet_event_extra.py
[2026-08-12T04:47:15.773+0000] {processor.py:925} INFO - DAG(s) 'dataset_with_extra_by_context', 'dataset_with_extra_by_yield', 'dataset_with_extra_from_classic_operator' retrieved from /home/airflow/.local/lib/python3.12/site-packages/airflow/example_dags/example_outlet_event_extra.py
[2026-08-12T04:47:15.808+0000] {logging_mixin.py:190} INFO - [2026-08-12T04:47:15.808+0000] {dag.py:3211} INFO - Sync 3 DAGs
[2026-08-12T04:47:15.850+0000] {logging_mixin.py:190} INFO - [2026-08-12T04:47:15.849+0000] {dag.py:4138} INFO - Setting next_dagrun for dataset_with_extra_by_context to 2026-08-11 00:00:00+00:00, run_after=2026-08-12 00:00:00+00:00
[2026-08-12T04:47:15.861+0000] {logging_mixin.py:190} INFO - [2026-08-12T04:47:15.859+0000] {dag.py:4138} INFO - Setting next_dagrun for dataset_with_extra_by_yield to 2026-08-11 00:00:00+00:00, run_after=2026-08-12 00:00:00+00:00
[2026-08-12T04:47:15.867+0000] {logging_mixin.py:190} INFO - [2026-08-12T04:47:15.867+0000] {dag.py:4138} INFO - Setting next_dagrun for dataset_with_extra_from_classic_operator to 2026-08-11 00:00:00+00:00, run_after=2026-08-12 00:00:00+00:00
[2026-08-12T04:47:15.904+0000] {processor.py:208} INFO - Processing /home/airflow/.local/lib/python3.12/site-packages/airflow/example_dags/example_outlet_event_extra.py took 0.478 seconds
[2026-08-12T04:47:46.718+0000] {processor.py:186} INFO - Started process (PID=1523) to work on /home/airflow/.local/lib/python3.12/site-packages/airflow/example_dags/example_outlet_event_extra.py
[2026-08-12T04:47:46.720+0000] {processor.py:914} INFO - Processing file /home/airflow/.local/lib/python3.12/site-packages/airflow/example_dags/example_outlet_event_extra.py for tasks to queue
[2026-08-12T04:47:46.723+0000] {logging_mixin.py:190} INFO - [2026-08-12T04:47:46.723+0000] {dagbag.py:587} INFO - Filling up the DagBag from /home/airflow/.local/lib/python3.12/site-packages/airflow/example_dags/example_outlet_event_extra.py
[2026-08-12T04:47:46.882+0000] {processor.py:925} INFO - DAG(s) 'dataset_with_extra_by_yield', 'dataset_with_extra_by_context', 'dataset_with_extra_from_classic_operator' retrieved from /home/airflow/.local/lib/python3.12/site-packages/airflow/example_dags/example_outlet_event_extra.py
[2026-08-12T04:47:46.913+0000] {logging_mixin.py:190} INFO - [2026-08-12T04:47:46.913+0000] {dag.py:3211} INFO - Sync 3 DAGs
[2026-08-12T04:47:46.948+0000] {logging_mixin.py:190} INFO - [2026-08-12T04:47:46.947+0000] {dag.py:4138} INFO - Setting next_dagrun for dataset_with_extra_by_context to 2026-08-11 00:00:00+00:00, run_after=2026-08-12 00:00:00+00:00
[2026-08-12T04:47:46.954+0000] {logging_mixin.py:190} INFO - [2026-08-12T04:47:46.954+0000] {dag.py:4138} INFO - Setting next_dagrun for dataset_with_extra_by_yield to 2026-08-11 00:00:00+00:00, run_after=2026-08-12 00:00:00+00:00
[2026-08-12T04:47:46.958+0000] {logging_mixin.py:190} INFO - [2026-08-12T04:47:46.958+0000] {dag.py:4138} INFO - Setting next_dagrun for dataset_with_extra_from_classic_operator to 2026-08-11 00:00:00+00:00, run_after=2026-08-12 00:00:00+00:00
[2026-08-12T04:47:47.024+0000] {processor.py:208} INFO - Processing /home/airflow/.local/lib/python3.12/site-packages/airflow/example_dags/example_outlet_event_extra.py took 0.316 seconds
