[2026-08-12T04:32:02.732+0000] {processor.py:186} INFO - Started process (PID=120) to work on /home/airflow/.local/lib/python3.12/site-packages/airflow/example_dags/example_branch_python_dop_operator_3.py
[2026-08-12T04:32:02.736+0000] {processor.py:914} INFO - Processing file /home/airflow/.local/lib/python3.12/site-packages/airflow/example_dags/example_branch_python_dop_operator_3.py for tasks to queue
[2026-08-12T04:32:02.741+0000] {logging_mixin.py:190} INFO - [2026-08-12T04:32:02.740+0000] {dagbag.py:587} INFO - Filling up the DagBag from /home/airflow/.local/lib/python3.12/site-packages/airflow/example_dags/example_branch_python_dop_operator_3.py
[2026-08-12T04:32:02.770+0000] {processor.py:925} INFO - DAG(s) 'example_branch_dop_operator_v3' retrieved from /home/airflow/.local/lib/python3.12/site-packages/airflow/example_dags/example_branch_python_dop_operator_3.py
[2026-08-12T04:32:03.009+0000] {logging_mixin.py:190} INFO - [2026-08-12T04:32:03.008+0000] {override.py:1858} INFO - Created Permission View: can edit on DAG:example_branch_dop_operator_v3
[2026-08-12T04:32:03.032+0000] {logging_mixin.py:190} INFO - [2026-08-12T04:32:03.032+0000] {override.py:1858} INFO - Created Permission View: can read on DAG:example_branch_dop_operator_v3
[2026-08-12T04:32:03.044+0000] {logging_mixin.py:190} INFO - [2026-08-12T04:32:03.043+0000] {override.py:1858} INFO - Created Permission View: can delete on DAG:example_branch_dop_operator_v3
[2026-08-12T04:32:03.047+0000] {logging_mixin.py:190} INFO - [2026-08-12T04:32:03.046+0000] {dag.py:3211} INFO - Sync 1 DAGs
[2026-08-12T04:32:03.073+0000] {logging_mixin.py:190} INFO - [2026-08-12T04:32:03.073+0000] {dag.py:3234} INFO - Creating ORM DAG for example_branch_dop_operator_v3
[2026-08-12T04:32:03.101+0000] {logging_mixin.py:190} INFO - [2026-08-12T04:32:03.100+0000] {dag.py:4138} INFO - Setting next_dagrun for example_branch_dop_operator_v3 to 2026-08-12 04:31:00+00:00, run_after=2026-08-12 04:32:00+00:00
[2026-08-12T04:32:03.135+0000] {processor.py:208} INFO - Processing /home/airflow/.local/lib/python3.12/site-packages/airflow/example_dags/example_branch_python_dop_operator_3.py took 0.418 seconds
[2026-08-12T04:32:34.070+0000] {processor.py:186} INFO - Started process (PID=183) to work on /home/airflow/.local/lib/python3.12/site-packages/airflow/example_dags/example_branch_python_dop_operator_3.py
[2026-08-12T04:32:34.072+0000] {processor.py:914} INFO - Processing file /home/airflow/.local/lib/python3.12/site-packages/airflow/example_dags/example_branch_python_dop_operator_3.py for tasks to queue
[2026-08-12T04:32:34.079+0000] {logging_mixin.py:190} INFO - [2026-08-12T04:32:34.078+0000] {dagbag.py:587} INFO - Filling up the DagBag from /home/airflow/.local/lib/python3.12/site-packages/airflow/example_dags/example_branch_python_dop_operator_3.py
[2026-08-12T04:32:34.099+0000] {processor.py:925} INFO - DAG(s) 'example_branch_dop_operator_v3' retrieved from /home/airflow/.local/lib/python3.12/site-packages/airflow/example_dags/example_branch_python_dop_operator_3.py
[2026-08-12T04:32:34.138+0000] {logging_mixin.py:190} INFO - [2026-08-12T04:32:34.138+0000] {dag.py:3211} INFO - Sync 1 DAGs
[2026-08-12T04:32:34.194+0000] {logging_mixin.py:190} INFO - [2026-08-12T04:32:34.193+0000] {dag.py:4138} INFO - Setting next_dagrun for example_branch_dop_operator_v3 to 2026-08-12 04:31:00+00:00, run_after=2026-08-12 04:32:00+00:00
[2026-08-12T04:32:34.257+0000] {processor.py:208} INFO - Processing /home/airflow/.local/lib/python3.12/site-packages/airflow/example_dags/example_branch_python_dop_operator_3.py took 0.199 seconds
[2026-08-12T04:33:05.138+0000] {processor.py:186} INFO - Started process (PID=245) to work on /home/airflow/.local/lib/python3.12/site-packages/airflow/example_dags/example_branch_python_dop_operator_3.py
[2026-08-12T04:33:05.140+0000] {processor.py:914} INFO - Processing file /home/airflow/.local/lib/python3.12/site-packages/airflow/example_dags/example_branch_python_dop_operator_3.py for tasks to queue
[2026-08-12T04:33:05.146+0000] {logging_mixin.py:190} INFO - [2026-08-12T04:33:05.145+0000] {dagbag.py:587} INFO - Filling up the DagBag from /home/airflow/.local/lib/python3.12/site-packages/airflow/example_dags/example_branch_python_dop_operator_3.py
[2026-08-12T04:33:05.159+0000] {processor.py:925} INFO - DAG(s) 'example_branch_dop_operator_v3' retrieved from /home/airflow/.local/lib/python3.12/site-packages/airflow/example_dags/example_branch_python_dop_operator_3.py
[2026-08-12T04:33:05.193+0000] {logging_mixin.py:190} INFO - [2026-08-12T04:33:05.193+0000] {dag.py:3211} INFO - Sync 1 DAGs
[2026-08-12T04:33:05.249+0000] {logging_mixin.py:190} INFO - [2026-08-12T04:33:05.248+0000] {dag.py:4138} INFO - Setting next_dagrun for example_branch_dop_operator_v3 to 2026-08-12 04:32:00+00:00, run_after=2026-08-12 04:33:00+00:00
[2026-08-12T04:33:05.282+0000] {processor.py:208} INFO - Processing /home/airflow/.local/lib/python3.12/site-packages/airflow/example_dags/example_branch_python_dop_operator_3.py took 0.155 seconds
[2026-08-12T04:33:35.639+0000] {processor.py:186} INFO - Started process (PID=307) to work on /home/airflow/.local/lib/python3.12/site-packages/airflow/example_dags/example_branch_python_dop_operator_3.py
[2026-08-12T04:33:35.641+0000] {processor.py:914} INFO - Processing file /home/airflow/.local/lib/python3.12/site-packages/airflow/example_dags/example_branch_python_dop_operator_3.py for tasks to queue
[2026-08-12T04:33:35.647+0000] {logging_mixin.py:190} INFO - [2026-08-12T04:33:35.646+0000] {dagbag.py:587} INFO - Filling up the DagBag from /home/airflow/.local/lib/python3.12/site-packages/airflow/example_dags/example_branch_python_dop_operator_3.py
[2026-08-12T04:33:35.663+0000] {processor.py:925} INFO - DAG(s) 'example_branch_dop_operator_v3' retrieved from /home/airflow/.local/lib/python3.12/site-packages/airflow/example_dags/example_branch_python_dop_operator_3.py
[2026-08-12T04:33:35.693+0000] {logging_mixin.py:190} INFO - [2026-08-12T04:33:35.693+0000] {dag.py:3211} INFO - Sync 1 DAGs
[2026-08-12T04:33:35.728+0000] {logging_mixin.py:190} INFO - [2026-08-12T04:33:35.727+0000] {dag.py:4138} INFO - Setting next_dagrun for example_branch_dop_operator_v3 to 2026-08-12 04:32:00+00:00, run_after=2026-08-12 04:33:00+00:00
[2026-08-12T04:33:35.762+0000] {processor.py:208} INFO - Processing /home/airflow/.local/lib/python3.12/site-packages/airflow/example_dags/example_branch_python_dop_operator_3.py took 0.132 seconds
[2026-08-12T04:34:06.581+0000] {processor.py:186} INFO - Started process (PID=369) to work on /home/airflow/.local/lib/python3.12/site-packages/airflow/example_dags/example_branch_python_dop_operator_3.py
[2026-08-12T04:34:06.584+0000] {processor.py:914} INFO - Processing file /home/airflow/.local/lib/python3.12/site-packages/airflow/example_dags/example_branch_python_dop_operator_3.py for tasks to queue
[2026-08-12T04:34:06.591+0000] {logging_mixin.py:190} INFO - [2026-08-12T04:34:06.590+0000] {dagbag.py:587} INFO - Filling up the DagBag from /home/airflow/.local/lib/python3.12/site-packages/airflow/example_dags/example_branch_python_dop_operator_3.py
[2026-08-12T04:34:06.618+0000] {processor.py:925} INFO - DAG(s) 'example_branch_dop_operator_v3' retrieved from /home/airflow/.local/lib/python3.12/site-packages/airflow/example_dags/example_branch_python_dop_operator_3.py
[2026-08-12T04:34:06.662+0000] {logging_mixin.py:190} INFO - [2026-08-12T04:34:06.661+0000] {dag.py:3211} INFO - Sync 1 DAGs
[2026-08-12T04:34:06.714+0000] {logging_mixin.py:190} INFO - [2026-08-12T04:34:06.713+0000] {dag.py:4138} INFO - Setting next_dagrun for example_branch_dop_operator_v3 to 2026-08-12 04:33:00+00:00, run_after=2026-08-12 04:34:00+00:00
[2026-08-12T04:34:06.759+0000] {processor.py:208} INFO - Processing /home/airflow/.local/lib/python3.12/site-packages/airflow/example_dags/example_branch_python_dop_operator_3.py took 0.202 seconds
[2026-08-12T04:36:01.758+0000] {processor.py:186} INFO - Started process (PID=113) to work on /home/airflow/.local/lib/python3.12/site-packages/airflow/example_dags/example_branch_python_dop_operator_3.py
[2026-08-12T04:36:01.761+0000] {processor.py:914} INFO - Processing file /home/airflow/.local/lib/python3.12/site-packages/airflow/example_dags/example_branch_python_dop_operator_3.py for tasks to queue
[2026-08-12T04:36:01.766+0000] {logging_mixin.py:190} INFO - [2026-08-12T04:36:01.766+0000] {dagbag.py:587} INFO - Filling up the DagBag from /home/airflow/.local/lib/python3.12/site-packages/airflow/example_dags/example_branch_python_dop_operator_3.py
[2026-08-12T04:36:01.782+0000] {processor.py:925} INFO - DAG(s) 'example_branch_dop_operator_v3' retrieved from /home/airflow/.local/lib/python3.12/site-packages/airflow/example_dags/example_branch_python_dop_operator_3.py
[2026-08-12T04:36:01.824+0000] {logging_mixin.py:190} INFO - [2026-08-12T04:36:01.823+0000] {dag.py:3211} INFO - Sync 1 DAGs
[2026-08-12T04:36:01.865+0000] {logging_mixin.py:190} INFO - [2026-08-12T04:36:01.865+0000] {dag.py:4138} INFO - Setting next_dagrun for example_branch_dop_operator_v3 to 2026-08-12 04:35:00+00:00, run_after=2026-08-12 04:36:00+00:00
[2026-08-12T04:36:01.896+0000] {processor.py:208} INFO - Processing /home/airflow/.local/lib/python3.12/site-packages/airflow/example_dags/example_branch_python_dop_operator_3.py took 0.148 seconds
[2026-08-12T04:36:32.017+0000] {processor.py:186} INFO - Started process (PID=174) to work on /home/airflow/.local/lib/python3.12/site-packages/airflow/example_dags/example_branch_python_dop_operator_3.py
[2026-08-12T04:36:32.022+0000] {processor.py:914} INFO - Processing file /home/airflow/.local/lib/python3.12/site-packages/airflow/example_dags/example_branch_python_dop_operator_3.py for tasks to queue
[2026-08-12T04:36:32.029+0000] {logging_mixin.py:190} INFO - [2026-08-12T04:36:32.029+0000] {dagbag.py:587} INFO - Filling up the DagBag from /home/airflow/.local/lib/python3.12/site-packages/airflow/example_dags/example_branch_python_dop_operator_3.py
[2026-08-12T04:36:32.102+0000] {processor.py:925} INFO - DAG(s) 'example_branch_dop_operator_v3' retrieved from /home/airflow/.local/lib/python3.12/site-packages/airflow/example_dags/example_branch_python_dop_operator_3.py
[2026-08-12T04:36:32.191+0000] {logging_mixin.py:190} INFO - [2026-08-12T04:36:32.190+0000] {dag.py:3211} INFO - Sync 1 DAGs
[2026-08-12T04:36:32.278+0000] {logging_mixin.py:190} INFO - [2026-08-12T04:36:32.277+0000] {dag.py:4138} INFO - Setting next_dagrun for example_branch_dop_operator_v3 to 2026-08-12 04:35:00+00:00, run_after=2026-08-12 04:36:00+00:00
[2026-08-12T04:36:32.348+0000] {processor.py:208} INFO - Processing /home/airflow/.local/lib/python3.12/site-packages/airflow/example_dags/example_branch_python_dop_operator_3.py took 0.348 seconds
[2026-08-12T04:37:02.773+0000] {processor.py:186} INFO - Started process (PID=236) to work on /home/airflow/.local/lib/python3.12/site-packages/airflow/example_dags/example_branch_python_dop_operator_3.py
[2026-08-12T04:37:02.775+0000] {processor.py:914} INFO - Processing file /home/airflow/.local/lib/python3.12/site-packages/airflow/example_dags/example_branch_python_dop_operator_3.py for tasks to queue
[2026-08-12T04:37:02.779+0000] {logging_mixin.py:190} INFO - [2026-08-12T04:37:02.779+0000] {dagbag.py:587} INFO - Filling up the DagBag from /home/airflow/.local/lib/python3.12/site-packages/airflow/example_dags/example_branch_python_dop_operator_3.py
[2026-08-12T04:37:02.793+0000] {processor.py:925} INFO - DAG(s) 'example_branch_dop_operator_v3' retrieved from /home/airflow/.local/lib/python3.12/site-packages/airflow/example_dags/example_branch_python_dop_operator_3.py
[2026-08-12T04:37:02.825+0000] {logging_mixin.py:190} INFO - [2026-08-12T04:37:02.824+0000] {dag.py:3211} INFO - Sync 1 DAGs
[2026-08-12T04:37:02.863+0000] {logging_mixin.py:190} INFO - [2026-08-12T04:37:02.863+0000] {dag.py:4138} INFO - Setting next_dagrun for example_branch_dop_operator_v3 to 2026-08-12 04:36:00+00:00, run_after=2026-08-12 04:37:00+00:00
[2026-08-12T04:37:02.897+0000] {processor.py:208} INFO - Processing /home/airflow/.local/lib/python3.12/site-packages/airflow/example_dags/example_branch_python_dop_operator_3.py took 0.134 seconds
[2026-08-12T04:37:33.309+0000] {processor.py:186} INFO - Started process (PID=298) to work on /home/airflow/.local/lib/python3.12/site-packages/airflow/example_dags/example_branch_python_dop_operator_3.py
[2026-08-12T04:37:33.312+0000] {processor.py:914} INFO - Processing file /home/airflow/.local/lib/python3.12/site-packages/airflow/example_dags/example_branch_python_dop_operator_3.py for tasks to queue
[2026-08-12T04:37:33.317+0000] {logging_mixin.py:190} INFO - [2026-08-12T04:37:33.316+0000] {dagbag.py:587} INFO - Filling up the DagBag from /home/airflow/.local/lib/python3.12/site-packages/airflow/example_dags/example_branch_python_dop_operator_3.py
[2026-08-12T04:37:33.333+0000] {processor.py:925} INFO - DAG(s) 'example_branch_dop_operator_v3' retrieved from /home/airflow/.local/lib/python3.12/site-packages/airflow/example_dags/example_branch_python_dop_operator_3.py
[2026-08-12T04:37:33.370+0000] {logging_mixin.py:190} INFO - [2026-08-12T04:37:33.369+0000] {dag.py:3211} INFO - Sync 1 DAGs
[2026-08-12T04:37:33.433+0000] {logging_mixin.py:190} INFO - [2026-08-12T04:37:33.433+0000] {dag.py:4138} INFO - Setting next_dagrun for example_branch_dop_operator_v3 to 2026-08-12 04:36:00+00:00, run_after=2026-08-12 04:37:00+00:00
[2026-08-12T04:37:33.477+0000] {processor.py:208} INFO - Processing /home/airflow/.local/lib/python3.12/site-packages/airflow/example_dags/example_branch_python_dop_operator_3.py took 0.179 seconds
[2026-08-12T04:38:04.472+0000] {processor.py:186} INFO - Started process (PID=360) to work on /home/airflow/.local/lib/python3.12/site-packages/airflow/example_dags/example_branch_python_dop_operator_3.py
[2026-08-12T04:38:04.474+0000] {processor.py:914} INFO - Processing file /home/airflow/.local/lib/python3.12/site-packages/airflow/example_dags/example_branch_python_dop_operator_3.py for tasks to queue
[2026-08-12T04:38:04.479+0000] {logging_mixin.py:190} INFO - [2026-08-12T04:38:04.479+0000] {dagbag.py:587} INFO - Filling up the DagBag from /home/airflow/.local/lib/python3.12/site-packages/airflow/example_dags/example_branch_python_dop_operator_3.py
[2026-08-12T04:38:04.494+0000] {processor.py:925} INFO - DAG(s) 'example_branch_dop_operator_v3' retrieved from /home/airflow/.local/lib/python3.12/site-packages/airflow/example_dags/example_branch_python_dop_operator_3.py
[2026-08-12T04:38:04.519+0000] {logging_mixin.py:190} INFO - [2026-08-12T04:38:04.519+0000] {dag.py:3211} INFO - Sync 1 DAGs
[2026-08-12T04:38:04.546+0000] {logging_mixin.py:190} INFO - [2026-08-12T04:38:04.546+0000] {dag.py:4138} INFO - Setting next_dagrun for example_branch_dop_operator_v3 to 2026-08-12 04:37:00+00:00, run_after=2026-08-12 04:38:00+00:00
[2026-08-12T04:38:04.567+0000] {processor.py:208} INFO - Processing /home/airflow/.local/lib/python3.12/site-packages/airflow/example_dags/example_branch_python_dop_operator_3.py took 0.104 seconds
[2026-08-12T04:38:35.093+0000] {processor.py:186} INFO - Started process (PID=423) to work on /home/airflow/.local/lib/python3.12/site-packages/airflow/example_dags/example_branch_python_dop_operator_3.py
[2026-08-12T04:38:35.095+0000] {processor.py:914} INFO - Processing file /home/airflow/.local/lib/python3.12/site-packages/airflow/example_dags/example_branch_python_dop_operator_3.py for tasks to queue
[2026-08-12T04:38:35.109+0000] {logging_mixin.py:190} INFO - [2026-08-12T04:38:35.108+0000] {dagbag.py:587} INFO - Filling up the DagBag from /home/airflow/.local/lib/python3.12/site-packages/airflow/example_dags/example_branch_python_dop_operator_3.py
[2026-08-12T04:38:35.151+0000] {processor.py:925} INFO - DAG(s) 'example_branch_dop_operator_v3' retrieved from /home/airflow/.local/lib/python3.12/site-packages/airflow/example_dags/example_branch_python_dop_operator_3.py
[2026-08-12T04:38:35.224+0000] {logging_mixin.py:190} INFO - [2026-08-12T04:38:35.223+0000] {dag.py:3211} INFO - Sync 1 DAGs
[2026-08-12T04:38:35.332+0000] {logging_mixin.py:190} INFO - [2026-08-12T04:38:35.331+0000] {dag.py:4138} INFO - Setting next_dagrun for example_branch_dop_operator_v3 to 2026-08-12 04:37:00+00:00, run_after=2026-08-12 04:38:00+00:00
[2026-08-12T04:38:35.393+0000] {processor.py:208} INFO - Processing /home/airflow/.local/lib/python3.12/site-packages/airflow/example_dags/example_branch_python_dop_operator_3.py took 0.311 seconds
[2026-08-12T04:39:06.407+0000] {processor.py:186} INFO - Started process (PID=485) to work on /home/airflow/.local/lib/python3.12/site-packages/airflow/example_dags/example_branch_python_dop_operator_3.py
[2026-08-12T04:39:06.409+0000] {processor.py:914} INFO - Processing file /home/airflow/.local/lib/python3.12/site-packages/airflow/example_dags/example_branch_python_dop_operator_3.py for tasks to queue
[2026-08-12T04:39:06.416+0000] {logging_mixin.py:190} INFO - [2026-08-12T04:39:06.415+0000] {dagbag.py:587} INFO - Filling up the DagBag from /home/airflow/.local/lib/python3.12/site-packages/airflow/example_dags/example_branch_python_dop_operator_3.py
[2026-08-12T04:39:06.433+0000] {processor.py:925} INFO - DAG(s) 'example_branch_dop_operator_v3' retrieved from /home/airflow/.local/lib/python3.12/site-packages/airflow/example_dags/example_branch_python_dop_operator_3.py
[2026-08-12T04:39:06.464+0000] {logging_mixin.py:190} INFO - [2026-08-12T04:39:06.463+0000] {dag.py:3211} INFO - Sync 1 DAGs
[2026-08-12T04:39:06.504+0000] {logging_mixin.py:190} INFO - [2026-08-12T04:39:06.503+0000] {dag.py:4138} INFO - Setting next_dagrun for example_branch_dop_operator_v3 to 2026-08-12 04:38:00+00:00, run_after=2026-08-12 04:39:00+00:00
[2026-08-12T04:39:06.533+0000] {processor.py:208} INFO - Processing /home/airflow/.local/lib/python3.12/site-packages/airflow/example_dags/example_branch_python_dop_operator_3.py took 0.137 seconds
[2026-08-12T04:39:38.194+0000] {processor.py:186} INFO - Started process (PID=547) to work on /home/airflow/.local/lib/python3.12/site-packages/airflow/example_dags/example_branch_python_dop_operator_3.py
[2026-08-12T04:39:38.197+0000] {processor.py:914} INFO - Processing file /home/airflow/.local/lib/python3.12/site-packages/airflow/example_dags/example_branch_python_dop_operator_3.py for tasks to queue
[2026-08-12T04:39:38.212+0000] {logging_mixin.py:190} INFO - [2026-08-12T04:39:38.211+0000] {dagbag.py:587} INFO - Filling up the DagBag from /home/airflow/.local/lib/python3.12/site-packages/airflow/example_dags/example_branch_python_dop_operator_3.py
[2026-08-12T04:39:38.231+0000] {processor.py:925} INFO - DAG(s) 'example_branch_dop_operator_v3' retrieved from /home/airflow/.local/lib/python3.12/site-packages/airflow/example_dags/example_branch_python_dop_operator_3.py
[2026-08-12T04:39:38.283+0000] {logging_mixin.py:190} INFO - [2026-08-12T04:39:38.282+0000] {dag.py:3211} INFO - Sync 1 DAGs
[2026-08-12T04:39:38.367+0000] {logging_mixin.py:190} INFO - [2026-08-12T04:39:38.367+0000] {dag.py:4138} INFO - Setting next_dagrun for example_branch_dop_operator_v3 to 2026-08-12 04:38:00+00:00, run_after=2026-08-12 04:39:00+00:00
[2026-08-12T04:39:38.434+0000] {processor.py:208} INFO - Processing /home/airflow/.local/lib/python3.12/site-packages/airflow/example_dags/example_branch_python_dop_operator_3.py took 0.264 seconds
[2026-08-12T04:40:09.458+0000] {processor.py:186} INFO - Started process (PID=609) to work on /home/airflow/.local/lib/python3.12/site-packages/airflow/example_dags/example_branch_python_dop_operator_3.py
[2026-08-12T04:40:09.463+0000] {processor.py:914} INFO - Processing file /home/airflow/.local/lib/python3.12/site-packages/airflow/example_dags/example_branch_python_dop_operator_3.py for tasks to queue
[2026-08-12T04:40:09.470+0000] {logging_mixin.py:190} INFO - [2026-08-12T04:40:09.469+0000] {dagbag.py:587} INFO - Filling up the DagBag from /home/airflow/.local/lib/python3.12/site-packages/airflow/example_dags/example_branch_python_dop_operator_3.py
[2026-08-12T04:40:09.497+0000] {processor.py:925} INFO - DAG(s) 'example_branch_dop_operator_v3' retrieved from /home/airflow/.local/lib/python3.12/site-packages/airflow/example_dags/example_branch_python_dop_operator_3.py
[2026-08-12T04:40:09.547+0000] {logging_mixin.py:190} INFO - [2026-08-12T04:40:09.546+0000] {dag.py:3211} INFO - Sync 1 DAGs
[2026-08-12T04:40:09.597+0000] {logging_mixin.py:190} INFO - [2026-08-12T04:40:09.596+0000] {dag.py:4138} INFO - Setting next_dagrun for example_branch_dop_operator_v3 to 2026-08-12 04:39:00+00:00, run_after=2026-08-12 04:40:00+00:00
[2026-08-12T04:40:09.633+0000] {processor.py:208} INFO - Processing /home/airflow/.local/lib/python3.12/site-packages/airflow/example_dags/example_branch_python_dop_operator_3.py took 0.186 seconds
[2026-08-12T04:40:39.815+0000] {processor.py:186} INFO - Started process (PID=671) to work on /home/airflow/.local/lib/python3.12/site-packages/airflow/example_dags/example_branch_python_dop_operator_3.py
[2026-08-12T04:40:39.818+0000] {processor.py:914} INFO - Processing file /home/airflow/.local/lib/python3.12/site-packages/airflow/example_dags/example_branch_python_dop_operator_3.py for tasks to queue
[2026-08-12T04:40:39.823+0000] {logging_mixin.py:190} INFO - [2026-08-12T04:40:39.821+0000] {dagbag.py:587} INFO - Filling up the DagBag from /home/airflow/.local/lib/python3.12/site-packages/airflow/example_dags/example_branch_python_dop_operator_3.py
[2026-08-12T04:40:39.853+0000] {processor.py:925} INFO - DAG(s) 'example_branch_dop_operator_v3' retrieved from /home/airflow/.local/lib/python3.12/site-packages/airflow/example_dags/example_branch_python_dop_operator_3.py
[2026-08-12T04:40:39.885+0000] {logging_mixin.py:190} INFO - [2026-08-12T04:40:39.885+0000] {dag.py:3211} INFO - Sync 1 DAGs
[2026-08-12T04:40:39.926+0000] {logging_mixin.py:190} INFO - [2026-08-12T04:40:39.926+0000] {dag.py:4138} INFO - Setting next_dagrun for example_branch_dop_operator_v3 to 2026-08-12 04:39:00+00:00, run_after=2026-08-12 04:40:00+00:00
[2026-08-12T04:40:39.950+0000] {processor.py:208} INFO - Processing /home/airflow/.local/lib/python3.12/site-packages/airflow/example_dags/example_branch_python_dop_operator_3.py took 0.146 seconds
[2026-08-12T04:41:10.289+0000] {processor.py:186} INFO - Started process (PID=733) to work on /home/airflow/.local/lib/python3.12/site-packages/airflow/example_dags/example_branch_python_dop_operator_3.py
[2026-08-12T04:41:10.292+0000] {processor.py:914} INFO - Processing file /home/airflow/.local/lib/python3.12/site-packages/airflow/example_dags/example_branch_python_dop_operator_3.py for tasks to queue
[2026-08-12T04:41:10.296+0000] {logging_mixin.py:190} INFO - [2026-08-12T04:41:10.296+0000] {dagbag.py:587} INFO - Filling up the DagBag from /home/airflow/.local/lib/python3.12/site-packages/airflow/example_dags/example_branch_python_dop_operator_3.py
[2026-08-12T04:41:10.309+0000] {processor.py:925} INFO - DAG(s) 'example_branch_dop_operator_v3' retrieved from /home/airflow/.local/lib/python3.12/site-packages/airflow/example_dags/example_branch_python_dop_operator_3.py
[2026-08-12T04:41:10.337+0000] {logging_mixin.py:190} INFO - [2026-08-12T04:41:10.336+0000] {dag.py:3211} INFO - Sync 1 DAGs
[2026-08-12T04:41:10.370+0000] {logging_mixin.py:190} INFO - [2026-08-12T04:41:10.370+0000] {dag.py:4138} INFO - Setting next_dagrun for example_branch_dop_operator_v3 to 2026-08-12 04:40:00+00:00, run_after=2026-08-12 04:41:00+00:00
[2026-08-12T04:41:10.397+0000] {processor.py:208} INFO - Processing /home/airflow/.local/lib/python3.12/site-packages/airflow/example_dags/example_branch_python_dop_operator_3.py took 0.115 seconds
[2026-08-12T04:41:40.653+0000] {processor.py:186} INFO - Started process (PID=795) to work on /home/airflow/.local/lib/python3.12/site-packages/airflow/example_dags/example_branch_python_dop_operator_3.py
[2026-08-12T04:41:40.656+0000] {processor.py:914} INFO - Processing file /home/airflow/.local/lib/python3.12/site-packages/airflow/example_dags/example_branch_python_dop_operator_3.py for tasks to queue
[2026-08-12T04:41:40.663+0000] {logging_mixin.py:190} INFO - [2026-08-12T04:41:40.662+0000] {dagbag.py:587} INFO - Filling up the DagBag from /home/airflow/.local/lib/python3.12/site-packages/airflow/example_dags/example_branch_python_dop_operator_3.py
[2026-08-12T04:41:40.678+0000] {processor.py:925} INFO - DAG(s) 'example_branch_dop_operator_v3' retrieved from /home/airflow/.local/lib/python3.12/site-packages/airflow/example_dags/example_branch_python_dop_operator_3.py
[2026-08-12T04:41:40.706+0000] {logging_mixin.py:190} INFO - [2026-08-12T04:41:40.705+0000] {dag.py:3211} INFO - Sync 1 DAGs
[2026-08-12T04:41:40.747+0000] {logging_mixin.py:190} INFO - [2026-08-12T04:41:40.747+0000] {dag.py:4138} INFO - Setting next_dagrun for example_branch_dop_operator_v3 to 2026-08-12 04:40:00+00:00, run_after=2026-08-12 04:41:00+00:00
[2026-08-12T04:41:40.779+0000] {processor.py:208} INFO - Processing /home/airflow/.local/lib/python3.12/site-packages/airflow/example_dags/example_branch_python_dop_operator_3.py took 0.132 seconds
[2026-08-12T04:42:10.902+0000] {processor.py:186} INFO - Started process (PID=857) to work on /home/airflow/.local/lib/python3.12/site-packages/airflow/example_dags/example_branch_python_dop_operator_3.py
[2026-08-12T04:42:10.904+0000] {processor.py:914} INFO - Processing file /home/airflow/.local/lib/python3.12/site-packages/airflow/example_dags/example_branch_python_dop_operator_3.py for tasks to queue
[2026-08-12T04:42:10.909+0000] {logging_mixin.py:190} INFO - [2026-08-12T04:42:10.908+0000] {dagbag.py:587} INFO - Filling up the DagBag from /home/airflow/.local/lib/python3.12/site-packages/airflow/example_dags/example_branch_python_dop_operator_3.py
[2026-08-12T04:42:10.922+0000] {processor.py:925} INFO - DAG(s) 'example_branch_dop_operator_v3' retrieved from /home/airflow/.local/lib/python3.12/site-packages/airflow/example_dags/example_branch_python_dop_operator_3.py
[2026-08-12T04:42:10.947+0000] {logging_mixin.py:190} INFO - [2026-08-12T04:42:10.946+0000] {dag.py:3211} INFO - Sync 1 DAGs
[2026-08-12T04:42:10.975+0000] {logging_mixin.py:190} INFO - [2026-08-12T04:42:10.975+0000] {dag.py:4138} INFO - Setting next_dagrun for example_branch_dop_operator_v3 to 2026-08-12 04:41:00+00:00, run_after=2026-08-12 04:42:00+00:00
[2026-08-12T04:42:10.997+0000] {processor.py:208} INFO - Processing /home/airflow/.local/lib/python3.12/site-packages/airflow/example_dags/example_branch_python_dop_operator_3.py took 0.101 seconds
[2026-08-12T04:42:41.319+0000] {processor.py:186} INFO - Started process (PID=919) to work on /home/airflow/.local/lib/python3.12/site-packages/airflow/example_dags/example_branch_python_dop_operator_3.py
[2026-08-12T04:42:41.320+0000] {processor.py:914} INFO - Processing file /home/airflow/.local/lib/python3.12/site-packages/airflow/example_dags/example_branch_python_dop_operator_3.py for tasks to queue
[2026-08-12T04:42:41.323+0000] {logging_mixin.py:190} INFO - [2026-08-12T04:42:41.323+0000] {dagbag.py:587} INFO - Filling up the DagBag from /home/airflow/.local/lib/python3.12/site-packages/airflow/example_dags/example_branch_python_dop_operator_3.py
[2026-08-12T04:42:41.336+0000] {processor.py:925} INFO - DAG(s) 'example_branch_dop_operator_v3' retrieved from /home/airflow/.local/lib/python3.12/site-packages/airflow/example_dags/example_branch_python_dop_operator_3.py
[2026-08-12T04:42:41.360+0000] {logging_mixin.py:190} INFO - [2026-08-12T04:42:41.360+0000] {dag.py:3211} INFO - Sync 1 DAGs
[2026-08-12T04:42:41.388+0000] {logging_mixin.py:190} INFO - [2026-08-12T04:42:41.388+0000] {dag.py:4138} INFO - Setting next_dagrun for example_branch_dop_operator_v3 to 2026-08-12 04:41:00+00:00, run_after=2026-08-12 04:42:00+00:00
[2026-08-12T04:42:41.412+0000] {processor.py:208} INFO - Processing /home/airflow/.local/lib/python3.12/site-packages/airflow/example_dags/example_branch_python_dop_operator_3.py took 0.099 seconds
[2026-08-12T04:43:11.542+0000] {processor.py:186} INFO - Started process (PID=987) to work on /home/airflow/.local/lib/python3.12/site-packages/airflow/example_dags/example_branch_python_dop_operator_3.py
[2026-08-12T04:43:11.544+0000] {processor.py:914} INFO - Processing file /home/airflow/.local/lib/python3.12/site-packages/airflow/example_dags/example_branch_python_dop_operator_3.py for tasks to queue
[2026-08-12T04:43:11.548+0000] {logging_mixin.py:190} INFO - [2026-08-12T04:43:11.548+0000] {dagbag.py:587} INFO - Filling up the DagBag from /home/airflow/.local/lib/python3.12/site-packages/airflow/example_dags/example_branch_python_dop_operator_3.py
[2026-08-12T04:43:11.568+0000] {processor.py:925} INFO - DAG(s) 'example_branch_dop_operator_v3' retrieved from /home/airflow/.local/lib/python3.12/site-packages/airflow/example_dags/example_branch_python_dop_operator_3.py
[2026-08-12T04:43:11.590+0000] {logging_mixin.py:190} INFO - [2026-08-12T04:43:11.590+0000] {dag.py:3211} INFO - Sync 1 DAGs
[2026-08-12T04:43:11.624+0000] {logging_mixin.py:190} INFO - [2026-08-12T04:43:11.623+0000] {dag.py:4138} INFO - Setting next_dagrun for example_branch_dop_operator_v3 to 2026-08-12 04:42:00+00:00, run_after=2026-08-12 04:43:00+00:00
[2026-08-12T04:43:11.653+0000] {processor.py:208} INFO - Processing /home/airflow/.local/lib/python3.12/site-packages/airflow/example_dags/example_branch_python_dop_operator_3.py took 0.116 seconds
[2026-08-12T04:43:42.738+0000] {processor.py:186} INFO - Started process (PID=1049) to work on /home/airflow/.local/lib/python3.12/site-packages/airflow/example_dags/example_branch_python_dop_operator_3.py
[2026-08-12T04:43:42.744+0000] {processor.py:914} INFO - Processing file /home/airflow/.local/lib/python3.12/site-packages/airflow/example_dags/example_branch_python_dop_operator_3.py for tasks to queue
[2026-08-12T04:43:42.749+0000] {logging_mixin.py:190} INFO - [2026-08-12T04:43:42.749+0000] {dagbag.py:587} INFO - Filling up the DagBag from /home/airflow/.local/lib/python3.12/site-packages/airflow/example_dags/example_branch_python_dop_operator_3.py
[2026-08-12T04:43:42.775+0000] {processor.py:925} INFO - DAG(s) 'example_branch_dop_operator_v3' retrieved from /home/airflow/.local/lib/python3.12/site-packages/airflow/example_dags/example_branch_python_dop_operator_3.py
[2026-08-12T04:43:42.810+0000] {logging_mixin.py:190} INFO - [2026-08-12T04:43:42.810+0000] {dag.py:3211} INFO - Sync 1 DAGs
[2026-08-12T04:43:42.837+0000] {logging_mixin.py:190} INFO - [2026-08-12T04:43:42.837+0000] {dag.py:4138} INFO - Setting next_dagrun for example_branch_dop_operator_v3 to 2026-08-12 04:42:00+00:00, run_after=2026-08-12 04:43:00+00:00
[2026-08-12T04:43:42.859+0000] {processor.py:208} INFO - Processing /home/airflow/.local/lib/python3.12/site-packages/airflow/example_dags/example_branch_python_dop_operator_3.py took 0.131 seconds
[2026-08-12T04:44:14.014+0000] {processor.py:186} INFO - Started process (PID=1111) to work on /home/airflow/.local/lib/python3.12/site-packages/airflow/example_dags/example_branch_python_dop_operator_3.py
[2026-08-12T04:44:14.016+0000] {processor.py:914} INFO - Processing file /home/airflow/.local/lib/python3.12/site-packages/airflow/example_dags/example_branch_python_dop_operator_3.py for tasks to queue
[2026-08-12T04:44:14.022+0000] {logging_mixin.py:190} INFO - [2026-08-12T04:44:14.021+0000] {dagbag.py:587} INFO - Filling up the DagBag from /home/airflow/.local/lib/python3.12/site-packages/airflow/example_dags/example_branch_python_dop_operator_3.py
[2026-08-12T04:44:14.047+0000] {processor.py:925} INFO - DAG(s) 'example_branch_dop_operator_v3' retrieved from /home/airflow/.local/lib/python3.12/site-packages/airflow/example_dags/example_branch_python_dop_operator_3.py
[2026-08-12T04:44:14.084+0000] {logging_mixin.py:190} INFO - [2026-08-12T04:44:14.083+0000] {dag.py:3211} INFO - Sync 1 DAGs
[2026-08-12T04:44:14.134+0000] {logging_mixin.py:190} INFO - [2026-08-12T04:44:14.133+0000] {dag.py:4138} INFO - Setting next_dagrun for example_branch_dop_operator_v3 to 2026-08-12 04:43:00+00:00, run_after=2026-08-12 04:44:00+00:00
[2026-08-12T04:44:14.161+0000] {processor.py:208} INFO - Processing /home/airflow/.local/lib/python3.12/site-packages/airflow/example_dags/example_branch_python_dop_operator_3.py took 0.156 seconds
[2026-08-12T04:44:45.167+0000] {processor.py:186} INFO - Started process (PID=1174) to work on /home/airflow/.local/lib/python3.12/site-packages/airflow/example_dags/example_branch_python_dop_operator_3.py
[2026-08-12T04:44:45.169+0000] {processor.py:914} INFO - Processing file /home/airflow/.local/lib/python3.12/site-packages/airflow/example_dags/example_branch_python_dop_operator_3.py for tasks to queue
[2026-08-12T04:44:45.173+0000] {logging_mixin.py:190} INFO - [2026-08-12T04:44:45.172+0000] {dagbag.py:587} INFO - Filling up the DagBag from /home/airflow/.local/lib/python3.12/site-packages/airflow/example_dags/example_branch_python_dop_operator_3.py
[2026-08-12T04:44:45.185+0000] {processor.py:925} INFO - DAG(s) 'example_branch_dop_operator_v3' retrieved from /home/airflow/.local/lib/python3.12/site-packages/airflow/example_dags/example_branch_python_dop_operator_3.py
[2026-08-12T04:44:45.212+0000] {logging_mixin.py:190} INFO - [2026-08-12T04:44:45.212+0000] {dag.py:3211} INFO - Sync 1 DAGs
[2026-08-12T04:44:45.243+0000] {logging_mixin.py:190} INFO - [2026-08-12T04:44:45.243+0000] {dag.py:4138} INFO - Setting next_dagrun for example_branch_dop_operator_v3 to 2026-08-12 04:43:00+00:00, run_after=2026-08-12 04:44:00+00:00
[2026-08-12T04:44:45.268+0000] {processor.py:208} INFO - Processing /home/airflow/.local/lib/python3.12/site-packages/airflow/example_dags/example_branch_python_dop_operator_3.py took 0.107 seconds
[2026-08-12T04:45:15.349+0000] {processor.py:186} INFO - Started process (PID=1235) to work on /home/airflow/.local/lib/python3.12/site-packages/airflow/example_dags/example_branch_python_dop_operator_3.py
[2026-08-12T04:45:15.351+0000] {processor.py:914} INFO - Processing file /home/airflow/.local/lib/python3.12/site-packages/airflow/example_dags/example_branch_python_dop_operator_3.py for tasks to queue
[2026-08-12T04:45:15.360+0000] {logging_mixin.py:190} INFO - [2026-08-12T04:45:15.358+0000] {dagbag.py:587} INFO - Filling up the DagBag from /home/airflow/.local/lib/python3.12/site-packages/airflow/example_dags/example_branch_python_dop_operator_3.py
[2026-08-12T04:45:15.384+0000] {processor.py:925} INFO - DAG(s) 'example_branch_dop_operator_v3' retrieved from /home/airflow/.local/lib/python3.12/site-packages/airflow/example_dags/example_branch_python_dop_operator_3.py
[2026-08-12T04:45:15.456+0000] {logging_mixin.py:190} INFO - [2026-08-12T04:45:15.455+0000] {dag.py:3211} INFO - Sync 1 DAGs
[2026-08-12T04:45:15.565+0000] {logging_mixin.py:190} INFO - [2026-08-12T04:45:15.564+0000] {dag.py:4138} INFO - Setting next_dagrun for example_branch_dop_operator_v3 to 2026-08-12 04:44:00+00:00, run_after=2026-08-12 04:45:00+00:00
[2026-08-12T04:45:15.626+0000] {processor.py:208} INFO - Processing /home/airflow/.local/lib/python3.12/site-packages/airflow/example_dags/example_branch_python_dop_operator_3.py took 0.287 seconds
[2026-08-12T04:45:46.681+0000] {processor.py:186} INFO - Started process (PID=1298) to work on /home/airflow/.local/lib/python3.12/site-packages/airflow/example_dags/example_branch_python_dop_operator_3.py
[2026-08-12T04:45:46.683+0000] {processor.py:914} INFO - Processing file /home/airflow/.local/lib/python3.12/site-packages/airflow/example_dags/example_branch_python_dop_operator_3.py for tasks to queue
[2026-08-12T04:45:46.692+0000] {logging_mixin.py:190} INFO - [2026-08-12T04:45:46.691+0000] {dagbag.py:587} INFO - Filling up the DagBag from /home/airflow/.local/lib/python3.12/site-packages/airflow/example_dags/example_branch_python_dop_operator_3.py
[2026-08-12T04:45:46.732+0000] {processor.py:925} INFO - DAG(s) 'example_branch_dop_operator_v3' retrieved from /home/airflow/.local/lib/python3.12/site-packages/airflow/example_dags/example_branch_python_dop_operator_3.py
[2026-08-12T04:45:46.769+0000] {logging_mixin.py:190} INFO - [2026-08-12T04:45:46.769+0000] {dag.py:3211} INFO - Sync 1 DAGs
[2026-08-12T04:45:46.826+0000] {logging_mixin.py:190} INFO - [2026-08-12T04:45:46.826+0000] {dag.py:4138} INFO - Setting next_dagrun for example_branch_dop_operator_v3 to 2026-08-12 04:44:00+00:00, run_after=2026-08-12 04:45:00+00:00
[2026-08-12T04:45:46.918+0000] {processor.py:208} INFO - Processing /home/airflow/.local/lib/python3.12/site-packages/airflow/example_dags/example_branch_python_dop_operator_3.py took 0.248 seconds
[2026-08-12T04:46:17.192+0000] {processor.py:186} INFO - Started process (PID=1360) to work on /home/airflow/.local/lib/python3.12/site-packages/airflow/example_dags/example_branch_python_dop_operator_3.py
[2026-08-12T04:46:17.194+0000] {processor.py:914} INFO - Processing file /home/airflow/.local/lib/python3.12/site-packages/airflow/example_dags/example_branch_python_dop_operator_3.py for tasks to queue
[2026-08-12T04:46:17.200+0000] {logging_mixin.py:190} INFO - [2026-08-12T04:46:17.199+0000] {dagbag.py:587} INFO - Filling up the DagBag from /home/airflow/.local/lib/python3.12/site-packages/airflow/example_dags/example_branch_python_dop_operator_3.py
[2026-08-12T04:46:17.230+0000] {processor.py:925} INFO - DAG(s) 'example_branch_dop_operator_v3' retrieved from /home/airflow/.local/lib/python3.12/site-packages/airflow/example_dags/example_branch_python_dop_operator_3.py
[2026-08-12T04:46:17.272+0000] {logging_mixin.py:190} INFO - [2026-08-12T04:46:17.272+0000] {dag.py:3211} INFO - Sync 1 DAGs
[2026-08-12T04:46:17.334+0000] {logging_mixin.py:190} INFO - [2026-08-12T04:46:17.333+0000] {dag.py:4138} INFO - Setting next_dagrun for example_branch_dop_operator_v3 to 2026-08-12 04:45:00+00:00, run_after=2026-08-12 04:46:00+00:00
[2026-08-12T04:46:17.403+0000] {processor.py:208} INFO - Processing /home/airflow/.local/lib/python3.12/site-packages/airflow/example_dags/example_branch_python_dop_operator_3.py took 0.220 seconds
[2026-08-12T04:46:47.999+0000] {processor.py:186} INFO - Started process (PID=1422) to work on /home/airflow/.local/lib/python3.12/site-packages/airflow/example_dags/example_branch_python_dop_operator_3.py
[2026-08-12T04:46:48.001+0000] {processor.py:914} INFO - Processing file /home/airflow/.local/lib/python3.12/site-packages/airflow/example_dags/example_branch_python_dop_operator_3.py for tasks to queue
[2026-08-12T04:46:48.006+0000] {logging_mixin.py:190} INFO - [2026-08-12T04:46:48.005+0000] {dagbag.py:587} INFO - Filling up the DagBag from /home/airflow/.local/lib/python3.12/site-packages/airflow/example_dags/example_branch_python_dop_operator_3.py
[2026-08-12T04:46:48.023+0000] {processor.py:925} INFO - DAG(s) 'example_branch_dop_operator_v3' retrieved from /home/airflow/.local/lib/python3.12/site-packages/airflow/example_dags/example_branch_python_dop_operator_3.py
[2026-08-12T04:46:48.062+0000] {logging_mixin.py:190} INFO - [2026-08-12T04:46:48.061+0000] {dag.py:3211} INFO - Sync 1 DAGs
[2026-08-12T04:46:48.126+0000] {logging_mixin.py:190} INFO - [2026-08-12T04:46:48.126+0000] {dag.py:4138} INFO - Setting next_dagrun for example_branch_dop_operator_v3 to 2026-08-12 04:45:00+00:00, run_after=2026-08-12 04:46:00+00:00
[2026-08-12T04:46:48.159+0000] {processor.py:208} INFO - Processing /home/airflow/.local/lib/python3.12/site-packages/airflow/example_dags/example_branch_python_dop_operator_3.py took 0.170 seconds
