[2026-08-12T04:31:58.084+0000] {processor.py:186} INFO - Started process (PID=104) to work on /home/airflow/.local/lib/python3.12/site-packages/airflow/example_dags/example_branch_labels.py
[2026-08-12T04:31:58.088+0000] {processor.py:914} INFO - Processing file /home/airflow/.local/lib/python3.12/site-packages/airflow/example_dags/example_branch_labels.py for tasks to queue
[2026-08-12T04:31:58.095+0000] {logging_mixin.py:190} INFO - [2026-08-12T04:31:58.094+0000] {dagbag.py:587} INFO - Filling up the DagBag from /home/airflow/.local/lib/python3.12/site-packages/airflow/example_dags/example_branch_labels.py
[2026-08-12T04:31:58.121+0000] {processor.py:925} INFO - DAG(s) 'example_branch_labels' retrieved from /home/airflow/.local/lib/python3.12/site-packages/airflow/example_dags/example_branch_labels.py
[2026-08-12T04:31:58.459+0000] {logging_mixin.py:190} INFO - [2026-08-12T04:31:58.455+0000] {override.py:1858} INFO - Created Permission View: can edit on DAG:example_branch_labels
[2026-08-12T04:31:58.497+0000] {logging_mixin.py:190} INFO - [2026-08-12T04:31:58.496+0000] {override.py:1858} INFO - Created Permission View: can read on DAG:example_branch_labels
[2026-08-12T04:31:58.522+0000] {logging_mixin.py:190} INFO - [2026-08-12T04:31:58.521+0000] {override.py:1858} INFO - Created Permission View: can delete on DAG:example_branch_labels
[2026-08-12T04:31:58.524+0000] {logging_mixin.py:190} INFO - [2026-08-12T04:31:58.524+0000] {dag.py:3211} INFO - Sync 1 DAGs
[2026-08-12T04:31:58.564+0000] {logging_mixin.py:190} INFO - [2026-08-12T04:31:58.563+0000] {dag.py:3234} INFO - Creating ORM DAG for example_branch_labels
[2026-08-12T04:31:58.593+0000] {logging_mixin.py:190} INFO - [2026-08-12T04:31:58.593+0000] {dag.py:4138} INFO - Setting next_dagrun for example_branch_labels to 2026-08-11 00:00:00+00:00, run_after=2026-08-12 00:00:00+00:00
[2026-08-12T04:31:58.636+0000] {processor.py:208} INFO - Processing /home/airflow/.local/lib/python3.12/site-packages/airflow/example_dags/example_branch_labels.py took 0.570 seconds
[2026-08-12T04:32:29.442+0000] {processor.py:186} INFO - Started process (PID=167) to work on /home/airflow/.local/lib/python3.12/site-packages/airflow/example_dags/example_branch_labels.py
[2026-08-12T04:32:29.445+0000] {processor.py:914} INFO - Processing file /home/airflow/.local/lib/python3.12/site-packages/airflow/example_dags/example_branch_labels.py for tasks to queue
[2026-08-12T04:32:29.449+0000] {logging_mixin.py:190} INFO - [2026-08-12T04:32:29.449+0000] {dagbag.py:587} INFO - Filling up the DagBag from /home/airflow/.local/lib/python3.12/site-packages/airflow/example_dags/example_branch_labels.py
[2026-08-12T04:32:29.466+0000] {processor.py:925} INFO - DAG(s) 'example_branch_labels' retrieved from /home/airflow/.local/lib/python3.12/site-packages/airflow/example_dags/example_branch_labels.py
[2026-08-12T04:32:29.502+0000] {logging_mixin.py:190} INFO - [2026-08-12T04:32:29.502+0000] {dag.py:3211} INFO - Sync 1 DAGs
[2026-08-12T04:32:29.538+0000] {logging_mixin.py:190} INFO - [2026-08-12T04:32:29.538+0000] {dag.py:4138} INFO - Setting next_dagrun for example_branch_labels to 2026-08-11 00:00:00+00:00, run_after=2026-08-12 00:00:00+00:00
[2026-08-12T04:32:29.571+0000] {processor.py:208} INFO - Processing /home/airflow/.local/lib/python3.12/site-packages/airflow/example_dags/example_branch_labels.py took 0.138 seconds
[2026-08-12T04:32:59.828+0000] {processor.py:186} INFO - Started process (PID=229) to work on /home/airflow/.local/lib/python3.12/site-packages/airflow/example_dags/example_branch_labels.py
[2026-08-12T04:32:59.831+0000] {processor.py:914} INFO - Processing file /home/airflow/.local/lib/python3.12/site-packages/airflow/example_dags/example_branch_labels.py for tasks to queue
[2026-08-12T04:32:59.835+0000] {logging_mixin.py:190} INFO - [2026-08-12T04:32:59.835+0000] {dagbag.py:587} INFO - Filling up the DagBag from /home/airflow/.local/lib/python3.12/site-packages/airflow/example_dags/example_branch_labels.py
[2026-08-12T04:32:59.849+0000] {processor.py:925} INFO - DAG(s) 'example_branch_labels' retrieved from /home/airflow/.local/lib/python3.12/site-packages/airflow/example_dags/example_branch_labels.py
[2026-08-12T04:32:59.884+0000] {logging_mixin.py:190} INFO - [2026-08-12T04:32:59.884+0000] {dag.py:3211} INFO - Sync 1 DAGs
[2026-08-12T04:32:59.922+0000] {logging_mixin.py:190} INFO - [2026-08-12T04:32:59.921+0000] {dag.py:4138} INFO - Setting next_dagrun for example_branch_labels to 2026-08-11 00:00:00+00:00, run_after=2026-08-12 00:00:00+00:00
[2026-08-12T04:32:59.952+0000] {processor.py:208} INFO - Processing /home/airflow/.local/lib/python3.12/site-packages/airflow/example_dags/example_branch_labels.py took 0.130 seconds
[2026-08-12T04:33:30.502+0000] {processor.py:186} INFO - Started process (PID=291) to work on /home/airflow/.local/lib/python3.12/site-packages/airflow/example_dags/example_branch_labels.py
[2026-08-12T04:33:30.505+0000] {processor.py:914} INFO - Processing file /home/airflow/.local/lib/python3.12/site-packages/airflow/example_dags/example_branch_labels.py for tasks to queue
[2026-08-12T04:33:30.509+0000] {logging_mixin.py:190} INFO - [2026-08-12T04:33:30.508+0000] {dagbag.py:587} INFO - Filling up the DagBag from /home/airflow/.local/lib/python3.12/site-packages/airflow/example_dags/example_branch_labels.py
[2026-08-12T04:33:30.526+0000] {processor.py:925} INFO - DAG(s) 'example_branch_labels' retrieved from /home/airflow/.local/lib/python3.12/site-packages/airflow/example_dags/example_branch_labels.py
[2026-08-12T04:33:30.563+0000] {logging_mixin.py:190} INFO - [2026-08-12T04:33:30.562+0000] {dag.py:3211} INFO - Sync 1 DAGs
[2026-08-12T04:33:30.598+0000] {logging_mixin.py:190} INFO - [2026-08-12T04:33:30.598+0000] {dag.py:4138} INFO - Setting next_dagrun for example_branch_labels to 2026-08-11 00:00:00+00:00, run_after=2026-08-12 00:00:00+00:00
[2026-08-12T04:33:30.627+0000] {processor.py:208} INFO - Processing /home/airflow/.local/lib/python3.12/site-packages/airflow/example_dags/example_branch_labels.py took 0.133 seconds
[2026-08-12T04:34:01.101+0000] {processor.py:186} INFO - Started process (PID=353) to work on /home/airflow/.local/lib/python3.12/site-packages/airflow/example_dags/example_branch_labels.py
[2026-08-12T04:34:01.103+0000] {processor.py:914} INFO - Processing file /home/airflow/.local/lib/python3.12/site-packages/airflow/example_dags/example_branch_labels.py for tasks to queue
[2026-08-12T04:34:01.106+0000] {logging_mixin.py:190} INFO - [2026-08-12T04:34:01.106+0000] {dagbag.py:587} INFO - Filling up the DagBag from /home/airflow/.local/lib/python3.12/site-packages/airflow/example_dags/example_branch_labels.py
[2026-08-12T04:34:01.118+0000] {processor.py:925} INFO - DAG(s) 'example_branch_labels' retrieved from /home/airflow/.local/lib/python3.12/site-packages/airflow/example_dags/example_branch_labels.py
[2026-08-12T04:34:01.143+0000] {logging_mixin.py:190} INFO - [2026-08-12T04:34:01.143+0000] {dag.py:3211} INFO - Sync 1 DAGs
[2026-08-12T04:34:01.172+0000] {logging_mixin.py:190} INFO - [2026-08-12T04:34:01.172+0000] {dag.py:4138} INFO - Setting next_dagrun for example_branch_labels to 2026-08-11 00:00:00+00:00, run_after=2026-08-12 00:00:00+00:00
[2026-08-12T04:34:01.221+0000] {processor.py:208} INFO - Processing /home/airflow/.local/lib/python3.12/site-packages/airflow/example_dags/example_branch_labels.py took 0.128 seconds
[2026-08-12T04:35:59.496+0000] {processor.py:186} INFO - Started process (PID=97) to work on /home/airflow/.local/lib/python3.12/site-packages/airflow/example_dags/example_branch_labels.py
[2026-08-12T04:35:59.498+0000] {processor.py:914} INFO - Processing file /home/airflow/.local/lib/python3.12/site-packages/airflow/example_dags/example_branch_labels.py for tasks to queue
[2026-08-12T04:35:59.505+0000] {logging_mixin.py:190} INFO - [2026-08-12T04:35:59.505+0000] {dagbag.py:587} INFO - Filling up the DagBag from /home/airflow/.local/lib/python3.12/site-packages/airflow/example_dags/example_branch_labels.py
[2026-08-12T04:35:59.533+0000] {processor.py:925} INFO - DAG(s) 'example_branch_labels' retrieved from /home/airflow/.local/lib/python3.12/site-packages/airflow/example_dags/example_branch_labels.py
[2026-08-12T04:35:59.575+0000] {logging_mixin.py:190} INFO - [2026-08-12T04:35:59.575+0000] {dag.py:3211} INFO - Sync 1 DAGs
[2026-08-12T04:35:59.611+0000] {logging_mixin.py:190} INFO - [2026-08-12T04:35:59.611+0000] {dag.py:4138} INFO - Setting next_dagrun for example_branch_labels to 2026-08-11 00:00:00+00:00, run_after=2026-08-12 00:00:00+00:00
[2026-08-12T04:35:59.639+0000] {processor.py:208} INFO - Processing /home/airflow/.local/lib/python3.12/site-packages/airflow/example_dags/example_branch_labels.py took 0.150 seconds
[2026-08-12T04:36:30.371+0000] {processor.py:186} INFO - Started process (PID=159) to work on /home/airflow/.local/lib/python3.12/site-packages/airflow/example_dags/example_branch_labels.py
[2026-08-12T04:36:30.373+0000] {processor.py:914} INFO - Processing file /home/airflow/.local/lib/python3.12/site-packages/airflow/example_dags/example_branch_labels.py for tasks to queue
[2026-08-12T04:36:30.379+0000] {logging_mixin.py:190} INFO - [2026-08-12T04:36:30.378+0000] {dagbag.py:587} INFO - Filling up the DagBag from /home/airflow/.local/lib/python3.12/site-packages/airflow/example_dags/example_branch_labels.py
[2026-08-12T04:36:30.394+0000] {processor.py:925} INFO - DAG(s) 'example_branch_labels' retrieved from /home/airflow/.local/lib/python3.12/site-packages/airflow/example_dags/example_branch_labels.py
[2026-08-12T04:36:30.426+0000] {logging_mixin.py:190} INFO - [2026-08-12T04:36:30.426+0000] {dag.py:3211} INFO - Sync 1 DAGs
[2026-08-12T04:36:30.466+0000] {logging_mixin.py:190} INFO - [2026-08-12T04:36:30.466+0000] {dag.py:4138} INFO - Setting next_dagrun for example_branch_labels to 2026-08-11 00:00:00+00:00, run_after=2026-08-12 00:00:00+00:00
[2026-08-12T04:36:30.513+0000] {processor.py:208} INFO - Processing /home/airflow/.local/lib/python3.12/site-packages/airflow/example_dags/example_branch_labels.py took 0.150 seconds
[2026-08-12T04:37:01.147+0000] {processor.py:186} INFO - Started process (PID=221) to work on /home/airflow/.local/lib/python3.12/site-packages/airflow/example_dags/example_branch_labels.py
[2026-08-12T04:37:01.150+0000] {processor.py:914} INFO - Processing file /home/airflow/.local/lib/python3.12/site-packages/airflow/example_dags/example_branch_labels.py for tasks to queue
[2026-08-12T04:37:01.156+0000] {logging_mixin.py:190} INFO - [2026-08-12T04:37:01.155+0000] {dagbag.py:587} INFO - Filling up the DagBag from /home/airflow/.local/lib/python3.12/site-packages/airflow/example_dags/example_branch_labels.py
[2026-08-12T04:37:01.168+0000] {processor.py:925} INFO - DAG(s) 'example_branch_labels' retrieved from /home/airflow/.local/lib/python3.12/site-packages/airflow/example_dags/example_branch_labels.py
[2026-08-12T04:37:01.210+0000] {logging_mixin.py:190} INFO - [2026-08-12T04:37:01.210+0000] {dag.py:3211} INFO - Sync 1 DAGs
[2026-08-12T04:37:01.243+0000] {logging_mixin.py:190} INFO - [2026-08-12T04:37:01.242+0000] {dag.py:4138} INFO - Setting next_dagrun for example_branch_labels to 2026-08-11 00:00:00+00:00, run_after=2026-08-12 00:00:00+00:00
[2026-08-12T04:37:01.288+0000] {processor.py:208} INFO - Processing /home/airflow/.local/lib/python3.12/site-packages/airflow/example_dags/example_branch_labels.py took 0.148 seconds
[2026-08-12T04:37:31.693+0000] {processor.py:186} INFO - Started process (PID=283) to work on /home/airflow/.local/lib/python3.12/site-packages/airflow/example_dags/example_branch_labels.py
[2026-08-12T04:37:31.695+0000] {processor.py:914} INFO - Processing file /home/airflow/.local/lib/python3.12/site-packages/airflow/example_dags/example_branch_labels.py for tasks to queue
[2026-08-12T04:37:31.701+0000] {logging_mixin.py:190} INFO - [2026-08-12T04:37:31.700+0000] {dagbag.py:587} INFO - Filling up the DagBag from /home/airflow/.local/lib/python3.12/site-packages/airflow/example_dags/example_branch_labels.py
[2026-08-12T04:37:31.717+0000] {processor.py:925} INFO - DAG(s) 'example_branch_labels' retrieved from /home/airflow/.local/lib/python3.12/site-packages/airflow/example_dags/example_branch_labels.py
[2026-08-12T04:37:31.761+0000] {logging_mixin.py:190} INFO - [2026-08-12T04:37:31.760+0000] {dag.py:3211} INFO - Sync 1 DAGs
[2026-08-12T04:37:31.812+0000] {logging_mixin.py:190} INFO - [2026-08-12T04:37:31.811+0000] {dag.py:4138} INFO - Setting next_dagrun for example_branch_labels to 2026-08-11 00:00:00+00:00, run_after=2026-08-12 00:00:00+00:00
[2026-08-12T04:37:31.858+0000] {processor.py:208} INFO - Processing /home/airflow/.local/lib/python3.12/site-packages/airflow/example_dags/example_branch_labels.py took 0.174 seconds
[2026-08-12T04:38:02.143+0000] {processor.py:186} INFO - Started process (PID=345) to work on /home/airflow/.local/lib/python3.12/site-packages/airflow/example_dags/example_branch_labels.py
[2026-08-12T04:38:02.145+0000] {processor.py:914} INFO - Processing file /home/airflow/.local/lib/python3.12/site-packages/airflow/example_dags/example_branch_labels.py for tasks to queue
[2026-08-12T04:38:02.151+0000] {logging_mixin.py:190} INFO - [2026-08-12T04:38:02.151+0000] {dagbag.py:587} INFO - Filling up the DagBag from /home/airflow/.local/lib/python3.12/site-packages/airflow/example_dags/example_branch_labels.py
[2026-08-12T04:38:02.164+0000] {processor.py:925} INFO - DAG(s) 'example_branch_labels' retrieved from /home/airflow/.local/lib/python3.12/site-packages/airflow/example_dags/example_branch_labels.py
[2026-08-12T04:38:02.189+0000] {logging_mixin.py:190} INFO - [2026-08-12T04:38:02.189+0000] {dag.py:3211} INFO - Sync 1 DAGs
[2026-08-12T04:38:02.216+0000] {logging_mixin.py:190} INFO - [2026-08-12T04:38:02.216+0000] {dag.py:4138} INFO - Setting next_dagrun for example_branch_labels to 2026-08-11 00:00:00+00:00, run_after=2026-08-12 00:00:00+00:00
[2026-08-12T04:38:02.241+0000] {processor.py:208} INFO - Processing /home/airflow/.local/lib/python3.12/site-packages/airflow/example_dags/example_branch_labels.py took 0.107 seconds
[2026-08-12T04:38:33.291+0000] {processor.py:186} INFO - Started process (PID=407) to work on /home/airflow/.local/lib/python3.12/site-packages/airflow/example_dags/example_branch_labels.py
[2026-08-12T04:38:33.292+0000] {processor.py:914} INFO - Processing file /home/airflow/.local/lib/python3.12/site-packages/airflow/example_dags/example_branch_labels.py for tasks to queue
[2026-08-12T04:38:33.295+0000] {logging_mixin.py:190} INFO - [2026-08-12T04:38:33.295+0000] {dagbag.py:587} INFO - Filling up the DagBag from /home/airflow/.local/lib/python3.12/site-packages/airflow/example_dags/example_branch_labels.py
[2026-08-12T04:38:33.309+0000] {processor.py:925} INFO - DAG(s) 'example_branch_labels' retrieved from /home/airflow/.local/lib/python3.12/site-packages/airflow/example_dags/example_branch_labels.py
[2026-08-12T04:38:33.343+0000] {logging_mixin.py:190} INFO - [2026-08-12T04:38:33.343+0000] {dag.py:3211} INFO - Sync 1 DAGs
[2026-08-12T04:38:33.372+0000] {logging_mixin.py:190} INFO - [2026-08-12T04:38:33.372+0000] {dag.py:4138} INFO - Setting next_dagrun for example_branch_labels to 2026-08-11 00:00:00+00:00, run_after=2026-08-12 00:00:00+00:00
[2026-08-12T04:38:33.393+0000] {processor.py:208} INFO - Processing /home/airflow/.local/lib/python3.12/site-packages/airflow/example_dags/example_branch_labels.py took 0.108 seconds
[2026-08-12T04:39:04.521+0000] {processor.py:186} INFO - Started process (PID=469) to work on /home/airflow/.local/lib/python3.12/site-packages/airflow/example_dags/example_branch_labels.py
[2026-08-12T04:39:04.524+0000] {processor.py:914} INFO - Processing file /home/airflow/.local/lib/python3.12/site-packages/airflow/example_dags/example_branch_labels.py for tasks to queue
[2026-08-12T04:39:04.527+0000] {logging_mixin.py:190} INFO - [2026-08-12T04:39:04.527+0000] {dagbag.py:587} INFO - Filling up the DagBag from /home/airflow/.local/lib/python3.12/site-packages/airflow/example_dags/example_branch_labels.py
[2026-08-12T04:39:04.544+0000] {processor.py:925} INFO - DAG(s) 'example_branch_labels' retrieved from /home/airflow/.local/lib/python3.12/site-packages/airflow/example_dags/example_branch_labels.py
[2026-08-12T04:39:04.577+0000] {logging_mixin.py:190} INFO - [2026-08-12T04:39:04.575+0000] {dag.py:3211} INFO - Sync 1 DAGs
[2026-08-12T04:39:04.618+0000] {logging_mixin.py:190} INFO - [2026-08-12T04:39:04.618+0000] {dag.py:4138} INFO - Setting next_dagrun for example_branch_labels to 2026-08-11 00:00:00+00:00, run_after=2026-08-12 00:00:00+00:00
[2026-08-12T04:39:04.652+0000] {processor.py:208} INFO - Processing /home/airflow/.local/lib/python3.12/site-packages/airflow/example_dags/example_branch_labels.py took 0.139 seconds
[2026-08-12T04:39:36.023+0000] {processor.py:186} INFO - Started process (PID=531) to work on /home/airflow/.local/lib/python3.12/site-packages/airflow/example_dags/example_branch_labels.py
[2026-08-12T04:39:36.026+0000] {processor.py:914} INFO - Processing file /home/airflow/.local/lib/python3.12/site-packages/airflow/example_dags/example_branch_labels.py for tasks to queue
[2026-08-12T04:39:36.030+0000] {logging_mixin.py:190} INFO - [2026-08-12T04:39:36.030+0000] {dagbag.py:587} INFO - Filling up the DagBag from /home/airflow/.local/lib/python3.12/site-packages/airflow/example_dags/example_branch_labels.py
[2026-08-12T04:39:36.050+0000] {processor.py:925} INFO - DAG(s) 'example_branch_labels' retrieved from /home/airflow/.local/lib/python3.12/site-packages/airflow/example_dags/example_branch_labels.py
[2026-08-12T04:39:36.092+0000] {logging_mixin.py:190} INFO - [2026-08-12T04:39:36.091+0000] {dag.py:3211} INFO - Sync 1 DAGs
[2026-08-12T04:39:36.137+0000] {logging_mixin.py:190} INFO - [2026-08-12T04:39:36.136+0000] {dag.py:4138} INFO - Setting next_dagrun for example_branch_labels to 2026-08-11 00:00:00+00:00, run_after=2026-08-12 00:00:00+00:00
[2026-08-12T04:39:36.177+0000] {processor.py:208} INFO - Processing /home/airflow/.local/lib/python3.12/site-packages/airflow/example_dags/example_branch_labels.py took 0.167 seconds
[2026-08-12T04:40:07.610+0000] {processor.py:186} INFO - Started process (PID=593) to work on /home/airflow/.local/lib/python3.12/site-packages/airflow/example_dags/example_branch_labels.py
[2026-08-12T04:40:07.615+0000] {processor.py:914} INFO - Processing file /home/airflow/.local/lib/python3.12/site-packages/airflow/example_dags/example_branch_labels.py for tasks to queue
[2026-08-12T04:40:07.633+0000] {logging_mixin.py:190} INFO - [2026-08-12T04:40:07.632+0000] {dagbag.py:587} INFO - Filling up the DagBag from /home/airflow/.local/lib/python3.12/site-packages/airflow/example_dags/example_branch_labels.py
[2026-08-12T04:40:07.665+0000] {processor.py:925} INFO - DAG(s) 'example_branch_labels' retrieved from /home/airflow/.local/lib/python3.12/site-packages/airflow/example_dags/example_branch_labels.py
[2026-08-12T04:40:07.718+0000] {logging_mixin.py:190} INFO - [2026-08-12T04:40:07.717+0000] {dag.py:3211} INFO - Sync 1 DAGs
[2026-08-12T04:40:07.762+0000] {logging_mixin.py:190} INFO - [2026-08-12T04:40:07.762+0000] {dag.py:4138} INFO - Setting next_dagrun for example_branch_labels to 2026-08-11 00:00:00+00:00, run_after=2026-08-12 00:00:00+00:00
[2026-08-12T04:40:07.801+0000] {processor.py:208} INFO - Processing /home/airflow/.local/lib/python3.12/site-packages/airflow/example_dags/example_branch_labels.py took 0.215 seconds
[2026-08-12T04:40:38.071+0000] {processor.py:186} INFO - Started process (PID=655) to work on /home/airflow/.local/lib/python3.12/site-packages/airflow/example_dags/example_branch_labels.py
[2026-08-12T04:40:38.074+0000] {processor.py:914} INFO - Processing file /home/airflow/.local/lib/python3.12/site-packages/airflow/example_dags/example_branch_labels.py for tasks to queue
[2026-08-12T04:40:38.080+0000] {logging_mixin.py:190} INFO - [2026-08-12T04:40:38.079+0000] {dagbag.py:587} INFO - Filling up the DagBag from /home/airflow/.local/lib/python3.12/site-packages/airflow/example_dags/example_branch_labels.py
[2026-08-12T04:40:38.115+0000] {processor.py:925} INFO - DAG(s) 'example_branch_labels' retrieved from /home/airflow/.local/lib/python3.12/site-packages/airflow/example_dags/example_branch_labels.py
[2026-08-12T04:40:38.147+0000] {logging_mixin.py:190} INFO - [2026-08-12T04:40:38.147+0000] {dag.py:3211} INFO - Sync 1 DAGs
[2026-08-12T04:40:38.190+0000] {logging_mixin.py:190} INFO - [2026-08-12T04:40:38.190+0000] {dag.py:4138} INFO - Setting next_dagrun for example_branch_labels to 2026-08-11 00:00:00+00:00, run_after=2026-08-12 00:00:00+00:00
[2026-08-12T04:40:38.218+0000] {processor.py:208} INFO - Processing /home/airflow/.local/lib/python3.12/site-packages/airflow/example_dags/example_branch_labels.py took 0.153 seconds
[2026-08-12T04:41:08.415+0000] {processor.py:186} INFO - Started process (PID=717) to work on /home/airflow/.local/lib/python3.12/site-packages/airflow/example_dags/example_branch_labels.py
[2026-08-12T04:41:08.417+0000] {processor.py:914} INFO - Processing file /home/airflow/.local/lib/python3.12/site-packages/airflow/example_dags/example_branch_labels.py for tasks to queue
[2026-08-12T04:41:08.420+0000] {logging_mixin.py:190} INFO - [2026-08-12T04:41:08.419+0000] {dagbag.py:587} INFO - Filling up the DagBag from /home/airflow/.local/lib/python3.12/site-packages/airflow/example_dags/example_branch_labels.py
[2026-08-12T04:41:08.436+0000] {processor.py:925} INFO - DAG(s) 'example_branch_labels' retrieved from /home/airflow/.local/lib/python3.12/site-packages/airflow/example_dags/example_branch_labels.py
[2026-08-12T04:41:08.469+0000] {logging_mixin.py:190} INFO - [2026-08-12T04:41:08.469+0000] {dag.py:3211} INFO - Sync 1 DAGs
[2026-08-12T04:41:08.501+0000] {logging_mixin.py:190} INFO - [2026-08-12T04:41:08.500+0000] {dag.py:4138} INFO - Setting next_dagrun for example_branch_labels to 2026-08-11 00:00:00+00:00, run_after=2026-08-12 00:00:00+00:00
[2026-08-12T04:41:08.529+0000] {processor.py:208} INFO - Processing /home/airflow/.local/lib/python3.12/site-packages/airflow/example_dags/example_branch_labels.py took 0.120 seconds
[2026-08-12T04:41:39.000+0000] {processor.py:186} INFO - Started process (PID=779) to work on /home/airflow/.local/lib/python3.12/site-packages/airflow/example_dags/example_branch_labels.py
[2026-08-12T04:41:39.003+0000] {processor.py:914} INFO - Processing file /home/airflow/.local/lib/python3.12/site-packages/airflow/example_dags/example_branch_labels.py for tasks to queue
[2026-08-12T04:41:39.008+0000] {logging_mixin.py:190} INFO - [2026-08-12T04:41:39.007+0000] {dagbag.py:587} INFO - Filling up the DagBag from /home/airflow/.local/lib/python3.12/site-packages/airflow/example_dags/example_branch_labels.py
[2026-08-12T04:41:39.019+0000] {processor.py:925} INFO - DAG(s) 'example_branch_labels' retrieved from /home/airflow/.local/lib/python3.12/site-packages/airflow/example_dags/example_branch_labels.py
[2026-08-12T04:41:39.051+0000] {logging_mixin.py:190} INFO - [2026-08-12T04:41:39.050+0000] {dag.py:3211} INFO - Sync 1 DAGs
[2026-08-12T04:41:39.085+0000] {logging_mixin.py:190} INFO - [2026-08-12T04:41:39.084+0000] {dag.py:4138} INFO - Setting next_dagrun for example_branch_labels to 2026-08-11 00:00:00+00:00, run_after=2026-08-12 00:00:00+00:00
[2026-08-12T04:41:39.113+0000] {processor.py:208} INFO - Processing /home/airflow/.local/lib/python3.12/site-packages/airflow/example_dags/example_branch_labels.py took 0.120 seconds
[2026-08-12T04:42:09.592+0000] {processor.py:186} INFO - Started process (PID=841) to work on /home/airflow/.local/lib/python3.12/site-packages/airflow/example_dags/example_branch_labels.py
[2026-08-12T04:42:09.593+0000] {processor.py:914} INFO - Processing file /home/airflow/.local/lib/python3.12/site-packages/airflow/example_dags/example_branch_labels.py for tasks to queue
[2026-08-12T04:42:09.597+0000] {logging_mixin.py:190} INFO - [2026-08-12T04:42:09.597+0000] {dagbag.py:587} INFO - Filling up the DagBag from /home/airflow/.local/lib/python3.12/site-packages/airflow/example_dags/example_branch_labels.py
[2026-08-12T04:42:09.608+0000] {processor.py:925} INFO - DAG(s) 'example_branch_labels' retrieved from /home/airflow/.local/lib/python3.12/site-packages/airflow/example_dags/example_branch_labels.py
[2026-08-12T04:42:09.634+0000] {logging_mixin.py:190} INFO - [2026-08-12T04:42:09.634+0000] {dag.py:3211} INFO - Sync 1 DAGs
[2026-08-12T04:42:09.662+0000] {logging_mixin.py:190} INFO - [2026-08-12T04:42:09.662+0000] {dag.py:4138} INFO - Setting next_dagrun for example_branch_labels to 2026-08-11 00:00:00+00:00, run_after=2026-08-12 00:00:00+00:00
[2026-08-12T04:42:09.683+0000] {processor.py:208} INFO - Processing /home/airflow/.local/lib/python3.12/site-packages/airflow/example_dags/example_branch_labels.py took 0.097 seconds
[2026-08-12T04:42:40.160+0000] {processor.py:186} INFO - Started process (PID=903) to work on /home/airflow/.local/lib/python3.12/site-packages/airflow/example_dags/example_branch_labels.py
[2026-08-12T04:42:40.162+0000] {processor.py:914} INFO - Processing file /home/airflow/.local/lib/python3.12/site-packages/airflow/example_dags/example_branch_labels.py for tasks to queue
[2026-08-12T04:42:40.165+0000] {logging_mixin.py:190} INFO - [2026-08-12T04:42:40.165+0000] {dagbag.py:587} INFO - Filling up the DagBag from /home/airflow/.local/lib/python3.12/site-packages/airflow/example_dags/example_branch_labels.py
[2026-08-12T04:42:40.178+0000] {processor.py:925} INFO - DAG(s) 'example_branch_labels' retrieved from /home/airflow/.local/lib/python3.12/site-packages/airflow/example_dags/example_branch_labels.py
[2026-08-12T04:42:40.200+0000] {logging_mixin.py:190} INFO - [2026-08-12T04:42:40.200+0000] {dag.py:3211} INFO - Sync 1 DAGs
[2026-08-12T04:42:40.236+0000] {logging_mixin.py:190} INFO - [2026-08-12T04:42:40.235+0000] {dag.py:4138} INFO - Setting next_dagrun for example_branch_labels to 2026-08-11 00:00:00+00:00, run_after=2026-08-12 00:00:00+00:00
[2026-08-12T04:42:40.263+0000] {processor.py:208} INFO - Processing /home/airflow/.local/lib/python3.12/site-packages/airflow/example_dags/example_branch_labels.py took 0.111 seconds
[2026-08-12T04:43:10.418+0000] {processor.py:186} INFO - Started process (PID=965) to work on /home/airflow/.local/lib/python3.12/site-packages/airflow/example_dags/example_branch_labels.py
[2026-08-12T04:43:10.419+0000] {processor.py:914} INFO - Processing file /home/airflow/.local/lib/python3.12/site-packages/airflow/example_dags/example_branch_labels.py for tasks to queue
[2026-08-12T04:43:10.423+0000] {logging_mixin.py:190} INFO - [2026-08-12T04:43:10.423+0000] {dagbag.py:587} INFO - Filling up the DagBag from /home/airflow/.local/lib/python3.12/site-packages/airflow/example_dags/example_branch_labels.py
[2026-08-12T04:43:10.436+0000] {processor.py:925} INFO - DAG(s) 'example_branch_labels' retrieved from /home/airflow/.local/lib/python3.12/site-packages/airflow/example_dags/example_branch_labels.py
[2026-08-12T04:43:10.458+0000] {logging_mixin.py:190} INFO - [2026-08-12T04:43:10.458+0000] {dag.py:3211} INFO - Sync 1 DAGs
[2026-08-12T04:43:10.483+0000] {logging_mixin.py:190} INFO - [2026-08-12T04:43:10.483+0000] {dag.py:4138} INFO - Setting next_dagrun for example_branch_labels to 2026-08-11 00:00:00+00:00, run_after=2026-08-12 00:00:00+00:00
[2026-08-12T04:43:10.510+0000] {processor.py:208} INFO - Processing /home/airflow/.local/lib/python3.12/site-packages/airflow/example_dags/example_branch_labels.py took 0.099 seconds
[2026-08-12T04:43:41.385+0000] {processor.py:186} INFO - Started process (PID=1027) to work on /home/airflow/.local/lib/python3.12/site-packages/airflow/example_dags/example_branch_labels.py
[2026-08-12T04:43:41.387+0000] {processor.py:914} INFO - Processing file /home/airflow/.local/lib/python3.12/site-packages/airflow/example_dags/example_branch_labels.py for tasks to queue
[2026-08-12T04:43:41.391+0000] {logging_mixin.py:190} INFO - [2026-08-12T04:43:41.391+0000] {dagbag.py:587} INFO - Filling up the DagBag from /home/airflow/.local/lib/python3.12/site-packages/airflow/example_dags/example_branch_labels.py
[2026-08-12T04:43:41.404+0000] {processor.py:925} INFO - DAG(s) 'example_branch_labels' retrieved from /home/airflow/.local/lib/python3.12/site-packages/airflow/example_dags/example_branch_labels.py
[2026-08-12T04:43:41.434+0000] {logging_mixin.py:190} INFO - [2026-08-12T04:43:41.433+0000] {dag.py:3211} INFO - Sync 1 DAGs
[2026-08-12T04:43:41.468+0000] {logging_mixin.py:190} INFO - [2026-08-12T04:43:41.468+0000] {dag.py:4138} INFO - Setting next_dagrun for example_branch_labels to 2026-08-11 00:00:00+00:00, run_after=2026-08-12 00:00:00+00:00
[2026-08-12T04:43:41.492+0000] {processor.py:208} INFO - Processing /home/airflow/.local/lib/python3.12/site-packages/airflow/example_dags/example_branch_labels.py took 0.114 seconds
[2026-08-12T04:44:12.220+0000] {processor.py:186} INFO - Started process (PID=1095) to work on /home/airflow/.local/lib/python3.12/site-packages/airflow/example_dags/example_branch_labels.py
[2026-08-12T04:44:12.223+0000] {processor.py:914} INFO - Processing file /home/airflow/.local/lib/python3.12/site-packages/airflow/example_dags/example_branch_labels.py for tasks to queue
[2026-08-12T04:44:12.232+0000] {logging_mixin.py:190} INFO - [2026-08-12T04:44:12.231+0000] {dagbag.py:587} INFO - Filling up the DagBag from /home/airflow/.local/lib/python3.12/site-packages/airflow/example_dags/example_branch_labels.py
[2026-08-12T04:44:12.258+0000] {processor.py:925} INFO - DAG(s) 'example_branch_labels' retrieved from /home/airflow/.local/lib/python3.12/site-packages/airflow/example_dags/example_branch_labels.py
[2026-08-12T04:44:12.311+0000] {logging_mixin.py:190} INFO - [2026-08-12T04:44:12.311+0000] {dag.py:3211} INFO - Sync 1 DAGs
[2026-08-12T04:44:12.373+0000] {logging_mixin.py:190} INFO - [2026-08-12T04:44:12.373+0000] {dag.py:4138} INFO - Setting next_dagrun for example_branch_labels to 2026-08-11 00:00:00+00:00, run_after=2026-08-12 00:00:00+00:00
[2026-08-12T04:44:12.419+0000] {processor.py:208} INFO - Processing /home/airflow/.local/lib/python3.12/site-packages/airflow/example_dags/example_branch_labels.py took 0.206 seconds
[2026-08-12T04:44:42.599+0000] {processor.py:186} INFO - Started process (PID=1158) to work on /home/airflow/.local/lib/python3.12/site-packages/airflow/example_dags/example_branch_labels.py
[2026-08-12T04:44:42.601+0000] {processor.py:914} INFO - Processing file /home/airflow/.local/lib/python3.12/site-packages/airflow/example_dags/example_branch_labels.py for tasks to queue
[2026-08-12T04:44:42.604+0000] {logging_mixin.py:190} INFO - [2026-08-12T04:44:42.603+0000] {dagbag.py:587} INFO - Filling up the DagBag from /home/airflow/.local/lib/python3.12/site-packages/airflow/example_dags/example_branch_labels.py
[2026-08-12T04:44:42.616+0000] {processor.py:925} INFO - DAG(s) 'example_branch_labels' retrieved from /home/airflow/.local/lib/python3.12/site-packages/airflow/example_dags/example_branch_labels.py
[2026-08-12T04:44:42.639+0000] {logging_mixin.py:190} INFO - [2026-08-12T04:44:42.639+0000] {dag.py:3211} INFO - Sync 1 DAGs
[2026-08-12T04:44:42.667+0000] {logging_mixin.py:190} INFO - [2026-08-12T04:44:42.667+0000] {dag.py:4138} INFO - Setting next_dagrun for example_branch_labels to 2026-08-11 00:00:00+00:00, run_after=2026-08-12 00:00:00+00:00
[2026-08-12T04:44:42.702+0000] {processor.py:208} INFO - Processing /home/airflow/.local/lib/python3.12/site-packages/airflow/example_dags/example_branch_labels.py took 0.110 seconds
[2026-08-12T04:45:13.883+0000] {processor.py:186} INFO - Started process (PID=1220) to work on /home/airflow/.local/lib/python3.12/site-packages/airflow/example_dags/example_branch_labels.py
[2026-08-12T04:45:13.885+0000] {processor.py:914} INFO - Processing file /home/airflow/.local/lib/python3.12/site-packages/airflow/example_dags/example_branch_labels.py for tasks to queue
[2026-08-12T04:45:13.890+0000] {logging_mixin.py:190} INFO - [2026-08-12T04:45:13.889+0000] {dagbag.py:587} INFO - Filling up the DagBag from /home/airflow/.local/lib/python3.12/site-packages/airflow/example_dags/example_branch_labels.py
[2026-08-12T04:45:13.906+0000] {processor.py:925} INFO - DAG(s) 'example_branch_labels' retrieved from /home/airflow/.local/lib/python3.12/site-packages/airflow/example_dags/example_branch_labels.py
[2026-08-12T04:45:13.952+0000] {logging_mixin.py:190} INFO - [2026-08-12T04:45:13.951+0000] {dag.py:3211} INFO - Sync 1 DAGs
[2026-08-12T04:45:14.001+0000] {logging_mixin.py:190} INFO - [2026-08-12T04:45:14.000+0000] {dag.py:4138} INFO - Setting next_dagrun for example_branch_labels to 2026-08-11 00:00:00+00:00, run_after=2026-08-12 00:00:00+00:00
[2026-08-12T04:45:14.040+0000] {processor.py:208} INFO - Processing /home/airflow/.local/lib/python3.12/site-packages/airflow/example_dags/example_branch_labels.py took 0.167 seconds
[2026-08-12T04:45:44.948+0000] {processor.py:186} INFO - Started process (PID=1282) to work on /home/airflow/.local/lib/python3.12/site-packages/airflow/example_dags/example_branch_labels.py
[2026-08-12T04:45:44.950+0000] {processor.py:914} INFO - Processing file /home/airflow/.local/lib/python3.12/site-packages/airflow/example_dags/example_branch_labels.py for tasks to queue
[2026-08-12T04:45:44.953+0000] {logging_mixin.py:190} INFO - [2026-08-12T04:45:44.953+0000] {dagbag.py:587} INFO - Filling up the DagBag from /home/airflow/.local/lib/python3.12/site-packages/airflow/example_dags/example_branch_labels.py
[2026-08-12T04:45:44.972+0000] {processor.py:925} INFO - DAG(s) 'example_branch_labels' retrieved from /home/airflow/.local/lib/python3.12/site-packages/airflow/example_dags/example_branch_labels.py
[2026-08-12T04:45:45.006+0000] {logging_mixin.py:190} INFO - [2026-08-12T04:45:45.006+0000] {dag.py:3211} INFO - Sync 1 DAGs
[2026-08-12T04:45:45.054+0000] {logging_mixin.py:190} INFO - [2026-08-12T04:45:45.053+0000] {dag.py:4138} INFO - Setting next_dagrun for example_branch_labels to 2026-08-11 00:00:00+00:00, run_after=2026-08-12 00:00:00+00:00
[2026-08-12T04:45:45.090+0000] {processor.py:208} INFO - Processing /home/airflow/.local/lib/python3.12/site-packages/airflow/example_dags/example_branch_labels.py took 0.152 seconds
[2026-08-12T04:46:15.200+0000] {processor.py:186} INFO - Started process (PID=1344) to work on /home/airflow/.local/lib/python3.12/site-packages/airflow/example_dags/example_branch_labels.py
[2026-08-12T04:46:15.201+0000] {processor.py:914} INFO - Processing file /home/airflow/.local/lib/python3.12/site-packages/airflow/example_dags/example_branch_labels.py for tasks to queue
[2026-08-12T04:46:15.204+0000] {logging_mixin.py:190} INFO - [2026-08-12T04:46:15.204+0000] {dagbag.py:587} INFO - Filling up the DagBag from /home/airflow/.local/lib/python3.12/site-packages/airflow/example_dags/example_branch_labels.py
[2026-08-12T04:46:15.217+0000] {processor.py:925} INFO - DAG(s) 'example_branch_labels' retrieved from /home/airflow/.local/lib/python3.12/site-packages/airflow/example_dags/example_branch_labels.py
[2026-08-12T04:46:15.256+0000] {logging_mixin.py:190} INFO - [2026-08-12T04:46:15.255+0000] {dag.py:3211} INFO - Sync 1 DAGs
[2026-08-12T04:46:15.285+0000] {logging_mixin.py:190} INFO - [2026-08-12T04:46:15.284+0000] {dag.py:4138} INFO - Setting next_dagrun for example_branch_labels to 2026-08-11 00:00:00+00:00, run_after=2026-08-12 00:00:00+00:00
[2026-08-12T04:46:15.305+0000] {processor.py:208} INFO - Processing /home/airflow/.local/lib/python3.12/site-packages/airflow/example_dags/example_branch_labels.py took 0.111 seconds
[2026-08-12T04:46:45.680+0000] {processor.py:186} INFO - Started process (PID=1406) to work on /home/airflow/.local/lib/python3.12/site-packages/airflow/example_dags/example_branch_labels.py
[2026-08-12T04:46:45.682+0000] {processor.py:914} INFO - Processing file /home/airflow/.local/lib/python3.12/site-packages/airflow/example_dags/example_branch_labels.py for tasks to queue
[2026-08-12T04:46:45.685+0000] {logging_mixin.py:190} INFO - [2026-08-12T04:46:45.685+0000] {dagbag.py:587} INFO - Filling up the DagBag from /home/airflow/.local/lib/python3.12/site-packages/airflow/example_dags/example_branch_labels.py
[2026-08-12T04:46:45.696+0000] {processor.py:925} INFO - DAG(s) 'example_branch_labels' retrieved from /home/airflow/.local/lib/python3.12/site-packages/airflow/example_dags/example_branch_labels.py
[2026-08-12T04:46:45.719+0000] {logging_mixin.py:190} INFO - [2026-08-12T04:46:45.719+0000] {dag.py:3211} INFO - Sync 1 DAGs
[2026-08-12T04:46:45.744+0000] {logging_mixin.py:190} INFO - [2026-08-12T04:46:45.744+0000] {dag.py:4138} INFO - Setting next_dagrun for example_branch_labels to 2026-08-11 00:00:00+00:00, run_after=2026-08-12 00:00:00+00:00
[2026-08-12T04:46:45.765+0000] {processor.py:208} INFO - Processing /home/airflow/.local/lib/python3.12/site-packages/airflow/example_dags/example_branch_labels.py took 0.091 seconds
