[2026-08-12T04:32:00.236+0000] {processor.py:186} INFO - Started process (PID=111) to work on /home/airflow/.local/lib/python3.12/site-packages/airflow/example_dags/example_python_decorator.py
[2026-08-12T04:32:00.240+0000] {processor.py:914} INFO - Processing file /home/airflow/.local/lib/python3.12/site-packages/airflow/example_dags/example_python_decorator.py for tasks to queue
[2026-08-12T04:32:00.248+0000] {logging_mixin.py:190} INFO - [2026-08-12T04:32:00.247+0000] {dagbag.py:587} INFO - Filling up the DagBag from /home/airflow/.local/lib/python3.12/site-packages/airflow/example_dags/example_python_decorator.py
[2026-08-12T04:32:00.294+0000] {processor.py:925} INFO - DAG(s) 'example_python_decorator' retrieved from /home/airflow/.local/lib/python3.12/site-packages/airflow/example_dags/example_python_decorator.py
[2026-08-12T04:32:00.653+0000] {logging_mixin.py:190} INFO - [2026-08-12T04:32:00.651+0000] {override.py:1858} INFO - Created Permission View: can edit on DAG:example_python_decorator
[2026-08-12T04:32:00.686+0000] {logging_mixin.py:190} INFO - [2026-08-12T04:32:00.685+0000] {override.py:1858} INFO - Created Permission View: can read on DAG:example_python_decorator
[2026-08-12T04:32:00.712+0000] {logging_mixin.py:190} INFO - [2026-08-12T04:32:00.711+0000] {override.py:1858} INFO - Created Permission View: can delete on DAG:example_python_decorator
[2026-08-12T04:32:00.718+0000] {logging_mixin.py:190} INFO - [2026-08-12T04:32:00.716+0000] {dag.py:3211} INFO - Sync 1 DAGs
[2026-08-12T04:32:00.766+0000] {logging_mixin.py:190} INFO - [2026-08-12T04:32:00.765+0000] {dag.py:3234} INFO - Creating ORM DAG for example_python_decorator
[2026-08-12T04:32:00.771+0000] {logging_mixin.py:190} INFO - [2026-08-12T04:32:00.769+0000] {dag.py:4138} INFO - Setting next_dagrun for example_python_decorator to None, run_after=None
[2026-08-12T04:32:00.814+0000] {processor.py:208} INFO - Processing /home/airflow/.local/lib/python3.12/site-packages/airflow/example_dags/example_python_decorator.py took 0.589 seconds
[2026-08-12T04:32:31.098+0000] {processor.py:186} INFO - Started process (PID=174) to work on /home/airflow/.local/lib/python3.12/site-packages/airflow/example_dags/example_python_decorator.py
[2026-08-12T04:32:31.102+0000] {processor.py:914} INFO - Processing file /home/airflow/.local/lib/python3.12/site-packages/airflow/example_dags/example_python_decorator.py for tasks to queue
[2026-08-12T04:32:31.105+0000] {logging_mixin.py:190} INFO - [2026-08-12T04:32:31.105+0000] {dagbag.py:587} INFO - Filling up the DagBag from /home/airflow/.local/lib/python3.12/site-packages/airflow/example_dags/example_python_decorator.py
[2026-08-12T04:32:31.128+0000] {processor.py:925} INFO - DAG(s) 'example_python_decorator' retrieved from /home/airflow/.local/lib/python3.12/site-packages/airflow/example_dags/example_python_decorator.py
[2026-08-12T04:32:31.163+0000] {logging_mixin.py:190} INFO - [2026-08-12T04:32:31.162+0000] {dag.py:3211} INFO - Sync 1 DAGs
[2026-08-12T04:32:31.198+0000] {logging_mixin.py:190} INFO - [2026-08-12T04:32:31.198+0000] {dag.py:4138} INFO - Setting next_dagrun for example_python_decorator to None, run_after=None
[2026-08-12T04:32:31.225+0000] {processor.py:208} INFO - Processing /home/airflow/.local/lib/python3.12/site-packages/airflow/example_dags/example_python_decorator.py took 0.135 seconds
[2026-08-12T04:33:01.514+0000] {processor.py:186} INFO - Started process (PID=236) to work on /home/airflow/.local/lib/python3.12/site-packages/airflow/example_dags/example_python_decorator.py
[2026-08-12T04:33:01.516+0000] {processor.py:914} INFO - Processing file /home/airflow/.local/lib/python3.12/site-packages/airflow/example_dags/example_python_decorator.py for tasks to queue
[2026-08-12T04:33:01.522+0000] {logging_mixin.py:190} INFO - [2026-08-12T04:33:01.521+0000] {dagbag.py:587} INFO - Filling up the DagBag from /home/airflow/.local/lib/python3.12/site-packages/airflow/example_dags/example_python_decorator.py
[2026-08-12T04:33:01.539+0000] {processor.py:925} INFO - DAG(s) 'example_python_decorator' retrieved from /home/airflow/.local/lib/python3.12/site-packages/airflow/example_dags/example_python_decorator.py
[2026-08-12T04:33:01.586+0000] {logging_mixin.py:190} INFO - [2026-08-12T04:33:01.585+0000] {dag.py:3211} INFO - Sync 1 DAGs
[2026-08-12T04:33:01.605+0000] {logging_mixin.py:190} INFO - [2026-08-12T04:33:01.605+0000] {dag.py:4138} INFO - Setting next_dagrun for example_python_decorator to None, run_after=None
[2026-08-12T04:33:01.640+0000] {processor.py:208} INFO - Processing /home/airflow/.local/lib/python3.12/site-packages/airflow/example_dags/example_python_decorator.py took 0.133 seconds
[2026-08-12T04:33:31.938+0000] {processor.py:186} INFO - Started process (PID=298) to work on /home/airflow/.local/lib/python3.12/site-packages/airflow/example_dags/example_python_decorator.py
[2026-08-12T04:33:31.940+0000] {processor.py:914} INFO - Processing file /home/airflow/.local/lib/python3.12/site-packages/airflow/example_dags/example_python_decorator.py for tasks to queue
[2026-08-12T04:33:31.943+0000] {logging_mixin.py:190} INFO - [2026-08-12T04:33:31.943+0000] {dagbag.py:587} INFO - Filling up the DagBag from /home/airflow/.local/lib/python3.12/site-packages/airflow/example_dags/example_python_decorator.py
[2026-08-12T04:33:31.962+0000] {processor.py:925} INFO - DAG(s) 'example_python_decorator' retrieved from /home/airflow/.local/lib/python3.12/site-packages/airflow/example_dags/example_python_decorator.py
[2026-08-12T04:33:31.996+0000] {logging_mixin.py:190} INFO - [2026-08-12T04:33:31.995+0000] {dag.py:3211} INFO - Sync 1 DAGs
[2026-08-12T04:33:32.017+0000] {logging_mixin.py:190} INFO - [2026-08-12T04:33:32.016+0000] {dag.py:4138} INFO - Setting next_dagrun for example_python_decorator to None, run_after=None
[2026-08-12T04:33:32.050+0000] {processor.py:208} INFO - Processing /home/airflow/.local/lib/python3.12/site-packages/airflow/example_dags/example_python_decorator.py took 0.119 seconds
[2026-08-12T04:34:02.616+0000] {processor.py:186} INFO - Started process (PID=360) to work on /home/airflow/.local/lib/python3.12/site-packages/airflow/example_dags/example_python_decorator.py
[2026-08-12T04:34:02.617+0000] {processor.py:914} INFO - Processing file /home/airflow/.local/lib/python3.12/site-packages/airflow/example_dags/example_python_decorator.py for tasks to queue
[2026-08-12T04:34:02.622+0000] {logging_mixin.py:190} INFO - [2026-08-12T04:34:02.621+0000] {dagbag.py:587} INFO - Filling up the DagBag from /home/airflow/.local/lib/python3.12/site-packages/airflow/example_dags/example_python_decorator.py
[2026-08-12T04:34:02.641+0000] {processor.py:925} INFO - DAG(s) 'example_python_decorator' retrieved from /home/airflow/.local/lib/python3.12/site-packages/airflow/example_dags/example_python_decorator.py
[2026-08-12T04:34:02.672+0000] {logging_mixin.py:190} INFO - [2026-08-12T04:34:02.672+0000] {dag.py:3211} INFO - Sync 1 DAGs
[2026-08-12T04:34:02.691+0000] {logging_mixin.py:190} INFO - [2026-08-12T04:34:02.690+0000] {dag.py:4138} INFO - Setting next_dagrun for example_python_decorator to None, run_after=None
[2026-08-12T04:34:02.718+0000] {processor.py:208} INFO - Processing /home/airflow/.local/lib/python3.12/site-packages/airflow/example_dags/example_python_decorator.py took 0.110 seconds
[2026-08-12T04:36:00.846+0000] {processor.py:186} INFO - Started process (PID=104) to work on /home/airflow/.local/lib/python3.12/site-packages/airflow/example_dags/example_python_decorator.py
[2026-08-12T04:36:00.849+0000] {processor.py:914} INFO - Processing file /home/airflow/.local/lib/python3.12/site-packages/airflow/example_dags/example_python_decorator.py for tasks to queue
[2026-08-12T04:36:00.854+0000] {logging_mixin.py:190} INFO - [2026-08-12T04:36:00.853+0000] {dagbag.py:587} INFO - Filling up the DagBag from /home/airflow/.local/lib/python3.12/site-packages/airflow/example_dags/example_python_decorator.py
[2026-08-12T04:36:00.876+0000] {processor.py:925} INFO - DAG(s) 'example_python_decorator' retrieved from /home/airflow/.local/lib/python3.12/site-packages/airflow/example_dags/example_python_decorator.py
[2026-08-12T04:36:01.032+0000] {logging_mixin.py:190} INFO - [2026-08-12T04:36:01.032+0000] {dag.py:3211} INFO - Sync 1 DAGs
[2026-08-12T04:36:01.048+0000] {logging_mixin.py:190} INFO - [2026-08-12T04:36:01.048+0000] {dag.py:4138} INFO - Setting next_dagrun for example_python_decorator to None, run_after=None
[2026-08-12T04:36:01.073+0000] {processor.py:208} INFO - Processing /home/airflow/.local/lib/python3.12/site-packages/airflow/example_dags/example_python_decorator.py took 0.237 seconds
[2026-08-12T04:36:31.297+0000] {processor.py:186} INFO - Started process (PID=166) to work on /home/airflow/.local/lib/python3.12/site-packages/airflow/example_dags/example_python_decorator.py
[2026-08-12T04:36:31.300+0000] {processor.py:914} INFO - Processing file /home/airflow/.local/lib/python3.12/site-packages/airflow/example_dags/example_python_decorator.py for tasks to queue
[2026-08-12T04:36:31.307+0000] {logging_mixin.py:190} INFO - [2026-08-12T04:36:31.306+0000] {dagbag.py:587} INFO - Filling up the DagBag from /home/airflow/.local/lib/python3.12/site-packages/airflow/example_dags/example_python_decorator.py
[2026-08-12T04:36:31.329+0000] {processor.py:925} INFO - DAG(s) 'example_python_decorator' retrieved from /home/airflow/.local/lib/python3.12/site-packages/airflow/example_dags/example_python_decorator.py
[2026-08-12T04:36:31.359+0000] {logging_mixin.py:190} INFO - [2026-08-12T04:36:31.359+0000] {dag.py:3211} INFO - Sync 1 DAGs
[2026-08-12T04:36:31.380+0000] {logging_mixin.py:190} INFO - [2026-08-12T04:36:31.380+0000] {dag.py:4138} INFO - Setting next_dagrun for example_python_decorator to None, run_after=None
[2026-08-12T04:36:31.410+0000] {processor.py:208} INFO - Processing /home/airflow/.local/lib/python3.12/site-packages/airflow/example_dags/example_python_decorator.py took 0.120 seconds
[2026-08-12T04:37:01.958+0000] {processor.py:186} INFO - Started process (PID=228) to work on /home/airflow/.local/lib/python3.12/site-packages/airflow/example_dags/example_python_decorator.py
[2026-08-12T04:37:01.960+0000] {processor.py:914} INFO - Processing file /home/airflow/.local/lib/python3.12/site-packages/airflow/example_dags/example_python_decorator.py for tasks to queue
[2026-08-12T04:37:01.964+0000] {logging_mixin.py:190} INFO - [2026-08-12T04:37:01.964+0000] {dagbag.py:587} INFO - Filling up the DagBag from /home/airflow/.local/lib/python3.12/site-packages/airflow/example_dags/example_python_decorator.py
[2026-08-12T04:37:02.000+0000] {processor.py:925} INFO - DAG(s) 'example_python_decorator' retrieved from /home/airflow/.local/lib/python3.12/site-packages/airflow/example_dags/example_python_decorator.py
[2026-08-12T04:37:02.063+0000] {logging_mixin.py:190} INFO - [2026-08-12T04:37:02.062+0000] {dag.py:3211} INFO - Sync 1 DAGs
[2026-08-12T04:37:02.112+0000] {logging_mixin.py:190} INFO - [2026-08-12T04:37:02.112+0000] {dag.py:4138} INFO - Setting next_dagrun for example_python_decorator to None, run_after=None
[2026-08-12T04:37:02.174+0000] {processor.py:208} INFO - Processing /home/airflow/.local/lib/python3.12/site-packages/airflow/example_dags/example_python_decorator.py took 0.227 seconds
[2026-08-12T04:37:32.629+0000] {processor.py:186} INFO - Started process (PID=290) to work on /home/airflow/.local/lib/python3.12/site-packages/airflow/example_dags/example_python_decorator.py
[2026-08-12T04:37:32.630+0000] {processor.py:914} INFO - Processing file /home/airflow/.local/lib/python3.12/site-packages/airflow/example_dags/example_python_decorator.py for tasks to queue
[2026-08-12T04:37:32.637+0000] {logging_mixin.py:190} INFO - [2026-08-12T04:37:32.636+0000] {dagbag.py:587} INFO - Filling up the DagBag from /home/airflow/.local/lib/python3.12/site-packages/airflow/example_dags/example_python_decorator.py
[2026-08-12T04:37:32.661+0000] {processor.py:925} INFO - DAG(s) 'example_python_decorator' retrieved from /home/airflow/.local/lib/python3.12/site-packages/airflow/example_dags/example_python_decorator.py
[2026-08-12T04:37:32.696+0000] {logging_mixin.py:190} INFO - [2026-08-12T04:37:32.696+0000] {dag.py:3211} INFO - Sync 1 DAGs
[2026-08-12T04:37:32.722+0000] {logging_mixin.py:190} INFO - [2026-08-12T04:37:32.722+0000] {dag.py:4138} INFO - Setting next_dagrun for example_python_decorator to None, run_after=None
[2026-08-12T04:37:32.752+0000] {processor.py:208} INFO - Processing /home/airflow/.local/lib/python3.12/site-packages/airflow/example_dags/example_python_decorator.py took 0.131 seconds
[2026-08-12T04:38:03.692+0000] {processor.py:186} INFO - Started process (PID=352) to work on /home/airflow/.local/lib/python3.12/site-packages/airflow/example_dags/example_python_decorator.py
[2026-08-12T04:38:03.696+0000] {processor.py:914} INFO - Processing file /home/airflow/.local/lib/python3.12/site-packages/airflow/example_dags/example_python_decorator.py for tasks to queue
[2026-08-12T04:38:03.703+0000] {logging_mixin.py:190} INFO - [2026-08-12T04:38:03.702+0000] {dagbag.py:587} INFO - Filling up the DagBag from /home/airflow/.local/lib/python3.12/site-packages/airflow/example_dags/example_python_decorator.py
[2026-08-12T04:38:03.727+0000] {processor.py:925} INFO - DAG(s) 'example_python_decorator' retrieved from /home/airflow/.local/lib/python3.12/site-packages/airflow/example_dags/example_python_decorator.py
[2026-08-12T04:38:03.765+0000] {logging_mixin.py:190} INFO - [2026-08-12T04:38:03.765+0000] {dag.py:3211} INFO - Sync 1 DAGs
[2026-08-12T04:38:03.784+0000] {logging_mixin.py:190} INFO - [2026-08-12T04:38:03.784+0000] {dag.py:4138} INFO - Setting next_dagrun for example_python_decorator to None, run_after=None
[2026-08-12T04:38:03.838+0000] {processor.py:208} INFO - Processing /home/airflow/.local/lib/python3.12/site-packages/airflow/example_dags/example_python_decorator.py took 0.155 seconds
[2026-08-12T04:38:34.038+0000] {processor.py:186} INFO - Started process (PID=414) to work on /home/airflow/.local/lib/python3.12/site-packages/airflow/example_dags/example_python_decorator.py
[2026-08-12T04:38:34.040+0000] {processor.py:914} INFO - Processing file /home/airflow/.local/lib/python3.12/site-packages/airflow/example_dags/example_python_decorator.py for tasks to queue
[2026-08-12T04:38:34.044+0000] {logging_mixin.py:190} INFO - [2026-08-12T04:38:34.043+0000] {dagbag.py:587} INFO - Filling up the DagBag from /home/airflow/.local/lib/python3.12/site-packages/airflow/example_dags/example_python_decorator.py
[2026-08-12T04:38:34.061+0000] {processor.py:925} INFO - DAG(s) 'example_python_decorator' retrieved from /home/airflow/.local/lib/python3.12/site-packages/airflow/example_dags/example_python_decorator.py
[2026-08-12T04:38:34.097+0000] {logging_mixin.py:190} INFO - [2026-08-12T04:38:34.097+0000] {dag.py:3211} INFO - Sync 1 DAGs
[2026-08-12T04:38:34.119+0000] {logging_mixin.py:190} INFO - [2026-08-12T04:38:34.119+0000] {dag.py:4138} INFO - Setting next_dagrun for example_python_decorator to None, run_after=None
[2026-08-12T04:38:34.149+0000] {processor.py:208} INFO - Processing /home/airflow/.local/lib/python3.12/site-packages/airflow/example_dags/example_python_decorator.py took 0.117 seconds
[2026-08-12T04:39:05.329+0000] {processor.py:186} INFO - Started process (PID=476) to work on /home/airflow/.local/lib/python3.12/site-packages/airflow/example_dags/example_python_decorator.py
[2026-08-12T04:39:05.333+0000] {processor.py:914} INFO - Processing file /home/airflow/.local/lib/python3.12/site-packages/airflow/example_dags/example_python_decorator.py for tasks to queue
[2026-08-12T04:39:05.345+0000] {logging_mixin.py:190} INFO - [2026-08-12T04:39:05.344+0000] {dagbag.py:587} INFO - Filling up the DagBag from /home/airflow/.local/lib/python3.12/site-packages/airflow/example_dags/example_python_decorator.py
[2026-08-12T04:39:05.395+0000] {processor.py:925} INFO - DAG(s) 'example_python_decorator' retrieved from /home/airflow/.local/lib/python3.12/site-packages/airflow/example_dags/example_python_decorator.py
[2026-08-12T04:39:05.447+0000] {logging_mixin.py:190} INFO - [2026-08-12T04:39:05.447+0000] {dag.py:3211} INFO - Sync 1 DAGs
[2026-08-12T04:39:05.473+0000] {logging_mixin.py:190} INFO - [2026-08-12T04:39:05.472+0000] {dag.py:4138} INFO - Setting next_dagrun for example_python_decorator to None, run_after=None
[2026-08-12T04:39:05.503+0000] {processor.py:208} INFO - Processing /home/airflow/.local/lib/python3.12/site-packages/airflow/example_dags/example_python_decorator.py took 0.190 seconds
[2026-08-12T04:39:36.830+0000] {processor.py:186} INFO - Started process (PID=538) to work on /home/airflow/.local/lib/python3.12/site-packages/airflow/example_dags/example_python_decorator.py
[2026-08-12T04:39:36.833+0000] {processor.py:914} INFO - Processing file /home/airflow/.local/lib/python3.12/site-packages/airflow/example_dags/example_python_decorator.py for tasks to queue
[2026-08-12T04:39:36.839+0000] {logging_mixin.py:190} INFO - [2026-08-12T04:39:36.838+0000] {dagbag.py:587} INFO - Filling up the DagBag from /home/airflow/.local/lib/python3.12/site-packages/airflow/example_dags/example_python_decorator.py
[2026-08-12T04:39:36.878+0000] {processor.py:925} INFO - DAG(s) 'example_python_decorator' retrieved from /home/airflow/.local/lib/python3.12/site-packages/airflow/example_dags/example_python_decorator.py
[2026-08-12T04:39:36.935+0000] {logging_mixin.py:190} INFO - [2026-08-12T04:39:36.934+0000] {dag.py:3211} INFO - Sync 1 DAGs
[2026-08-12T04:39:36.973+0000] {logging_mixin.py:190} INFO - [2026-08-12T04:39:36.972+0000] {dag.py:4138} INFO - Setting next_dagrun for example_python_decorator to None, run_after=None
[2026-08-12T04:39:37.015+0000] {processor.py:208} INFO - Processing /home/airflow/.local/lib/python3.12/site-packages/airflow/example_dags/example_python_decorator.py took 0.200 seconds
[2026-08-12T04:40:08.514+0000] {processor.py:186} INFO - Started process (PID=600) to work on /home/airflow/.local/lib/python3.12/site-packages/airflow/example_dags/example_python_decorator.py
[2026-08-12T04:40:08.516+0000] {processor.py:914} INFO - Processing file /home/airflow/.local/lib/python3.12/site-packages/airflow/example_dags/example_python_decorator.py for tasks to queue
[2026-08-12T04:40:08.523+0000] {logging_mixin.py:190} INFO - [2026-08-12T04:40:08.523+0000] {dagbag.py:587} INFO - Filling up the DagBag from /home/airflow/.local/lib/python3.12/site-packages/airflow/example_dags/example_python_decorator.py
[2026-08-12T04:40:08.548+0000] {processor.py:925} INFO - DAG(s) 'example_python_decorator' retrieved from /home/airflow/.local/lib/python3.12/site-packages/airflow/example_dags/example_python_decorator.py
[2026-08-12T04:40:08.586+0000] {logging_mixin.py:190} INFO - [2026-08-12T04:40:08.585+0000] {dag.py:3211} INFO - Sync 1 DAGs
[2026-08-12T04:40:08.614+0000] {logging_mixin.py:190} INFO - [2026-08-12T04:40:08.614+0000] {dag.py:4138} INFO - Setting next_dagrun for example_python_decorator to None, run_after=None
[2026-08-12T04:40:08.644+0000] {processor.py:208} INFO - Processing /home/airflow/.local/lib/python3.12/site-packages/airflow/example_dags/example_python_decorator.py took 0.142 seconds
[2026-08-12T04:40:38.804+0000] {processor.py:186} INFO - Started process (PID=662) to work on /home/airflow/.local/lib/python3.12/site-packages/airflow/example_dags/example_python_decorator.py
[2026-08-12T04:40:38.807+0000] {processor.py:914} INFO - Processing file /home/airflow/.local/lib/python3.12/site-packages/airflow/example_dags/example_python_decorator.py for tasks to queue
[2026-08-12T04:40:38.812+0000] {logging_mixin.py:190} INFO - [2026-08-12T04:40:38.812+0000] {dagbag.py:587} INFO - Filling up the DagBag from /home/airflow/.local/lib/python3.12/site-packages/airflow/example_dags/example_python_decorator.py
[2026-08-12T04:40:38.831+0000] {processor.py:925} INFO - DAG(s) 'example_python_decorator' retrieved from /home/airflow/.local/lib/python3.12/site-packages/airflow/example_dags/example_python_decorator.py
[2026-08-12T04:40:38.867+0000] {logging_mixin.py:190} INFO - [2026-08-12T04:40:38.867+0000] {dag.py:3211} INFO - Sync 1 DAGs
[2026-08-12T04:40:38.887+0000] {logging_mixin.py:190} INFO - [2026-08-12T04:40:38.887+0000] {dag.py:4138} INFO - Setting next_dagrun for example_python_decorator to None, run_after=None
[2026-08-12T04:40:38.933+0000] {processor.py:208} INFO - Processing /home/airflow/.local/lib/python3.12/site-packages/airflow/example_dags/example_python_decorator.py took 0.137 seconds
[2026-08-12T04:41:09.058+0000] {processor.py:186} INFO - Started process (PID=724) to work on /home/airflow/.local/lib/python3.12/site-packages/airflow/example_dags/example_python_decorator.py
[2026-08-12T04:41:09.062+0000] {processor.py:914} INFO - Processing file /home/airflow/.local/lib/python3.12/site-packages/airflow/example_dags/example_python_decorator.py for tasks to queue
[2026-08-12T04:41:09.068+0000] {logging_mixin.py:190} INFO - [2026-08-12T04:41:09.067+0000] {dagbag.py:587} INFO - Filling up the DagBag from /home/airflow/.local/lib/python3.12/site-packages/airflow/example_dags/example_python_decorator.py
[2026-08-12T04:41:09.098+0000] {processor.py:925} INFO - DAG(s) 'example_python_decorator' retrieved from /home/airflow/.local/lib/python3.12/site-packages/airflow/example_dags/example_python_decorator.py
[2026-08-12T04:41:09.138+0000] {logging_mixin.py:190} INFO - [2026-08-12T04:41:09.138+0000] {dag.py:3211} INFO - Sync 1 DAGs
[2026-08-12T04:41:09.155+0000] {logging_mixin.py:190} INFO - [2026-08-12T04:41:09.154+0000] {dag.py:4138} INFO - Setting next_dagrun for example_python_decorator to None, run_after=None
[2026-08-12T04:41:09.181+0000] {processor.py:208} INFO - Processing /home/airflow/.local/lib/python3.12/site-packages/airflow/example_dags/example_python_decorator.py took 0.136 seconds
[2026-08-12T04:41:39.585+0000] {processor.py:186} INFO - Started process (PID=786) to work on /home/airflow/.local/lib/python3.12/site-packages/airflow/example_dags/example_python_decorator.py
[2026-08-12T04:41:39.588+0000] {processor.py:914} INFO - Processing file /home/airflow/.local/lib/python3.12/site-packages/airflow/example_dags/example_python_decorator.py for tasks to queue
[2026-08-12T04:41:39.595+0000] {logging_mixin.py:190} INFO - [2026-08-12T04:41:39.595+0000] {dagbag.py:587} INFO - Filling up the DagBag from /home/airflow/.local/lib/python3.12/site-packages/airflow/example_dags/example_python_decorator.py
[2026-08-12T04:41:39.616+0000] {processor.py:925} INFO - DAG(s) 'example_python_decorator' retrieved from /home/airflow/.local/lib/python3.12/site-packages/airflow/example_dags/example_python_decorator.py
[2026-08-12T04:41:39.649+0000] {logging_mixin.py:190} INFO - [2026-08-12T04:41:39.649+0000] {dag.py:3211} INFO - Sync 1 DAGs
[2026-08-12T04:41:39.671+0000] {logging_mixin.py:190} INFO - [2026-08-12T04:41:39.670+0000] {dag.py:4138} INFO - Setting next_dagrun for example_python_decorator to None, run_after=None
[2026-08-12T04:41:39.697+0000] {processor.py:208} INFO - Processing /home/airflow/.local/lib/python3.12/site-packages/airflow/example_dags/example_python_decorator.py took 0.119 seconds
[2026-08-12T04:42:10.104+0000] {processor.py:186} INFO - Started process (PID=848) to work on /home/airflow/.local/lib/python3.12/site-packages/airflow/example_dags/example_python_decorator.py
[2026-08-12T04:42:10.106+0000] {processor.py:914} INFO - Processing file /home/airflow/.local/lib/python3.12/site-packages/airflow/example_dags/example_python_decorator.py for tasks to queue
[2026-08-12T04:42:10.110+0000] {logging_mixin.py:190} INFO - [2026-08-12T04:42:10.109+0000] {dagbag.py:587} INFO - Filling up the DagBag from /home/airflow/.local/lib/python3.12/site-packages/airflow/example_dags/example_python_decorator.py
[2026-08-12T04:42:10.134+0000] {processor.py:925} INFO - DAG(s) 'example_python_decorator' retrieved from /home/airflow/.local/lib/python3.12/site-packages/airflow/example_dags/example_python_decorator.py
[2026-08-12T04:42:10.160+0000] {logging_mixin.py:190} INFO - [2026-08-12T04:42:10.159+0000] {dag.py:3211} INFO - Sync 1 DAGs
[2026-08-12T04:42:10.177+0000] {logging_mixin.py:190} INFO - [2026-08-12T04:42:10.177+0000] {dag.py:4138} INFO - Setting next_dagrun for example_python_decorator to None, run_after=None
[2026-08-12T04:42:10.198+0000] {processor.py:208} INFO - Processing /home/airflow/.local/lib/python3.12/site-packages/airflow/example_dags/example_python_decorator.py took 0.100 seconds
[2026-08-12T04:42:40.623+0000] {processor.py:186} INFO - Started process (PID=910) to work on /home/airflow/.local/lib/python3.12/site-packages/airflow/example_dags/example_python_decorator.py
[2026-08-12T04:42:40.624+0000] {processor.py:914} INFO - Processing file /home/airflow/.local/lib/python3.12/site-packages/airflow/example_dags/example_python_decorator.py for tasks to queue
[2026-08-12T04:42:40.627+0000] {logging_mixin.py:190} INFO - [2026-08-12T04:42:40.627+0000] {dagbag.py:587} INFO - Filling up the DagBag from /home/airflow/.local/lib/python3.12/site-packages/airflow/example_dags/example_python_decorator.py
[2026-08-12T04:42:40.642+0000] {processor.py:925} INFO - DAG(s) 'example_python_decorator' retrieved from /home/airflow/.local/lib/python3.12/site-packages/airflow/example_dags/example_python_decorator.py
[2026-08-12T04:42:40.666+0000] {logging_mixin.py:190} INFO - [2026-08-12T04:42:40.666+0000] {dag.py:3211} INFO - Sync 1 DAGs
[2026-08-12T04:42:40.686+0000] {logging_mixin.py:190} INFO - [2026-08-12T04:42:40.685+0000] {dag.py:4138} INFO - Setting next_dagrun for example_python_decorator to None, run_after=None
[2026-08-12T04:42:40.710+0000] {processor.py:208} INFO - Processing /home/airflow/.local/lib/python3.12/site-packages/airflow/example_dags/example_python_decorator.py took 0.094 seconds
[2026-08-12T04:43:10.883+0000] {processor.py:186} INFO - Started process (PID=972) to work on /home/airflow/.local/lib/python3.12/site-packages/airflow/example_dags/example_python_decorator.py
[2026-08-12T04:43:10.885+0000] {processor.py:914} INFO - Processing file /home/airflow/.local/lib/python3.12/site-packages/airflow/example_dags/example_python_decorator.py for tasks to queue
[2026-08-12T04:43:10.889+0000] {logging_mixin.py:190} INFO - [2026-08-12T04:43:10.888+0000] {dagbag.py:587} INFO - Filling up the DagBag from /home/airflow/.local/lib/python3.12/site-packages/airflow/example_dags/example_python_decorator.py
[2026-08-12T04:43:10.912+0000] {processor.py:925} INFO - DAG(s) 'example_python_decorator' retrieved from /home/airflow/.local/lib/python3.12/site-packages/airflow/example_dags/example_python_decorator.py
[2026-08-12T04:43:10.943+0000] {logging_mixin.py:190} INFO - [2026-08-12T04:43:10.942+0000] {dag.py:3211} INFO - Sync 1 DAGs
[2026-08-12T04:43:10.962+0000] {logging_mixin.py:190} INFO - [2026-08-12T04:43:10.962+0000] {dag.py:4138} INFO - Setting next_dagrun for example_python_decorator to None, run_after=None
[2026-08-12T04:43:10.984+0000] {processor.py:208} INFO - Processing /home/airflow/.local/lib/python3.12/site-packages/airflow/example_dags/example_python_decorator.py took 0.108 seconds
[2026-08-12T04:43:41.925+0000] {processor.py:186} INFO - Started process (PID=1040) to work on /home/airflow/.local/lib/python3.12/site-packages/airflow/example_dags/example_python_decorator.py
[2026-08-12T04:43:41.927+0000] {processor.py:914} INFO - Processing file /home/airflow/.local/lib/python3.12/site-packages/airflow/example_dags/example_python_decorator.py for tasks to queue
[2026-08-12T04:43:41.930+0000] {logging_mixin.py:190} INFO - [2026-08-12T04:43:41.929+0000] {dagbag.py:587} INFO - Filling up the DagBag from /home/airflow/.local/lib/python3.12/site-packages/airflow/example_dags/example_python_decorator.py
[2026-08-12T04:43:41.944+0000] {processor.py:925} INFO - DAG(s) 'example_python_decorator' retrieved from /home/airflow/.local/lib/python3.12/site-packages/airflow/example_dags/example_python_decorator.py
[2026-08-12T04:43:41.969+0000] {logging_mixin.py:190} INFO - [2026-08-12T04:43:41.969+0000] {dag.py:3211} INFO - Sync 1 DAGs
[2026-08-12T04:43:41.984+0000] {logging_mixin.py:190} INFO - [2026-08-12T04:43:41.984+0000] {dag.py:4138} INFO - Setting next_dagrun for example_python_decorator to None, run_after=None
[2026-08-12T04:43:42.004+0000] {processor.py:208} INFO - Processing /home/airflow/.local/lib/python3.12/site-packages/airflow/example_dags/example_python_decorator.py took 0.085 seconds
[2026-08-12T04:44:13.069+0000] {processor.py:186} INFO - Started process (PID=1102) to work on /home/airflow/.local/lib/python3.12/site-packages/airflow/example_dags/example_python_decorator.py
[2026-08-12T04:44:13.076+0000] {processor.py:914} INFO - Processing file /home/airflow/.local/lib/python3.12/site-packages/airflow/example_dags/example_python_decorator.py for tasks to queue
[2026-08-12T04:44:13.084+0000] {logging_mixin.py:190} INFO - [2026-08-12T04:44:13.083+0000] {dagbag.py:587} INFO - Filling up the DagBag from /home/airflow/.local/lib/python3.12/site-packages/airflow/example_dags/example_python_decorator.py
[2026-08-12T04:44:13.124+0000] {processor.py:925} INFO - DAG(s) 'example_python_decorator' retrieved from /home/airflow/.local/lib/python3.12/site-packages/airflow/example_dags/example_python_decorator.py
[2026-08-12T04:44:13.183+0000] {logging_mixin.py:190} INFO - [2026-08-12T04:44:13.183+0000] {dag.py:3211} INFO - Sync 1 DAGs
[2026-08-12T04:44:13.212+0000] {logging_mixin.py:190} INFO - [2026-08-12T04:44:13.212+0000] {dag.py:4138} INFO - Setting next_dagrun for example_python_decorator to None, run_after=None
[2026-08-12T04:44:13.247+0000] {processor.py:208} INFO - Processing /home/airflow/.local/lib/python3.12/site-packages/airflow/example_dags/example_python_decorator.py took 0.194 seconds
[2026-08-12T04:44:43.315+0000] {processor.py:186} INFO - Started process (PID=1165) to work on /home/airflow/.local/lib/python3.12/site-packages/airflow/example_dags/example_python_decorator.py
[2026-08-12T04:44:43.316+0000] {processor.py:914} INFO - Processing file /home/airflow/.local/lib/python3.12/site-packages/airflow/example_dags/example_python_decorator.py for tasks to queue
[2026-08-12T04:44:43.320+0000] {logging_mixin.py:190} INFO - [2026-08-12T04:44:43.320+0000] {dagbag.py:587} INFO - Filling up the DagBag from /home/airflow/.local/lib/python3.12/site-packages/airflow/example_dags/example_python_decorator.py
[2026-08-12T04:44:43.341+0000] {processor.py:925} INFO - DAG(s) 'example_python_decorator' retrieved from /home/airflow/.local/lib/python3.12/site-packages/airflow/example_dags/example_python_decorator.py
[2026-08-12T04:44:43.367+0000] {logging_mixin.py:190} INFO - [2026-08-12T04:44:43.367+0000] {dag.py:3211} INFO - Sync 1 DAGs
[2026-08-12T04:44:43.390+0000] {logging_mixin.py:190} INFO - [2026-08-12T04:44:43.390+0000] {dag.py:4138} INFO - Setting next_dagrun for example_python_decorator to None, run_after=None
[2026-08-12T04:44:43.412+0000] {processor.py:208} INFO - Processing /home/airflow/.local/lib/python3.12/site-packages/airflow/example_dags/example_python_decorator.py took 0.103 seconds
[2026-08-12T04:45:14.585+0000] {processor.py:186} INFO - Started process (PID=1227) to work on /home/airflow/.local/lib/python3.12/site-packages/airflow/example_dags/example_python_decorator.py
[2026-08-12T04:45:14.587+0000] {processor.py:914} INFO - Processing file /home/airflow/.local/lib/python3.12/site-packages/airflow/example_dags/example_python_decorator.py for tasks to queue
[2026-08-12T04:45:14.593+0000] {logging_mixin.py:190} INFO - [2026-08-12T04:45:14.592+0000] {dagbag.py:587} INFO - Filling up the DagBag from /home/airflow/.local/lib/python3.12/site-packages/airflow/example_dags/example_python_decorator.py
[2026-08-12T04:45:14.620+0000] {processor.py:925} INFO - DAG(s) 'example_python_decorator' retrieved from /home/airflow/.local/lib/python3.12/site-packages/airflow/example_dags/example_python_decorator.py
[2026-08-12T04:45:14.660+0000] {logging_mixin.py:190} INFO - [2026-08-12T04:45:14.659+0000] {dag.py:3211} INFO - Sync 1 DAGs
[2026-08-12T04:45:14.683+0000] {logging_mixin.py:190} INFO - [2026-08-12T04:45:14.683+0000] {dag.py:4138} INFO - Setting next_dagrun for example_python_decorator to None, run_after=None
[2026-08-12T04:45:14.719+0000] {processor.py:208} INFO - Processing /home/airflow/.local/lib/python3.12/site-packages/airflow/example_dags/example_python_decorator.py took 0.144 seconds
[2026-08-12T04:45:45.795+0000] {processor.py:186} INFO - Started process (PID=1289) to work on /home/airflow/.local/lib/python3.12/site-packages/airflow/example_dags/example_python_decorator.py
[2026-08-12T04:45:45.798+0000] {processor.py:914} INFO - Processing file /home/airflow/.local/lib/python3.12/site-packages/airflow/example_dags/example_python_decorator.py for tasks to queue
[2026-08-12T04:45:45.801+0000] {logging_mixin.py:190} INFO - [2026-08-12T04:45:45.801+0000] {dagbag.py:587} INFO - Filling up the DagBag from /home/airflow/.local/lib/python3.12/site-packages/airflow/example_dags/example_python_decorator.py
[2026-08-12T04:45:45.822+0000] {processor.py:925} INFO - DAG(s) 'example_python_decorator' retrieved from /home/airflow/.local/lib/python3.12/site-packages/airflow/example_dags/example_python_decorator.py
[2026-08-12T04:45:45.856+0000] {logging_mixin.py:190} INFO - [2026-08-12T04:45:45.855+0000] {dag.py:3211} INFO - Sync 1 DAGs
[2026-08-12T04:45:45.879+0000] {logging_mixin.py:190} INFO - [2026-08-12T04:45:45.878+0000] {dag.py:4138} INFO - Setting next_dagrun for example_python_decorator to None, run_after=None
[2026-08-12T04:45:45.908+0000] {processor.py:208} INFO - Processing /home/airflow/.local/lib/python3.12/site-packages/airflow/example_dags/example_python_decorator.py took 0.124 seconds
[2026-08-12T04:46:15.969+0000] {processor.py:186} INFO - Started process (PID=1351) to work on /home/airflow/.local/lib/python3.12/site-packages/airflow/example_dags/example_python_decorator.py
[2026-08-12T04:46:15.971+0000] {processor.py:914} INFO - Processing file /home/airflow/.local/lib/python3.12/site-packages/airflow/example_dags/example_python_decorator.py for tasks to queue
[2026-08-12T04:46:15.974+0000] {logging_mixin.py:190} INFO - [2026-08-12T04:46:15.974+0000] {dagbag.py:587} INFO - Filling up the DagBag from /home/airflow/.local/lib/python3.12/site-packages/airflow/example_dags/example_python_decorator.py
[2026-08-12T04:46:15.995+0000] {processor.py:925} INFO - DAG(s) 'example_python_decorator' retrieved from /home/airflow/.local/lib/python3.12/site-packages/airflow/example_dags/example_python_decorator.py
[2026-08-12T04:46:16.045+0000] {logging_mixin.py:190} INFO - [2026-08-12T04:46:16.045+0000] {dag.py:3211} INFO - Sync 1 DAGs
[2026-08-12T04:46:16.065+0000] {logging_mixin.py:190} INFO - [2026-08-12T04:46:16.064+0000] {dag.py:4138} INFO - Setting next_dagrun for example_python_decorator to None, run_after=None
[2026-08-12T04:46:16.106+0000] {processor.py:208} INFO - Processing /home/airflow/.local/lib/python3.12/site-packages/airflow/example_dags/example_python_decorator.py took 0.144 seconds
[2026-08-12T04:46:46.206+0000] {processor.py:186} INFO - Started process (PID=1413) to work on /home/airflow/.local/lib/python3.12/site-packages/airflow/example_dags/example_python_decorator.py
[2026-08-12T04:46:46.208+0000] {processor.py:914} INFO - Processing file /home/airflow/.local/lib/python3.12/site-packages/airflow/example_dags/example_python_decorator.py for tasks to queue
[2026-08-12T04:46:46.213+0000] {logging_mixin.py:190} INFO - [2026-08-12T04:46:46.212+0000] {dagbag.py:587} INFO - Filling up the DagBag from /home/airflow/.local/lib/python3.12/site-packages/airflow/example_dags/example_python_decorator.py
[2026-08-12T04:46:46.233+0000] {processor.py:925} INFO - DAG(s) 'example_python_decorator' retrieved from /home/airflow/.local/lib/python3.12/site-packages/airflow/example_dags/example_python_decorator.py
[2026-08-12T04:46:46.261+0000] {logging_mixin.py:190} INFO - [2026-08-12T04:46:46.261+0000] {dag.py:3211} INFO - Sync 1 DAGs
[2026-08-12T04:46:46.280+0000] {logging_mixin.py:190} INFO - [2026-08-12T04:46:46.279+0000] {dag.py:4138} INFO - Setting next_dagrun for example_python_decorator to None, run_after=None
[2026-08-12T04:46:46.313+0000] {processor.py:208} INFO - Processing /home/airflow/.local/lib/python3.12/site-packages/airflow/example_dags/example_python_decorator.py took 0.117 seconds
[2026-08-12T04:47:16.891+0000] {processor.py:186} INFO - Started process (PID=1474) to work on /home/airflow/.local/lib/python3.12/site-packages/airflow/example_dags/example_python_decorator.py
[2026-08-12T04:47:16.893+0000] {processor.py:914} INFO - Processing file /home/airflow/.local/lib/python3.12/site-packages/airflow/example_dags/example_python_decorator.py for tasks to queue
[2026-08-12T04:47:16.897+0000] {logging_mixin.py:190} INFO - [2026-08-12T04:47:16.896+0000] {dagbag.py:587} INFO - Filling up the DagBag from /home/airflow/.local/lib/python3.12/site-packages/airflow/example_dags/example_python_decorator.py
[2026-08-12T04:47:16.912+0000] {processor.py:925} INFO - DAG(s) 'example_python_decorator' retrieved from /home/airflow/.local/lib/python3.12/site-packages/airflow/example_dags/example_python_decorator.py
[2026-08-12T04:47:16.936+0000] {logging_mixin.py:190} INFO - [2026-08-12T04:47:16.936+0000] {dag.py:3211} INFO - Sync 1 DAGs
[2026-08-12T04:47:16.955+0000] {logging_mixin.py:190} INFO - [2026-08-12T04:47:16.954+0000] {dag.py:4138} INFO - Setting next_dagrun for example_python_decorator to None, run_after=None
[2026-08-12T04:47:16.984+0000] {processor.py:208} INFO - Processing /home/airflow/.local/lib/python3.12/site-packages/airflow/example_dags/example_python_decorator.py took 0.099 seconds
