[2026-08-12T04:32:03.676+0000] {processor.py:186} INFO - Started process (PID=124) to work on /home/airflow/.local/lib/python3.12/site-packages/airflow/example_dags/example_branch_day_of_week_operator.py
[2026-08-12T04:32:03.690+0000] {processor.py:914} INFO - Processing file /home/airflow/.local/lib/python3.12/site-packages/airflow/example_dags/example_branch_day_of_week_operator.py for tasks to queue
[2026-08-12T04:32:03.701+0000] {logging_mixin.py:190} INFO - [2026-08-12T04:32:03.696+0000] {dagbag.py:587} INFO - Filling up the DagBag from /home/airflow/.local/lib/python3.12/site-packages/airflow/example_dags/example_branch_day_of_week_operator.py
[2026-08-12T04:32:03.738+0000] {processor.py:925} INFO - DAG(s) 'example_weekday_branch_operator' retrieved from /home/airflow/.local/lib/python3.12/site-packages/airflow/example_dags/example_branch_day_of_week_operator.py
[2026-08-12T04:32:04.125+0000] {logging_mixin.py:190} INFO - [2026-08-12T04:32:04.123+0000] {override.py:1858} INFO - Created Permission View: can edit on DAG:example_weekday_branch_operator
[2026-08-12T04:32:04.153+0000] {logging_mixin.py:190} INFO - [2026-08-12T04:32:04.152+0000] {override.py:1858} INFO - Created Permission View: can read on DAG:example_weekday_branch_operator
[2026-08-12T04:32:04.174+0000] {logging_mixin.py:190} INFO - [2026-08-12T04:32:04.173+0000] {override.py:1858} INFO - Created Permission View: can delete on DAG:example_weekday_branch_operator
[2026-08-12T04:32:04.177+0000] {logging_mixin.py:190} INFO - [2026-08-12T04:32:04.176+0000] {dag.py:3211} INFO - Sync 1 DAGs
[2026-08-12T04:32:04.218+0000] {logging_mixin.py:190} INFO - [2026-08-12T04:32:04.217+0000] {dag.py:3234} INFO - Creating ORM DAG for example_weekday_branch_operator
[2026-08-12T04:32:04.243+0000] {logging_mixin.py:190} INFO - [2026-08-12T04:32:04.242+0000] {dag.py:4138} INFO - Setting next_dagrun for example_weekday_branch_operator to 2026-08-11 00:00:00+00:00, run_after=2026-08-12 00:00:00+00:00
[2026-08-12T04:32:04.295+0000] {processor.py:208} INFO - Processing /home/airflow/.local/lib/python3.12/site-packages/airflow/example_dags/example_branch_day_of_week_operator.py took 0.635 seconds
[2026-08-12T04:32:34.658+0000] {processor.py:186} INFO - Started process (PID=188) to work on /home/airflow/.local/lib/python3.12/site-packages/airflow/example_dags/example_branch_day_of_week_operator.py
[2026-08-12T04:32:34.660+0000] {processor.py:914} INFO - Processing file /home/airflow/.local/lib/python3.12/site-packages/airflow/example_dags/example_branch_day_of_week_operator.py for tasks to queue
[2026-08-12T04:32:34.668+0000] {logging_mixin.py:190} INFO - [2026-08-12T04:32:34.667+0000] {dagbag.py:587} INFO - Filling up the DagBag from /home/airflow/.local/lib/python3.12/site-packages/airflow/example_dags/example_branch_day_of_week_operator.py
[2026-08-12T04:32:34.688+0000] {processor.py:925} INFO - DAG(s) 'example_weekday_branch_operator' retrieved from /home/airflow/.local/lib/python3.12/site-packages/airflow/example_dags/example_branch_day_of_week_operator.py
[2026-08-12T04:32:34.728+0000] {logging_mixin.py:190} INFO - [2026-08-12T04:32:34.728+0000] {dag.py:3211} INFO - Sync 1 DAGs
[2026-08-12T04:32:34.777+0000] {logging_mixin.py:190} INFO - [2026-08-12T04:32:34.776+0000] {dag.py:4138} INFO - Setting next_dagrun for example_weekday_branch_operator to 2026-08-11 00:00:00+00:00, run_after=2026-08-12 00:00:00+00:00
[2026-08-12T04:32:34.822+0000] {processor.py:208} INFO - Processing /home/airflow/.local/lib/python3.12/site-packages/airflow/example_dags/example_branch_day_of_week_operator.py took 0.176 seconds
[2026-08-12T04:33:05.518+0000] {processor.py:186} INFO - Started process (PID=249) to work on /home/airflow/.local/lib/python3.12/site-packages/airflow/example_dags/example_branch_day_of_week_operator.py
[2026-08-12T04:33:05.521+0000] {processor.py:914} INFO - Processing file /home/airflow/.local/lib/python3.12/site-packages/airflow/example_dags/example_branch_day_of_week_operator.py for tasks to queue
[2026-08-12T04:33:05.524+0000] {logging_mixin.py:190} INFO - [2026-08-12T04:33:05.524+0000] {dagbag.py:587} INFO - Filling up the DagBag from /home/airflow/.local/lib/python3.12/site-packages/airflow/example_dags/example_branch_day_of_week_operator.py
[2026-08-12T04:33:05.546+0000] {processor.py:925} INFO - DAG(s) 'example_weekday_branch_operator' retrieved from /home/airflow/.local/lib/python3.12/site-packages/airflow/example_dags/example_branch_day_of_week_operator.py
[2026-08-12T04:33:05.587+0000] {logging_mixin.py:190} INFO - [2026-08-12T04:33:05.585+0000] {dag.py:3211} INFO - Sync 1 DAGs
[2026-08-12T04:33:05.639+0000] {logging_mixin.py:190} INFO - [2026-08-12T04:33:05.639+0000] {dag.py:4138} INFO - Setting next_dagrun for example_weekday_branch_operator to 2026-08-11 00:00:00+00:00, run_after=2026-08-12 00:00:00+00:00
[2026-08-12T04:33:05.683+0000] {processor.py:208} INFO - Processing /home/airflow/.local/lib/python3.12/site-packages/airflow/example_dags/example_branch_day_of_week_operator.py took 0.176 seconds
[2026-08-12T04:33:36.054+0000] {processor.py:186} INFO - Started process (PID=311) to work on /home/airflow/.local/lib/python3.12/site-packages/airflow/example_dags/example_branch_day_of_week_operator.py
[2026-08-12T04:33:36.057+0000] {processor.py:914} INFO - Processing file /home/airflow/.local/lib/python3.12/site-packages/airflow/example_dags/example_branch_day_of_week_operator.py for tasks to queue
[2026-08-12T04:33:36.062+0000] {logging_mixin.py:190} INFO - [2026-08-12T04:33:36.062+0000] {dagbag.py:587} INFO - Filling up the DagBag from /home/airflow/.local/lib/python3.12/site-packages/airflow/example_dags/example_branch_day_of_week_operator.py
[2026-08-12T04:33:36.092+0000] {processor.py:925} INFO - DAG(s) 'example_weekday_branch_operator' retrieved from /home/airflow/.local/lib/python3.12/site-packages/airflow/example_dags/example_branch_day_of_week_operator.py
[2026-08-12T04:33:36.129+0000] {logging_mixin.py:190} INFO - [2026-08-12T04:33:36.129+0000] {dag.py:3211} INFO - Sync 1 DAGs
[2026-08-12T04:33:36.168+0000] {logging_mixin.py:190} INFO - [2026-08-12T04:33:36.168+0000] {dag.py:4138} INFO - Setting next_dagrun for example_weekday_branch_operator to 2026-08-11 00:00:00+00:00, run_after=2026-08-12 00:00:00+00:00
[2026-08-12T04:33:36.195+0000] {processor.py:208} INFO - Processing /home/airflow/.local/lib/python3.12/site-packages/airflow/example_dags/example_branch_day_of_week_operator.py took 0.156 seconds
[2026-08-12T04:34:06.937+0000] {processor.py:186} INFO - Started process (PID=373) to work on /home/airflow/.local/lib/python3.12/site-packages/airflow/example_dags/example_branch_day_of_week_operator.py
[2026-08-12T04:34:06.940+0000] {processor.py:914} INFO - Processing file /home/airflow/.local/lib/python3.12/site-packages/airflow/example_dags/example_branch_day_of_week_operator.py for tasks to queue
[2026-08-12T04:34:06.945+0000] {logging_mixin.py:190} INFO - [2026-08-12T04:34:06.945+0000] {dagbag.py:587} INFO - Filling up the DagBag from /home/airflow/.local/lib/python3.12/site-packages/airflow/example_dags/example_branch_day_of_week_operator.py
[2026-08-12T04:34:06.962+0000] {processor.py:925} INFO - DAG(s) 'example_weekday_branch_operator' retrieved from /home/airflow/.local/lib/python3.12/site-packages/airflow/example_dags/example_branch_day_of_week_operator.py
[2026-08-12T04:34:06.994+0000] {logging_mixin.py:190} INFO - [2026-08-12T04:34:06.993+0000] {dag.py:3211} INFO - Sync 1 DAGs
[2026-08-12T04:34:07.038+0000] {logging_mixin.py:190} INFO - [2026-08-12T04:34:07.038+0000] {dag.py:4138} INFO - Setting next_dagrun for example_weekday_branch_operator to 2026-08-11 00:00:00+00:00, run_after=2026-08-12 00:00:00+00:00
[2026-08-12T04:34:07.075+0000] {processor.py:208} INFO - Processing /home/airflow/.local/lib/python3.12/site-packages/airflow/example_dags/example_branch_day_of_week_operator.py took 0.148 seconds
[2026-08-12T04:36:02.302+0000] {processor.py:186} INFO - Started process (PID=117) to work on /home/airflow/.local/lib/python3.12/site-packages/airflow/example_dags/example_branch_day_of_week_operator.py
[2026-08-12T04:36:02.305+0000] {processor.py:914} INFO - Processing file /home/airflow/.local/lib/python3.12/site-packages/airflow/example_dags/example_branch_day_of_week_operator.py for tasks to queue
[2026-08-12T04:36:02.311+0000] {logging_mixin.py:190} INFO - [2026-08-12T04:36:02.310+0000] {dagbag.py:587} INFO - Filling up the DagBag from /home/airflow/.local/lib/python3.12/site-packages/airflow/example_dags/example_branch_day_of_week_operator.py
[2026-08-12T04:36:02.335+0000] {processor.py:925} INFO - DAG(s) 'example_weekday_branch_operator' retrieved from /home/airflow/.local/lib/python3.12/site-packages/airflow/example_dags/example_branch_day_of_week_operator.py
[2026-08-12T04:36:02.374+0000] {logging_mixin.py:190} INFO - [2026-08-12T04:36:02.374+0000] {dag.py:3211} INFO - Sync 1 DAGs
[2026-08-12T04:36:02.421+0000] {logging_mixin.py:190} INFO - [2026-08-12T04:36:02.421+0000] {dag.py:4138} INFO - Setting next_dagrun for example_weekday_branch_operator to 2026-08-11 00:00:00+00:00, run_after=2026-08-12 00:00:00+00:00
[2026-08-12T04:36:02.453+0000] {processor.py:208} INFO - Processing /home/airflow/.local/lib/python3.12/site-packages/airflow/example_dags/example_branch_day_of_week_operator.py took 0.164 seconds
[2026-08-12T04:36:32.928+0000] {processor.py:186} INFO - Started process (PID=179) to work on /home/airflow/.local/lib/python3.12/site-packages/airflow/example_dags/example_branch_day_of_week_operator.py
[2026-08-12T04:36:32.930+0000] {processor.py:914} INFO - Processing file /home/airflow/.local/lib/python3.12/site-packages/airflow/example_dags/example_branch_day_of_week_operator.py for tasks to queue
[2026-08-12T04:36:32.937+0000] {logging_mixin.py:190} INFO - [2026-08-12T04:36:32.936+0000] {dagbag.py:587} INFO - Filling up the DagBag from /home/airflow/.local/lib/python3.12/site-packages/airflow/example_dags/example_branch_day_of_week_operator.py
[2026-08-12T04:36:32.960+0000] {processor.py:925} INFO - DAG(s) 'example_weekday_branch_operator' retrieved from /home/airflow/.local/lib/python3.12/site-packages/airflow/example_dags/example_branch_day_of_week_operator.py
[2026-08-12T04:36:33.023+0000] {logging_mixin.py:190} INFO - [2026-08-12T04:36:33.022+0000] {dag.py:3211} INFO - Sync 1 DAGs
[2026-08-12T04:36:33.120+0000] {logging_mixin.py:190} INFO - [2026-08-12T04:36:33.119+0000] {dag.py:4138} INFO - Setting next_dagrun for example_weekday_branch_operator to 2026-08-11 00:00:00+00:00, run_after=2026-08-12 00:00:00+00:00
[2026-08-12T04:36:33.184+0000] {processor.py:208} INFO - Processing /home/airflow/.local/lib/python3.12/site-packages/airflow/example_dags/example_branch_day_of_week_operator.py took 0.267 seconds
[2026-08-12T04:37:03.363+0000] {processor.py:186} INFO - Started process (PID=241) to work on /home/airflow/.local/lib/python3.12/site-packages/airflow/example_dags/example_branch_day_of_week_operator.py
[2026-08-12T04:37:03.364+0000] {processor.py:914} INFO - Processing file /home/airflow/.local/lib/python3.12/site-packages/airflow/example_dags/example_branch_day_of_week_operator.py for tasks to queue
[2026-08-12T04:37:03.370+0000] {logging_mixin.py:190} INFO - [2026-08-12T04:37:03.369+0000] {dagbag.py:587} INFO - Filling up the DagBag from /home/airflow/.local/lib/python3.12/site-packages/airflow/example_dags/example_branch_day_of_week_operator.py
[2026-08-12T04:37:03.383+0000] {processor.py:925} INFO - DAG(s) 'example_weekday_branch_operator' retrieved from /home/airflow/.local/lib/python3.12/site-packages/airflow/example_dags/example_branch_day_of_week_operator.py
[2026-08-12T04:37:03.414+0000] {logging_mixin.py:190} INFO - [2026-08-12T04:37:03.414+0000] {dag.py:3211} INFO - Sync 1 DAGs
[2026-08-12T04:37:03.460+0000] {logging_mixin.py:190} INFO - [2026-08-12T04:37:03.459+0000] {dag.py:4138} INFO - Setting next_dagrun for example_weekday_branch_operator to 2026-08-11 00:00:00+00:00, run_after=2026-08-12 00:00:00+00:00
[2026-08-12T04:37:03.507+0000] {processor.py:208} INFO - Processing /home/airflow/.local/lib/python3.12/site-packages/airflow/example_dags/example_branch_day_of_week_operator.py took 0.150 seconds
[2026-08-12T04:37:33.895+0000] {processor.py:186} INFO - Started process (PID=303) to work on /home/airflow/.local/lib/python3.12/site-packages/airflow/example_dags/example_branch_day_of_week_operator.py
[2026-08-12T04:37:33.897+0000] {processor.py:914} INFO - Processing file /home/airflow/.local/lib/python3.12/site-packages/airflow/example_dags/example_branch_day_of_week_operator.py for tasks to queue
[2026-08-12T04:37:33.903+0000] {logging_mixin.py:190} INFO - [2026-08-12T04:37:33.902+0000] {dagbag.py:587} INFO - Filling up the DagBag from /home/airflow/.local/lib/python3.12/site-packages/airflow/example_dags/example_branch_day_of_week_operator.py
[2026-08-12T04:37:33.916+0000] {processor.py:925} INFO - DAG(s) 'example_weekday_branch_operator' retrieved from /home/airflow/.local/lib/python3.12/site-packages/airflow/example_dags/example_branch_day_of_week_operator.py
[2026-08-12T04:37:33.947+0000] {logging_mixin.py:190} INFO - [2026-08-12T04:37:33.947+0000] {dag.py:3211} INFO - Sync 1 DAGs
[2026-08-12T04:37:33.979+0000] {logging_mixin.py:190} INFO - [2026-08-12T04:37:33.979+0000] {dag.py:4138} INFO - Setting next_dagrun for example_weekday_branch_operator to 2026-08-11 00:00:00+00:00, run_after=2026-08-12 00:00:00+00:00
[2026-08-12T04:37:34.007+0000] {processor.py:208} INFO - Processing /home/airflow/.local/lib/python3.12/site-packages/airflow/example_dags/example_branch_day_of_week_operator.py took 0.117 seconds
[2026-08-12T04:38:04.919+0000] {processor.py:186} INFO - Started process (PID=365) to work on /home/airflow/.local/lib/python3.12/site-packages/airflow/example_dags/example_branch_day_of_week_operator.py
[2026-08-12T04:38:04.923+0000] {processor.py:914} INFO - Processing file /home/airflow/.local/lib/python3.12/site-packages/airflow/example_dags/example_branch_day_of_week_operator.py for tasks to queue
[2026-08-12T04:38:04.928+0000] {logging_mixin.py:190} INFO - [2026-08-12T04:38:04.927+0000] {dagbag.py:587} INFO - Filling up the DagBag from /home/airflow/.local/lib/python3.12/site-packages/airflow/example_dags/example_branch_day_of_week_operator.py
[2026-08-12T04:38:04.942+0000] {processor.py:925} INFO - DAG(s) 'example_weekday_branch_operator' retrieved from /home/airflow/.local/lib/python3.12/site-packages/airflow/example_dags/example_branch_day_of_week_operator.py
[2026-08-12T04:38:04.973+0000] {logging_mixin.py:190} INFO - [2026-08-12T04:38:04.972+0000] {dag.py:3211} INFO - Sync 1 DAGs
[2026-08-12T04:38:05.006+0000] {logging_mixin.py:190} INFO - [2026-08-12T04:38:05.006+0000] {dag.py:4138} INFO - Setting next_dagrun for example_weekday_branch_operator to 2026-08-11 00:00:00+00:00, run_after=2026-08-12 00:00:00+00:00
[2026-08-12T04:38:05.034+0000] {processor.py:208} INFO - Processing /home/airflow/.local/lib/python3.12/site-packages/airflow/example_dags/example_branch_day_of_week_operator.py took 0.122 seconds
[2026-08-12T04:38:35.739+0000] {processor.py:186} INFO - Started process (PID=427) to work on /home/airflow/.local/lib/python3.12/site-packages/airflow/example_dags/example_branch_day_of_week_operator.py
[2026-08-12T04:38:35.742+0000] {processor.py:914} INFO - Processing file /home/airflow/.local/lib/python3.12/site-packages/airflow/example_dags/example_branch_day_of_week_operator.py for tasks to queue
[2026-08-12T04:38:35.748+0000] {logging_mixin.py:190} INFO - [2026-08-12T04:38:35.747+0000] {dagbag.py:587} INFO - Filling up the DagBag from /home/airflow/.local/lib/python3.12/site-packages/airflow/example_dags/example_branch_day_of_week_operator.py
[2026-08-12T04:38:35.769+0000] {processor.py:925} INFO - DAG(s) 'example_weekday_branch_operator' retrieved from /home/airflow/.local/lib/python3.12/site-packages/airflow/example_dags/example_branch_day_of_week_operator.py
[2026-08-12T04:38:35.823+0000] {logging_mixin.py:190} INFO - [2026-08-12T04:38:35.822+0000] {dag.py:3211} INFO - Sync 1 DAGs
[2026-08-12T04:38:35.905+0000] {logging_mixin.py:190} INFO - [2026-08-12T04:38:35.904+0000] {dag.py:4138} INFO - Setting next_dagrun for example_weekday_branch_operator to 2026-08-11 00:00:00+00:00, run_after=2026-08-12 00:00:00+00:00
[2026-08-12T04:38:35.962+0000] {processor.py:208} INFO - Processing /home/airflow/.local/lib/python3.12/site-packages/airflow/example_dags/example_branch_day_of_week_operator.py took 0.235 seconds
[2026-08-12T04:39:06.837+0000] {processor.py:186} INFO - Started process (PID=489) to work on /home/airflow/.local/lib/python3.12/site-packages/airflow/example_dags/example_branch_day_of_week_operator.py
[2026-08-12T04:39:06.844+0000] {processor.py:914} INFO - Processing file /home/airflow/.local/lib/python3.12/site-packages/airflow/example_dags/example_branch_day_of_week_operator.py for tasks to queue
[2026-08-12T04:39:06.850+0000] {logging_mixin.py:190} INFO - [2026-08-12T04:39:06.849+0000] {dagbag.py:587} INFO - Filling up the DagBag from /home/airflow/.local/lib/python3.12/site-packages/airflow/example_dags/example_branch_day_of_week_operator.py
[2026-08-12T04:39:06.880+0000] {processor.py:925} INFO - DAG(s) 'example_weekday_branch_operator' retrieved from /home/airflow/.local/lib/python3.12/site-packages/airflow/example_dags/example_branch_day_of_week_operator.py
[2026-08-12T04:39:06.946+0000] {logging_mixin.py:190} INFO - [2026-08-12T04:39:06.946+0000] {dag.py:3211} INFO - Sync 1 DAGs
[2026-08-12T04:39:07.019+0000] {logging_mixin.py:190} INFO - [2026-08-12T04:39:07.019+0000] {dag.py:4138} INFO - Setting next_dagrun for example_weekday_branch_operator to 2026-08-11 00:00:00+00:00, run_after=2026-08-12 00:00:00+00:00
[2026-08-12T04:39:07.084+0000] {processor.py:208} INFO - Processing /home/airflow/.local/lib/python3.12/site-packages/airflow/example_dags/example_branch_day_of_week_operator.py took 0.267 seconds
[2026-08-12T04:39:38.980+0000] {processor.py:186} INFO - Started process (PID=551) to work on /home/airflow/.local/lib/python3.12/site-packages/airflow/example_dags/example_branch_day_of_week_operator.py
[2026-08-12T04:39:38.983+0000] {processor.py:914} INFO - Processing file /home/airflow/.local/lib/python3.12/site-packages/airflow/example_dags/example_branch_day_of_week_operator.py for tasks to queue
[2026-08-12T04:39:38.991+0000] {logging_mixin.py:190} INFO - [2026-08-12T04:39:38.991+0000] {dagbag.py:587} INFO - Filling up the DagBag from /home/airflow/.local/lib/python3.12/site-packages/airflow/example_dags/example_branch_day_of_week_operator.py
[2026-08-12T04:39:39.018+0000] {processor.py:925} INFO - DAG(s) 'example_weekday_branch_operator' retrieved from /home/airflow/.local/lib/python3.12/site-packages/airflow/example_dags/example_branch_day_of_week_operator.py
[2026-08-12T04:39:39.086+0000] {logging_mixin.py:190} INFO - [2026-08-12T04:39:39.085+0000] {dag.py:3211} INFO - Sync 1 DAGs
[2026-08-12T04:39:39.136+0000] {logging_mixin.py:190} INFO - [2026-08-12T04:39:39.136+0000] {dag.py:4138} INFO - Setting next_dagrun for example_weekday_branch_operator to 2026-08-11 00:00:00+00:00, run_after=2026-08-12 00:00:00+00:00
[2026-08-12T04:39:39.186+0000] {processor.py:208} INFO - Processing /home/airflow/.local/lib/python3.12/site-packages/airflow/example_dags/example_branch_day_of_week_operator.py took 0.229 seconds
[2026-08-12T04:40:09.953+0000] {processor.py:186} INFO - Started process (PID=613) to work on /home/airflow/.local/lib/python3.12/site-packages/airflow/example_dags/example_branch_day_of_week_operator.py
[2026-08-12T04:40:09.961+0000] {processor.py:914} INFO - Processing file /home/airflow/.local/lib/python3.12/site-packages/airflow/example_dags/example_branch_day_of_week_operator.py for tasks to queue
[2026-08-12T04:40:09.967+0000] {logging_mixin.py:190} INFO - [2026-08-12T04:40:09.966+0000] {dagbag.py:587} INFO - Filling up the DagBag from /home/airflow/.local/lib/python3.12/site-packages/airflow/example_dags/example_branch_day_of_week_operator.py
[2026-08-12T04:40:09.988+0000] {processor.py:925} INFO - DAG(s) 'example_weekday_branch_operator' retrieved from /home/airflow/.local/lib/python3.12/site-packages/airflow/example_dags/example_branch_day_of_week_operator.py
[2026-08-12T04:40:10.027+0000] {logging_mixin.py:190} INFO - [2026-08-12T04:40:10.027+0000] {dag.py:3211} INFO - Sync 1 DAGs
[2026-08-12T04:40:10.073+0000] {logging_mixin.py:190} INFO - [2026-08-12T04:40:10.073+0000] {dag.py:4138} INFO - Setting next_dagrun for example_weekday_branch_operator to 2026-08-11 00:00:00+00:00, run_after=2026-08-12 00:00:00+00:00
[2026-08-12T04:40:10.113+0000] {processor.py:208} INFO - Processing /home/airflow/.local/lib/python3.12/site-packages/airflow/example_dags/example_branch_day_of_week_operator.py took 0.168 seconds
[2026-08-12T04:40:40.398+0000] {processor.py:186} INFO - Started process (PID=675) to work on /home/airflow/.local/lib/python3.12/site-packages/airflow/example_dags/example_branch_day_of_week_operator.py
[2026-08-12T04:40:40.400+0000] {processor.py:914} INFO - Processing file /home/airflow/.local/lib/python3.12/site-packages/airflow/example_dags/example_branch_day_of_week_operator.py for tasks to queue
[2026-08-12T04:40:40.404+0000] {logging_mixin.py:190} INFO - [2026-08-12T04:40:40.404+0000] {dagbag.py:587} INFO - Filling up the DagBag from /home/airflow/.local/lib/python3.12/site-packages/airflow/example_dags/example_branch_day_of_week_operator.py
[2026-08-12T04:40:40.419+0000] {processor.py:925} INFO - DAG(s) 'example_weekday_branch_operator' retrieved from /home/airflow/.local/lib/python3.12/site-packages/airflow/example_dags/example_branch_day_of_week_operator.py
[2026-08-12T04:40:40.460+0000] {logging_mixin.py:190} INFO - [2026-08-12T04:40:40.460+0000] {dag.py:3211} INFO - Sync 1 DAGs
[2026-08-12T04:40:40.506+0000] {logging_mixin.py:190} INFO - [2026-08-12T04:40:40.505+0000] {dag.py:4138} INFO - Setting next_dagrun for example_weekday_branch_operator to 2026-08-11 00:00:00+00:00, run_after=2026-08-12 00:00:00+00:00
[2026-08-12T04:40:40.539+0000] {processor.py:208} INFO - Processing /home/airflow/.local/lib/python3.12/site-packages/airflow/example_dags/example_branch_day_of_week_operator.py took 0.151 seconds
[2026-08-12T04:41:10.627+0000] {processor.py:186} INFO - Started process (PID=736) to work on /home/airflow/.local/lib/python3.12/site-packages/airflow/example_dags/example_branch_day_of_week_operator.py
[2026-08-12T04:41:10.630+0000] {processor.py:914} INFO - Processing file /home/airflow/.local/lib/python3.12/site-packages/airflow/example_dags/example_branch_day_of_week_operator.py for tasks to queue
[2026-08-12T04:41:10.635+0000] {logging_mixin.py:190} INFO - [2026-08-12T04:41:10.635+0000] {dagbag.py:587} INFO - Filling up the DagBag from /home/airflow/.local/lib/python3.12/site-packages/airflow/example_dags/example_branch_day_of_week_operator.py
[2026-08-12T04:41:10.653+0000] {processor.py:925} INFO - DAG(s) 'example_weekday_branch_operator' retrieved from /home/airflow/.local/lib/python3.12/site-packages/airflow/example_dags/example_branch_day_of_week_operator.py
[2026-08-12T04:41:10.696+0000] {logging_mixin.py:190} INFO - [2026-08-12T04:41:10.695+0000] {dag.py:3211} INFO - Sync 1 DAGs
[2026-08-12T04:41:10.731+0000] {logging_mixin.py:190} INFO - [2026-08-12T04:41:10.731+0000] {dag.py:4138} INFO - Setting next_dagrun for example_weekday_branch_operator to 2026-08-11 00:00:00+00:00, run_after=2026-08-12 00:00:00+00:00
[2026-08-12T04:41:10.759+0000] {processor.py:208} INFO - Processing /home/airflow/.local/lib/python3.12/site-packages/airflow/example_dags/example_branch_day_of_week_operator.py took 0.139 seconds
[2026-08-12T04:41:41.133+0000] {processor.py:186} INFO - Started process (PID=799) to work on /home/airflow/.local/lib/python3.12/site-packages/airflow/example_dags/example_branch_day_of_week_operator.py
[2026-08-12T04:41:41.135+0000] {processor.py:914} INFO - Processing file /home/airflow/.local/lib/python3.12/site-packages/airflow/example_dags/example_branch_day_of_week_operator.py for tasks to queue
[2026-08-12T04:41:41.139+0000] {logging_mixin.py:190} INFO - [2026-08-12T04:41:41.139+0000] {dagbag.py:587} INFO - Filling up the DagBag from /home/airflow/.local/lib/python3.12/site-packages/airflow/example_dags/example_branch_day_of_week_operator.py
[2026-08-12T04:41:41.152+0000] {processor.py:925} INFO - DAG(s) 'example_weekday_branch_operator' retrieved from /home/airflow/.local/lib/python3.12/site-packages/airflow/example_dags/example_branch_day_of_week_operator.py
[2026-08-12T04:41:41.204+0000] {logging_mixin.py:190} INFO - [2026-08-12T04:41:41.202+0000] {dag.py:3211} INFO - Sync 1 DAGs
[2026-08-12T04:41:41.303+0000] {logging_mixin.py:190} INFO - [2026-08-12T04:41:41.303+0000] {dag.py:4138} INFO - Setting next_dagrun for example_weekday_branch_operator to 2026-08-11 00:00:00+00:00, run_after=2026-08-12 00:00:00+00:00
[2026-08-12T04:41:41.362+0000] {processor.py:208} INFO - Processing /home/airflow/.local/lib/python3.12/site-packages/airflow/example_dags/example_branch_day_of_week_operator.py took 0.237 seconds
[2026-08-12T04:42:12.210+0000] {processor.py:186} INFO - Started process (PID=867) to work on /home/airflow/.local/lib/python3.12/site-packages/airflow/example_dags/example_branch_day_of_week_operator.py
[2026-08-12T04:42:12.212+0000] {processor.py:914} INFO - Processing file /home/airflow/.local/lib/python3.12/site-packages/airflow/example_dags/example_branch_day_of_week_operator.py for tasks to queue
[2026-08-12T04:42:12.217+0000] {logging_mixin.py:190} INFO - [2026-08-12T04:42:12.217+0000] {dagbag.py:587} INFO - Filling up the DagBag from /home/airflow/.local/lib/python3.12/site-packages/airflow/example_dags/example_branch_day_of_week_operator.py
[2026-08-12T04:42:12.230+0000] {processor.py:925} INFO - DAG(s) 'example_weekday_branch_operator' retrieved from /home/airflow/.local/lib/python3.12/site-packages/airflow/example_dags/example_branch_day_of_week_operator.py
[2026-08-12T04:42:12.256+0000] {logging_mixin.py:190} INFO - [2026-08-12T04:42:12.256+0000] {dag.py:3211} INFO - Sync 1 DAGs
[2026-08-12T04:42:12.280+0000] {logging_mixin.py:190} INFO - [2026-08-12T04:42:12.280+0000] {dag.py:4138} INFO - Setting next_dagrun for example_weekday_branch_operator to 2026-08-11 00:00:00+00:00, run_after=2026-08-12 00:00:00+00:00
[2026-08-12T04:42:12.305+0000] {processor.py:208} INFO - Processing /home/airflow/.local/lib/python3.12/site-packages/airflow/example_dags/example_branch_day_of_week_operator.py took 0.104 seconds
[2026-08-12T04:42:42.526+0000] {processor.py:186} INFO - Started process (PID=929) to work on /home/airflow/.local/lib/python3.12/site-packages/airflow/example_dags/example_branch_day_of_week_operator.py
[2026-08-12T04:42:42.528+0000] {processor.py:914} INFO - Processing file /home/airflow/.local/lib/python3.12/site-packages/airflow/example_dags/example_branch_day_of_week_operator.py for tasks to queue
[2026-08-12T04:42:42.532+0000] {logging_mixin.py:190} INFO - [2026-08-12T04:42:42.532+0000] {dagbag.py:587} INFO - Filling up the DagBag from /home/airflow/.local/lib/python3.12/site-packages/airflow/example_dags/example_branch_day_of_week_operator.py
[2026-08-12T04:42:42.544+0000] {processor.py:925} INFO - DAG(s) 'example_weekday_branch_operator' retrieved from /home/airflow/.local/lib/python3.12/site-packages/airflow/example_dags/example_branch_day_of_week_operator.py
[2026-08-12T04:42:42.567+0000] {logging_mixin.py:190} INFO - [2026-08-12T04:42:42.567+0000] {dag.py:3211} INFO - Sync 1 DAGs
[2026-08-12T04:42:42.591+0000] {logging_mixin.py:190} INFO - [2026-08-12T04:42:42.591+0000] {dag.py:4138} INFO - Setting next_dagrun for example_weekday_branch_operator to 2026-08-11 00:00:00+00:00, run_after=2026-08-12 00:00:00+00:00
[2026-08-12T04:42:42.612+0000] {processor.py:208} INFO - Processing /home/airflow/.local/lib/python3.12/site-packages/airflow/example_dags/example_branch_day_of_week_operator.py took 0.106 seconds
[2026-08-12T04:43:12.862+0000] {processor.py:186} INFO - Started process (PID=991) to work on /home/airflow/.local/lib/python3.12/site-packages/airflow/example_dags/example_branch_day_of_week_operator.py
[2026-08-12T04:43:12.864+0000] {processor.py:914} INFO - Processing file /home/airflow/.local/lib/python3.12/site-packages/airflow/example_dags/example_branch_day_of_week_operator.py for tasks to queue
[2026-08-12T04:43:12.867+0000] {logging_mixin.py:190} INFO - [2026-08-12T04:43:12.867+0000] {dagbag.py:587} INFO - Filling up the DagBag from /home/airflow/.local/lib/python3.12/site-packages/airflow/example_dags/example_branch_day_of_week_operator.py
[2026-08-12T04:43:12.876+0000] {processor.py:925} INFO - DAG(s) 'example_weekday_branch_operator' retrieved from /home/airflow/.local/lib/python3.12/site-packages/airflow/example_dags/example_branch_day_of_week_operator.py
[2026-08-12T04:43:12.897+0000] {logging_mixin.py:190} INFO - [2026-08-12T04:43:12.897+0000] {dag.py:3211} INFO - Sync 1 DAGs
[2026-08-12T04:43:12.920+0000] {logging_mixin.py:190} INFO - [2026-08-12T04:43:12.919+0000] {dag.py:4138} INFO - Setting next_dagrun for example_weekday_branch_operator to 2026-08-11 00:00:00+00:00, run_after=2026-08-12 00:00:00+00:00
[2026-08-12T04:43:12.938+0000] {processor.py:208} INFO - Processing /home/airflow/.local/lib/python3.12/site-packages/airflow/example_dags/example_branch_day_of_week_operator.py took 0.081 seconds
[2026-08-12T04:43:43.185+0000] {processor.py:186} INFO - Started process (PID=1053) to work on /home/airflow/.local/lib/python3.12/site-packages/airflow/example_dags/example_branch_day_of_week_operator.py
[2026-08-12T04:43:43.187+0000] {processor.py:914} INFO - Processing file /home/airflow/.local/lib/python3.12/site-packages/airflow/example_dags/example_branch_day_of_week_operator.py for tasks to queue
[2026-08-12T04:43:43.190+0000] {logging_mixin.py:190} INFO - [2026-08-12T04:43:43.189+0000] {dagbag.py:587} INFO - Filling up the DagBag from /home/airflow/.local/lib/python3.12/site-packages/airflow/example_dags/example_branch_day_of_week_operator.py
[2026-08-12T04:43:43.199+0000] {processor.py:925} INFO - DAG(s) 'example_weekday_branch_operator' retrieved from /home/airflow/.local/lib/python3.12/site-packages/airflow/example_dags/example_branch_day_of_week_operator.py
[2026-08-12T04:43:43.220+0000] {logging_mixin.py:190} INFO - [2026-08-12T04:43:43.220+0000] {dag.py:3211} INFO - Sync 1 DAGs
[2026-08-12T04:43:43.244+0000] {logging_mixin.py:190} INFO - [2026-08-12T04:43:43.243+0000] {dag.py:4138} INFO - Setting next_dagrun for example_weekday_branch_operator to 2026-08-11 00:00:00+00:00, run_after=2026-08-12 00:00:00+00:00
[2026-08-12T04:43:43.275+0000] {processor.py:208} INFO - Processing /home/airflow/.local/lib/python3.12/site-packages/airflow/example_dags/example_branch_day_of_week_operator.py took 0.095 seconds
[2026-08-12T04:44:14.537+0000] {processor.py:186} INFO - Started process (PID=1115) to work on /home/airflow/.local/lib/python3.12/site-packages/airflow/example_dags/example_branch_day_of_week_operator.py
[2026-08-12T04:44:14.541+0000] {processor.py:914} INFO - Processing file /home/airflow/.local/lib/python3.12/site-packages/airflow/example_dags/example_branch_day_of_week_operator.py for tasks to queue
[2026-08-12T04:44:14.545+0000] {logging_mixin.py:190} INFO - [2026-08-12T04:44:14.544+0000] {dagbag.py:587} INFO - Filling up the DagBag from /home/airflow/.local/lib/python3.12/site-packages/airflow/example_dags/example_branch_day_of_week_operator.py
[2026-08-12T04:44:14.559+0000] {processor.py:925} INFO - DAG(s) 'example_weekday_branch_operator' retrieved from /home/airflow/.local/lib/python3.12/site-packages/airflow/example_dags/example_branch_day_of_week_operator.py
[2026-08-12T04:44:14.602+0000] {logging_mixin.py:190} INFO - [2026-08-12T04:44:14.601+0000] {dag.py:3211} INFO - Sync 1 DAGs
[2026-08-12T04:44:14.653+0000] {logging_mixin.py:190} INFO - [2026-08-12T04:44:14.652+0000] {dag.py:4138} INFO - Setting next_dagrun for example_weekday_branch_operator to 2026-08-11 00:00:00+00:00, run_after=2026-08-12 00:00:00+00:00
[2026-08-12T04:44:14.698+0000] {processor.py:208} INFO - Processing /home/airflow/.local/lib/python3.12/site-packages/airflow/example_dags/example_branch_day_of_week_operator.py took 0.171 seconds
[2026-08-12T04:44:45.616+0000] {processor.py:186} INFO - Started process (PID=1178) to work on /home/airflow/.local/lib/python3.12/site-packages/airflow/example_dags/example_branch_day_of_week_operator.py
[2026-08-12T04:44:45.618+0000] {processor.py:914} INFO - Processing file /home/airflow/.local/lib/python3.12/site-packages/airflow/example_dags/example_branch_day_of_week_operator.py for tasks to queue
[2026-08-12T04:44:45.622+0000] {logging_mixin.py:190} INFO - [2026-08-12T04:44:45.621+0000] {dagbag.py:587} INFO - Filling up the DagBag from /home/airflow/.local/lib/python3.12/site-packages/airflow/example_dags/example_branch_day_of_week_operator.py
[2026-08-12T04:44:45.634+0000] {processor.py:925} INFO - DAG(s) 'example_weekday_branch_operator' retrieved from /home/airflow/.local/lib/python3.12/site-packages/airflow/example_dags/example_branch_day_of_week_operator.py
[2026-08-12T04:44:45.659+0000] {logging_mixin.py:190} INFO - [2026-08-12T04:44:45.659+0000] {dag.py:3211} INFO - Sync 1 DAGs
[2026-08-12T04:44:45.687+0000] {logging_mixin.py:190} INFO - [2026-08-12T04:44:45.686+0000] {dag.py:4138} INFO - Setting next_dagrun for example_weekday_branch_operator to 2026-08-11 00:00:00+00:00, run_after=2026-08-12 00:00:00+00:00
[2026-08-12T04:44:45.708+0000] {processor.py:208} INFO - Processing /home/airflow/.local/lib/python3.12/site-packages/airflow/example_dags/example_branch_day_of_week_operator.py took 0.098 seconds
[2026-08-12T04:45:16.226+0000] {processor.py:186} INFO - Started process (PID=1240) to work on /home/airflow/.local/lib/python3.12/site-packages/airflow/example_dags/example_branch_day_of_week_operator.py
[2026-08-12T04:45:16.228+0000] {processor.py:914} INFO - Processing file /home/airflow/.local/lib/python3.12/site-packages/airflow/example_dags/example_branch_day_of_week_operator.py for tasks to queue
[2026-08-12T04:45:16.234+0000] {logging_mixin.py:190} INFO - [2026-08-12T04:45:16.234+0000] {dagbag.py:587} INFO - Filling up the DagBag from /home/airflow/.local/lib/python3.12/site-packages/airflow/example_dags/example_branch_day_of_week_operator.py
[2026-08-12T04:45:16.249+0000] {processor.py:925} INFO - DAG(s) 'example_weekday_branch_operator' retrieved from /home/airflow/.local/lib/python3.12/site-packages/airflow/example_dags/example_branch_day_of_week_operator.py
[2026-08-12T04:45:16.284+0000] {logging_mixin.py:190} INFO - [2026-08-12T04:45:16.283+0000] {dag.py:3211} INFO - Sync 1 DAGs
[2026-08-12T04:45:16.322+0000] {logging_mixin.py:190} INFO - [2026-08-12T04:45:16.322+0000] {dag.py:4138} INFO - Setting next_dagrun for example_weekday_branch_operator to 2026-08-11 00:00:00+00:00, run_after=2026-08-12 00:00:00+00:00
[2026-08-12T04:45:16.369+0000] {processor.py:208} INFO - Processing /home/airflow/.local/lib/python3.12/site-packages/airflow/example_dags/example_branch_day_of_week_operator.py took 0.154 seconds
[2026-08-12T04:45:47.221+0000] {processor.py:186} INFO - Started process (PID=1302) to work on /home/airflow/.local/lib/python3.12/site-packages/airflow/example_dags/example_branch_day_of_week_operator.py
[2026-08-12T04:45:47.225+0000] {processor.py:914} INFO - Processing file /home/airflow/.local/lib/python3.12/site-packages/airflow/example_dags/example_branch_day_of_week_operator.py for tasks to queue
[2026-08-12T04:45:47.234+0000] {logging_mixin.py:190} INFO - [2026-08-12T04:45:47.233+0000] {dagbag.py:587} INFO - Filling up the DagBag from /home/airflow/.local/lib/python3.12/site-packages/airflow/example_dags/example_branch_day_of_week_operator.py
[2026-08-12T04:45:47.257+0000] {processor.py:925} INFO - DAG(s) 'example_weekday_branch_operator' retrieved from /home/airflow/.local/lib/python3.12/site-packages/airflow/example_dags/example_branch_day_of_week_operator.py
[2026-08-12T04:45:47.291+0000] {logging_mixin.py:190} INFO - [2026-08-12T04:45:47.291+0000] {dag.py:3211} INFO - Sync 1 DAGs
[2026-08-12T04:45:47.345+0000] {logging_mixin.py:190} INFO - [2026-08-12T04:45:47.344+0000] {dag.py:4138} INFO - Setting next_dagrun for example_weekday_branch_operator to 2026-08-11 00:00:00+00:00, run_after=2026-08-12 00:00:00+00:00
[2026-08-12T04:45:47.384+0000] {processor.py:208} INFO - Processing /home/airflow/.local/lib/python3.12/site-packages/airflow/example_dags/example_branch_day_of_week_operator.py took 0.176 seconds
[2026-08-12T04:46:17.685+0000] {processor.py:186} INFO - Started process (PID=1364) to work on /home/airflow/.local/lib/python3.12/site-packages/airflow/example_dags/example_branch_day_of_week_operator.py
[2026-08-12T04:46:17.688+0000] {processor.py:914} INFO - Processing file /home/airflow/.local/lib/python3.12/site-packages/airflow/example_dags/example_branch_day_of_week_operator.py for tasks to queue
[2026-08-12T04:46:17.694+0000] {logging_mixin.py:190} INFO - [2026-08-12T04:46:17.693+0000] {dagbag.py:587} INFO - Filling up the DagBag from /home/airflow/.local/lib/python3.12/site-packages/airflow/example_dags/example_branch_day_of_week_operator.py
[2026-08-12T04:46:17.710+0000] {processor.py:925} INFO - DAG(s) 'example_weekday_branch_operator' retrieved from /home/airflow/.local/lib/python3.12/site-packages/airflow/example_dags/example_branch_day_of_week_operator.py
[2026-08-12T04:46:17.744+0000] {logging_mixin.py:190} INFO - [2026-08-12T04:46:17.744+0000] {dag.py:3211} INFO - Sync 1 DAGs
[2026-08-12T04:46:17.792+0000] {logging_mixin.py:190} INFO - [2026-08-12T04:46:17.791+0000] {dag.py:4138} INFO - Setting next_dagrun for example_weekday_branch_operator to 2026-08-11 00:00:00+00:00, run_after=2026-08-12 00:00:00+00:00
[2026-08-12T04:46:17.830+0000] {processor.py:208} INFO - Processing /home/airflow/.local/lib/python3.12/site-packages/airflow/example_dags/example_branch_day_of_week_operator.py took 0.156 seconds
