[2026-08-12T04:31:59.694+0000] {processor.py:186} INFO - Started process (PID=109) to work on /home/airflow/.local/lib/python3.12/site-packages/airflow/example_dags/example_python_operator.py
[2026-08-12T04:31:59.696+0000] {processor.py:914} INFO - Processing file /home/airflow/.local/lib/python3.12/site-packages/airflow/example_dags/example_python_operator.py for tasks to queue
[2026-08-12T04:31:59.705+0000] {logging_mixin.py:190} INFO - [2026-08-12T04:31:59.705+0000] {dagbag.py:587} INFO - Filling up the DagBag from /home/airflow/.local/lib/python3.12/site-packages/airflow/example_dags/example_python_operator.py
[2026-08-12T04:31:59.745+0000] {processor.py:925} INFO - DAG(s) 'example_python_operator' retrieved from /home/airflow/.local/lib/python3.12/site-packages/airflow/example_dags/example_python_operator.py
[2026-08-12T04:32:00.012+0000] {logging_mixin.py:190} INFO - [2026-08-12T04:32:00.010+0000] {override.py:1858} INFO - Created Permission View: can edit on DAG:example_python_operator
[2026-08-12T04:32:00.053+0000] {logging_mixin.py:190} INFO - [2026-08-12T04:32:00.052+0000] {override.py:1858} INFO - Created Permission View: can read on DAG:example_python_operator
[2026-08-12T04:32:00.072+0000] {logging_mixin.py:190} INFO - [2026-08-12T04:32:00.071+0000] {override.py:1858} INFO - Created Permission View: can delete on DAG:example_python_operator
[2026-08-12T04:32:00.074+0000] {logging_mixin.py:190} INFO - [2026-08-12T04:32:00.074+0000] {dag.py:3211} INFO - Sync 1 DAGs
[2026-08-12T04:32:00.109+0000] {logging_mixin.py:190} INFO - [2026-08-12T04:32:00.108+0000] {dag.py:3234} INFO - Creating ORM DAG for example_python_operator
[2026-08-12T04:32:00.112+0000] {logging_mixin.py:190} INFO - [2026-08-12T04:32:00.112+0000] {dag.py:4138} INFO - Setting next_dagrun for example_python_operator to None, run_after=None
[2026-08-12T04:32:00.158+0000] {processor.py:208} INFO - Processing /home/airflow/.local/lib/python3.12/site-packages/airflow/example_dags/example_python_operator.py took 0.479 seconds
[2026-08-12T04:32:30.798+0000] {processor.py:186} INFO - Started process (PID=172) to work on /home/airflow/.local/lib/python3.12/site-packages/airflow/example_dags/example_python_operator.py
[2026-08-12T04:32:30.801+0000] {processor.py:914} INFO - Processing file /home/airflow/.local/lib/python3.12/site-packages/airflow/example_dags/example_python_operator.py for tasks to queue
[2026-08-12T04:32:30.805+0000] {logging_mixin.py:190} INFO - [2026-08-12T04:32:30.804+0000] {dagbag.py:587} INFO - Filling up the DagBag from /home/airflow/.local/lib/python3.12/site-packages/airflow/example_dags/example_python_operator.py
[2026-08-12T04:32:30.823+0000] {processor.py:925} INFO - DAG(s) 'example_python_operator' retrieved from /home/airflow/.local/lib/python3.12/site-packages/airflow/example_dags/example_python_operator.py
[2026-08-12T04:32:30.846+0000] {logging_mixin.py:190} INFO - [2026-08-12T04:32:30.846+0000] {dag.py:3211} INFO - Sync 1 DAGs
[2026-08-12T04:32:30.861+0000] {logging_mixin.py:190} INFO - [2026-08-12T04:32:30.861+0000] {dag.py:4138} INFO - Setting next_dagrun for example_python_operator to None, run_after=None
[2026-08-12T04:32:30.886+0000] {processor.py:208} INFO - Processing /home/airflow/.local/lib/python3.12/site-packages/airflow/example_dags/example_python_operator.py took 0.095 seconds
[2026-08-12T04:33:01.181+0000] {processor.py:186} INFO - Started process (PID=234) to work on /home/airflow/.local/lib/python3.12/site-packages/airflow/example_dags/example_python_operator.py
[2026-08-12T04:33:01.183+0000] {processor.py:914} INFO - Processing file /home/airflow/.local/lib/python3.12/site-packages/airflow/example_dags/example_python_operator.py for tasks to queue
[2026-08-12T04:33:01.188+0000] {logging_mixin.py:190} INFO - [2026-08-12T04:33:01.188+0000] {dagbag.py:587} INFO - Filling up the DagBag from /home/airflow/.local/lib/python3.12/site-packages/airflow/example_dags/example_python_operator.py
[2026-08-12T04:33:01.207+0000] {processor.py:925} INFO - DAG(s) 'example_python_operator' retrieved from /home/airflow/.local/lib/python3.12/site-packages/airflow/example_dags/example_python_operator.py
[2026-08-12T04:33:01.240+0000] {logging_mixin.py:190} INFO - [2026-08-12T04:33:01.240+0000] {dag.py:3211} INFO - Sync 1 DAGs
[2026-08-12T04:33:01.261+0000] {logging_mixin.py:190} INFO - [2026-08-12T04:33:01.261+0000] {dag.py:4138} INFO - Setting next_dagrun for example_python_operator to None, run_after=None
[2026-08-12T04:33:01.290+0000] {processor.py:208} INFO - Processing /home/airflow/.local/lib/python3.12/site-packages/airflow/example_dags/example_python_operator.py took 0.119 seconds
[2026-08-12T04:33:31.732+0000] {processor.py:186} INFO - Started process (PID=296) to work on /home/airflow/.local/lib/python3.12/site-packages/airflow/example_dags/example_python_operator.py
[2026-08-12T04:33:31.734+0000] {processor.py:914} INFO - Processing file /home/airflow/.local/lib/python3.12/site-packages/airflow/example_dags/example_python_operator.py for tasks to queue
[2026-08-12T04:33:31.738+0000] {logging_mixin.py:190} INFO - [2026-08-12T04:33:31.737+0000] {dagbag.py:587} INFO - Filling up the DagBag from /home/airflow/.local/lib/python3.12/site-packages/airflow/example_dags/example_python_operator.py
[2026-08-12T04:33:31.758+0000] {processor.py:925} INFO - DAG(s) 'example_python_operator' retrieved from /home/airflow/.local/lib/python3.12/site-packages/airflow/example_dags/example_python_operator.py
[2026-08-12T04:33:31.797+0000] {logging_mixin.py:190} INFO - [2026-08-12T04:33:31.797+0000] {dag.py:3211} INFO - Sync 1 DAGs
[2026-08-12T04:33:31.822+0000] {logging_mixin.py:190} INFO - [2026-08-12T04:33:31.822+0000] {dag.py:4138} INFO - Setting next_dagrun for example_python_operator to None, run_after=None
[2026-08-12T04:33:31.859+0000] {processor.py:208} INFO - Processing /home/airflow/.local/lib/python3.12/site-packages/airflow/example_dags/example_python_operator.py took 0.135 seconds
[2026-08-12T04:34:02.435+0000] {processor.py:186} INFO - Started process (PID=358) to work on /home/airflow/.local/lib/python3.12/site-packages/airflow/example_dags/example_python_operator.py
[2026-08-12T04:34:02.437+0000] {processor.py:914} INFO - Processing file /home/airflow/.local/lib/python3.12/site-packages/airflow/example_dags/example_python_operator.py for tasks to queue
[2026-08-12T04:34:02.442+0000] {logging_mixin.py:190} INFO - [2026-08-12T04:34:02.441+0000] {dagbag.py:587} INFO - Filling up the DagBag from /home/airflow/.local/lib/python3.12/site-packages/airflow/example_dags/example_python_operator.py
[2026-08-12T04:34:02.460+0000] {processor.py:925} INFO - DAG(s) 'example_python_operator' retrieved from /home/airflow/.local/lib/python3.12/site-packages/airflow/example_dags/example_python_operator.py
[2026-08-12T04:34:02.500+0000] {logging_mixin.py:190} INFO - [2026-08-12T04:34:02.500+0000] {dag.py:3211} INFO - Sync 1 DAGs
[2026-08-12T04:34:02.517+0000] {logging_mixin.py:190} INFO - [2026-08-12T04:34:02.516+0000] {dag.py:4138} INFO - Setting next_dagrun for example_python_operator to None, run_after=None
[2026-08-12T04:34:02.560+0000] {processor.py:208} INFO - Processing /home/airflow/.local/lib/python3.12/site-packages/airflow/example_dags/example_python_operator.py took 0.135 seconds
[2026-08-12T04:36:00.623+0000] {processor.py:186} INFO - Started process (PID=102) to work on /home/airflow/.local/lib/python3.12/site-packages/airflow/example_dags/example_python_operator.py
[2026-08-12T04:36:00.625+0000] {processor.py:914} INFO - Processing file /home/airflow/.local/lib/python3.12/site-packages/airflow/example_dags/example_python_operator.py for tasks to queue
[2026-08-12T04:36:00.633+0000] {logging_mixin.py:190} INFO - [2026-08-12T04:36:00.632+0000] {dagbag.py:587} INFO - Filling up the DagBag from /home/airflow/.local/lib/python3.12/site-packages/airflow/example_dags/example_python_operator.py
[2026-08-12T04:36:00.659+0000] {processor.py:925} INFO - DAG(s) 'example_python_operator' retrieved from /home/airflow/.local/lib/python3.12/site-packages/airflow/example_dags/example_python_operator.py
[2026-08-12T04:36:00.849+0000] {logging_mixin.py:190} INFO - [2026-08-12T04:36:00.849+0000] {dag.py:3211} INFO - Sync 1 DAGs
[2026-08-12T04:36:00.869+0000] {logging_mixin.py:190} INFO - [2026-08-12T04:36:00.869+0000] {dag.py:4138} INFO - Setting next_dagrun for example_python_operator to None, run_after=None
[2026-08-12T04:36:00.893+0000] {processor.py:208} INFO - Processing /home/airflow/.local/lib/python3.12/site-packages/airflow/example_dags/example_python_operator.py took 0.279 seconds
[2026-08-12T04:36:31.191+0000] {processor.py:186} INFO - Started process (PID=165) to work on /home/airflow/.local/lib/python3.12/site-packages/airflow/example_dags/example_python_operator.py
[2026-08-12T04:36:31.193+0000] {processor.py:914} INFO - Processing file /home/airflow/.local/lib/python3.12/site-packages/airflow/example_dags/example_python_operator.py for tasks to queue
[2026-08-12T04:36:31.196+0000] {logging_mixin.py:190} INFO - [2026-08-12T04:36:31.195+0000] {dagbag.py:587} INFO - Filling up the DagBag from /home/airflow/.local/lib/python3.12/site-packages/airflow/example_dags/example_python_operator.py
[2026-08-12T04:36:31.216+0000] {processor.py:925} INFO - DAG(s) 'example_python_operator' retrieved from /home/airflow/.local/lib/python3.12/site-packages/airflow/example_dags/example_python_operator.py
[2026-08-12T04:36:31.247+0000] {logging_mixin.py:190} INFO - [2026-08-12T04:36:31.246+0000] {dag.py:3211} INFO - Sync 1 DAGs
[2026-08-12T04:36:31.265+0000] {logging_mixin.py:190} INFO - [2026-08-12T04:36:31.264+0000] {dag.py:4138} INFO - Setting next_dagrun for example_python_operator to None, run_after=None
[2026-08-12T04:36:31.295+0000] {processor.py:208} INFO - Processing /home/airflow/.local/lib/python3.12/site-packages/airflow/example_dags/example_python_operator.py took 0.112 seconds
[2026-08-12T04:37:01.862+0000] {processor.py:186} INFO - Started process (PID=227) to work on /home/airflow/.local/lib/python3.12/site-packages/airflow/example_dags/example_python_operator.py
[2026-08-12T04:37:01.864+0000] {processor.py:914} INFO - Processing file /home/airflow/.local/lib/python3.12/site-packages/airflow/example_dags/example_python_operator.py for tasks to queue
[2026-08-12T04:37:01.871+0000] {logging_mixin.py:190} INFO - [2026-08-12T04:37:01.870+0000] {dagbag.py:587} INFO - Filling up the DagBag from /home/airflow/.local/lib/python3.12/site-packages/airflow/example_dags/example_python_operator.py
[2026-08-12T04:37:01.890+0000] {processor.py:925} INFO - DAG(s) 'example_python_operator' retrieved from /home/airflow/.local/lib/python3.12/site-packages/airflow/example_dags/example_python_operator.py
[2026-08-12T04:37:01.928+0000] {logging_mixin.py:190} INFO - [2026-08-12T04:37:01.928+0000] {dag.py:3211} INFO - Sync 1 DAGs
[2026-08-12T04:37:01.951+0000] {logging_mixin.py:190} INFO - [2026-08-12T04:37:01.951+0000] {dag.py:4138} INFO - Setting next_dagrun for example_python_operator to None, run_after=None
[2026-08-12T04:37:01.990+0000] {processor.py:208} INFO - Processing /home/airflow/.local/lib/python3.12/site-packages/airflow/example_dags/example_python_operator.py took 0.135 seconds
[2026-08-12T04:37:32.292+0000] {processor.py:186} INFO - Started process (PID=288) to work on /home/airflow/.local/lib/python3.12/site-packages/airflow/example_dags/example_python_operator.py
[2026-08-12T04:37:32.294+0000] {processor.py:914} INFO - Processing file /home/airflow/.local/lib/python3.12/site-packages/airflow/example_dags/example_python_operator.py for tasks to queue
[2026-08-12T04:37:32.299+0000] {logging_mixin.py:190} INFO - [2026-08-12T04:37:32.298+0000] {dagbag.py:587} INFO - Filling up the DagBag from /home/airflow/.local/lib/python3.12/site-packages/airflow/example_dags/example_python_operator.py
[2026-08-12T04:37:32.319+0000] {processor.py:925} INFO - DAG(s) 'example_python_operator' retrieved from /home/airflow/.local/lib/python3.12/site-packages/airflow/example_dags/example_python_operator.py
[2026-08-12T04:37:32.352+0000] {logging_mixin.py:190} INFO - [2026-08-12T04:37:32.351+0000] {dag.py:3211} INFO - Sync 1 DAGs
[2026-08-12T04:37:32.374+0000] {logging_mixin.py:190} INFO - [2026-08-12T04:37:32.374+0000] {dag.py:4138} INFO - Setting next_dagrun for example_python_operator to None, run_after=None
[2026-08-12T04:37:32.405+0000] {processor.py:208} INFO - Processing /home/airflow/.local/lib/python3.12/site-packages/airflow/example_dags/example_python_operator.py took 0.123 seconds
[2026-08-12T04:38:02.506+0000] {processor.py:186} INFO - Started process (PID=350) to work on /home/airflow/.local/lib/python3.12/site-packages/airflow/example_dags/example_python_operator.py
[2026-08-12T04:38:02.508+0000] {processor.py:914} INFO - Processing file /home/airflow/.local/lib/python3.12/site-packages/airflow/example_dags/example_python_operator.py for tasks to queue
[2026-08-12T04:38:02.511+0000] {logging_mixin.py:190} INFO - [2026-08-12T04:38:02.511+0000] {dagbag.py:587} INFO - Filling up the DagBag from /home/airflow/.local/lib/python3.12/site-packages/airflow/example_dags/example_python_operator.py
[2026-08-12T04:38:02.531+0000] {processor.py:925} INFO - DAG(s) 'example_python_operator' retrieved from /home/airflow/.local/lib/python3.12/site-packages/airflow/example_dags/example_python_operator.py
[2026-08-12T04:38:02.567+0000] {logging_mixin.py:190} INFO - [2026-08-12T04:38:02.567+0000] {dag.py:3211} INFO - Sync 1 DAGs
[2026-08-12T04:38:02.588+0000] {logging_mixin.py:190} INFO - [2026-08-12T04:38:02.588+0000] {dag.py:4138} INFO - Setting next_dagrun for example_python_operator to None, run_after=None
[2026-08-12T04:38:02.614+0000] {processor.py:208} INFO - Processing /home/airflow/.local/lib/python3.12/site-packages/airflow/example_dags/example_python_operator.py took 0.113 seconds
[2026-08-12T04:38:33.891+0000] {processor.py:186} INFO - Started process (PID=412) to work on /home/airflow/.local/lib/python3.12/site-packages/airflow/example_dags/example_python_operator.py
[2026-08-12T04:38:33.893+0000] {processor.py:914} INFO - Processing file /home/airflow/.local/lib/python3.12/site-packages/airflow/example_dags/example_python_operator.py for tasks to queue
[2026-08-12T04:38:33.898+0000] {logging_mixin.py:190} INFO - [2026-08-12T04:38:33.897+0000] {dagbag.py:587} INFO - Filling up the DagBag from /home/airflow/.local/lib/python3.12/site-packages/airflow/example_dags/example_python_operator.py
[2026-08-12T04:38:33.912+0000] {processor.py:925} INFO - DAG(s) 'example_python_operator' retrieved from /home/airflow/.local/lib/python3.12/site-packages/airflow/example_dags/example_python_operator.py
[2026-08-12T04:38:33.937+0000] {logging_mixin.py:190} INFO - [2026-08-12T04:38:33.937+0000] {dag.py:3211} INFO - Sync 1 DAGs
[2026-08-12T04:38:33.953+0000] {logging_mixin.py:190} INFO - [2026-08-12T04:38:33.952+0000] {dag.py:4138} INFO - Setting next_dagrun for example_python_operator to None, run_after=None
[2026-08-12T04:38:33.978+0000] {processor.py:208} INFO - Processing /home/airflow/.local/lib/python3.12/site-packages/airflow/example_dags/example_python_operator.py took 0.095 seconds
[2026-08-12T04:39:05.032+0000] {processor.py:186} INFO - Started process (PID=474) to work on /home/airflow/.local/lib/python3.12/site-packages/airflow/example_dags/example_python_operator.py
[2026-08-12T04:39:05.036+0000] {processor.py:914} INFO - Processing file /home/airflow/.local/lib/python3.12/site-packages/airflow/example_dags/example_python_operator.py for tasks to queue
[2026-08-12T04:39:05.044+0000] {logging_mixin.py:190} INFO - [2026-08-12T04:39:05.043+0000] {dagbag.py:587} INFO - Filling up the DagBag from /home/airflow/.local/lib/python3.12/site-packages/airflow/example_dags/example_python_operator.py
[2026-08-12T04:39:05.066+0000] {processor.py:925} INFO - DAG(s) 'example_python_operator' retrieved from /home/airflow/.local/lib/python3.12/site-packages/airflow/example_dags/example_python_operator.py
[2026-08-12T04:39:05.115+0000] {logging_mixin.py:190} INFO - [2026-08-12T04:39:05.114+0000] {dag.py:3211} INFO - Sync 1 DAGs
[2026-08-12T04:39:05.148+0000] {logging_mixin.py:190} INFO - [2026-08-12T04:39:05.147+0000] {dag.py:4138} INFO - Setting next_dagrun for example_python_operator to None, run_after=None
[2026-08-12T04:39:05.199+0000] {processor.py:208} INFO - Processing /home/airflow/.local/lib/python3.12/site-packages/airflow/example_dags/example_python_operator.py took 0.173 seconds
[2026-08-12T04:39:36.598+0000] {processor.py:186} INFO - Started process (PID=536) to work on /home/airflow/.local/lib/python3.12/site-packages/airflow/example_dags/example_python_operator.py
[2026-08-12T04:39:36.601+0000] {processor.py:914} INFO - Processing file /home/airflow/.local/lib/python3.12/site-packages/airflow/example_dags/example_python_operator.py for tasks to queue
[2026-08-12T04:39:36.607+0000] {logging_mixin.py:190} INFO - [2026-08-12T04:39:36.605+0000] {dagbag.py:587} INFO - Filling up the DagBag from /home/airflow/.local/lib/python3.12/site-packages/airflow/example_dags/example_python_operator.py
[2026-08-12T04:39:36.635+0000] {processor.py:925} INFO - DAG(s) 'example_python_operator' retrieved from /home/airflow/.local/lib/python3.12/site-packages/airflow/example_dags/example_python_operator.py
[2026-08-12T04:39:36.682+0000] {logging_mixin.py:190} INFO - [2026-08-12T04:39:36.682+0000] {dag.py:3211} INFO - Sync 1 DAGs
[2026-08-12T04:39:36.712+0000] {logging_mixin.py:190} INFO - [2026-08-12T04:39:36.711+0000] {dag.py:4138} INFO - Setting next_dagrun for example_python_operator to None, run_after=None
[2026-08-12T04:39:36.748+0000] {processor.py:208} INFO - Processing /home/airflow/.local/lib/python3.12/site-packages/airflow/example_dags/example_python_operator.py took 0.163 seconds
[2026-08-12T04:40:08.266+0000] {processor.py:186} INFO - Started process (PID=598) to work on /home/airflow/.local/lib/python3.12/site-packages/airflow/example_dags/example_python_operator.py
[2026-08-12T04:40:08.270+0000] {processor.py:914} INFO - Processing file /home/airflow/.local/lib/python3.12/site-packages/airflow/example_dags/example_python_operator.py for tasks to queue
[2026-08-12T04:40:08.281+0000] {logging_mixin.py:190} INFO - [2026-08-12T04:40:08.279+0000] {dagbag.py:587} INFO - Filling up the DagBag from /home/airflow/.local/lib/python3.12/site-packages/airflow/example_dags/example_python_operator.py
[2026-08-12T04:40:08.323+0000] {processor.py:925} INFO - DAG(s) 'example_python_operator' retrieved from /home/airflow/.local/lib/python3.12/site-packages/airflow/example_dags/example_python_operator.py
[2026-08-12T04:40:08.366+0000] {logging_mixin.py:190} INFO - [2026-08-12T04:40:08.366+0000] {dag.py:3211} INFO - Sync 1 DAGs
[2026-08-12T04:40:08.403+0000] {logging_mixin.py:190} INFO - [2026-08-12T04:40:08.402+0000] {dag.py:4138} INFO - Setting next_dagrun for example_python_operator to None, run_after=None
[2026-08-12T04:40:08.442+0000] {processor.py:208} INFO - Processing /home/airflow/.local/lib/python3.12/site-packages/airflow/example_dags/example_python_operator.py took 0.185 seconds
[2026-08-12T04:40:38.627+0000] {processor.py:186} INFO - Started process (PID=660) to work on /home/airflow/.local/lib/python3.12/site-packages/airflow/example_dags/example_python_operator.py
[2026-08-12T04:40:38.629+0000] {processor.py:914} INFO - Processing file /home/airflow/.local/lib/python3.12/site-packages/airflow/example_dags/example_python_operator.py for tasks to queue
[2026-08-12T04:40:38.633+0000] {logging_mixin.py:190} INFO - [2026-08-12T04:40:38.632+0000] {dagbag.py:587} INFO - Filling up the DagBag from /home/airflow/.local/lib/python3.12/site-packages/airflow/example_dags/example_python_operator.py
[2026-08-12T04:40:38.649+0000] {processor.py:925} INFO - DAG(s) 'example_python_operator' retrieved from /home/airflow/.local/lib/python3.12/site-packages/airflow/example_dags/example_python_operator.py
[2026-08-12T04:40:38.700+0000] {logging_mixin.py:190} INFO - [2026-08-12T04:40:38.699+0000] {dag.py:3211} INFO - Sync 1 DAGs
[2026-08-12T04:40:38.720+0000] {logging_mixin.py:190} INFO - [2026-08-12T04:40:38.720+0000] {dag.py:4138} INFO - Setting next_dagrun for example_python_operator to None, run_after=None
[2026-08-12T04:40:38.750+0000] {processor.py:208} INFO - Processing /home/airflow/.local/lib/python3.12/site-packages/airflow/example_dags/example_python_operator.py took 0.133 seconds
[2026-08-12T04:41:08.874+0000] {processor.py:186} INFO - Started process (PID=722) to work on /home/airflow/.local/lib/python3.12/site-packages/airflow/example_dags/example_python_operator.py
[2026-08-12T04:41:08.877+0000] {processor.py:914} INFO - Processing file /home/airflow/.local/lib/python3.12/site-packages/airflow/example_dags/example_python_operator.py for tasks to queue
[2026-08-12T04:41:08.881+0000] {logging_mixin.py:190} INFO - [2026-08-12T04:41:08.881+0000] {dagbag.py:587} INFO - Filling up the DagBag from /home/airflow/.local/lib/python3.12/site-packages/airflow/example_dags/example_python_operator.py
[2026-08-12T04:41:08.895+0000] {processor.py:925} INFO - DAG(s) 'example_python_operator' retrieved from /home/airflow/.local/lib/python3.12/site-packages/airflow/example_dags/example_python_operator.py
[2026-08-12T04:41:08.924+0000] {logging_mixin.py:190} INFO - [2026-08-12T04:41:08.923+0000] {dag.py:3211} INFO - Sync 1 DAGs
[2026-08-12T04:41:08.944+0000] {logging_mixin.py:190} INFO - [2026-08-12T04:41:08.944+0000] {dag.py:4138} INFO - Setting next_dagrun for example_python_operator to None, run_after=None
[2026-08-12T04:41:08.969+0000] {processor.py:208} INFO - Processing /home/airflow/.local/lib/python3.12/site-packages/airflow/example_dags/example_python_operator.py took 0.103 seconds
[2026-08-12T04:41:39.427+0000] {processor.py:186} INFO - Started process (PID=784) to work on /home/airflow/.local/lib/python3.12/site-packages/airflow/example_dags/example_python_operator.py
[2026-08-12T04:41:39.429+0000] {processor.py:914} INFO - Processing file /home/airflow/.local/lib/python3.12/site-packages/airflow/example_dags/example_python_operator.py for tasks to queue
[2026-08-12T04:41:39.435+0000] {logging_mixin.py:190} INFO - [2026-08-12T04:41:39.434+0000] {dagbag.py:587} INFO - Filling up the DagBag from /home/airflow/.local/lib/python3.12/site-packages/airflow/example_dags/example_python_operator.py
[2026-08-12T04:41:39.453+0000] {processor.py:925} INFO - DAG(s) 'example_python_operator' retrieved from /home/airflow/.local/lib/python3.12/site-packages/airflow/example_dags/example_python_operator.py
[2026-08-12T04:41:39.484+0000] {logging_mixin.py:190} INFO - [2026-08-12T04:41:39.484+0000] {dag.py:3211} INFO - Sync 1 DAGs
[2026-08-12T04:41:39.507+0000] {logging_mixin.py:190} INFO - [2026-08-12T04:41:39.507+0000] {dag.py:4138} INFO - Setting next_dagrun for example_python_operator to None, run_after=None
[2026-08-12T04:41:39.536+0000] {processor.py:208} INFO - Processing /home/airflow/.local/lib/python3.12/site-packages/airflow/example_dags/example_python_operator.py took 0.119 seconds
[2026-08-12T04:42:09.962+0000] {processor.py:186} INFO - Started process (PID=846) to work on /home/airflow/.local/lib/python3.12/site-packages/airflow/example_dags/example_python_operator.py
[2026-08-12T04:42:09.964+0000] {processor.py:914} INFO - Processing file /home/airflow/.local/lib/python3.12/site-packages/airflow/example_dags/example_python_operator.py for tasks to queue
[2026-08-12T04:42:09.967+0000] {logging_mixin.py:190} INFO - [2026-08-12T04:42:09.967+0000] {dagbag.py:587} INFO - Filling up the DagBag from /home/airflow/.local/lib/python3.12/site-packages/airflow/example_dags/example_python_operator.py
[2026-08-12T04:42:09.984+0000] {processor.py:925} INFO - DAG(s) 'example_python_operator' retrieved from /home/airflow/.local/lib/python3.12/site-packages/airflow/example_dags/example_python_operator.py
[2026-08-12T04:42:10.014+0000] {logging_mixin.py:190} INFO - [2026-08-12T04:42:10.013+0000] {dag.py:3211} INFO - Sync 1 DAGs
[2026-08-12T04:42:10.036+0000] {logging_mixin.py:190} INFO - [2026-08-12T04:42:10.036+0000] {dag.py:4138} INFO - Setting next_dagrun for example_python_operator to None, run_after=None
[2026-08-12T04:42:10.060+0000] {processor.py:208} INFO - Processing /home/airflow/.local/lib/python3.12/site-packages/airflow/example_dags/example_python_operator.py took 0.103 seconds
[2026-08-12T04:42:40.498+0000] {processor.py:186} INFO - Started process (PID=908) to work on /home/airflow/.local/lib/python3.12/site-packages/airflow/example_dags/example_python_operator.py
[2026-08-12T04:42:40.500+0000] {processor.py:914} INFO - Processing file /home/airflow/.local/lib/python3.12/site-packages/airflow/example_dags/example_python_operator.py for tasks to queue
[2026-08-12T04:42:40.503+0000] {logging_mixin.py:190} INFO - [2026-08-12T04:42:40.503+0000] {dagbag.py:587} INFO - Filling up the DagBag from /home/airflow/.local/lib/python3.12/site-packages/airflow/example_dags/example_python_operator.py
[2026-08-12T04:42:40.516+0000] {processor.py:925} INFO - DAG(s) 'example_python_operator' retrieved from /home/airflow/.local/lib/python3.12/site-packages/airflow/example_dags/example_python_operator.py
[2026-08-12T04:42:40.539+0000] {logging_mixin.py:190} INFO - [2026-08-12T04:42:40.539+0000] {dag.py:3211} INFO - Sync 1 DAGs
[2026-08-12T04:42:40.555+0000] {logging_mixin.py:190} INFO - [2026-08-12T04:42:40.554+0000] {dag.py:4138} INFO - Setting next_dagrun for example_python_operator to None, run_after=None
[2026-08-12T04:42:40.580+0000] {processor.py:208} INFO - Processing /home/airflow/.local/lib/python3.12/site-packages/airflow/example_dags/example_python_operator.py took 0.088 seconds
[2026-08-12T04:43:10.741+0000] {processor.py:186} INFO - Started process (PID=970) to work on /home/airflow/.local/lib/python3.12/site-packages/airflow/example_dags/example_python_operator.py
[2026-08-12T04:43:10.743+0000] {processor.py:914} INFO - Processing file /home/airflow/.local/lib/python3.12/site-packages/airflow/example_dags/example_python_operator.py for tasks to queue
[2026-08-12T04:43:10.746+0000] {logging_mixin.py:190} INFO - [2026-08-12T04:43:10.746+0000] {dagbag.py:587} INFO - Filling up the DagBag from /home/airflow/.local/lib/python3.12/site-packages/airflow/example_dags/example_python_operator.py
[2026-08-12T04:43:10.762+0000] {processor.py:925} INFO - DAG(s) 'example_python_operator' retrieved from /home/airflow/.local/lib/python3.12/site-packages/airflow/example_dags/example_python_operator.py
[2026-08-12T04:43:10.804+0000] {logging_mixin.py:190} INFO - [2026-08-12T04:43:10.804+0000] {dag.py:3211} INFO - Sync 1 DAGs
[2026-08-12T04:43:10.820+0000] {logging_mixin.py:190} INFO - [2026-08-12T04:43:10.819+0000] {dag.py:4138} INFO - Setting next_dagrun for example_python_operator to None, run_after=None
[2026-08-12T04:43:10.840+0000] {processor.py:208} INFO - Processing /home/airflow/.local/lib/python3.12/site-packages/airflow/example_dags/example_python_operator.py took 0.104 seconds
[2026-08-12T04:43:41.790+0000] {processor.py:186} INFO - Started process (PID=1038) to work on /home/airflow/.local/lib/python3.12/site-packages/airflow/example_dags/example_python_operator.py
[2026-08-12T04:43:41.792+0000] {processor.py:914} INFO - Processing file /home/airflow/.local/lib/python3.12/site-packages/airflow/example_dags/example_python_operator.py for tasks to queue
[2026-08-12T04:43:41.795+0000] {logging_mixin.py:190} INFO - [2026-08-12T04:43:41.795+0000] {dagbag.py:587} INFO - Filling up the DagBag from /home/airflow/.local/lib/python3.12/site-packages/airflow/example_dags/example_python_operator.py
[2026-08-12T04:43:41.814+0000] {processor.py:925} INFO - DAG(s) 'example_python_operator' retrieved from /home/airflow/.local/lib/python3.12/site-packages/airflow/example_dags/example_python_operator.py
[2026-08-12T04:43:41.846+0000] {logging_mixin.py:190} INFO - [2026-08-12T04:43:41.845+0000] {dag.py:3211} INFO - Sync 1 DAGs
[2026-08-12T04:43:41.865+0000] {logging_mixin.py:190} INFO - [2026-08-12T04:43:41.864+0000] {dag.py:4138} INFO - Setting next_dagrun for example_python_operator to None, run_after=None
[2026-08-12T04:43:41.888+0000] {processor.py:208} INFO - Processing /home/airflow/.local/lib/python3.12/site-packages/airflow/example_dags/example_python_operator.py took 0.105 seconds
[2026-08-12T04:44:12.814+0000] {processor.py:186} INFO - Started process (PID=1100) to work on /home/airflow/.local/lib/python3.12/site-packages/airflow/example_dags/example_python_operator.py
[2026-08-12T04:44:12.816+0000] {processor.py:914} INFO - Processing file /home/airflow/.local/lib/python3.12/site-packages/airflow/example_dags/example_python_operator.py for tasks to queue
[2026-08-12T04:44:12.820+0000] {logging_mixin.py:190} INFO - [2026-08-12T04:44:12.819+0000] {dagbag.py:587} INFO - Filling up the DagBag from /home/airflow/.local/lib/python3.12/site-packages/airflow/example_dags/example_python_operator.py
[2026-08-12T04:44:12.838+0000] {processor.py:925} INFO - DAG(s) 'example_python_operator' retrieved from /home/airflow/.local/lib/python3.12/site-packages/airflow/example_dags/example_python_operator.py
[2026-08-12T04:44:12.879+0000] {logging_mixin.py:190} INFO - [2026-08-12T04:44:12.879+0000] {dag.py:3211} INFO - Sync 1 DAGs
[2026-08-12T04:44:12.903+0000] {logging_mixin.py:190} INFO - [2026-08-12T04:44:12.903+0000] {dag.py:4138} INFO - Setting next_dagrun for example_python_operator to None, run_after=None
[2026-08-12T04:44:12.948+0000] {processor.py:208} INFO - Processing /home/airflow/.local/lib/python3.12/site-packages/airflow/example_dags/example_python_operator.py took 0.144 seconds
[2026-08-12T04:44:43.064+0000] {processor.py:186} INFO - Started process (PID=1163) to work on /home/airflow/.local/lib/python3.12/site-packages/airflow/example_dags/example_python_operator.py
[2026-08-12T04:44:43.066+0000] {processor.py:914} INFO - Processing file /home/airflow/.local/lib/python3.12/site-packages/airflow/example_dags/example_python_operator.py for tasks to queue
[2026-08-12T04:44:43.069+0000] {logging_mixin.py:190} INFO - [2026-08-12T04:44:43.068+0000] {dagbag.py:587} INFO - Filling up the DagBag from /home/airflow/.local/lib/python3.12/site-packages/airflow/example_dags/example_python_operator.py
[2026-08-12T04:44:43.082+0000] {processor.py:925} INFO - DAG(s) 'example_python_operator' retrieved from /home/airflow/.local/lib/python3.12/site-packages/airflow/example_dags/example_python_operator.py
[2026-08-12T04:44:43.105+0000] {logging_mixin.py:190} INFO - [2026-08-12T04:44:43.105+0000] {dag.py:3211} INFO - Sync 1 DAGs
[2026-08-12T04:44:43.120+0000] {logging_mixin.py:190} INFO - [2026-08-12T04:44:43.120+0000] {dag.py:4138} INFO - Setting next_dagrun for example_python_operator to None, run_after=None
[2026-08-12T04:44:43.141+0000] {processor.py:208} INFO - Processing /home/airflow/.local/lib/python3.12/site-packages/airflow/example_dags/example_python_operator.py took 0.082 seconds
[2026-08-12T04:45:14.334+0000] {processor.py:186} INFO - Started process (PID=1225) to work on /home/airflow/.local/lib/python3.12/site-packages/airflow/example_dags/example_python_operator.py
[2026-08-12T04:45:14.336+0000] {processor.py:914} INFO - Processing file /home/airflow/.local/lib/python3.12/site-packages/airflow/example_dags/example_python_operator.py for tasks to queue
[2026-08-12T04:45:14.339+0000] {logging_mixin.py:190} INFO - [2026-08-12T04:45:14.339+0000] {dagbag.py:587} INFO - Filling up the DagBag from /home/airflow/.local/lib/python3.12/site-packages/airflow/example_dags/example_python_operator.py
[2026-08-12T04:45:14.357+0000] {processor.py:925} INFO - DAG(s) 'example_python_operator' retrieved from /home/airflow/.local/lib/python3.12/site-packages/airflow/example_dags/example_python_operator.py
[2026-08-12T04:45:14.410+0000] {logging_mixin.py:190} INFO - [2026-08-12T04:45:14.409+0000] {dag.py:3211} INFO - Sync 1 DAGs
[2026-08-12T04:45:14.449+0000] {logging_mixin.py:190} INFO - [2026-08-12T04:45:14.449+0000] {dag.py:4138} INFO - Setting next_dagrun for example_python_operator to None, run_after=None
[2026-08-12T04:45:14.493+0000] {processor.py:208} INFO - Processing /home/airflow/.local/lib/python3.12/site-packages/airflow/example_dags/example_python_operator.py took 0.169 seconds
[2026-08-12T04:45:45.459+0000] {processor.py:186} INFO - Started process (PID=1287) to work on /home/airflow/.local/lib/python3.12/site-packages/airflow/example_dags/example_python_operator.py
[2026-08-12T04:45:45.463+0000] {processor.py:914} INFO - Processing file /home/airflow/.local/lib/python3.12/site-packages/airflow/example_dags/example_python_operator.py for tasks to queue
[2026-08-12T04:45:45.470+0000] {logging_mixin.py:190} INFO - [2026-08-12T04:45:45.469+0000] {dagbag.py:587} INFO - Filling up the DagBag from /home/airflow/.local/lib/python3.12/site-packages/airflow/example_dags/example_python_operator.py
[2026-08-12T04:45:45.510+0000] {processor.py:925} INFO - DAG(s) 'example_python_operator' retrieved from /home/airflow/.local/lib/python3.12/site-packages/airflow/example_dags/example_python_operator.py
[2026-08-12T04:45:45.584+0000] {logging_mixin.py:190} INFO - [2026-08-12T04:45:45.581+0000] {dag.py:3211} INFO - Sync 1 DAGs
[2026-08-12T04:45:45.634+0000] {logging_mixin.py:190} INFO - [2026-08-12T04:45:45.633+0000] {dag.py:4138} INFO - Setting next_dagrun for example_python_operator to None, run_after=None
[2026-08-12T04:45:45.714+0000] {processor.py:208} INFO - Processing /home/airflow/.local/lib/python3.12/site-packages/airflow/example_dags/example_python_operator.py took 0.266 seconds
[2026-08-12T04:46:15.807+0000] {processor.py:186} INFO - Started process (PID=1349) to work on /home/airflow/.local/lib/python3.12/site-packages/airflow/example_dags/example_python_operator.py
[2026-08-12T04:46:15.810+0000] {processor.py:914} INFO - Processing file /home/airflow/.local/lib/python3.12/site-packages/airflow/example_dags/example_python_operator.py for tasks to queue
[2026-08-12T04:46:15.815+0000] {logging_mixin.py:190} INFO - [2026-08-12T04:46:15.814+0000] {dagbag.py:587} INFO - Filling up the DagBag from /home/airflow/.local/lib/python3.12/site-packages/airflow/example_dags/example_python_operator.py
[2026-08-12T04:46:15.831+0000] {processor.py:925} INFO - DAG(s) 'example_python_operator' retrieved from /home/airflow/.local/lib/python3.12/site-packages/airflow/example_dags/example_python_operator.py
[2026-08-12T04:46:15.862+0000] {logging_mixin.py:190} INFO - [2026-08-12T04:46:15.862+0000] {dag.py:3211} INFO - Sync 1 DAGs
[2026-08-12T04:46:15.879+0000] {logging_mixin.py:190} INFO - [2026-08-12T04:46:15.879+0000] {dag.py:4138} INFO - Setting next_dagrun for example_python_operator to None, run_after=None
[2026-08-12T04:46:15.902+0000] {processor.py:208} INFO - Processing /home/airflow/.local/lib/python3.12/site-packages/airflow/example_dags/example_python_operator.py took 0.102 seconds
[2026-08-12T04:46:45.993+0000] {processor.py:186} INFO - Started process (PID=1411) to work on /home/airflow/.local/lib/python3.12/site-packages/airflow/example_dags/example_python_operator.py
[2026-08-12T04:46:45.995+0000] {processor.py:914} INFO - Processing file /home/airflow/.local/lib/python3.12/site-packages/airflow/example_dags/example_python_operator.py for tasks to queue
[2026-08-12T04:46:45.999+0000] {logging_mixin.py:190} INFO - [2026-08-12T04:46:45.998+0000] {dagbag.py:587} INFO - Filling up the DagBag from /home/airflow/.local/lib/python3.12/site-packages/airflow/example_dags/example_python_operator.py
[2026-08-12T04:46:46.018+0000] {processor.py:925} INFO - DAG(s) 'example_python_operator' retrieved from /home/airflow/.local/lib/python3.12/site-packages/airflow/example_dags/example_python_operator.py
[2026-08-12T04:46:46.064+0000] {logging_mixin.py:190} INFO - [2026-08-12T04:46:46.064+0000] {dag.py:3211} INFO - Sync 1 DAGs
[2026-08-12T04:46:46.096+0000] {logging_mixin.py:190} INFO - [2026-08-12T04:46:46.095+0000] {dag.py:4138} INFO - Setting next_dagrun for example_python_operator to None, run_after=None
[2026-08-12T04:46:46.125+0000] {processor.py:208} INFO - Processing /home/airflow/.local/lib/python3.12/site-packages/airflow/example_dags/example_python_operator.py took 0.139 seconds
