[2026-08-12T04:31:53.501+0000] {processor.py:186} INFO - Started process (PID=87) to work on /home/airflow/.local/lib/python3.12/site-packages/airflow/example_dags/example_task_group.py
[2026-08-12T04:31:53.504+0000] {processor.py:914} INFO - Processing file /home/airflow/.local/lib/python3.12/site-packages/airflow/example_dags/example_task_group.py for tasks to queue
[2026-08-12T04:31:53.522+0000] {logging_mixin.py:190} INFO - [2026-08-12T04:31:53.522+0000] {dagbag.py:587} INFO - Filling up the DagBag from /home/airflow/.local/lib/python3.12/site-packages/airflow/example_dags/example_task_group.py
[2026-08-12T04:31:53.547+0000] {processor.py:925} INFO - DAG(s) 'example_task_group' retrieved from /home/airflow/.local/lib/python3.12/site-packages/airflow/example_dags/example_task_group.py
[2026-08-12T04:31:54.026+0000] {logging_mixin.py:190} INFO - [2026-08-12T04:31:54.023+0000] {override.py:1858} INFO - Created Permission View: can edit on DAG:example_task_group
[2026-08-12T04:31:54.100+0000] {logging_mixin.py:190} INFO - [2026-08-12T04:31:54.096+0000] {override.py:1858} INFO - Created Permission View: can read on DAG:example_task_group
[2026-08-12T04:31:54.170+0000] {logging_mixin.py:190} INFO - [2026-08-12T04:31:54.169+0000] {override.py:1858} INFO - Created Permission View: can delete on DAG:example_task_group
[2026-08-12T04:31:54.172+0000] {logging_mixin.py:190} INFO - [2026-08-12T04:31:54.171+0000] {dag.py:3211} INFO - Sync 1 DAGs
[2026-08-12T04:31:54.292+0000] {logging_mixin.py:190} INFO - [2026-08-12T04:31:54.291+0000] {dag.py:3234} INFO - Creating ORM DAG for example_task_group
[2026-08-12T04:31:54.352+0000] {logging_mixin.py:190} INFO - [2026-08-12T04:31:54.351+0000] {dag.py:4138} INFO - Setting next_dagrun for example_task_group to 2026-08-11 00:00:00+00:00, run_after=2026-08-12 00:00:00+00:00
[2026-08-12T04:31:54.447+0000] {processor.py:208} INFO - Processing /home/airflow/.local/lib/python3.12/site-packages/airflow/example_dags/example_task_group.py took 0.961 seconds
[2026-08-12T04:32:25.061+0000] {processor.py:186} INFO - Started process (PID=157) to work on /home/airflow/.local/lib/python3.12/site-packages/airflow/example_dags/example_task_group.py
[2026-08-12T04:32:25.066+0000] {processor.py:914} INFO - Processing file /home/airflow/.local/lib/python3.12/site-packages/airflow/example_dags/example_task_group.py for tasks to queue
[2026-08-12T04:32:25.073+0000] {logging_mixin.py:190} INFO - [2026-08-12T04:32:25.073+0000] {dagbag.py:587} INFO - Filling up the DagBag from /home/airflow/.local/lib/python3.12/site-packages/airflow/example_dags/example_task_group.py
[2026-08-12T04:32:25.089+0000] {processor.py:925} INFO - DAG(s) 'example_task_group' retrieved from /home/airflow/.local/lib/python3.12/site-packages/airflow/example_dags/example_task_group.py
[2026-08-12T04:32:25.121+0000] {logging_mixin.py:190} INFO - [2026-08-12T04:32:25.121+0000] {dag.py:3211} INFO - Sync 1 DAGs
[2026-08-12T04:32:25.157+0000] {logging_mixin.py:190} INFO - [2026-08-12T04:32:25.156+0000] {dag.py:4138} INFO - Setting next_dagrun for example_task_group to 2026-08-11 00:00:00+00:00, run_after=2026-08-12 00:00:00+00:00
[2026-08-12T04:32:25.195+0000] {processor.py:208} INFO - Processing /home/airflow/.local/lib/python3.12/site-packages/airflow/example_dags/example_task_group.py took 0.139 seconds
[2026-08-12T04:32:55.473+0000] {processor.py:186} INFO - Started process (PID=219) to work on /home/airflow/.local/lib/python3.12/site-packages/airflow/example_dags/example_task_group.py
[2026-08-12T04:32:55.476+0000] {processor.py:914} INFO - Processing file /home/airflow/.local/lib/python3.12/site-packages/airflow/example_dags/example_task_group.py for tasks to queue
[2026-08-12T04:32:55.482+0000] {logging_mixin.py:190} INFO - [2026-08-12T04:32:55.480+0000] {dagbag.py:587} INFO - Filling up the DagBag from /home/airflow/.local/lib/python3.12/site-packages/airflow/example_dags/example_task_group.py
[2026-08-12T04:32:55.493+0000] {processor.py:925} INFO - DAG(s) 'example_task_group' retrieved from /home/airflow/.local/lib/python3.12/site-packages/airflow/example_dags/example_task_group.py
[2026-08-12T04:32:55.521+0000] {logging_mixin.py:190} INFO - [2026-08-12T04:32:55.521+0000] {dag.py:3211} INFO - Sync 1 DAGs
[2026-08-12T04:32:55.559+0000] {logging_mixin.py:190} INFO - [2026-08-12T04:32:55.559+0000] {dag.py:4138} INFO - Setting next_dagrun for example_task_group to 2026-08-11 00:00:00+00:00, run_after=2026-08-12 00:00:00+00:00
[2026-08-12T04:32:55.604+0000] {processor.py:208} INFO - Processing /home/airflow/.local/lib/python3.12/site-packages/airflow/example_dags/example_task_group.py took 0.136 seconds
[2026-08-12T04:33:25.925+0000] {processor.py:186} INFO - Started process (PID=281) to work on /home/airflow/.local/lib/python3.12/site-packages/airflow/example_dags/example_task_group.py
[2026-08-12T04:33:25.927+0000] {processor.py:914} INFO - Processing file /home/airflow/.local/lib/python3.12/site-packages/airflow/example_dags/example_task_group.py for tasks to queue
[2026-08-12T04:33:25.934+0000] {logging_mixin.py:190} INFO - [2026-08-12T04:33:25.932+0000] {dagbag.py:587} INFO - Filling up the DagBag from /home/airflow/.local/lib/python3.12/site-packages/airflow/example_dags/example_task_group.py
[2026-08-12T04:33:25.961+0000] {processor.py:925} INFO - DAG(s) 'example_task_group' retrieved from /home/airflow/.local/lib/python3.12/site-packages/airflow/example_dags/example_task_group.py
[2026-08-12T04:33:25.998+0000] {logging_mixin.py:190} INFO - [2026-08-12T04:33:25.998+0000] {dag.py:3211} INFO - Sync 1 DAGs
[2026-08-12T04:33:26.080+0000] {logging_mixin.py:190} INFO - [2026-08-12T04:33:26.079+0000] {dag.py:4138} INFO - Setting next_dagrun for example_task_group to 2026-08-11 00:00:00+00:00, run_after=2026-08-12 00:00:00+00:00
[2026-08-12T04:33:26.170+0000] {processor.py:208} INFO - Processing /home/airflow/.local/lib/python3.12/site-packages/airflow/example_dags/example_task_group.py took 0.256 seconds
[2026-08-12T04:33:56.902+0000] {processor.py:186} INFO - Started process (PID=343) to work on /home/airflow/.local/lib/python3.12/site-packages/airflow/example_dags/example_task_group.py
[2026-08-12T04:33:56.905+0000] {processor.py:914} INFO - Processing file /home/airflow/.local/lib/python3.12/site-packages/airflow/example_dags/example_task_group.py for tasks to queue
[2026-08-12T04:33:56.910+0000] {logging_mixin.py:190} INFO - [2026-08-12T04:33:56.909+0000] {dagbag.py:587} INFO - Filling up the DagBag from /home/airflow/.local/lib/python3.12/site-packages/airflow/example_dags/example_task_group.py
[2026-08-12T04:33:56.926+0000] {processor.py:925} INFO - DAG(s) 'example_task_group' retrieved from /home/airflow/.local/lib/python3.12/site-packages/airflow/example_dags/example_task_group.py
[2026-08-12T04:33:56.967+0000] {logging_mixin.py:190} INFO - [2026-08-12T04:33:56.966+0000] {dag.py:3211} INFO - Sync 1 DAGs
[2026-08-12T04:33:57.005+0000] {logging_mixin.py:190} INFO - [2026-08-12T04:33:57.005+0000] {dag.py:4138} INFO - Setting next_dagrun for example_task_group to 2026-08-11 00:00:00+00:00, run_after=2026-08-12 00:00:00+00:00
[2026-08-12T04:33:57.057+0000] {processor.py:208} INFO - Processing /home/airflow/.local/lib/python3.12/site-packages/airflow/example_dags/example_task_group.py took 0.162 seconds
[2026-08-12T04:34:27.836+0000] {processor.py:186} INFO - Started process (PID=405) to work on /home/airflow/.local/lib/python3.12/site-packages/airflow/example_dags/example_task_group.py
[2026-08-12T04:34:27.839+0000] {processor.py:914} INFO - Processing file /home/airflow/.local/lib/python3.12/site-packages/airflow/example_dags/example_task_group.py for tasks to queue
[2026-08-12T04:34:27.843+0000] {logging_mixin.py:190} INFO - [2026-08-12T04:34:27.841+0000] {dagbag.py:587} INFO - Filling up the DagBag from /home/airflow/.local/lib/python3.12/site-packages/airflow/example_dags/example_task_group.py
[2026-08-12T04:34:27.856+0000] {processor.py:925} INFO - DAG(s) 'example_task_group' retrieved from /home/airflow/.local/lib/python3.12/site-packages/airflow/example_dags/example_task_group.py
[2026-08-12T04:34:27.889+0000] {logging_mixin.py:190} INFO - [2026-08-12T04:34:27.888+0000] {dag.py:3211} INFO - Sync 1 DAGs
[2026-08-12T04:34:27.917+0000] {logging_mixin.py:190} INFO - [2026-08-12T04:34:27.916+0000] {dag.py:4138} INFO - Setting next_dagrun for example_task_group to 2026-08-11 00:00:00+00:00, run_after=2026-08-12 00:00:00+00:00
[2026-08-12T04:34:27.943+0000] {processor.py:208} INFO - Processing /home/airflow/.local/lib/python3.12/site-packages/airflow/example_dags/example_task_group.py took 0.115 seconds
[2026-08-12T04:35:56.966+0000] {processor.py:186} INFO - Started process (PID=87) to work on /home/airflow/.local/lib/python3.12/site-packages/airflow/example_dags/example_task_group.py
[2026-08-12T04:35:56.973+0000] {processor.py:914} INFO - Processing file /home/airflow/.local/lib/python3.12/site-packages/airflow/example_dags/example_task_group.py for tasks to queue
[2026-08-12T04:35:56.979+0000] {logging_mixin.py:190} INFO - [2026-08-12T04:35:56.979+0000] {dagbag.py:587} INFO - Filling up the DagBag from /home/airflow/.local/lib/python3.12/site-packages/airflow/example_dags/example_task_group.py
[2026-08-12T04:35:57.016+0000] {processor.py:925} INFO - DAG(s) 'example_task_group' retrieved from /home/airflow/.local/lib/python3.12/site-packages/airflow/example_dags/example_task_group.py
[2026-08-12T04:35:57.101+0000] {logging_mixin.py:190} INFO - [2026-08-12T04:35:57.100+0000] {dag.py:3211} INFO - Sync 1 DAGs
[2026-08-12T04:35:57.215+0000] {logging_mixin.py:190} INFO - [2026-08-12T04:35:57.215+0000] {dag.py:4138} INFO - Setting next_dagrun for example_task_group to 2026-08-11 00:00:00+00:00, run_after=2026-08-12 00:00:00+00:00
[2026-08-12T04:35:57.289+0000] {processor.py:208} INFO - Processing /home/airflow/.local/lib/python3.12/site-packages/airflow/example_dags/example_task_group.py took 0.333 seconds
[2026-08-12T04:36:27.449+0000] {processor.py:186} INFO - Started process (PID=149) to work on /home/airflow/.local/lib/python3.12/site-packages/airflow/example_dags/example_task_group.py
[2026-08-12T04:36:27.450+0000] {processor.py:914} INFO - Processing file /home/airflow/.local/lib/python3.12/site-packages/airflow/example_dags/example_task_group.py for tasks to queue
[2026-08-12T04:36:27.455+0000] {logging_mixin.py:190} INFO - [2026-08-12T04:36:27.454+0000] {dagbag.py:587} INFO - Filling up the DagBag from /home/airflow/.local/lib/python3.12/site-packages/airflow/example_dags/example_task_group.py
[2026-08-12T04:36:27.469+0000] {processor.py:925} INFO - DAG(s) 'example_task_group' retrieved from /home/airflow/.local/lib/python3.12/site-packages/airflow/example_dags/example_task_group.py
[2026-08-12T04:36:27.498+0000] {logging_mixin.py:190} INFO - [2026-08-12T04:36:27.497+0000] {dag.py:3211} INFO - Sync 1 DAGs
[2026-08-12T04:36:27.528+0000] {logging_mixin.py:190} INFO - [2026-08-12T04:36:27.528+0000] {dag.py:4138} INFO - Setting next_dagrun for example_task_group to 2026-08-11 00:00:00+00:00, run_after=2026-08-12 00:00:00+00:00
[2026-08-12T04:36:27.549+0000] {processor.py:208} INFO - Processing /home/airflow/.local/lib/python3.12/site-packages/airflow/example_dags/example_task_group.py took 0.107 seconds
[2026-08-12T04:36:58.414+0000] {processor.py:186} INFO - Started process (PID=211) to work on /home/airflow/.local/lib/python3.12/site-packages/airflow/example_dags/example_task_group.py
[2026-08-12T04:36:58.416+0000] {processor.py:914} INFO - Processing file /home/airflow/.local/lib/python3.12/site-packages/airflow/example_dags/example_task_group.py for tasks to queue
[2026-08-12T04:36:58.427+0000] {logging_mixin.py:190} INFO - [2026-08-12T04:36:58.424+0000] {dagbag.py:587} INFO - Filling up the DagBag from /home/airflow/.local/lib/python3.12/site-packages/airflow/example_dags/example_task_group.py
[2026-08-12T04:36:58.445+0000] {processor.py:925} INFO - DAG(s) 'example_task_group' retrieved from /home/airflow/.local/lib/python3.12/site-packages/airflow/example_dags/example_task_group.py
[2026-08-12T04:36:58.482+0000] {logging_mixin.py:190} INFO - [2026-08-12T04:36:58.481+0000] {dag.py:3211} INFO - Sync 1 DAGs
[2026-08-12T04:36:58.529+0000] {logging_mixin.py:190} INFO - [2026-08-12T04:36:58.528+0000] {dag.py:4138} INFO - Setting next_dagrun for example_task_group to 2026-08-11 00:00:00+00:00, run_after=2026-08-12 00:00:00+00:00
[2026-08-12T04:36:58.568+0000] {processor.py:208} INFO - Processing /home/airflow/.local/lib/python3.12/site-packages/airflow/example_dags/example_task_group.py took 0.167 seconds
[2026-08-12T04:37:29.134+0000] {processor.py:186} INFO - Started process (PID=273) to work on /home/airflow/.local/lib/python3.12/site-packages/airflow/example_dags/example_task_group.py
[2026-08-12T04:37:29.138+0000] {processor.py:914} INFO - Processing file /home/airflow/.local/lib/python3.12/site-packages/airflow/example_dags/example_task_group.py for tasks to queue
[2026-08-12T04:37:29.143+0000] {logging_mixin.py:190} INFO - [2026-08-12T04:37:29.142+0000] {dagbag.py:587} INFO - Filling up the DagBag from /home/airflow/.local/lib/python3.12/site-packages/airflow/example_dags/example_task_group.py
[2026-08-12T04:37:29.159+0000] {processor.py:925} INFO - DAG(s) 'example_task_group' retrieved from /home/airflow/.local/lib/python3.12/site-packages/airflow/example_dags/example_task_group.py
[2026-08-12T04:37:29.190+0000] {logging_mixin.py:190} INFO - [2026-08-12T04:37:29.189+0000] {dag.py:3211} INFO - Sync 1 DAGs
[2026-08-12T04:37:29.218+0000] {logging_mixin.py:190} INFO - [2026-08-12T04:37:29.218+0000] {dag.py:4138} INFO - Setting next_dagrun for example_task_group to 2026-08-11 00:00:00+00:00, run_after=2026-08-12 00:00:00+00:00
[2026-08-12T04:37:29.249+0000] {processor.py:208} INFO - Processing /home/airflow/.local/lib/python3.12/site-packages/airflow/example_dags/example_task_group.py took 0.123 seconds
[2026-08-12T04:38:00.068+0000] {processor.py:186} INFO - Started process (PID=335) to work on /home/airflow/.local/lib/python3.12/site-packages/airflow/example_dags/example_task_group.py
[2026-08-12T04:38:00.072+0000] {processor.py:914} INFO - Processing file /home/airflow/.local/lib/python3.12/site-packages/airflow/example_dags/example_task_group.py for tasks to queue
[2026-08-12T04:38:00.076+0000] {logging_mixin.py:190} INFO - [2026-08-12T04:38:00.075+0000] {dagbag.py:587} INFO - Filling up the DagBag from /home/airflow/.local/lib/python3.12/site-packages/airflow/example_dags/example_task_group.py
[2026-08-12T04:38:00.088+0000] {processor.py:925} INFO - DAG(s) 'example_task_group' retrieved from /home/airflow/.local/lib/python3.12/site-packages/airflow/example_dags/example_task_group.py
[2026-08-12T04:38:00.113+0000] {logging_mixin.py:190} INFO - [2026-08-12T04:38:00.112+0000] {dag.py:3211} INFO - Sync 1 DAGs
[2026-08-12T04:38:00.139+0000] {logging_mixin.py:190} INFO - [2026-08-12T04:38:00.139+0000] {dag.py:4138} INFO - Setting next_dagrun for example_task_group to 2026-08-11 00:00:00+00:00, run_after=2026-08-12 00:00:00+00:00
[2026-08-12T04:38:00.161+0000] {processor.py:208} INFO - Processing /home/airflow/.local/lib/python3.12/site-packages/airflow/example_dags/example_task_group.py took 0.100 seconds
[2026-08-12T04:38:30.882+0000] {processor.py:186} INFO - Started process (PID=397) to work on /home/airflow/.local/lib/python3.12/site-packages/airflow/example_dags/example_task_group.py
[2026-08-12T04:38:30.883+0000] {processor.py:914} INFO - Processing file /home/airflow/.local/lib/python3.12/site-packages/airflow/example_dags/example_task_group.py for tasks to queue
[2026-08-12T04:38:30.887+0000] {logging_mixin.py:190} INFO - [2026-08-12T04:38:30.887+0000] {dagbag.py:587} INFO - Filling up the DagBag from /home/airflow/.local/lib/python3.12/site-packages/airflow/example_dags/example_task_group.py
[2026-08-12T04:38:30.902+0000] {processor.py:925} INFO - DAG(s) 'example_task_group' retrieved from /home/airflow/.local/lib/python3.12/site-packages/airflow/example_dags/example_task_group.py
[2026-08-12T04:38:30.935+0000] {logging_mixin.py:190} INFO - [2026-08-12T04:38:30.935+0000] {dag.py:3211} INFO - Sync 1 DAGs
[2026-08-12T04:38:30.971+0000] {logging_mixin.py:190} INFO - [2026-08-12T04:38:30.970+0000] {dag.py:4138} INFO - Setting next_dagrun for example_task_group to 2026-08-11 00:00:00+00:00, run_after=2026-08-12 00:00:00+00:00
[2026-08-12T04:38:31.004+0000] {processor.py:208} INFO - Processing /home/airflow/.local/lib/python3.12/site-packages/airflow/example_dags/example_task_group.py took 0.129 seconds
[2026-08-12T04:39:01.983+0000] {processor.py:186} INFO - Started process (PID=459) to work on /home/airflow/.local/lib/python3.12/site-packages/airflow/example_dags/example_task_group.py
[2026-08-12T04:39:01.988+0000] {processor.py:914} INFO - Processing file /home/airflow/.local/lib/python3.12/site-packages/airflow/example_dags/example_task_group.py for tasks to queue
[2026-08-12T04:39:01.995+0000] {logging_mixin.py:190} INFO - [2026-08-12T04:39:01.994+0000] {dagbag.py:587} INFO - Filling up the DagBag from /home/airflow/.local/lib/python3.12/site-packages/airflow/example_dags/example_task_group.py
[2026-08-12T04:39:02.017+0000] {processor.py:925} INFO - DAG(s) 'example_task_group' retrieved from /home/airflow/.local/lib/python3.12/site-packages/airflow/example_dags/example_task_group.py
[2026-08-12T04:39:02.079+0000] {logging_mixin.py:190} INFO - [2026-08-12T04:39:02.078+0000] {dag.py:3211} INFO - Sync 1 DAGs
[2026-08-12T04:39:02.132+0000] {logging_mixin.py:190} INFO - [2026-08-12T04:39:02.132+0000] {dag.py:4138} INFO - Setting next_dagrun for example_task_group to 2026-08-11 00:00:00+00:00, run_after=2026-08-12 00:00:00+00:00
[2026-08-12T04:39:02.174+0000] {processor.py:208} INFO - Processing /home/airflow/.local/lib/python3.12/site-packages/airflow/example_dags/example_task_group.py took 0.205 seconds
[2026-08-12T04:39:32.373+0000] {processor.py:186} INFO - Started process (PID=521) to work on /home/airflow/.local/lib/python3.12/site-packages/airflow/example_dags/example_task_group.py
[2026-08-12T04:39:32.375+0000] {processor.py:914} INFO - Processing file /home/airflow/.local/lib/python3.12/site-packages/airflow/example_dags/example_task_group.py for tasks to queue
[2026-08-12T04:39:32.380+0000] {logging_mixin.py:190} INFO - [2026-08-12T04:39:32.380+0000] {dagbag.py:587} INFO - Filling up the DagBag from /home/airflow/.local/lib/python3.12/site-packages/airflow/example_dags/example_task_group.py
[2026-08-12T04:39:32.394+0000] {processor.py:925} INFO - DAG(s) 'example_task_group' retrieved from /home/airflow/.local/lib/python3.12/site-packages/airflow/example_dags/example_task_group.py
[2026-08-12T04:39:32.423+0000] {logging_mixin.py:190} INFO - [2026-08-12T04:39:32.422+0000] {dag.py:3211} INFO - Sync 1 DAGs
[2026-08-12T04:39:32.445+0000] {logging_mixin.py:190} INFO - [2026-08-12T04:39:32.445+0000] {dag.py:4138} INFO - Setting next_dagrun for example_task_group to 2026-08-11 00:00:00+00:00, run_after=2026-08-12 00:00:00+00:00
[2026-08-12T04:39:32.465+0000] {processor.py:208} INFO - Processing /home/airflow/.local/lib/python3.12/site-packages/airflow/example_dags/example_task_group.py took 0.099 seconds
[2026-08-12T04:40:02.656+0000] {processor.py:186} INFO - Started process (PID=583) to work on /home/airflow/.local/lib/python3.12/site-packages/airflow/example_dags/example_task_group.py
[2026-08-12T04:40:02.659+0000] {processor.py:914} INFO - Processing file /home/airflow/.local/lib/python3.12/site-packages/airflow/example_dags/example_task_group.py for tasks to queue
[2026-08-12T04:40:02.662+0000] {logging_mixin.py:190} INFO - [2026-08-12T04:40:02.662+0000] {dagbag.py:587} INFO - Filling up the DagBag from /home/airflow/.local/lib/python3.12/site-packages/airflow/example_dags/example_task_group.py
[2026-08-12T04:40:02.676+0000] {processor.py:925} INFO - DAG(s) 'example_task_group' retrieved from /home/airflow/.local/lib/python3.12/site-packages/airflow/example_dags/example_task_group.py
[2026-08-12T04:40:02.711+0000] {logging_mixin.py:190} INFO - [2026-08-12T04:40:02.711+0000] {dag.py:3211} INFO - Sync 1 DAGs
[2026-08-12T04:40:02.745+0000] {logging_mixin.py:190} INFO - [2026-08-12T04:40:02.744+0000] {dag.py:4138} INFO - Setting next_dagrun for example_task_group to 2026-08-11 00:00:00+00:00, run_after=2026-08-12 00:00:00+00:00
[2026-08-12T04:40:02.774+0000] {processor.py:208} INFO - Processing /home/airflow/.local/lib/python3.12/site-packages/airflow/example_dags/example_task_group.py took 0.126 seconds
[2026-08-12T04:40:33.626+0000] {processor.py:186} INFO - Started process (PID=645) to work on /home/airflow/.local/lib/python3.12/site-packages/airflow/example_dags/example_task_group.py
[2026-08-12T04:40:33.628+0000] {processor.py:914} INFO - Processing file /home/airflow/.local/lib/python3.12/site-packages/airflow/example_dags/example_task_group.py for tasks to queue
[2026-08-12T04:40:33.631+0000] {logging_mixin.py:190} INFO - [2026-08-12T04:40:33.631+0000] {dagbag.py:587} INFO - Filling up the DagBag from /home/airflow/.local/lib/python3.12/site-packages/airflow/example_dags/example_task_group.py
[2026-08-12T04:40:33.661+0000] {processor.py:925} INFO - DAG(s) 'example_task_group' retrieved from /home/airflow/.local/lib/python3.12/site-packages/airflow/example_dags/example_task_group.py
[2026-08-12T04:40:33.711+0000] {logging_mixin.py:190} INFO - [2026-08-12T04:40:33.711+0000] {dag.py:3211} INFO - Sync 1 DAGs
[2026-08-12T04:40:33.750+0000] {logging_mixin.py:190} INFO - [2026-08-12T04:40:33.750+0000] {dag.py:4138} INFO - Setting next_dagrun for example_task_group to 2026-08-11 00:00:00+00:00, run_after=2026-08-12 00:00:00+00:00
[2026-08-12T04:40:33.783+0000] {processor.py:208} INFO - Processing /home/airflow/.local/lib/python3.12/site-packages/airflow/example_dags/example_task_group.py took 0.166 seconds
[2026-08-12T04:41:04.172+0000] {processor.py:186} INFO - Started process (PID=707) to work on /home/airflow/.local/lib/python3.12/site-packages/airflow/example_dags/example_task_group.py
[2026-08-12T04:41:04.175+0000] {processor.py:914} INFO - Processing file /home/airflow/.local/lib/python3.12/site-packages/airflow/example_dags/example_task_group.py for tasks to queue
[2026-08-12T04:41:04.179+0000] {logging_mixin.py:190} INFO - [2026-08-12T04:41:04.179+0000] {dagbag.py:587} INFO - Filling up the DagBag from /home/airflow/.local/lib/python3.12/site-packages/airflow/example_dags/example_task_group.py
[2026-08-12T04:41:04.193+0000] {processor.py:925} INFO - DAG(s) 'example_task_group' retrieved from /home/airflow/.local/lib/python3.12/site-packages/airflow/example_dags/example_task_group.py
[2026-08-12T04:41:04.220+0000] {logging_mixin.py:190} INFO - [2026-08-12T04:41:04.219+0000] {dag.py:3211} INFO - Sync 1 DAGs
[2026-08-12T04:41:04.252+0000] {logging_mixin.py:190} INFO - [2026-08-12T04:41:04.251+0000] {dag.py:4138} INFO - Setting next_dagrun for example_task_group to 2026-08-11 00:00:00+00:00, run_after=2026-08-12 00:00:00+00:00
[2026-08-12T04:41:04.288+0000] {processor.py:208} INFO - Processing /home/airflow/.local/lib/python3.12/site-packages/airflow/example_dags/example_task_group.py took 0.123 seconds
[2026-08-12T04:41:34.799+0000] {processor.py:186} INFO - Started process (PID=769) to work on /home/airflow/.local/lib/python3.12/site-packages/airflow/example_dags/example_task_group.py
[2026-08-12T04:41:34.803+0000] {processor.py:914} INFO - Processing file /home/airflow/.local/lib/python3.12/site-packages/airflow/example_dags/example_task_group.py for tasks to queue
[2026-08-12T04:41:34.808+0000] {logging_mixin.py:190} INFO - [2026-08-12T04:41:34.807+0000] {dagbag.py:587} INFO - Filling up the DagBag from /home/airflow/.local/lib/python3.12/site-packages/airflow/example_dags/example_task_group.py
[2026-08-12T04:41:34.821+0000] {processor.py:925} INFO - DAG(s) 'example_task_group' retrieved from /home/airflow/.local/lib/python3.12/site-packages/airflow/example_dags/example_task_group.py
[2026-08-12T04:41:34.854+0000] {logging_mixin.py:190} INFO - [2026-08-12T04:41:34.854+0000] {dag.py:3211} INFO - Sync 1 DAGs
[2026-08-12T04:41:34.882+0000] {logging_mixin.py:190} INFO - [2026-08-12T04:41:34.882+0000] {dag.py:4138} INFO - Setting next_dagrun for example_task_group to 2026-08-11 00:00:00+00:00, run_after=2026-08-12 00:00:00+00:00
[2026-08-12T04:41:34.911+0000] {processor.py:208} INFO - Processing /home/airflow/.local/lib/python3.12/site-packages/airflow/example_dags/example_task_group.py took 0.122 seconds
[2026-08-12T04:42:05.603+0000] {processor.py:186} INFO - Started process (PID=831) to work on /home/airflow/.local/lib/python3.12/site-packages/airflow/example_dags/example_task_group.py
[2026-08-12T04:42:05.605+0000] {processor.py:914} INFO - Processing file /home/airflow/.local/lib/python3.12/site-packages/airflow/example_dags/example_task_group.py for tasks to queue
[2026-08-12T04:42:05.608+0000] {logging_mixin.py:190} INFO - [2026-08-12T04:42:05.608+0000] {dagbag.py:587} INFO - Filling up the DagBag from /home/airflow/.local/lib/python3.12/site-packages/airflow/example_dags/example_task_group.py
[2026-08-12T04:42:05.622+0000] {processor.py:925} INFO - DAG(s) 'example_task_group' retrieved from /home/airflow/.local/lib/python3.12/site-packages/airflow/example_dags/example_task_group.py
[2026-08-12T04:42:05.646+0000] {logging_mixin.py:190} INFO - [2026-08-12T04:42:05.645+0000] {dag.py:3211} INFO - Sync 1 DAGs
[2026-08-12T04:42:05.670+0000] {logging_mixin.py:190} INFO - [2026-08-12T04:42:05.670+0000] {dag.py:4138} INFO - Setting next_dagrun for example_task_group to 2026-08-11 00:00:00+00:00, run_after=2026-08-12 00:00:00+00:00
[2026-08-12T04:42:05.697+0000] {processor.py:208} INFO - Processing /home/airflow/.local/lib/python3.12/site-packages/airflow/example_dags/example_task_group.py took 0.103 seconds
[2026-08-12T04:42:35.890+0000] {processor.py:186} INFO - Started process (PID=892) to work on /home/airflow/.local/lib/python3.12/site-packages/airflow/example_dags/example_task_group.py
[2026-08-12T04:42:35.892+0000] {processor.py:914} INFO - Processing file /home/airflow/.local/lib/python3.12/site-packages/airflow/example_dags/example_task_group.py for tasks to queue
[2026-08-12T04:42:35.896+0000] {logging_mixin.py:190} INFO - [2026-08-12T04:42:35.896+0000] {dagbag.py:587} INFO - Filling up the DagBag from /home/airflow/.local/lib/python3.12/site-packages/airflow/example_dags/example_task_group.py
[2026-08-12T04:42:35.908+0000] {processor.py:925} INFO - DAG(s) 'example_task_group' retrieved from /home/airflow/.local/lib/python3.12/site-packages/airflow/example_dags/example_task_group.py
[2026-08-12T04:42:35.933+0000] {logging_mixin.py:190} INFO - [2026-08-12T04:42:35.933+0000] {dag.py:3211} INFO - Sync 1 DAGs
[2026-08-12T04:42:35.959+0000] {logging_mixin.py:190} INFO - [2026-08-12T04:42:35.959+0000] {dag.py:4138} INFO - Setting next_dagrun for example_task_group to 2026-08-11 00:00:00+00:00, run_after=2026-08-12 00:00:00+00:00
[2026-08-12T04:42:35.983+0000] {processor.py:208} INFO - Processing /home/airflow/.local/lib/python3.12/site-packages/airflow/example_dags/example_task_group.py took 0.103 seconds
[2026-08-12T04:43:06.164+0000] {processor.py:186} INFO - Started process (PID=954) to work on /home/airflow/.local/lib/python3.12/site-packages/airflow/example_dags/example_task_group.py
[2026-08-12T04:43:06.166+0000] {processor.py:914} INFO - Processing file /home/airflow/.local/lib/python3.12/site-packages/airflow/example_dags/example_task_group.py for tasks to queue
[2026-08-12T04:43:06.169+0000] {logging_mixin.py:190} INFO - [2026-08-12T04:43:06.169+0000] {dagbag.py:587} INFO - Filling up the DagBag from /home/airflow/.local/lib/python3.12/site-packages/airflow/example_dags/example_task_group.py
[2026-08-12T04:43:06.182+0000] {processor.py:925} INFO - DAG(s) 'example_task_group' retrieved from /home/airflow/.local/lib/python3.12/site-packages/airflow/example_dags/example_task_group.py
[2026-08-12T04:43:06.206+0000] {logging_mixin.py:190} INFO - [2026-08-12T04:43:06.206+0000] {dag.py:3211} INFO - Sync 1 DAGs
[2026-08-12T04:43:06.241+0000] {logging_mixin.py:190} INFO - [2026-08-12T04:43:06.240+0000] {dag.py:4138} INFO - Setting next_dagrun for example_task_group to 2026-08-11 00:00:00+00:00, run_after=2026-08-12 00:00:00+00:00
[2026-08-12T04:43:06.261+0000] {processor.py:208} INFO - Processing /home/airflow/.local/lib/python3.12/site-packages/airflow/example_dags/example_task_group.py took 0.103 seconds
[2026-08-12T04:43:37.401+0000] {processor.py:186} INFO - Started process (PID=1017) to work on /home/airflow/.local/lib/python3.12/site-packages/airflow/example_dags/example_task_group.py
[2026-08-12T04:43:37.403+0000] {processor.py:914} INFO - Processing file /home/airflow/.local/lib/python3.12/site-packages/airflow/example_dags/example_task_group.py for tasks to queue
[2026-08-12T04:43:37.406+0000] {logging_mixin.py:190} INFO - [2026-08-12T04:43:37.406+0000] {dagbag.py:587} INFO - Filling up the DagBag from /home/airflow/.local/lib/python3.12/site-packages/airflow/example_dags/example_task_group.py
[2026-08-12T04:43:37.419+0000] {processor.py:925} INFO - DAG(s) 'example_task_group' retrieved from /home/airflow/.local/lib/python3.12/site-packages/airflow/example_dags/example_task_group.py
[2026-08-12T04:43:37.451+0000] {logging_mixin.py:190} INFO - [2026-08-12T04:43:37.451+0000] {dag.py:3211} INFO - Sync 1 DAGs
[2026-08-12T04:43:37.492+0000] {logging_mixin.py:190} INFO - [2026-08-12T04:43:37.492+0000] {dag.py:4138} INFO - Setting next_dagrun for example_task_group to 2026-08-11 00:00:00+00:00, run_after=2026-08-12 00:00:00+00:00
[2026-08-12T04:43:37.533+0000] {processor.py:208} INFO - Processing /home/airflow/.local/lib/python3.12/site-packages/airflow/example_dags/example_task_group.py took 0.142 seconds
[2026-08-12T04:44:08.682+0000] {processor.py:186} INFO - Started process (PID=1079) to work on /home/airflow/.local/lib/python3.12/site-packages/airflow/example_dags/example_task_group.py
[2026-08-12T04:44:08.685+0000] {processor.py:914} INFO - Processing file /home/airflow/.local/lib/python3.12/site-packages/airflow/example_dags/example_task_group.py for tasks to queue
[2026-08-12T04:44:08.690+0000] {logging_mixin.py:190} INFO - [2026-08-12T04:44:08.689+0000] {dagbag.py:587} INFO - Filling up the DagBag from /home/airflow/.local/lib/python3.12/site-packages/airflow/example_dags/example_task_group.py
[2026-08-12T04:44:08.705+0000] {processor.py:925} INFO - DAG(s) 'example_task_group' retrieved from /home/airflow/.local/lib/python3.12/site-packages/airflow/example_dags/example_task_group.py
[2026-08-12T04:44:08.739+0000] {logging_mixin.py:190} INFO - [2026-08-12T04:44:08.739+0000] {dag.py:3211} INFO - Sync 1 DAGs
[2026-08-12T04:44:08.778+0000] {logging_mixin.py:190} INFO - [2026-08-12T04:44:08.777+0000] {dag.py:4138} INFO - Setting next_dagrun for example_task_group to 2026-08-11 00:00:00+00:00, run_after=2026-08-12 00:00:00+00:00
[2026-08-12T04:44:08.808+0000] {processor.py:208} INFO - Processing /home/airflow/.local/lib/python3.12/site-packages/airflow/example_dags/example_task_group.py took 0.134 seconds
[2026-08-12T04:44:39.623+0000] {processor.py:186} INFO - Started process (PID=1141) to work on /home/airflow/.local/lib/python3.12/site-packages/airflow/example_dags/example_task_group.py
[2026-08-12T04:44:39.624+0000] {processor.py:914} INFO - Processing file /home/airflow/.local/lib/python3.12/site-packages/airflow/example_dags/example_task_group.py for tasks to queue
[2026-08-12T04:44:39.629+0000] {logging_mixin.py:190} INFO - [2026-08-12T04:44:39.628+0000] {dagbag.py:587} INFO - Filling up the DagBag from /home/airflow/.local/lib/python3.12/site-packages/airflow/example_dags/example_task_group.py
[2026-08-12T04:44:39.640+0000] {processor.py:925} INFO - DAG(s) 'example_task_group' retrieved from /home/airflow/.local/lib/python3.12/site-packages/airflow/example_dags/example_task_group.py
[2026-08-12T04:44:39.666+0000] {logging_mixin.py:190} INFO - [2026-08-12T04:44:39.666+0000] {dag.py:3211} INFO - Sync 1 DAGs
[2026-08-12T04:44:39.694+0000] {logging_mixin.py:190} INFO - [2026-08-12T04:44:39.694+0000] {dag.py:4138} INFO - Setting next_dagrun for example_task_group to 2026-08-11 00:00:00+00:00, run_after=2026-08-12 00:00:00+00:00
[2026-08-12T04:44:39.717+0000] {processor.py:208} INFO - Processing /home/airflow/.local/lib/python3.12/site-packages/airflow/example_dags/example_task_group.py took 0.102 seconds
[2026-08-12T04:45:10.323+0000] {processor.py:186} INFO - Started process (PID=1204) to work on /home/airflow/.local/lib/python3.12/site-packages/airflow/example_dags/example_task_group.py
[2026-08-12T04:45:10.326+0000] {processor.py:914} INFO - Processing file /home/airflow/.local/lib/python3.12/site-packages/airflow/example_dags/example_task_group.py for tasks to queue
[2026-08-12T04:45:10.333+0000] {logging_mixin.py:190} INFO - [2026-08-12T04:45:10.332+0000] {dagbag.py:587} INFO - Filling up the DagBag from /home/airflow/.local/lib/python3.12/site-packages/airflow/example_dags/example_task_group.py
[2026-08-12T04:45:10.350+0000] {processor.py:925} INFO - DAG(s) 'example_task_group' retrieved from /home/airflow/.local/lib/python3.12/site-packages/airflow/example_dags/example_task_group.py
[2026-08-12T04:45:10.399+0000] {logging_mixin.py:190} INFO - [2026-08-12T04:45:10.398+0000] {dag.py:3211} INFO - Sync 1 DAGs
[2026-08-12T04:45:10.453+0000] {logging_mixin.py:190} INFO - [2026-08-12T04:45:10.453+0000] {dag.py:4138} INFO - Setting next_dagrun for example_task_group to 2026-08-11 00:00:00+00:00, run_after=2026-08-12 00:00:00+00:00
[2026-08-12T04:45:10.498+0000] {processor.py:208} INFO - Processing /home/airflow/.local/lib/python3.12/site-packages/airflow/example_dags/example_task_group.py took 0.184 seconds
[2026-08-12T04:45:41.624+0000] {processor.py:186} INFO - Started process (PID=1266) to work on /home/airflow/.local/lib/python3.12/site-packages/airflow/example_dags/example_task_group.py
[2026-08-12T04:45:41.627+0000] {processor.py:914} INFO - Processing file /home/airflow/.local/lib/python3.12/site-packages/airflow/example_dags/example_task_group.py for tasks to queue
[2026-08-12T04:45:41.632+0000] {logging_mixin.py:190} INFO - [2026-08-12T04:45:41.631+0000] {dagbag.py:587} INFO - Filling up the DagBag from /home/airflow/.local/lib/python3.12/site-packages/airflow/example_dags/example_task_group.py
[2026-08-12T04:45:41.644+0000] {processor.py:925} INFO - DAG(s) 'example_task_group' retrieved from /home/airflow/.local/lib/python3.12/site-packages/airflow/example_dags/example_task_group.py
[2026-08-12T04:45:41.683+0000] {logging_mixin.py:190} INFO - [2026-08-12T04:45:41.683+0000] {dag.py:3211} INFO - Sync 1 DAGs
[2026-08-12T04:45:41.733+0000] {logging_mixin.py:190} INFO - [2026-08-12T04:45:41.733+0000] {dag.py:4138} INFO - Setting next_dagrun for example_task_group to 2026-08-11 00:00:00+00:00, run_after=2026-08-12 00:00:00+00:00
[2026-08-12T04:45:41.773+0000] {processor.py:208} INFO - Processing /home/airflow/.local/lib/python3.12/site-packages/airflow/example_dags/example_task_group.py took 0.158 seconds
[2026-08-12T04:46:12.140+0000] {processor.py:186} INFO - Started process (PID=1334) to work on /home/airflow/.local/lib/python3.12/site-packages/airflow/example_dags/example_task_group.py
[2026-08-12T04:46:12.142+0000] {processor.py:914} INFO - Processing file /home/airflow/.local/lib/python3.12/site-packages/airflow/example_dags/example_task_group.py for tasks to queue
[2026-08-12T04:46:12.146+0000] {logging_mixin.py:190} INFO - [2026-08-12T04:46:12.146+0000] {dagbag.py:587} INFO - Filling up the DagBag from /home/airflow/.local/lib/python3.12/site-packages/airflow/example_dags/example_task_group.py
[2026-08-12T04:46:12.160+0000] {processor.py:925} INFO - DAG(s) 'example_task_group' retrieved from /home/airflow/.local/lib/python3.12/site-packages/airflow/example_dags/example_task_group.py
[2026-08-12T04:46:12.193+0000] {logging_mixin.py:190} INFO - [2026-08-12T04:46:12.192+0000] {dag.py:3211} INFO - Sync 1 DAGs
[2026-08-12T04:46:12.243+0000] {logging_mixin.py:190} INFO - [2026-08-12T04:46:12.242+0000] {dag.py:4138} INFO - Setting next_dagrun for example_task_group to 2026-08-11 00:00:00+00:00, run_after=2026-08-12 00:00:00+00:00
[2026-08-12T04:46:12.292+0000] {processor.py:208} INFO - Processing /home/airflow/.local/lib/python3.12/site-packages/airflow/example_dags/example_task_group.py took 0.159 seconds
[2026-08-12T04:46:42.582+0000] {processor.py:186} INFO - Started process (PID=1396) to work on /home/airflow/.local/lib/python3.12/site-packages/airflow/example_dags/example_task_group.py
[2026-08-12T04:46:42.584+0000] {processor.py:914} INFO - Processing file /home/airflow/.local/lib/python3.12/site-packages/airflow/example_dags/example_task_group.py for tasks to queue
[2026-08-12T04:46:42.586+0000] {logging_mixin.py:190} INFO - [2026-08-12T04:46:42.586+0000] {dagbag.py:587} INFO - Filling up the DagBag from /home/airflow/.local/lib/python3.12/site-packages/airflow/example_dags/example_task_group.py
[2026-08-12T04:46:42.596+0000] {processor.py:925} INFO - DAG(s) 'example_task_group' retrieved from /home/airflow/.local/lib/python3.12/site-packages/airflow/example_dags/example_task_group.py
[2026-08-12T04:46:42.617+0000] {logging_mixin.py:190} INFO - [2026-08-12T04:46:42.617+0000] {dag.py:3211} INFO - Sync 1 DAGs
[2026-08-12T04:46:42.642+0000] {logging_mixin.py:190} INFO - [2026-08-12T04:46:42.642+0000] {dag.py:4138} INFO - Setting next_dagrun for example_task_group to 2026-08-11 00:00:00+00:00, run_after=2026-08-12 00:00:00+00:00
[2026-08-12T04:46:42.669+0000] {processor.py:208} INFO - Processing /home/airflow/.local/lib/python3.12/site-packages/airflow/example_dags/example_task_group.py took 0.093 seconds
[2026-08-12T04:47:12.933+0000] {processor.py:186} INFO - Started process (PID=1457) to work on /home/airflow/.local/lib/python3.12/site-packages/airflow/example_dags/example_task_group.py
[2026-08-12T04:47:12.935+0000] {processor.py:914} INFO - Processing file /home/airflow/.local/lib/python3.12/site-packages/airflow/example_dags/example_task_group.py for tasks to queue
[2026-08-12T04:47:12.940+0000] {logging_mixin.py:190} INFO - [2026-08-12T04:47:12.939+0000] {dagbag.py:587} INFO - Filling up the DagBag from /home/airflow/.local/lib/python3.12/site-packages/airflow/example_dags/example_task_group.py
[2026-08-12T04:47:12.955+0000] {processor.py:925} INFO - DAG(s) 'example_task_group' retrieved from /home/airflow/.local/lib/python3.12/site-packages/airflow/example_dags/example_task_group.py
[2026-08-12T04:47:12.988+0000] {logging_mixin.py:190} INFO - [2026-08-12T04:47:12.988+0000] {dag.py:3211} INFO - Sync 1 DAGs
[2026-08-12T04:47:13.015+0000] {logging_mixin.py:190} INFO - [2026-08-12T04:47:13.015+0000] {dag.py:4138} INFO - Setting next_dagrun for example_task_group to 2026-08-11 00:00:00+00:00, run_after=2026-08-12 00:00:00+00:00
[2026-08-12T04:47:13.041+0000] {processor.py:208} INFO - Processing /home/airflow/.local/lib/python3.12/site-packages/airflow/example_dags/example_task_group.py took 0.117 seconds
[2026-08-12T04:47:43.187+0000] {processor.py:186} INFO - Started process (PID=1518) to work on /home/airflow/.local/lib/python3.12/site-packages/airflow/example_dags/example_task_group.py
[2026-08-12T04:47:43.188+0000] {processor.py:914} INFO - Processing file /home/airflow/.local/lib/python3.12/site-packages/airflow/example_dags/example_task_group.py for tasks to queue
[2026-08-12T04:47:43.191+0000] {logging_mixin.py:190} INFO - [2026-08-12T04:47:43.190+0000] {dagbag.py:587} INFO - Filling up the DagBag from /home/airflow/.local/lib/python3.12/site-packages/airflow/example_dags/example_task_group.py
[2026-08-12T04:47:43.201+0000] {processor.py:925} INFO - DAG(s) 'example_task_group' retrieved from /home/airflow/.local/lib/python3.12/site-packages/airflow/example_dags/example_task_group.py
[2026-08-12T04:47:43.223+0000] {logging_mixin.py:190} INFO - [2026-08-12T04:47:43.223+0000] {dag.py:3211} INFO - Sync 1 DAGs
[2026-08-12T04:47:43.249+0000] {logging_mixin.py:190} INFO - [2026-08-12T04:47:43.248+0000] {dag.py:4138} INFO - Setting next_dagrun for example_task_group to 2026-08-11 00:00:00+00:00, run_after=2026-08-12 00:00:00+00:00
[2026-08-12T04:47:43.286+0000] {processor.py:208} INFO - Processing /home/airflow/.local/lib/python3.12/site-packages/airflow/example_dags/example_task_group.py took 0.105 seconds
