[2026-08-12T04:32:01.985+0000] {processor.py:186} INFO - Started process (PID=117) to work on /home/airflow/.local/lib/python3.12/site-packages/airflow/example_dags/example_sensor_decorator.py
[2026-08-12T04:32:01.988+0000] {processor.py:914} INFO - Processing file /home/airflow/.local/lib/python3.12/site-packages/airflow/example_dags/example_sensor_decorator.py for tasks to queue
[2026-08-12T04:32:01.995+0000] {logging_mixin.py:190} INFO - [2026-08-12T04:32:01.994+0000] {dagbag.py:587} INFO - Filling up the DagBag from /home/airflow/.local/lib/python3.12/site-packages/airflow/example_dags/example_sensor_decorator.py
[2026-08-12T04:32:02.012+0000] {processor.py:925} INFO - DAG(s) 'example_sensor_decorator' retrieved from /home/airflow/.local/lib/python3.12/site-packages/airflow/example_dags/example_sensor_decorator.py
[2026-08-12T04:32:02.201+0000] {logging_mixin.py:190} INFO - [2026-08-12T04:32:02.200+0000] {override.py:1858} INFO - Created Permission View: can edit on DAG:example_sensor_decorator
[2026-08-12T04:32:02.224+0000] {logging_mixin.py:190} INFO - [2026-08-12T04:32:02.224+0000] {override.py:1858} INFO - Created Permission View: can read on DAG:example_sensor_decorator
[2026-08-12T04:32:02.238+0000] {logging_mixin.py:190} INFO - [2026-08-12T04:32:02.238+0000] {override.py:1858} INFO - Created Permission View: can delete on DAG:example_sensor_decorator
[2026-08-12T04:32:02.240+0000] {logging_mixin.py:190} INFO - [2026-08-12T04:32:02.240+0000] {dag.py:3211} INFO - Sync 1 DAGs
[2026-08-12T04:32:02.269+0000] {logging_mixin.py:190} INFO - [2026-08-12T04:32:02.268+0000] {dag.py:3234} INFO - Creating ORM DAG for example_sensor_decorator
[2026-08-12T04:32:02.273+0000] {logging_mixin.py:190} INFO - [2026-08-12T04:32:02.273+0000] {dag.py:4138} INFO - Setting next_dagrun for example_sensor_decorator to None, run_after=None
[2026-08-12T04:32:02.313+0000] {processor.py:208} INFO - Processing /home/airflow/.local/lib/python3.12/site-packages/airflow/example_dags/example_sensor_decorator.py took 0.340 seconds
[2026-08-12T04:32:32.689+0000] {processor.py:186} INFO - Started process (PID=180) to work on /home/airflow/.local/lib/python3.12/site-packages/airflow/example_dags/example_sensor_decorator.py
[2026-08-12T04:32:32.691+0000] {processor.py:914} INFO - Processing file /home/airflow/.local/lib/python3.12/site-packages/airflow/example_dags/example_sensor_decorator.py for tasks to queue
[2026-08-12T04:32:32.696+0000] {logging_mixin.py:190} INFO - [2026-08-12T04:32:32.695+0000] {dagbag.py:587} INFO - Filling up the DagBag from /home/airflow/.local/lib/python3.12/site-packages/airflow/example_dags/example_sensor_decorator.py
[2026-08-12T04:32:32.718+0000] {processor.py:925} INFO - DAG(s) 'example_sensor_decorator' retrieved from /home/airflow/.local/lib/python3.12/site-packages/airflow/example_dags/example_sensor_decorator.py
[2026-08-12T04:32:32.759+0000] {logging_mixin.py:190} INFO - [2026-08-12T04:32:32.759+0000] {dag.py:3211} INFO - Sync 1 DAGs
[2026-08-12T04:32:32.782+0000] {logging_mixin.py:190} INFO - [2026-08-12T04:32:32.782+0000] {dag.py:4138} INFO - Setting next_dagrun for example_sensor_decorator to None, run_after=None
[2026-08-12T04:32:32.810+0000] {processor.py:208} INFO - Processing /home/airflow/.local/lib/python3.12/site-packages/airflow/example_dags/example_sensor_decorator.py took 0.128 seconds
[2026-08-12T04:33:02.895+0000] {processor.py:186} INFO - Started process (PID=242) to work on /home/airflow/.local/lib/python3.12/site-packages/airflow/example_dags/example_sensor_decorator.py
[2026-08-12T04:33:02.898+0000] {processor.py:914} INFO - Processing file /home/airflow/.local/lib/python3.12/site-packages/airflow/example_dags/example_sensor_decorator.py for tasks to queue
[2026-08-12T04:33:02.904+0000] {logging_mixin.py:190} INFO - [2026-08-12T04:33:02.904+0000] {dagbag.py:587} INFO - Filling up the DagBag from /home/airflow/.local/lib/python3.12/site-packages/airflow/example_dags/example_sensor_decorator.py
[2026-08-12T04:33:02.916+0000] {processor.py:925} INFO - DAG(s) 'example_sensor_decorator' retrieved from /home/airflow/.local/lib/python3.12/site-packages/airflow/example_dags/example_sensor_decorator.py
[2026-08-12T04:33:02.941+0000] {logging_mixin.py:190} INFO - [2026-08-12T04:33:02.940+0000] {dag.py:3211} INFO - Sync 1 DAGs
[2026-08-12T04:33:02.958+0000] {logging_mixin.py:190} INFO - [2026-08-12T04:33:02.958+0000] {dag.py:4138} INFO - Setting next_dagrun for example_sensor_decorator to None, run_after=None
[2026-08-12T04:33:02.988+0000] {processor.py:208} INFO - Processing /home/airflow/.local/lib/python3.12/site-packages/airflow/example_dags/example_sensor_decorator.py took 0.098 seconds
[2026-08-12T04:33:33.308+0000] {processor.py:186} INFO - Started process (PID=304) to work on /home/airflow/.local/lib/python3.12/site-packages/airflow/example_dags/example_sensor_decorator.py
[2026-08-12T04:33:33.310+0000] {processor.py:914} INFO - Processing file /home/airflow/.local/lib/python3.12/site-packages/airflow/example_dags/example_sensor_decorator.py for tasks to queue
[2026-08-12T04:33:33.315+0000] {logging_mixin.py:190} INFO - [2026-08-12T04:33:33.315+0000] {dagbag.py:587} INFO - Filling up the DagBag from /home/airflow/.local/lib/python3.12/site-packages/airflow/example_dags/example_sensor_decorator.py
[2026-08-12T04:33:33.326+0000] {processor.py:925} INFO - DAG(s) 'example_sensor_decorator' retrieved from /home/airflow/.local/lib/python3.12/site-packages/airflow/example_dags/example_sensor_decorator.py
[2026-08-12T04:33:33.354+0000] {logging_mixin.py:190} INFO - [2026-08-12T04:33:33.353+0000] {dag.py:3211} INFO - Sync 1 DAGs
[2026-08-12T04:33:33.373+0000] {logging_mixin.py:190} INFO - [2026-08-12T04:33:33.373+0000] {dag.py:4138} INFO - Setting next_dagrun for example_sensor_decorator to None, run_after=None
[2026-08-12T04:33:33.404+0000] {processor.py:208} INFO - Processing /home/airflow/.local/lib/python3.12/site-packages/airflow/example_dags/example_sensor_decorator.py took 0.103 seconds
[2026-08-12T04:34:04.330+0000] {processor.py:186} INFO - Started process (PID=366) to work on /home/airflow/.local/lib/python3.12/site-packages/airflow/example_dags/example_sensor_decorator.py
[2026-08-12T04:34:04.332+0000] {processor.py:914} INFO - Processing file /home/airflow/.local/lib/python3.12/site-packages/airflow/example_dags/example_sensor_decorator.py for tasks to queue
[2026-08-12T04:34:04.338+0000] {logging_mixin.py:190} INFO - [2026-08-12T04:34:04.338+0000] {dagbag.py:587} INFO - Filling up the DagBag from /home/airflow/.local/lib/python3.12/site-packages/airflow/example_dags/example_sensor_decorator.py
[2026-08-12T04:34:04.351+0000] {processor.py:925} INFO - DAG(s) 'example_sensor_decorator' retrieved from /home/airflow/.local/lib/python3.12/site-packages/airflow/example_dags/example_sensor_decorator.py
[2026-08-12T04:34:04.382+0000] {logging_mixin.py:190} INFO - [2026-08-12T04:34:04.382+0000] {dag.py:3211} INFO - Sync 1 DAGs
[2026-08-12T04:34:04.404+0000] {logging_mixin.py:190} INFO - [2026-08-12T04:34:04.404+0000] {dag.py:4138} INFO - Setting next_dagrun for example_sensor_decorator to None, run_after=None
[2026-08-12T04:34:04.438+0000] {processor.py:208} INFO - Processing /home/airflow/.local/lib/python3.12/site-packages/airflow/example_dags/example_sensor_decorator.py took 0.122 seconds
[2026-08-12T04:36:01.546+0000] {processor.py:186} INFO - Started process (PID=110) to work on /home/airflow/.local/lib/python3.12/site-packages/airflow/example_dags/example_sensor_decorator.py
[2026-08-12T04:36:01.549+0000] {processor.py:914} INFO - Processing file /home/airflow/.local/lib/python3.12/site-packages/airflow/example_dags/example_sensor_decorator.py for tasks to queue
[2026-08-12T04:36:01.555+0000] {logging_mixin.py:190} INFO - [2026-08-12T04:36:01.554+0000] {dagbag.py:587} INFO - Filling up the DagBag from /home/airflow/.local/lib/python3.12/site-packages/airflow/example_dags/example_sensor_decorator.py
[2026-08-12T04:36:01.564+0000] {processor.py:925} INFO - DAG(s) 'example_sensor_decorator' retrieved from /home/airflow/.local/lib/python3.12/site-packages/airflow/example_dags/example_sensor_decorator.py
[2026-08-12T04:36:01.593+0000] {logging_mixin.py:190} INFO - [2026-08-12T04:36:01.593+0000] {dag.py:3211} INFO - Sync 1 DAGs
[2026-08-12T04:36:01.614+0000] {logging_mixin.py:190} INFO - [2026-08-12T04:36:01.614+0000] {dag.py:4138} INFO - Setting next_dagrun for example_sensor_decorator to None, run_after=None
[2026-08-12T04:36:01.647+0000] {processor.py:208} INFO - Processing /home/airflow/.local/lib/python3.12/site-packages/airflow/example_dags/example_sensor_decorator.py took 0.108 seconds
[2026-08-12T04:36:31.791+0000] {processor.py:186} INFO - Started process (PID=172) to work on /home/airflow/.local/lib/python3.12/site-packages/airflow/example_dags/example_sensor_decorator.py
[2026-08-12T04:36:31.793+0000] {processor.py:914} INFO - Processing file /home/airflow/.local/lib/python3.12/site-packages/airflow/example_dags/example_sensor_decorator.py for tasks to queue
[2026-08-12T04:36:31.796+0000] {logging_mixin.py:190} INFO - [2026-08-12T04:36:31.796+0000] {dagbag.py:587} INFO - Filling up the DagBag from /home/airflow/.local/lib/python3.12/site-packages/airflow/example_dags/example_sensor_decorator.py
[2026-08-12T04:36:31.810+0000] {processor.py:925} INFO - DAG(s) 'example_sensor_decorator' retrieved from /home/airflow/.local/lib/python3.12/site-packages/airflow/example_dags/example_sensor_decorator.py
[2026-08-12T04:36:31.840+0000] {logging_mixin.py:190} INFO - [2026-08-12T04:36:31.839+0000] {dag.py:3211} INFO - Sync 1 DAGs
[2026-08-12T04:36:31.862+0000] {logging_mixin.py:190} INFO - [2026-08-12T04:36:31.862+0000] {dag.py:4138} INFO - Setting next_dagrun for example_sensor_decorator to None, run_after=None
[2026-08-12T04:36:31.897+0000] {processor.py:208} INFO - Processing /home/airflow/.local/lib/python3.12/site-packages/airflow/example_dags/example_sensor_decorator.py took 0.113 seconds
[2026-08-12T04:37:02.614+0000] {processor.py:186} INFO - Started process (PID=234) to work on /home/airflow/.local/lib/python3.12/site-packages/airflow/example_dags/example_sensor_decorator.py
[2026-08-12T04:37:02.616+0000] {processor.py:914} INFO - Processing file /home/airflow/.local/lib/python3.12/site-packages/airflow/example_dags/example_sensor_decorator.py for tasks to queue
[2026-08-12T04:37:02.623+0000] {logging_mixin.py:190} INFO - [2026-08-12T04:37:02.622+0000] {dagbag.py:587} INFO - Filling up the DagBag from /home/airflow/.local/lib/python3.12/site-packages/airflow/example_dags/example_sensor_decorator.py
[2026-08-12T04:37:02.635+0000] {processor.py:925} INFO - DAG(s) 'example_sensor_decorator' retrieved from /home/airflow/.local/lib/python3.12/site-packages/airflow/example_dags/example_sensor_decorator.py
[2026-08-12T04:37:02.662+0000] {logging_mixin.py:190} INFO - [2026-08-12T04:37:02.661+0000] {dag.py:3211} INFO - Sync 1 DAGs
[2026-08-12T04:37:02.682+0000] {logging_mixin.py:190} INFO - [2026-08-12T04:37:02.681+0000] {dag.py:4138} INFO - Setting next_dagrun for example_sensor_decorator to None, run_after=None
[2026-08-12T04:37:02.714+0000] {processor.py:208} INFO - Processing /home/airflow/.local/lib/python3.12/site-packages/airflow/example_dags/example_sensor_decorator.py took 0.109 seconds
[2026-08-12T04:37:33.159+0000] {processor.py:186} INFO - Started process (PID=296) to work on /home/airflow/.local/lib/python3.12/site-packages/airflow/example_dags/example_sensor_decorator.py
[2026-08-12T04:37:33.160+0000] {processor.py:914} INFO - Processing file /home/airflow/.local/lib/python3.12/site-packages/airflow/example_dags/example_sensor_decorator.py for tasks to queue
[2026-08-12T04:37:33.164+0000] {logging_mixin.py:190} INFO - [2026-08-12T04:37:33.163+0000] {dagbag.py:587} INFO - Filling up the DagBag from /home/airflow/.local/lib/python3.12/site-packages/airflow/example_dags/example_sensor_decorator.py
[2026-08-12T04:37:33.181+0000] {processor.py:925} INFO - DAG(s) 'example_sensor_decorator' retrieved from /home/airflow/.local/lib/python3.12/site-packages/airflow/example_dags/example_sensor_decorator.py
[2026-08-12T04:37:33.206+0000] {logging_mixin.py:190} INFO - [2026-08-12T04:37:33.206+0000] {dag.py:3211} INFO - Sync 1 DAGs
[2026-08-12T04:37:33.227+0000] {logging_mixin.py:190} INFO - [2026-08-12T04:37:33.227+0000] {dag.py:4138} INFO - Setting next_dagrun for example_sensor_decorator to None, run_after=None
[2026-08-12T04:37:33.254+0000] {processor.py:208} INFO - Processing /home/airflow/.local/lib/python3.12/site-packages/airflow/example_dags/example_sensor_decorator.py took 0.104 seconds
[2026-08-12T04:38:04.220+0000] {processor.py:186} INFO - Started process (PID=358) to work on /home/airflow/.local/lib/python3.12/site-packages/airflow/example_dags/example_sensor_decorator.py
[2026-08-12T04:38:04.222+0000] {processor.py:914} INFO - Processing file /home/airflow/.local/lib/python3.12/site-packages/airflow/example_dags/example_sensor_decorator.py for tasks to queue
[2026-08-12T04:38:04.225+0000] {logging_mixin.py:190} INFO - [2026-08-12T04:38:04.224+0000] {dagbag.py:587} INFO - Filling up the DagBag from /home/airflow/.local/lib/python3.12/site-packages/airflow/example_dags/example_sensor_decorator.py
[2026-08-12T04:38:04.233+0000] {processor.py:925} INFO - DAG(s) 'example_sensor_decorator' retrieved from /home/airflow/.local/lib/python3.12/site-packages/airflow/example_dags/example_sensor_decorator.py
[2026-08-12T04:38:04.257+0000] {logging_mixin.py:190} INFO - [2026-08-12T04:38:04.257+0000] {dag.py:3211} INFO - Sync 1 DAGs
[2026-08-12T04:38:04.277+0000] {logging_mixin.py:190} INFO - [2026-08-12T04:38:04.277+0000] {dag.py:4138} INFO - Setting next_dagrun for example_sensor_decorator to None, run_after=None
[2026-08-12T04:38:04.301+0000] {processor.py:208} INFO - Processing /home/airflow/.local/lib/python3.12/site-packages/airflow/example_dags/example_sensor_decorator.py took 0.087 seconds
[2026-08-12T04:38:34.729+0000] {processor.py:186} INFO - Started process (PID=420) to work on /home/airflow/.local/lib/python3.12/site-packages/airflow/example_dags/example_sensor_decorator.py
[2026-08-12T04:38:34.732+0000] {processor.py:914} INFO - Processing file /home/airflow/.local/lib/python3.12/site-packages/airflow/example_dags/example_sensor_decorator.py for tasks to queue
[2026-08-12T04:38:34.741+0000] {logging_mixin.py:190} INFO - [2026-08-12T04:38:34.741+0000] {dagbag.py:587} INFO - Filling up the DagBag from /home/airflow/.local/lib/python3.12/site-packages/airflow/example_dags/example_sensor_decorator.py
[2026-08-12T04:38:34.759+0000] {processor.py:925} INFO - DAG(s) 'example_sensor_decorator' retrieved from /home/airflow/.local/lib/python3.12/site-packages/airflow/example_dags/example_sensor_decorator.py
[2026-08-12T04:38:34.797+0000] {logging_mixin.py:190} INFO - [2026-08-12T04:38:34.797+0000] {dag.py:3211} INFO - Sync 1 DAGs
[2026-08-12T04:38:34.835+0000] {logging_mixin.py:190} INFO - [2026-08-12T04:38:34.835+0000] {dag.py:4138} INFO - Setting next_dagrun for example_sensor_decorator to None, run_after=None
[2026-08-12T04:38:34.866+0000] {processor.py:208} INFO - Processing /home/airflow/.local/lib/python3.12/site-packages/airflow/example_dags/example_sensor_decorator.py took 0.150 seconds
[2026-08-12T04:39:06.033+0000] {processor.py:186} INFO - Started process (PID=482) to work on /home/airflow/.local/lib/python3.12/site-packages/airflow/example_dags/example_sensor_decorator.py
[2026-08-12T04:39:06.042+0000] {processor.py:914} INFO - Processing file /home/airflow/.local/lib/python3.12/site-packages/airflow/example_dags/example_sensor_decorator.py for tasks to queue
[2026-08-12T04:39:06.048+0000] {logging_mixin.py:190} INFO - [2026-08-12T04:39:06.047+0000] {dagbag.py:587} INFO - Filling up the DagBag from /home/airflow/.local/lib/python3.12/site-packages/airflow/example_dags/example_sensor_decorator.py
[2026-08-12T04:39:06.069+0000] {processor.py:925} INFO - DAG(s) 'example_sensor_decorator' retrieved from /home/airflow/.local/lib/python3.12/site-packages/airflow/example_dags/example_sensor_decorator.py
[2026-08-12T04:39:06.116+0000] {logging_mixin.py:190} INFO - [2026-08-12T04:39:06.116+0000] {dag.py:3211} INFO - Sync 1 DAGs
[2026-08-12T04:39:06.150+0000] {logging_mixin.py:190} INFO - [2026-08-12T04:39:06.150+0000] {dag.py:4138} INFO - Setting next_dagrun for example_sensor_decorator to None, run_after=None
[2026-08-12T04:39:06.200+0000] {processor.py:208} INFO - Processing /home/airflow/.local/lib/python3.12/site-packages/airflow/example_dags/example_sensor_decorator.py took 0.177 seconds
[2026-08-12T04:39:37.710+0000] {processor.py:186} INFO - Started process (PID=544) to work on /home/airflow/.local/lib/python3.12/site-packages/airflow/example_dags/example_sensor_decorator.py
[2026-08-12T04:39:37.714+0000] {processor.py:914} INFO - Processing file /home/airflow/.local/lib/python3.12/site-packages/airflow/example_dags/example_sensor_decorator.py for tasks to queue
[2026-08-12T04:39:37.718+0000] {logging_mixin.py:190} INFO - [2026-08-12T04:39:37.718+0000] {dagbag.py:587} INFO - Filling up the DagBag from /home/airflow/.local/lib/python3.12/site-packages/airflow/example_dags/example_sensor_decorator.py
[2026-08-12T04:39:37.737+0000] {processor.py:925} INFO - DAG(s) 'example_sensor_decorator' retrieved from /home/airflow/.local/lib/python3.12/site-packages/airflow/example_dags/example_sensor_decorator.py
[2026-08-12T04:39:37.781+0000] {logging_mixin.py:190} INFO - [2026-08-12T04:39:37.781+0000] {dag.py:3211} INFO - Sync 1 DAGs
[2026-08-12T04:39:37.817+0000] {logging_mixin.py:190} INFO - [2026-08-12T04:39:37.816+0000] {dag.py:4138} INFO - Setting next_dagrun for example_sensor_decorator to None, run_after=None
[2026-08-12T04:39:37.862+0000] {processor.py:208} INFO - Processing /home/airflow/.local/lib/python3.12/site-packages/airflow/example_dags/example_sensor_decorator.py took 0.164 seconds
[2026-08-12T04:40:09.084+0000] {processor.py:186} INFO - Started process (PID=606) to work on /home/airflow/.local/lib/python3.12/site-packages/airflow/example_dags/example_sensor_decorator.py
[2026-08-12T04:40:09.086+0000] {processor.py:914} INFO - Processing file /home/airflow/.local/lib/python3.12/site-packages/airflow/example_dags/example_sensor_decorator.py for tasks to queue
[2026-08-12T04:40:09.093+0000] {logging_mixin.py:190} INFO - [2026-08-12T04:40:09.092+0000] {dagbag.py:587} INFO - Filling up the DagBag from /home/airflow/.local/lib/python3.12/site-packages/airflow/example_dags/example_sensor_decorator.py
[2026-08-12T04:40:09.107+0000] {processor.py:925} INFO - DAG(s) 'example_sensor_decorator' retrieved from /home/airflow/.local/lib/python3.12/site-packages/airflow/example_dags/example_sensor_decorator.py
[2026-08-12T04:40:09.136+0000] {logging_mixin.py:190} INFO - [2026-08-12T04:40:09.136+0000] {dag.py:3211} INFO - Sync 1 DAGs
[2026-08-12T04:40:09.160+0000] {logging_mixin.py:190} INFO - [2026-08-12T04:40:09.160+0000] {dag.py:4138} INFO - Setting next_dagrun for example_sensor_decorator to None, run_after=None
[2026-08-12T04:40:09.196+0000] {processor.py:208} INFO - Processing /home/airflow/.local/lib/python3.12/site-packages/airflow/example_dags/example_sensor_decorator.py took 0.122 seconds
[2026-08-12T04:40:39.413+0000] {processor.py:186} INFO - Started process (PID=668) to work on /home/airflow/.local/lib/python3.12/site-packages/airflow/example_dags/example_sensor_decorator.py
[2026-08-12T04:40:39.417+0000] {processor.py:914} INFO - Processing file /home/airflow/.local/lib/python3.12/site-packages/airflow/example_dags/example_sensor_decorator.py for tasks to queue
[2026-08-12T04:40:39.425+0000] {logging_mixin.py:190} INFO - [2026-08-12T04:40:39.424+0000] {dagbag.py:587} INFO - Filling up the DagBag from /home/airflow/.local/lib/python3.12/site-packages/airflow/example_dags/example_sensor_decorator.py
[2026-08-12T04:40:39.446+0000] {processor.py:925} INFO - DAG(s) 'example_sensor_decorator' retrieved from /home/airflow/.local/lib/python3.12/site-packages/airflow/example_dags/example_sensor_decorator.py
[2026-08-12T04:40:39.494+0000] {logging_mixin.py:190} INFO - [2026-08-12T04:40:39.494+0000] {dag.py:3211} INFO - Sync 1 DAGs
[2026-08-12T04:40:39.537+0000] {logging_mixin.py:190} INFO - [2026-08-12T04:40:39.536+0000] {dag.py:4138} INFO - Setting next_dagrun for example_sensor_decorator to None, run_after=None
[2026-08-12T04:40:39.584+0000] {processor.py:208} INFO - Processing /home/airflow/.local/lib/python3.12/site-packages/airflow/example_dags/example_sensor_decorator.py took 0.183 seconds
[2026-08-12T04:41:09.881+0000] {processor.py:186} INFO - Started process (PID=730) to work on /home/airflow/.local/lib/python3.12/site-packages/airflow/example_dags/example_sensor_decorator.py
[2026-08-12T04:41:09.883+0000] {processor.py:914} INFO - Processing file /home/airflow/.local/lib/python3.12/site-packages/airflow/example_dags/example_sensor_decorator.py for tasks to queue
[2026-08-12T04:41:09.888+0000] {logging_mixin.py:190} INFO - [2026-08-12T04:41:09.887+0000] {dagbag.py:587} INFO - Filling up the DagBag from /home/airflow/.local/lib/python3.12/site-packages/airflow/example_dags/example_sensor_decorator.py
[2026-08-12T04:41:09.903+0000] {processor.py:925} INFO - DAG(s) 'example_sensor_decorator' retrieved from /home/airflow/.local/lib/python3.12/site-packages/airflow/example_dags/example_sensor_decorator.py
[2026-08-12T04:41:09.935+0000] {logging_mixin.py:190} INFO - [2026-08-12T04:41:09.935+0000] {dag.py:3211} INFO - Sync 1 DAGs
[2026-08-12T04:41:09.955+0000] {logging_mixin.py:190} INFO - [2026-08-12T04:41:09.954+0000] {dag.py:4138} INFO - Setting next_dagrun for example_sensor_decorator to None, run_after=None
[2026-08-12T04:41:09.981+0000] {processor.py:208} INFO - Processing /home/airflow/.local/lib/python3.12/site-packages/airflow/example_dags/example_sensor_decorator.py took 0.109 seconds
[2026-08-12T04:41:40.106+0000] {processor.py:186} INFO - Started process (PID=792) to work on /home/airflow/.local/lib/python3.12/site-packages/airflow/example_dags/example_sensor_decorator.py
[2026-08-12T04:41:40.108+0000] {processor.py:914} INFO - Processing file /home/airflow/.local/lib/python3.12/site-packages/airflow/example_dags/example_sensor_decorator.py for tasks to queue
[2026-08-12T04:41:40.112+0000] {logging_mixin.py:190} INFO - [2026-08-12T04:41:40.112+0000] {dagbag.py:587} INFO - Filling up the DagBag from /home/airflow/.local/lib/python3.12/site-packages/airflow/example_dags/example_sensor_decorator.py
[2026-08-12T04:41:40.121+0000] {processor.py:925} INFO - DAG(s) 'example_sensor_decorator' retrieved from /home/airflow/.local/lib/python3.12/site-packages/airflow/example_dags/example_sensor_decorator.py
[2026-08-12T04:41:40.149+0000] {logging_mixin.py:190} INFO - [2026-08-12T04:41:40.149+0000] {dag.py:3211} INFO - Sync 1 DAGs
[2026-08-12T04:41:40.169+0000] {logging_mixin.py:190} INFO - [2026-08-12T04:41:40.169+0000] {dag.py:4138} INFO - Setting next_dagrun for example_sensor_decorator to None, run_after=None
[2026-08-12T04:41:40.195+0000] {processor.py:208} INFO - Processing /home/airflow/.local/lib/python3.12/site-packages/airflow/example_dags/example_sensor_decorator.py took 0.096 seconds
[2026-08-12T04:42:10.506+0000] {processor.py:186} INFO - Started process (PID=854) to work on /home/airflow/.local/lib/python3.12/site-packages/airflow/example_dags/example_sensor_decorator.py
[2026-08-12T04:42:10.507+0000] {processor.py:914} INFO - Processing file /home/airflow/.local/lib/python3.12/site-packages/airflow/example_dags/example_sensor_decorator.py for tasks to queue
[2026-08-12T04:42:10.511+0000] {logging_mixin.py:190} INFO - [2026-08-12T04:42:10.510+0000] {dagbag.py:587} INFO - Filling up the DagBag from /home/airflow/.local/lib/python3.12/site-packages/airflow/example_dags/example_sensor_decorator.py
[2026-08-12T04:42:10.519+0000] {processor.py:925} INFO - DAG(s) 'example_sensor_decorator' retrieved from /home/airflow/.local/lib/python3.12/site-packages/airflow/example_dags/example_sensor_decorator.py
[2026-08-12T04:42:10.540+0000] {logging_mixin.py:190} INFO - [2026-08-12T04:42:10.540+0000] {dag.py:3211} INFO - Sync 1 DAGs
[2026-08-12T04:42:10.555+0000] {logging_mixin.py:190} INFO - [2026-08-12T04:42:10.555+0000] {dag.py:4138} INFO - Setting next_dagrun for example_sensor_decorator to None, run_after=None
[2026-08-12T04:42:10.576+0000] {processor.py:208} INFO - Processing /home/airflow/.local/lib/python3.12/site-packages/airflow/example_dags/example_sensor_decorator.py took 0.075 seconds
[2026-08-12T04:42:41.069+0000] {processor.py:186} INFO - Started process (PID=916) to work on /home/airflow/.local/lib/python3.12/site-packages/airflow/example_dags/example_sensor_decorator.py
[2026-08-12T04:42:41.071+0000] {processor.py:914} INFO - Processing file /home/airflow/.local/lib/python3.12/site-packages/airflow/example_dags/example_sensor_decorator.py for tasks to queue
[2026-08-12T04:42:41.075+0000] {logging_mixin.py:190} INFO - [2026-08-12T04:42:41.074+0000] {dagbag.py:587} INFO - Filling up the DagBag from /home/airflow/.local/lib/python3.12/site-packages/airflow/example_dags/example_sensor_decorator.py
[2026-08-12T04:42:41.085+0000] {processor.py:925} INFO - DAG(s) 'example_sensor_decorator' retrieved from /home/airflow/.local/lib/python3.12/site-packages/airflow/example_dags/example_sensor_decorator.py
[2026-08-12T04:42:41.113+0000] {logging_mixin.py:190} INFO - [2026-08-12T04:42:41.113+0000] {dag.py:3211} INFO - Sync 1 DAGs
[2026-08-12T04:42:41.130+0000] {logging_mixin.py:190} INFO - [2026-08-12T04:42:41.129+0000] {dag.py:4138} INFO - Setting next_dagrun for example_sensor_decorator to None, run_after=None
[2026-08-12T04:42:41.153+0000] {processor.py:208} INFO - Processing /home/airflow/.local/lib/python3.12/site-packages/airflow/example_dags/example_sensor_decorator.py took 0.092 seconds
[2026-08-12T04:43:11.306+0000] {processor.py:186} INFO - Started process (PID=978) to work on /home/airflow/.local/lib/python3.12/site-packages/airflow/example_dags/example_sensor_decorator.py
[2026-08-12T04:43:11.307+0000] {processor.py:914} INFO - Processing file /home/airflow/.local/lib/python3.12/site-packages/airflow/example_dags/example_sensor_decorator.py for tasks to queue
[2026-08-12T04:43:11.311+0000] {logging_mixin.py:190} INFO - [2026-08-12T04:43:11.310+0000] {dagbag.py:587} INFO - Filling up the DagBag from /home/airflow/.local/lib/python3.12/site-packages/airflow/example_dags/example_sensor_decorator.py
[2026-08-12T04:43:11.319+0000] {processor.py:925} INFO - DAG(s) 'example_sensor_decorator' retrieved from /home/airflow/.local/lib/python3.12/site-packages/airflow/example_dags/example_sensor_decorator.py
[2026-08-12T04:43:11.344+0000] {logging_mixin.py:190} INFO - [2026-08-12T04:43:11.343+0000] {dag.py:3211} INFO - Sync 1 DAGs
[2026-08-12T04:43:11.360+0000] {logging_mixin.py:190} INFO - [2026-08-12T04:43:11.360+0000] {dag.py:4138} INFO - Setting next_dagrun for example_sensor_decorator to None, run_after=None
[2026-08-12T04:43:11.393+0000] {processor.py:208} INFO - Processing /home/airflow/.local/lib/python3.12/site-packages/airflow/example_dags/example_sensor_decorator.py took 0.093 seconds
[2026-08-12T04:43:42.370+0000] {processor.py:186} INFO - Started process (PID=1046) to work on /home/airflow/.local/lib/python3.12/site-packages/airflow/example_dags/example_sensor_decorator.py
[2026-08-12T04:43:42.372+0000] {processor.py:914} INFO - Processing file /home/airflow/.local/lib/python3.12/site-packages/airflow/example_dags/example_sensor_decorator.py for tasks to queue
[2026-08-12T04:43:42.375+0000] {logging_mixin.py:190} INFO - [2026-08-12T04:43:42.375+0000] {dagbag.py:587} INFO - Filling up the DagBag from /home/airflow/.local/lib/python3.12/site-packages/airflow/example_dags/example_sensor_decorator.py
[2026-08-12T04:43:42.387+0000] {processor.py:925} INFO - DAG(s) 'example_sensor_decorator' retrieved from /home/airflow/.local/lib/python3.12/site-packages/airflow/example_dags/example_sensor_decorator.py
[2026-08-12T04:43:42.417+0000] {logging_mixin.py:190} INFO - [2026-08-12T04:43:42.417+0000] {dag.py:3211} INFO - Sync 1 DAGs
[2026-08-12T04:43:42.438+0000] {logging_mixin.py:190} INFO - [2026-08-12T04:43:42.438+0000] {dag.py:4138} INFO - Setting next_dagrun for example_sensor_decorator to None, run_after=None
[2026-08-12T04:43:42.474+0000] {processor.py:208} INFO - Processing /home/airflow/.local/lib/python3.12/site-packages/airflow/example_dags/example_sensor_decorator.py took 0.110 seconds
[2026-08-12T04:44:13.687+0000] {processor.py:186} INFO - Started process (PID=1108) to work on /home/airflow/.local/lib/python3.12/site-packages/airflow/example_dags/example_sensor_decorator.py
[2026-08-12T04:44:13.691+0000] {processor.py:914} INFO - Processing file /home/airflow/.local/lib/python3.12/site-packages/airflow/example_dags/example_sensor_decorator.py for tasks to queue
[2026-08-12T04:44:13.697+0000] {logging_mixin.py:190} INFO - [2026-08-12T04:44:13.696+0000] {dagbag.py:587} INFO - Filling up the DagBag from /home/airflow/.local/lib/python3.12/site-packages/airflow/example_dags/example_sensor_decorator.py
[2026-08-12T04:44:13.712+0000] {processor.py:925} INFO - DAG(s) 'example_sensor_decorator' retrieved from /home/airflow/.local/lib/python3.12/site-packages/airflow/example_dags/example_sensor_decorator.py
[2026-08-12T04:44:13.751+0000] {logging_mixin.py:190} INFO - [2026-08-12T04:44:13.750+0000] {dag.py:3211} INFO - Sync 1 DAGs
[2026-08-12T04:44:13.782+0000] {logging_mixin.py:190} INFO - [2026-08-12T04:44:13.781+0000] {dag.py:4138} INFO - Setting next_dagrun for example_sensor_decorator to None, run_after=None
[2026-08-12T04:44:13.815+0000] {processor.py:208} INFO - Processing /home/airflow/.local/lib/python3.12/site-packages/airflow/example_dags/example_sensor_decorator.py took 0.135 seconds
[2026-08-12T04:44:44.024+0000] {processor.py:186} INFO - Started process (PID=1171) to work on /home/airflow/.local/lib/python3.12/site-packages/airflow/example_dags/example_sensor_decorator.py
[2026-08-12T04:44:44.026+0000] {processor.py:914} INFO - Processing file /home/airflow/.local/lib/python3.12/site-packages/airflow/example_dags/example_sensor_decorator.py for tasks to queue
[2026-08-12T04:44:44.030+0000] {logging_mixin.py:190} INFO - [2026-08-12T04:44:44.029+0000] {dagbag.py:587} INFO - Filling up the DagBag from /home/airflow/.local/lib/python3.12/site-packages/airflow/example_dags/example_sensor_decorator.py
[2026-08-12T04:44:44.039+0000] {processor.py:925} INFO - DAG(s) 'example_sensor_decorator' retrieved from /home/airflow/.local/lib/python3.12/site-packages/airflow/example_dags/example_sensor_decorator.py
[2026-08-12T04:44:44.063+0000] {logging_mixin.py:190} INFO - [2026-08-12T04:44:44.063+0000] {dag.py:3211} INFO - Sync 1 DAGs
[2026-08-12T04:44:44.083+0000] {logging_mixin.py:190} INFO - [2026-08-12T04:44:44.083+0000] {dag.py:4138} INFO - Setting next_dagrun for example_sensor_decorator to None, run_after=None
[2026-08-12T04:44:44.110+0000] {processor.py:208} INFO - Processing /home/airflow/.local/lib/python3.12/site-packages/airflow/example_dags/example_sensor_decorator.py took 0.092 seconds
[2026-08-12T04:45:15.145+0000] {processor.py:186} INFO - Started process (PID=1233) to work on /home/airflow/.local/lib/python3.12/site-packages/airflow/example_dags/example_sensor_decorator.py
[2026-08-12T04:45:15.147+0000] {processor.py:914} INFO - Processing file /home/airflow/.local/lib/python3.12/site-packages/airflow/example_dags/example_sensor_decorator.py for tasks to queue
[2026-08-12T04:45:15.152+0000] {logging_mixin.py:190} INFO - [2026-08-12T04:45:15.151+0000] {dagbag.py:587} INFO - Filling up the DagBag from /home/airflow/.local/lib/python3.12/site-packages/airflow/example_dags/example_sensor_decorator.py
[2026-08-12T04:45:15.171+0000] {processor.py:925} INFO - DAG(s) 'example_sensor_decorator' retrieved from /home/airflow/.local/lib/python3.12/site-packages/airflow/example_dags/example_sensor_decorator.py
[2026-08-12T04:45:15.214+0000] {logging_mixin.py:190} INFO - [2026-08-12T04:45:15.214+0000] {dag.py:3211} INFO - Sync 1 DAGs
[2026-08-12T04:45:15.237+0000] {logging_mixin.py:190} INFO - [2026-08-12T04:45:15.237+0000] {dag.py:4138} INFO - Setting next_dagrun for example_sensor_decorator to None, run_after=None
[2026-08-12T04:45:15.270+0000] {processor.py:208} INFO - Processing /home/airflow/.local/lib/python3.12/site-packages/airflow/example_dags/example_sensor_decorator.py took 0.136 seconds
[2026-08-12T04:45:46.313+0000] {processor.py:186} INFO - Started process (PID=1295) to work on /home/airflow/.local/lib/python3.12/site-packages/airflow/example_dags/example_sensor_decorator.py
[2026-08-12T04:45:46.315+0000] {processor.py:914} INFO - Processing file /home/airflow/.local/lib/python3.12/site-packages/airflow/example_dags/example_sensor_decorator.py for tasks to queue
[2026-08-12T04:45:46.318+0000] {logging_mixin.py:190} INFO - [2026-08-12T04:45:46.317+0000] {dagbag.py:587} INFO - Filling up the DagBag from /home/airflow/.local/lib/python3.12/site-packages/airflow/example_dags/example_sensor_decorator.py
[2026-08-12T04:45:46.333+0000] {processor.py:925} INFO - DAG(s) 'example_sensor_decorator' retrieved from /home/airflow/.local/lib/python3.12/site-packages/airflow/example_dags/example_sensor_decorator.py
[2026-08-12T04:45:46.370+0000] {logging_mixin.py:190} INFO - [2026-08-12T04:45:46.370+0000] {dag.py:3211} INFO - Sync 1 DAGs
[2026-08-12T04:45:46.400+0000] {logging_mixin.py:190} INFO - [2026-08-12T04:45:46.400+0000] {dag.py:4138} INFO - Setting next_dagrun for example_sensor_decorator to None, run_after=None
[2026-08-12T04:45:46.436+0000] {processor.py:208} INFO - Processing /home/airflow/.local/lib/python3.12/site-packages/airflow/example_dags/example_sensor_decorator.py took 0.133 seconds
[2026-08-12T04:46:16.805+0000] {processor.py:186} INFO - Started process (PID=1357) to work on /home/airflow/.local/lib/python3.12/site-packages/airflow/example_dags/example_sensor_decorator.py
[2026-08-12T04:46:16.806+0000] {processor.py:914} INFO - Processing file /home/airflow/.local/lib/python3.12/site-packages/airflow/example_dags/example_sensor_decorator.py for tasks to queue
[2026-08-12T04:46:16.812+0000] {logging_mixin.py:190} INFO - [2026-08-12T04:46:16.812+0000] {dagbag.py:587} INFO - Filling up the DagBag from /home/airflow/.local/lib/python3.12/site-packages/airflow/example_dags/example_sensor_decorator.py
[2026-08-12T04:46:16.823+0000] {processor.py:925} INFO - DAG(s) 'example_sensor_decorator' retrieved from /home/airflow/.local/lib/python3.12/site-packages/airflow/example_dags/example_sensor_decorator.py
[2026-08-12T04:46:16.847+0000] {logging_mixin.py:190} INFO - [2026-08-12T04:46:16.847+0000] {dag.py:3211} INFO - Sync 1 DAGs
[2026-08-12T04:46:16.866+0000] {logging_mixin.py:190} INFO - [2026-08-12T04:46:16.865+0000] {dag.py:4138} INFO - Setting next_dagrun for example_sensor_decorator to None, run_after=None
[2026-08-12T04:46:16.898+0000] {processor.py:208} INFO - Processing /home/airflow/.local/lib/python3.12/site-packages/airflow/example_dags/example_sensor_decorator.py took 0.099 seconds
[2026-08-12T04:46:47.818+0000] {processor.py:186} INFO - Started process (PID=1419) to work on /home/airflow/.local/lib/python3.12/site-packages/airflow/example_dags/example_sensor_decorator.py
[2026-08-12T04:46:47.819+0000] {processor.py:914} INFO - Processing file /home/airflow/.local/lib/python3.12/site-packages/airflow/example_dags/example_sensor_decorator.py for tasks to queue
[2026-08-12T04:46:47.823+0000] {logging_mixin.py:190} INFO - [2026-08-12T04:46:47.822+0000] {dagbag.py:587} INFO - Filling up the DagBag from /home/airflow/.local/lib/python3.12/site-packages/airflow/example_dags/example_sensor_decorator.py
[2026-08-12T04:46:47.834+0000] {processor.py:925} INFO - DAG(s) 'example_sensor_decorator' retrieved from /home/airflow/.local/lib/python3.12/site-packages/airflow/example_dags/example_sensor_decorator.py
[2026-08-12T04:46:47.867+0000] {logging_mixin.py:190} INFO - [2026-08-12T04:46:47.867+0000] {dag.py:3211} INFO - Sync 1 DAGs
[2026-08-12T04:46:47.889+0000] {logging_mixin.py:190} INFO - [2026-08-12T04:46:47.889+0000] {dag.py:4138} INFO - Setting next_dagrun for example_sensor_decorator to None, run_after=None
[2026-08-12T04:46:47.917+0000] {processor.py:208} INFO - Processing /home/airflow/.local/lib/python3.12/site-packages/airflow/example_dags/example_sensor_decorator.py took 0.107 seconds
