[2026-08-12T04:32:02.407+0000] {processor.py:186} INFO - Started process (PID=119) to work on /home/airflow/.local/lib/python3.12/site-packages/airflow/example_dags/example_dag_decorator.py
[2026-08-12T04:32:02.412+0000] {processor.py:914} INFO - Processing file /home/airflow/.local/lib/python3.12/site-packages/airflow/example_dags/example_dag_decorator.py for tasks to queue
[2026-08-12T04:32:02.427+0000] {logging_mixin.py:190} INFO - [2026-08-12T04:32:02.427+0000] {dagbag.py:587} INFO - Filling up the DagBag from /home/airflow/.local/lib/python3.12/site-packages/airflow/example_dags/example_dag_decorator.py
[2026-08-12T04:32:02.467+0000] {processor.py:925} INFO - DAG(s) 'example_dag_decorator' retrieved from /home/airflow/.local/lib/python3.12/site-packages/airflow/example_dags/example_dag_decorator.py
[2026-08-12T04:32:02.663+0000] {logging_mixin.py:190} INFO - [2026-08-12T04:32:02.662+0000] {override.py:1858} INFO - Created Permission View: can edit on DAG:example_dag_decorator
[2026-08-12T04:32:02.683+0000] {logging_mixin.py:190} INFO - [2026-08-12T04:32:02.682+0000] {override.py:1858} INFO - Created Permission View: can read on DAG:example_dag_decorator
[2026-08-12T04:32:02.697+0000] {logging_mixin.py:190} INFO - [2026-08-12T04:32:02.697+0000] {override.py:1858} INFO - Created Permission View: can delete on DAG:example_dag_decorator
[2026-08-12T04:32:02.701+0000] {logging_mixin.py:190} INFO - [2026-08-12T04:32:02.701+0000] {dag.py:3211} INFO - Sync 1 DAGs
[2026-08-12T04:32:02.734+0000] {logging_mixin.py:190} INFO - [2026-08-12T04:32:02.734+0000] {dag.py:3234} INFO - Creating ORM DAG for example_dag_decorator
[2026-08-12T04:32:02.736+0000] {logging_mixin.py:190} INFO - [2026-08-12T04:32:02.736+0000] {dag.py:4138} INFO - Setting next_dagrun for example_dag_decorator to None, run_after=None
[2026-08-12T04:32:02.768+0000] {processor.py:208} INFO - Processing /home/airflow/.local/lib/python3.12/site-packages/airflow/example_dags/example_dag_decorator.py took 0.382 seconds
[2026-08-12T04:32:32.868+0000] {processor.py:186} INFO - Started process (PID=182) to work on /home/airflow/.local/lib/python3.12/site-packages/airflow/example_dags/example_dag_decorator.py
[2026-08-12T04:32:32.870+0000] {processor.py:914} INFO - Processing file /home/airflow/.local/lib/python3.12/site-packages/airflow/example_dags/example_dag_decorator.py for tasks to queue
[2026-08-12T04:32:32.874+0000] {logging_mixin.py:190} INFO - [2026-08-12T04:32:32.874+0000] {dagbag.py:587} INFO - Filling up the DagBag from /home/airflow/.local/lib/python3.12/site-packages/airflow/example_dags/example_dag_decorator.py
[2026-08-12T04:32:32.894+0000] {processor.py:925} INFO - DAG(s) 'example_dag_decorator' retrieved from /home/airflow/.local/lib/python3.12/site-packages/airflow/example_dags/example_dag_decorator.py
[2026-08-12T04:32:33.054+0000] {logging_mixin.py:190} INFO - [2026-08-12T04:32:33.053+0000] {dag.py:3211} INFO - Sync 1 DAGs
[2026-08-12T04:32:33.073+0000] {logging_mixin.py:190} INFO - [2026-08-12T04:32:33.073+0000] {dag.py:4138} INFO - Setting next_dagrun for example_dag_decorator to None, run_after=None
[2026-08-12T04:32:33.102+0000] {processor.py:208} INFO - Processing /home/airflow/.local/lib/python3.12/site-packages/airflow/example_dags/example_dag_decorator.py took 0.244 seconds
[2026-08-12T04:33:03.939+0000] {processor.py:186} INFO - Started process (PID=244) to work on /home/airflow/.local/lib/python3.12/site-packages/airflow/example_dags/example_dag_decorator.py
[2026-08-12T04:33:03.941+0000] {processor.py:914} INFO - Processing file /home/airflow/.local/lib/python3.12/site-packages/airflow/example_dags/example_dag_decorator.py for tasks to queue
[2026-08-12T04:33:03.949+0000] {logging_mixin.py:190} INFO - [2026-08-12T04:33:03.948+0000] {dagbag.py:587} INFO - Filling up the DagBag from /home/airflow/.local/lib/python3.12/site-packages/airflow/example_dags/example_dag_decorator.py
[2026-08-12T04:33:03.969+0000] {processor.py:925} INFO - DAG(s) 'example_dag_decorator' retrieved from /home/airflow/.local/lib/python3.12/site-packages/airflow/example_dags/example_dag_decorator.py
[2026-08-12T04:33:04.111+0000] {logging_mixin.py:190} INFO - [2026-08-12T04:33:04.110+0000] {dag.py:3211} INFO - Sync 1 DAGs
[2026-08-12T04:33:04.127+0000] {logging_mixin.py:190} INFO - [2026-08-12T04:33:04.127+0000] {dag.py:4138} INFO - Setting next_dagrun for example_dag_decorator to None, run_after=None
[2026-08-12T04:33:04.160+0000] {processor.py:208} INFO - Processing /home/airflow/.local/lib/python3.12/site-packages/airflow/example_dags/example_dag_decorator.py took 0.232 seconds
[2026-08-12T04:33:34.454+0000] {processor.py:186} INFO - Started process (PID=306) to work on /home/airflow/.local/lib/python3.12/site-packages/airflow/example_dags/example_dag_decorator.py
[2026-08-12T04:33:34.456+0000] {processor.py:914} INFO - Processing file /home/airflow/.local/lib/python3.12/site-packages/airflow/example_dags/example_dag_decorator.py for tasks to queue
[2026-08-12T04:33:34.461+0000] {logging_mixin.py:190} INFO - [2026-08-12T04:33:34.460+0000] {dagbag.py:587} INFO - Filling up the DagBag from /home/airflow/.local/lib/python3.12/site-packages/airflow/example_dags/example_dag_decorator.py
[2026-08-12T04:33:34.480+0000] {processor.py:925} INFO - DAG(s) 'example_dag_decorator' retrieved from /home/airflow/.local/lib/python3.12/site-packages/airflow/example_dags/example_dag_decorator.py
[2026-08-12T04:33:34.638+0000] {logging_mixin.py:190} INFO - [2026-08-12T04:33:34.637+0000] {dag.py:3211} INFO - Sync 1 DAGs
[2026-08-12T04:33:34.652+0000] {logging_mixin.py:190} INFO - [2026-08-12T04:33:34.651+0000] {dag.py:4138} INFO - Setting next_dagrun for example_dag_decorator to None, run_after=None
[2026-08-12T04:33:34.676+0000] {processor.py:208} INFO - Processing /home/airflow/.local/lib/python3.12/site-packages/airflow/example_dags/example_dag_decorator.py took 0.231 seconds
[2026-08-12T04:34:05.336+0000] {processor.py:186} INFO - Started process (PID=368) to work on /home/airflow/.local/lib/python3.12/site-packages/airflow/example_dags/example_dag_decorator.py
[2026-08-12T04:34:05.339+0000] {processor.py:914} INFO - Processing file /home/airflow/.local/lib/python3.12/site-packages/airflow/example_dags/example_dag_decorator.py for tasks to queue
[2026-08-12T04:34:05.345+0000] {logging_mixin.py:190} INFO - [2026-08-12T04:34:05.345+0000] {dagbag.py:587} INFO - Filling up the DagBag from /home/airflow/.local/lib/python3.12/site-packages/airflow/example_dags/example_dag_decorator.py
[2026-08-12T04:34:05.365+0000] {processor.py:925} INFO - DAG(s) 'example_dag_decorator' retrieved from /home/airflow/.local/lib/python3.12/site-packages/airflow/example_dags/example_dag_decorator.py
[2026-08-12T04:34:05.538+0000] {logging_mixin.py:190} INFO - [2026-08-12T04:34:05.537+0000] {dag.py:3211} INFO - Sync 1 DAGs
[2026-08-12T04:34:05.552+0000] {logging_mixin.py:190} INFO - [2026-08-12T04:34:05.551+0000] {dag.py:4138} INFO - Setting next_dagrun for example_dag_decorator to None, run_after=None
[2026-08-12T04:34:05.580+0000] {processor.py:208} INFO - Processing /home/airflow/.local/lib/python3.12/site-packages/airflow/example_dags/example_dag_decorator.py took 0.253 seconds
[2026-08-12T04:36:01.697+0000] {processor.py:186} INFO - Started process (PID=112) to work on /home/airflow/.local/lib/python3.12/site-packages/airflow/example_dags/example_dag_decorator.py
[2026-08-12T04:36:01.700+0000] {processor.py:914} INFO - Processing file /home/airflow/.local/lib/python3.12/site-packages/airflow/example_dags/example_dag_decorator.py for tasks to queue
[2026-08-12T04:36:01.705+0000] {logging_mixin.py:190} INFO - [2026-08-12T04:36:01.704+0000] {dagbag.py:587} INFO - Filling up the DagBag from /home/airflow/.local/lib/python3.12/site-packages/airflow/example_dags/example_dag_decorator.py
[2026-08-12T04:36:01.719+0000] {processor.py:925} INFO - DAG(s) 'example_dag_decorator' retrieved from /home/airflow/.local/lib/python3.12/site-packages/airflow/example_dags/example_dag_decorator.py
[2026-08-12T04:36:01.889+0000] {logging_mixin.py:190} INFO - [2026-08-12T04:36:01.889+0000] {dag.py:3211} INFO - Sync 1 DAGs
[2026-08-12T04:36:01.912+0000] {logging_mixin.py:190} INFO - [2026-08-12T04:36:01.911+0000] {dag.py:4138} INFO - Setting next_dagrun for example_dag_decorator to None, run_after=None
[2026-08-12T04:36:01.952+0000] {processor.py:208} INFO - Processing /home/airflow/.local/lib/python3.12/site-packages/airflow/example_dags/example_dag_decorator.py took 0.261 seconds
[2026-08-12T04:36:32.281+0000] {processor.py:186} INFO - Started process (PID=175) to work on /home/airflow/.local/lib/python3.12/site-packages/airflow/example_dags/example_dag_decorator.py
[2026-08-12T04:36:32.291+0000] {processor.py:914} INFO - Processing file /home/airflow/.local/lib/python3.12/site-packages/airflow/example_dags/example_dag_decorator.py for tasks to queue
[2026-08-12T04:36:32.298+0000] {logging_mixin.py:190} INFO - [2026-08-12T04:36:32.297+0000] {dagbag.py:587} INFO - Filling up the DagBag from /home/airflow/.local/lib/python3.12/site-packages/airflow/example_dags/example_dag_decorator.py
[2026-08-12T04:36:32.348+0000] {processor.py:925} INFO - DAG(s) 'example_dag_decorator' retrieved from /home/airflow/.local/lib/python3.12/site-packages/airflow/example_dags/example_dag_decorator.py
[2026-08-12T04:36:32.619+0000] {logging_mixin.py:190} INFO - [2026-08-12T04:36:32.618+0000] {dag.py:3211} INFO - Sync 1 DAGs
[2026-08-12T04:36:32.645+0000] {logging_mixin.py:190} INFO - [2026-08-12T04:36:32.644+0000] {dag.py:4138} INFO - Setting next_dagrun for example_dag_decorator to None, run_after=None
[2026-08-12T04:36:32.697+0000] {processor.py:208} INFO - Processing /home/airflow/.local/lib/python3.12/site-packages/airflow/example_dags/example_dag_decorator.py took 0.440 seconds
[2026-08-12T04:37:02.894+0000] {processor.py:186} INFO - Started process (PID=237) to work on /home/airflow/.local/lib/python3.12/site-packages/airflow/example_dags/example_dag_decorator.py
[2026-08-12T04:37:02.896+0000] {processor.py:914} INFO - Processing file /home/airflow/.local/lib/python3.12/site-packages/airflow/example_dags/example_dag_decorator.py for tasks to queue
[2026-08-12T04:37:02.900+0000] {logging_mixin.py:190} INFO - [2026-08-12T04:37:02.899+0000] {dagbag.py:587} INFO - Filling up the DagBag from /home/airflow/.local/lib/python3.12/site-packages/airflow/example_dags/example_dag_decorator.py
[2026-08-12T04:37:02.918+0000] {processor.py:925} INFO - DAG(s) 'example_dag_decorator' retrieved from /home/airflow/.local/lib/python3.12/site-packages/airflow/example_dags/example_dag_decorator.py
[2026-08-12T04:37:03.107+0000] {logging_mixin.py:190} INFO - [2026-08-12T04:37:03.107+0000] {dag.py:3211} INFO - Sync 1 DAGs
[2026-08-12T04:37:03.141+0000] {logging_mixin.py:190} INFO - [2026-08-12T04:37:03.141+0000] {dag.py:4138} INFO - Setting next_dagrun for example_dag_decorator to None, run_after=None
[2026-08-12T04:37:03.188+0000] {processor.py:208} INFO - Processing /home/airflow/.local/lib/python3.12/site-packages/airflow/example_dags/example_dag_decorator.py took 0.304 seconds
[2026-08-12T04:37:33.424+0000] {processor.py:186} INFO - Started process (PID=299) to work on /home/airflow/.local/lib/python3.12/site-packages/airflow/example_dags/example_dag_decorator.py
[2026-08-12T04:37:33.427+0000] {processor.py:914} INFO - Processing file /home/airflow/.local/lib/python3.12/site-packages/airflow/example_dags/example_dag_decorator.py for tasks to queue
[2026-08-12T04:37:33.437+0000] {logging_mixin.py:190} INFO - [2026-08-12T04:37:33.435+0000] {dagbag.py:587} INFO - Filling up the DagBag from /home/airflow/.local/lib/python3.12/site-packages/airflow/example_dags/example_dag_decorator.py
[2026-08-12T04:37:33.462+0000] {processor.py:925} INFO - DAG(s) 'example_dag_decorator' retrieved from /home/airflow/.local/lib/python3.12/site-packages/airflow/example_dags/example_dag_decorator.py
[2026-08-12T04:37:33.655+0000] {logging_mixin.py:190} INFO - [2026-08-12T04:37:33.654+0000] {dag.py:3211} INFO - Sync 1 DAGs
[2026-08-12T04:37:33.669+0000] {logging_mixin.py:190} INFO - [2026-08-12T04:37:33.668+0000] {dag.py:4138} INFO - Setting next_dagrun for example_dag_decorator to None, run_after=None
[2026-08-12T04:37:33.697+0000] {processor.py:208} INFO - Processing /home/airflow/.local/lib/python3.12/site-packages/airflow/example_dags/example_dag_decorator.py took 0.289 seconds
[2026-08-12T04:38:04.615+0000] {processor.py:186} INFO - Started process (PID=361) to work on /home/airflow/.local/lib/python3.12/site-packages/airflow/example_dags/example_dag_decorator.py
[2026-08-12T04:38:04.617+0000] {processor.py:914} INFO - Processing file /home/airflow/.local/lib/python3.12/site-packages/airflow/example_dags/example_dag_decorator.py for tasks to queue
[2026-08-12T04:38:04.624+0000] {logging_mixin.py:190} INFO - [2026-08-12T04:38:04.619+0000] {dagbag.py:587} INFO - Filling up the DagBag from /home/airflow/.local/lib/python3.12/site-packages/airflow/example_dags/example_dag_decorator.py
[2026-08-12T04:38:04.652+0000] {processor.py:925} INFO - DAG(s) 'example_dag_decorator' retrieved from /home/airflow/.local/lib/python3.12/site-packages/airflow/example_dags/example_dag_decorator.py
[2026-08-12T04:38:04.783+0000] {logging_mixin.py:190} INFO - [2026-08-12T04:38:04.783+0000] {dag.py:3211} INFO - Sync 1 DAGs
[2026-08-12T04:38:04.796+0000] {logging_mixin.py:190} INFO - [2026-08-12T04:38:04.796+0000] {dag.py:4138} INFO - Setting next_dagrun for example_dag_decorator to None, run_after=None
[2026-08-12T04:38:04.820+0000] {processor.py:208} INFO - Processing /home/airflow/.local/lib/python3.12/site-packages/airflow/example_dags/example_dag_decorator.py took 0.210 seconds
[2026-08-12T04:38:34.951+0000] {processor.py:186} INFO - Started process (PID=422) to work on /home/airflow/.local/lib/python3.12/site-packages/airflow/example_dags/example_dag_decorator.py
[2026-08-12T04:38:34.955+0000] {processor.py:914} INFO - Processing file /home/airflow/.local/lib/python3.12/site-packages/airflow/example_dags/example_dag_decorator.py for tasks to queue
[2026-08-12T04:38:34.959+0000] {logging_mixin.py:190} INFO - [2026-08-12T04:38:34.958+0000] {dagbag.py:587} INFO - Filling up the DagBag from /home/airflow/.local/lib/python3.12/site-packages/airflow/example_dags/example_dag_decorator.py
[2026-08-12T04:38:34.977+0000] {processor.py:925} INFO - DAG(s) 'example_dag_decorator' retrieved from /home/airflow/.local/lib/python3.12/site-packages/airflow/example_dags/example_dag_decorator.py
[2026-08-12T04:38:35.168+0000] {logging_mixin.py:190} INFO - [2026-08-12T04:38:35.167+0000] {dag.py:3211} INFO - Sync 1 DAGs
[2026-08-12T04:38:35.211+0000] {logging_mixin.py:190} INFO - [2026-08-12T04:38:35.210+0000] {dag.py:4138} INFO - Setting next_dagrun for example_dag_decorator to None, run_after=None
[2026-08-12T04:38:35.294+0000] {processor.py:208} INFO - Processing /home/airflow/.local/lib/python3.12/site-packages/airflow/example_dags/example_dag_decorator.py took 0.352 seconds
[2026-08-12T04:39:06.280+0000] {processor.py:186} INFO - Started process (PID=484) to work on /home/airflow/.local/lib/python3.12/site-packages/airflow/example_dags/example_dag_decorator.py
[2026-08-12T04:39:06.282+0000] {processor.py:914} INFO - Processing file /home/airflow/.local/lib/python3.12/site-packages/airflow/example_dags/example_dag_decorator.py for tasks to queue
[2026-08-12T04:39:06.288+0000] {logging_mixin.py:190} INFO - [2026-08-12T04:39:06.286+0000] {dagbag.py:587} INFO - Filling up the DagBag from /home/airflow/.local/lib/python3.12/site-packages/airflow/example_dags/example_dag_decorator.py
[2026-08-12T04:39:06.311+0000] {processor.py:925} INFO - DAG(s) 'example_dag_decorator' retrieved from /home/airflow/.local/lib/python3.12/site-packages/airflow/example_dags/example_dag_decorator.py
[2026-08-12T04:39:06.348+0000] {logging_mixin.py:190} INFO - [2026-08-12T04:39:06.348+0000] {dag.py:3211} INFO - Sync 1 DAGs
[2026-08-12T04:39:06.370+0000] {logging_mixin.py:190} INFO - [2026-08-12T04:39:06.370+0000] {dag.py:4138} INFO - Setting next_dagrun for example_dag_decorator to None, run_after=None
[2026-08-12T04:39:06.407+0000] {processor.py:208} INFO - Processing /home/airflow/.local/lib/python3.12/site-packages/airflow/example_dags/example_dag_decorator.py took 0.134 seconds
[2026-08-12T04:39:38.186+0000] {processor.py:186} INFO - Started process (PID=546) to work on /home/airflow/.local/lib/python3.12/site-packages/airflow/example_dags/example_dag_decorator.py
[2026-08-12T04:39:38.195+0000] {processor.py:914} INFO - Processing file /home/airflow/.local/lib/python3.12/site-packages/airflow/example_dags/example_dag_decorator.py for tasks to queue
[2026-08-12T04:39:38.206+0000] {logging_mixin.py:190} INFO - [2026-08-12T04:39:38.205+0000] {dagbag.py:587} INFO - Filling up the DagBag from /home/airflow/.local/lib/python3.12/site-packages/airflow/example_dags/example_dag_decorator.py
[2026-08-12T04:39:38.236+0000] {processor.py:925} INFO - DAG(s) 'example_dag_decorator' retrieved from /home/airflow/.local/lib/python3.12/site-packages/airflow/example_dags/example_dag_decorator.py
[2026-08-12T04:39:38.534+0000] {logging_mixin.py:190} INFO - [2026-08-12T04:39:38.534+0000] {dag.py:3211} INFO - Sync 1 DAGs
[2026-08-12T04:39:38.583+0000] {logging_mixin.py:190} INFO - [2026-08-12T04:39:38.583+0000] {dag.py:4138} INFO - Setting next_dagrun for example_dag_decorator to None, run_after=None
[2026-08-12T04:39:38.637+0000] {processor.py:208} INFO - Processing /home/airflow/.local/lib/python3.12/site-packages/airflow/example_dags/example_dag_decorator.py took 0.469 seconds
[2026-08-12T04:40:09.270+0000] {processor.py:186} INFO - Started process (PID=608) to work on /home/airflow/.local/lib/python3.12/site-packages/airflow/example_dags/example_dag_decorator.py
[2026-08-12T04:40:09.274+0000] {processor.py:914} INFO - Processing file /home/airflow/.local/lib/python3.12/site-packages/airflow/example_dags/example_dag_decorator.py for tasks to queue
[2026-08-12T04:40:09.280+0000] {logging_mixin.py:190} INFO - [2026-08-12T04:40:09.279+0000] {dagbag.py:587} INFO - Filling up the DagBag from /home/airflow/.local/lib/python3.12/site-packages/airflow/example_dags/example_dag_decorator.py
[2026-08-12T04:40:09.307+0000] {processor.py:925} INFO - DAG(s) 'example_dag_decorator' retrieved from /home/airflow/.local/lib/python3.12/site-packages/airflow/example_dags/example_dag_decorator.py
[2026-08-12T04:40:09.529+0000] {logging_mixin.py:190} INFO - [2026-08-12T04:40:09.529+0000] {dag.py:3211} INFO - Sync 1 DAGs
[2026-08-12T04:40:09.551+0000] {logging_mixin.py:190} INFO - [2026-08-12T04:40:09.551+0000] {dag.py:4138} INFO - Setting next_dagrun for example_dag_decorator to None, run_after=None
[2026-08-12T04:40:09.591+0000] {processor.py:208} INFO - Processing /home/airflow/.local/lib/python3.12/site-packages/airflow/example_dags/example_dag_decorator.py took 0.331 seconds
[2026-08-12T04:40:39.680+0000] {processor.py:186} INFO - Started process (PID=670) to work on /home/airflow/.local/lib/python3.12/site-packages/airflow/example_dags/example_dag_decorator.py
[2026-08-12T04:40:39.683+0000] {processor.py:914} INFO - Processing file /home/airflow/.local/lib/python3.12/site-packages/airflow/example_dags/example_dag_decorator.py for tasks to queue
[2026-08-12T04:40:39.689+0000] {logging_mixin.py:190} INFO - [2026-08-12T04:40:39.688+0000] {dagbag.py:587} INFO - Filling up the DagBag from /home/airflow/.local/lib/python3.12/site-packages/airflow/example_dags/example_dag_decorator.py
[2026-08-12T04:40:39.719+0000] {processor.py:925} INFO - DAG(s) 'example_dag_decorator' retrieved from /home/airflow/.local/lib/python3.12/site-packages/airflow/example_dags/example_dag_decorator.py
[2026-08-12T04:40:39.902+0000] {logging_mixin.py:190} INFO - [2026-08-12T04:40:39.902+0000] {dag.py:3211} INFO - Sync 1 DAGs
[2026-08-12T04:40:39.919+0000] {logging_mixin.py:190} INFO - [2026-08-12T04:40:39.919+0000] {dag.py:4138} INFO - Setting next_dagrun for example_dag_decorator to None, run_after=None
[2026-08-12T04:40:39.948+0000] {processor.py:208} INFO - Processing /home/airflow/.local/lib/python3.12/site-packages/airflow/example_dags/example_dag_decorator.py took 0.284 seconds
[2026-08-12T04:41:10.038+0000] {processor.py:186} INFO - Started process (PID=732) to work on /home/airflow/.local/lib/python3.12/site-packages/airflow/example_dags/example_dag_decorator.py
[2026-08-12T04:41:10.041+0000] {processor.py:914} INFO - Processing file /home/airflow/.local/lib/python3.12/site-packages/airflow/example_dags/example_dag_decorator.py for tasks to queue
[2026-08-12T04:41:10.046+0000] {logging_mixin.py:190} INFO - [2026-08-12T04:41:10.045+0000] {dagbag.py:587} INFO - Filling up the DagBag from /home/airflow/.local/lib/python3.12/site-packages/airflow/example_dags/example_dag_decorator.py
[2026-08-12T04:41:10.062+0000] {processor.py:925} INFO - DAG(s) 'example_dag_decorator' retrieved from /home/airflow/.local/lib/python3.12/site-packages/airflow/example_dags/example_dag_decorator.py
[2026-08-12T04:41:10.186+0000] {logging_mixin.py:190} INFO - [2026-08-12T04:41:10.185+0000] {dag.py:3211} INFO - Sync 1 DAGs
[2026-08-12T04:41:10.203+0000] {logging_mixin.py:190} INFO - [2026-08-12T04:41:10.202+0000] {dag.py:4138} INFO - Setting next_dagrun for example_dag_decorator to None, run_after=None
[2026-08-12T04:41:10.230+0000] {processor.py:208} INFO - Processing /home/airflow/.local/lib/python3.12/site-packages/airflow/example_dags/example_dag_decorator.py took 0.200 seconds
[2026-08-12T04:41:40.340+0000] {processor.py:186} INFO - Started process (PID=794) to work on /home/airflow/.local/lib/python3.12/site-packages/airflow/example_dags/example_dag_decorator.py
[2026-08-12T04:41:40.343+0000] {processor.py:914} INFO - Processing file /home/airflow/.local/lib/python3.12/site-packages/airflow/example_dags/example_dag_decorator.py for tasks to queue
[2026-08-12T04:41:40.347+0000] {logging_mixin.py:190} INFO - [2026-08-12T04:41:40.346+0000] {dagbag.py:587} INFO - Filling up the DagBag from /home/airflow/.local/lib/python3.12/site-packages/airflow/example_dags/example_dag_decorator.py
[2026-08-12T04:41:40.362+0000] {processor.py:925} INFO - DAG(s) 'example_dag_decorator' retrieved from /home/airflow/.local/lib/python3.12/site-packages/airflow/example_dags/example_dag_decorator.py
[2026-08-12T04:41:40.511+0000] {logging_mixin.py:190} INFO - [2026-08-12T04:41:40.510+0000] {dag.py:3211} INFO - Sync 1 DAGs
[2026-08-12T04:41:40.541+0000] {logging_mixin.py:190} INFO - [2026-08-12T04:41:40.540+0000] {dag.py:4138} INFO - Setting next_dagrun for example_dag_decorator to None, run_after=None
[2026-08-12T04:41:40.584+0000] {processor.py:208} INFO - Processing /home/airflow/.local/lib/python3.12/site-packages/airflow/example_dags/example_dag_decorator.py took 0.250 seconds
[2026-08-12T04:42:10.694+0000] {processor.py:186} INFO - Started process (PID=856) to work on /home/airflow/.local/lib/python3.12/site-packages/airflow/example_dags/example_dag_decorator.py
[2026-08-12T04:42:10.696+0000] {processor.py:914} INFO - Processing file /home/airflow/.local/lib/python3.12/site-packages/airflow/example_dags/example_dag_decorator.py for tasks to queue
[2026-08-12T04:42:10.699+0000] {logging_mixin.py:190} INFO - [2026-08-12T04:42:10.699+0000] {dagbag.py:587} INFO - Filling up the DagBag from /home/airflow/.local/lib/python3.12/site-packages/airflow/example_dags/example_dag_decorator.py
[2026-08-12T04:42:10.717+0000] {processor.py:925} INFO - DAG(s) 'example_dag_decorator' retrieved from /home/airflow/.local/lib/python3.12/site-packages/airflow/example_dags/example_dag_decorator.py
[2026-08-12T04:42:10.812+0000] {logging_mixin.py:190} INFO - [2026-08-12T04:42:10.812+0000] {dag.py:3211} INFO - Sync 1 DAGs
[2026-08-12T04:42:10.825+0000] {logging_mixin.py:190} INFO - [2026-08-12T04:42:10.825+0000] {dag.py:4138} INFO - Setting next_dagrun for example_dag_decorator to None, run_after=None
[2026-08-12T04:42:10.844+0000] {processor.py:208} INFO - Processing /home/airflow/.local/lib/python3.12/site-packages/airflow/example_dags/example_dag_decorator.py took 0.155 seconds
[2026-08-12T04:42:41.201+0000] {processor.py:186} INFO - Started process (PID=918) to work on /home/airflow/.local/lib/python3.12/site-packages/airflow/example_dags/example_dag_decorator.py
[2026-08-12T04:42:41.203+0000] {processor.py:914} INFO - Processing file /home/airflow/.local/lib/python3.12/site-packages/airflow/example_dags/example_dag_decorator.py for tasks to queue
[2026-08-12T04:42:41.207+0000] {logging_mixin.py:190} INFO - [2026-08-12T04:42:41.206+0000] {dagbag.py:587} INFO - Filling up the DagBag from /home/airflow/.local/lib/python3.12/site-packages/airflow/example_dags/example_dag_decorator.py
[2026-08-12T04:42:41.220+0000] {processor.py:925} INFO - DAG(s) 'example_dag_decorator' retrieved from /home/airflow/.local/lib/python3.12/site-packages/airflow/example_dags/example_dag_decorator.py
[2026-08-12T04:42:41.244+0000] {logging_mixin.py:190} INFO - [2026-08-12T04:42:41.243+0000] {dag.py:3211} INFO - Sync 1 DAGs
[2026-08-12T04:42:41.260+0000] {logging_mixin.py:190} INFO - [2026-08-12T04:42:41.260+0000] {dag.py:4138} INFO - Setting next_dagrun for example_dag_decorator to None, run_after=None
[2026-08-12T04:42:41.286+0000] {processor.py:208} INFO - Processing /home/airflow/.local/lib/python3.12/site-packages/airflow/example_dags/example_dag_decorator.py took 0.091 seconds
[2026-08-12T04:43:11.432+0000] {processor.py:186} INFO - Started process (PID=980) to work on /home/airflow/.local/lib/python3.12/site-packages/airflow/example_dags/example_dag_decorator.py
[2026-08-12T04:43:11.434+0000] {processor.py:914} INFO - Processing file /home/airflow/.local/lib/python3.12/site-packages/airflow/example_dags/example_dag_decorator.py for tasks to queue
[2026-08-12T04:43:11.438+0000] {logging_mixin.py:190} INFO - [2026-08-12T04:43:11.437+0000] {dagbag.py:587} INFO - Filling up the DagBag from /home/airflow/.local/lib/python3.12/site-packages/airflow/example_dags/example_dag_decorator.py
[2026-08-12T04:43:11.451+0000] {processor.py:925} INFO - DAG(s) 'example_dag_decorator' retrieved from /home/airflow/.local/lib/python3.12/site-packages/airflow/example_dags/example_dag_decorator.py
[2026-08-12T04:43:11.485+0000] {logging_mixin.py:190} INFO - [2026-08-12T04:43:11.485+0000] {dag.py:3211} INFO - Sync 1 DAGs
[2026-08-12T04:43:11.516+0000] {logging_mixin.py:190} INFO - [2026-08-12T04:43:11.515+0000] {dag.py:4138} INFO - Setting next_dagrun for example_dag_decorator to None, run_after=None
[2026-08-12T04:43:11.541+0000] {processor.py:208} INFO - Processing /home/airflow/.local/lib/python3.12/site-packages/airflow/example_dags/example_dag_decorator.py took 0.115 seconds
[2026-08-12T04:43:42.543+0000] {processor.py:186} INFO - Started process (PID=1048) to work on /home/airflow/.local/lib/python3.12/site-packages/airflow/example_dags/example_dag_decorator.py
[2026-08-12T04:43:42.545+0000] {processor.py:914} INFO - Processing file /home/airflow/.local/lib/python3.12/site-packages/airflow/example_dags/example_dag_decorator.py for tasks to queue
[2026-08-12T04:43:42.551+0000] {logging_mixin.py:190} INFO - [2026-08-12T04:43:42.550+0000] {dagbag.py:587} INFO - Filling up the DagBag from /home/airflow/.local/lib/python3.12/site-packages/airflow/example_dags/example_dag_decorator.py
[2026-08-12T04:43:42.573+0000] {processor.py:925} INFO - DAG(s) 'example_dag_decorator' retrieved from /home/airflow/.local/lib/python3.12/site-packages/airflow/example_dags/example_dag_decorator.py
[2026-08-12T04:43:42.809+0000] {logging_mixin.py:190} INFO - [2026-08-12T04:43:42.809+0000] {dag.py:3211} INFO - Sync 1 DAGs
[2026-08-12T04:43:42.826+0000] {logging_mixin.py:190} INFO - [2026-08-12T04:43:42.825+0000] {dag.py:4138} INFO - Setting next_dagrun for example_dag_decorator to None, run_after=None
[2026-08-12T04:43:42.846+0000] {processor.py:208} INFO - Processing /home/airflow/.local/lib/python3.12/site-packages/airflow/example_dags/example_dag_decorator.py took 0.309 seconds
[2026-08-12T04:44:13.898+0000] {processor.py:186} INFO - Started process (PID=1110) to work on /home/airflow/.local/lib/python3.12/site-packages/airflow/example_dags/example_dag_decorator.py
[2026-08-12T04:44:13.901+0000] {processor.py:914} INFO - Processing file /home/airflow/.local/lib/python3.12/site-packages/airflow/example_dags/example_dag_decorator.py for tasks to queue
[2026-08-12T04:44:13.905+0000] {logging_mixin.py:190} INFO - [2026-08-12T04:44:13.904+0000] {dagbag.py:587} INFO - Filling up the DagBag from /home/airflow/.local/lib/python3.12/site-packages/airflow/example_dags/example_dag_decorator.py
[2026-08-12T04:44:13.922+0000] {processor.py:925} INFO - DAG(s) 'example_dag_decorator' retrieved from /home/airflow/.local/lib/python3.12/site-packages/airflow/example_dags/example_dag_decorator.py
[2026-08-12T04:44:14.098+0000] {logging_mixin.py:190} INFO - [2026-08-12T04:44:14.098+0000] {dag.py:3211} INFO - Sync 1 DAGs
[2026-08-12T04:44:14.116+0000] {logging_mixin.py:190} INFO - [2026-08-12T04:44:14.116+0000] {dag.py:4138} INFO - Setting next_dagrun for example_dag_decorator to None, run_after=None
[2026-08-12T04:44:14.146+0000] {processor.py:208} INFO - Processing /home/airflow/.local/lib/python3.12/site-packages/airflow/example_dags/example_dag_decorator.py took 0.259 seconds
[2026-08-12T04:44:45.166+0000] {processor.py:186} INFO - Started process (PID=1173) to work on /home/airflow/.local/lib/python3.12/site-packages/airflow/example_dags/example_dag_decorator.py
[2026-08-12T04:44:45.168+0000] {processor.py:914} INFO - Processing file /home/airflow/.local/lib/python3.12/site-packages/airflow/example_dags/example_dag_decorator.py for tasks to queue
[2026-08-12T04:44:45.172+0000] {logging_mixin.py:190} INFO - [2026-08-12T04:44:45.171+0000] {dagbag.py:587} INFO - Filling up the DagBag from /home/airflow/.local/lib/python3.12/site-packages/airflow/example_dags/example_dag_decorator.py
[2026-08-12T04:44:45.192+0000] {processor.py:925} INFO - DAG(s) 'example_dag_decorator' retrieved from /home/airflow/.local/lib/python3.12/site-packages/airflow/example_dags/example_dag_decorator.py
[2026-08-12T04:44:45.313+0000] {logging_mixin.py:190} INFO - [2026-08-12T04:44:45.312+0000] {dag.py:3211} INFO - Sync 1 DAGs
[2026-08-12T04:44:45.327+0000] {logging_mixin.py:190} INFO - [2026-08-12T04:44:45.327+0000] {dag.py:4138} INFO - Setting next_dagrun for example_dag_decorator to None, run_after=None
[2026-08-12T04:44:45.358+0000] {processor.py:208} INFO - Processing /home/airflow/.local/lib/python3.12/site-packages/airflow/example_dags/example_dag_decorator.py took 0.199 seconds
[2026-08-12T04:45:15.674+0000] {processor.py:186} INFO - Started process (PID=1236) to work on /home/airflow/.local/lib/python3.12/site-packages/airflow/example_dags/example_dag_decorator.py
[2026-08-12T04:45:15.680+0000] {processor.py:914} INFO - Processing file /home/airflow/.local/lib/python3.12/site-packages/airflow/example_dags/example_dag_decorator.py for tasks to queue
[2026-08-12T04:45:15.690+0000] {logging_mixin.py:190} INFO - [2026-08-12T04:45:15.690+0000] {dagbag.py:587} INFO - Filling up the DagBag from /home/airflow/.local/lib/python3.12/site-packages/airflow/example_dags/example_dag_decorator.py
[2026-08-12T04:45:15.733+0000] {processor.py:925} INFO - DAG(s) 'example_dag_decorator' retrieved from /home/airflow/.local/lib/python3.12/site-packages/airflow/example_dags/example_dag_decorator.py
[2026-08-12T04:45:15.959+0000] {logging_mixin.py:190} INFO - [2026-08-12T04:45:15.958+0000] {dag.py:3211} INFO - Sync 1 DAGs
[2026-08-12T04:45:15.993+0000] {logging_mixin.py:190} INFO - [2026-08-12T04:45:15.992+0000] {dag.py:4138} INFO - Setting next_dagrun for example_dag_decorator to None, run_after=None
[2026-08-12T04:45:16.031+0000] {processor.py:208} INFO - Processing /home/airflow/.local/lib/python3.12/site-packages/airflow/example_dags/example_dag_decorator.py took 0.373 seconds
[2026-08-12T04:45:46.493+0000] {processor.py:186} INFO - Started process (PID=1297) to work on /home/airflow/.local/lib/python3.12/site-packages/airflow/example_dags/example_dag_decorator.py
[2026-08-12T04:45:46.496+0000] {processor.py:914} INFO - Processing file /home/airflow/.local/lib/python3.12/site-packages/airflow/example_dags/example_dag_decorator.py for tasks to queue
[2026-08-12T04:45:46.500+0000] {logging_mixin.py:190} INFO - [2026-08-12T04:45:46.500+0000] {dagbag.py:587} INFO - Filling up the DagBag from /home/airflow/.local/lib/python3.12/site-packages/airflow/example_dags/example_dag_decorator.py
[2026-08-12T04:45:46.517+0000] {processor.py:925} INFO - DAG(s) 'example_dag_decorator' retrieved from /home/airflow/.local/lib/python3.12/site-packages/airflow/example_dags/example_dag_decorator.py
[2026-08-12T04:45:46.565+0000] {logging_mixin.py:190} INFO - [2026-08-12T04:45:46.565+0000] {dag.py:3211} INFO - Sync 1 DAGs
[2026-08-12T04:45:46.597+0000] {logging_mixin.py:190} INFO - [2026-08-12T04:45:46.596+0000] {dag.py:4138} INFO - Setting next_dagrun for example_dag_decorator to None, run_after=None
[2026-08-12T04:45:46.643+0000] {processor.py:208} INFO - Processing /home/airflow/.local/lib/python3.12/site-packages/airflow/example_dags/example_dag_decorator.py took 0.159 seconds
[2026-08-12T04:46:16.974+0000] {processor.py:186} INFO - Started process (PID=1359) to work on /home/airflow/.local/lib/python3.12/site-packages/airflow/example_dags/example_dag_decorator.py
[2026-08-12T04:46:16.980+0000] {processor.py:914} INFO - Processing file /home/airflow/.local/lib/python3.12/site-packages/airflow/example_dags/example_dag_decorator.py for tasks to queue
[2026-08-12T04:46:16.984+0000] {logging_mixin.py:190} INFO - [2026-08-12T04:46:16.984+0000] {dagbag.py:587} INFO - Filling up the DagBag from /home/airflow/.local/lib/python3.12/site-packages/airflow/example_dags/example_dag_decorator.py
[2026-08-12T04:46:17.007+0000] {processor.py:925} INFO - DAG(s) 'example_dag_decorator' retrieved from /home/airflow/.local/lib/python3.12/site-packages/airflow/example_dags/example_dag_decorator.py
[2026-08-12T04:46:17.048+0000] {logging_mixin.py:190} INFO - [2026-08-12T04:46:17.048+0000] {dag.py:3211} INFO - Sync 1 DAGs
[2026-08-12T04:46:17.081+0000] {logging_mixin.py:190} INFO - [2026-08-12T04:46:17.080+0000] {dag.py:4138} INFO - Setting next_dagrun for example_dag_decorator to None, run_after=None
[2026-08-12T04:46:17.110+0000] {processor.py:208} INFO - Processing /home/airflow/.local/lib/python3.12/site-packages/airflow/example_dags/example_dag_decorator.py took 0.143 seconds
[2026-08-12T04:46:47.967+0000] {processor.py:186} INFO - Started process (PID=1421) to work on /home/airflow/.local/lib/python3.12/site-packages/airflow/example_dags/example_dag_decorator.py
[2026-08-12T04:46:47.969+0000] {processor.py:914} INFO - Processing file /home/airflow/.local/lib/python3.12/site-packages/airflow/example_dags/example_dag_decorator.py for tasks to queue
[2026-08-12T04:46:47.972+0000] {logging_mixin.py:190} INFO - [2026-08-12T04:46:47.972+0000] {dagbag.py:587} INFO - Filling up the DagBag from /home/airflow/.local/lib/python3.12/site-packages/airflow/example_dags/example_dag_decorator.py
[2026-08-12T04:46:47.991+0000] {processor.py:925} INFO - DAG(s) 'example_dag_decorator' retrieved from /home/airflow/.local/lib/python3.12/site-packages/airflow/example_dags/example_dag_decorator.py
[2026-08-12T04:46:48.024+0000] {logging_mixin.py:190} INFO - [2026-08-12T04:46:48.024+0000] {dag.py:3211} INFO - Sync 1 DAGs
[2026-08-12T04:46:48.050+0000] {logging_mixin.py:190} INFO - [2026-08-12T04:46:48.050+0000] {dag.py:4138} INFO - Setting next_dagrun for example_dag_decorator to None, run_after=None
[2026-08-12T04:46:48.096+0000] {processor.py:208} INFO - Processing /home/airflow/.local/lib/python3.12/site-packages/airflow/example_dags/example_dag_decorator.py took 0.138 seconds
