[2026-08-12T04:31:53.428+0000] {processor.py:186} INFO - Started process (PID=86) to work on /home/airflow/.local/lib/python3.12/site-packages/airflow/example_dags/example_setup_teardown.py
[2026-08-12T04:31:53.435+0000] {processor.py:914} INFO - Processing file /home/airflow/.local/lib/python3.12/site-packages/airflow/example_dags/example_setup_teardown.py for tasks to queue
[2026-08-12T04:31:53.456+0000] {logging_mixin.py:190} INFO - [2026-08-12T04:31:53.455+0000] {dagbag.py:587} INFO - Filling up the DagBag from /home/airflow/.local/lib/python3.12/site-packages/airflow/example_dags/example_setup_teardown.py
[2026-08-12T04:31:53.481+0000] {processor.py:925} INFO - DAG(s) 'example_setup_teardown' retrieved from /home/airflow/.local/lib/python3.12/site-packages/airflow/example_dags/example_setup_teardown.py
[2026-08-12T04:31:53.936+0000] {logging_mixin.py:190} INFO - [2026-08-12T04:31:53.932+0000] {override.py:1858} INFO - Created Permission View: can edit on DAG:example_setup_teardown
[2026-08-12T04:31:53.996+0000] {logging_mixin.py:190} INFO - [2026-08-12T04:31:53.995+0000] {override.py:1858} INFO - Created Permission View: can read on DAG:example_setup_teardown
[2026-08-12T04:31:54.058+0000] {logging_mixin.py:190} INFO - [2026-08-12T04:31:54.058+0000] {override.py:1858} INFO - Created Permission View: can delete on DAG:example_setup_teardown
[2026-08-12T04:31:54.068+0000] {logging_mixin.py:190} INFO - [2026-08-12T04:31:54.068+0000] {dag.py:3211} INFO - Sync 1 DAGs
[2026-08-12T04:31:54.147+0000] {logging_mixin.py:190} INFO - [2026-08-12T04:31:54.146+0000] {dag.py:3234} INFO - Creating ORM DAG for example_setup_teardown
[2026-08-12T04:31:54.186+0000] {logging_mixin.py:190} INFO - [2026-08-12T04:31:54.185+0000] {dag.py:4138} INFO - Setting next_dagrun for example_setup_teardown to 2026-08-11 00:00:00+00:00, run_after=2026-08-12 00:00:00+00:00
[2026-08-12T04:31:54.356+0000] {processor.py:208} INFO - Processing /home/airflow/.local/lib/python3.12/site-packages/airflow/example_dags/example_setup_teardown.py took 0.931 seconds
[2026-08-12T04:32:25.061+0000] {processor.py:186} INFO - Started process (PID=156) to work on /home/airflow/.local/lib/python3.12/site-packages/airflow/example_dags/example_setup_teardown.py
[2026-08-12T04:32:25.063+0000] {processor.py:914} INFO - Processing file /home/airflow/.local/lib/python3.12/site-packages/airflow/example_dags/example_setup_teardown.py for tasks to queue
[2026-08-12T04:32:25.073+0000] {logging_mixin.py:190} INFO - [2026-08-12T04:32:25.072+0000] {dagbag.py:587} INFO - Filling up the DagBag from /home/airflow/.local/lib/python3.12/site-packages/airflow/example_dags/example_setup_teardown.py
[2026-08-12T04:32:25.089+0000] {processor.py:925} INFO - DAG(s) 'example_setup_teardown' retrieved from /home/airflow/.local/lib/python3.12/site-packages/airflow/example_dags/example_setup_teardown.py
[2026-08-12T04:32:25.121+0000] {logging_mixin.py:190} INFO - [2026-08-12T04:32:25.121+0000] {dag.py:3211} INFO - Sync 1 DAGs
[2026-08-12T04:32:25.157+0000] {logging_mixin.py:190} INFO - [2026-08-12T04:32:25.156+0000] {dag.py:4138} INFO - Setting next_dagrun for example_setup_teardown to 2026-08-11 00:00:00+00:00, run_after=2026-08-12 00:00:00+00:00
[2026-08-12T04:32:25.194+0000] {processor.py:208} INFO - Processing /home/airflow/.local/lib/python3.12/site-packages/airflow/example_dags/example_setup_teardown.py took 0.139 seconds
[2026-08-12T04:32:55.475+0000] {processor.py:186} INFO - Started process (PID=218) to work on /home/airflow/.local/lib/python3.12/site-packages/airflow/example_dags/example_setup_teardown.py
[2026-08-12T04:32:55.477+0000] {processor.py:914} INFO - Processing file /home/airflow/.local/lib/python3.12/site-packages/airflow/example_dags/example_setup_teardown.py for tasks to queue
[2026-08-12T04:32:55.481+0000] {logging_mixin.py:190} INFO - [2026-08-12T04:32:55.480+0000] {dagbag.py:587} INFO - Filling up the DagBag from /home/airflow/.local/lib/python3.12/site-packages/airflow/example_dags/example_setup_teardown.py
[2026-08-12T04:32:55.493+0000] {processor.py:925} INFO - DAG(s) 'example_setup_teardown' retrieved from /home/airflow/.local/lib/python3.12/site-packages/airflow/example_dags/example_setup_teardown.py
[2026-08-12T04:32:55.521+0000] {logging_mixin.py:190} INFO - [2026-08-12T04:32:55.521+0000] {dag.py:3211} INFO - Sync 1 DAGs
[2026-08-12T04:32:55.559+0000] {logging_mixin.py:190} INFO - [2026-08-12T04:32:55.558+0000] {dag.py:4138} INFO - Setting next_dagrun for example_setup_teardown to 2026-08-11 00:00:00+00:00, run_after=2026-08-12 00:00:00+00:00
[2026-08-12T04:32:55.604+0000] {processor.py:208} INFO - Processing /home/airflow/.local/lib/python3.12/site-packages/airflow/example_dags/example_setup_teardown.py took 0.136 seconds
[2026-08-12T04:33:25.926+0000] {processor.py:186} INFO - Started process (PID=280) to work on /home/airflow/.local/lib/python3.12/site-packages/airflow/example_dags/example_setup_teardown.py
[2026-08-12T04:33:25.927+0000] {processor.py:914} INFO - Processing file /home/airflow/.local/lib/python3.12/site-packages/airflow/example_dags/example_setup_teardown.py for tasks to queue
[2026-08-12T04:33:25.932+0000] {logging_mixin.py:190} INFO - [2026-08-12T04:33:25.931+0000] {dagbag.py:587} INFO - Filling up the DagBag from /home/airflow/.local/lib/python3.12/site-packages/airflow/example_dags/example_setup_teardown.py
[2026-08-12T04:33:25.952+0000] {processor.py:925} INFO - DAG(s) 'example_setup_teardown' retrieved from /home/airflow/.local/lib/python3.12/site-packages/airflow/example_dags/example_setup_teardown.py
[2026-08-12T04:33:25.992+0000] {logging_mixin.py:190} INFO - [2026-08-12T04:33:25.991+0000] {dag.py:3211} INFO - Sync 1 DAGs
[2026-08-12T04:33:26.101+0000] {logging_mixin.py:190} INFO - [2026-08-12T04:33:26.100+0000] {dag.py:4138} INFO - Setting next_dagrun for example_setup_teardown to 2026-08-11 00:00:00+00:00, run_after=2026-08-12 00:00:00+00:00
[2026-08-12T04:33:26.177+0000] {processor.py:208} INFO - Processing /home/airflow/.local/lib/python3.12/site-packages/airflow/example_dags/example_setup_teardown.py took 0.263 seconds
[2026-08-12T04:33:56.904+0000] {processor.py:186} INFO - Started process (PID=342) to work on /home/airflow/.local/lib/python3.12/site-packages/airflow/example_dags/example_setup_teardown.py
[2026-08-12T04:33:56.908+0000] {processor.py:914} INFO - Processing file /home/airflow/.local/lib/python3.12/site-packages/airflow/example_dags/example_setup_teardown.py for tasks to queue
[2026-08-12T04:33:56.913+0000] {logging_mixin.py:190} INFO - [2026-08-12T04:33:56.913+0000] {dagbag.py:587} INFO - Filling up the DagBag from /home/airflow/.local/lib/python3.12/site-packages/airflow/example_dags/example_setup_teardown.py
[2026-08-12T04:33:56.930+0000] {processor.py:925} INFO - DAG(s) 'example_setup_teardown' retrieved from /home/airflow/.local/lib/python3.12/site-packages/airflow/example_dags/example_setup_teardown.py
[2026-08-12T04:33:56.971+0000] {logging_mixin.py:190} INFO - [2026-08-12T04:33:56.970+0000] {dag.py:3211} INFO - Sync 1 DAGs
[2026-08-12T04:33:57.012+0000] {logging_mixin.py:190} INFO - [2026-08-12T04:33:57.012+0000] {dag.py:4138} INFO - Setting next_dagrun for example_setup_teardown to 2026-08-11 00:00:00+00:00, run_after=2026-08-12 00:00:00+00:00
[2026-08-12T04:33:57.057+0000] {processor.py:208} INFO - Processing /home/airflow/.local/lib/python3.12/site-packages/airflow/example_dags/example_setup_teardown.py took 0.162 seconds
[2026-08-12T04:34:27.836+0000] {processor.py:186} INFO - Started process (PID=404) to work on /home/airflow/.local/lib/python3.12/site-packages/airflow/example_dags/example_setup_teardown.py
[2026-08-12T04:34:27.839+0000] {processor.py:914} INFO - Processing file /home/airflow/.local/lib/python3.12/site-packages/airflow/example_dags/example_setup_teardown.py for tasks to queue
[2026-08-12T04:34:27.844+0000] {logging_mixin.py:190} INFO - [2026-08-12T04:34:27.844+0000] {dagbag.py:587} INFO - Filling up the DagBag from /home/airflow/.local/lib/python3.12/site-packages/airflow/example_dags/example_setup_teardown.py
[2026-08-12T04:34:27.858+0000] {processor.py:925} INFO - DAG(s) 'example_setup_teardown' retrieved from /home/airflow/.local/lib/python3.12/site-packages/airflow/example_dags/example_setup_teardown.py
[2026-08-12T04:34:27.891+0000] {logging_mixin.py:190} INFO - [2026-08-12T04:34:27.891+0000] {dag.py:3211} INFO - Sync 1 DAGs
[2026-08-12T04:34:27.924+0000] {logging_mixin.py:190} INFO - [2026-08-12T04:34:27.923+0000] {dag.py:4138} INFO - Setting next_dagrun for example_setup_teardown to 2026-08-11 00:00:00+00:00, run_after=2026-08-12 00:00:00+00:00
[2026-08-12T04:34:27.953+0000] {processor.py:208} INFO - Processing /home/airflow/.local/lib/python3.12/site-packages/airflow/example_dags/example_setup_teardown.py took 0.125 seconds
[2026-08-12T04:35:56.756+0000] {processor.py:186} INFO - Started process (PID=86) to work on /home/airflow/.local/lib/python3.12/site-packages/airflow/example_dags/example_setup_teardown.py
[2026-08-12T04:35:56.761+0000] {processor.py:914} INFO - Processing file /home/airflow/.local/lib/python3.12/site-packages/airflow/example_dags/example_setup_teardown.py for tasks to queue
[2026-08-12T04:35:56.773+0000] {logging_mixin.py:190} INFO - [2026-08-12T04:35:56.773+0000] {dagbag.py:587} INFO - Filling up the DagBag from /home/airflow/.local/lib/python3.12/site-packages/airflow/example_dags/example_setup_teardown.py
[2026-08-12T04:35:56.798+0000] {processor.py:925} INFO - DAG(s) 'example_setup_teardown' retrieved from /home/airflow/.local/lib/python3.12/site-packages/airflow/example_dags/example_setup_teardown.py
[2026-08-12T04:35:56.869+0000] {logging_mixin.py:190} INFO - [2026-08-12T04:35:56.868+0000] {dag.py:3211} INFO - Sync 1 DAGs
[2026-08-12T04:35:56.924+0000] {logging_mixin.py:190} INFO - [2026-08-12T04:35:56.923+0000] {dag.py:4138} INFO - Setting next_dagrun for example_setup_teardown to 2026-08-11 00:00:00+00:00, run_after=2026-08-12 00:00:00+00:00
[2026-08-12T04:35:56.975+0000] {processor.py:208} INFO - Processing /home/airflow/.local/lib/python3.12/site-packages/airflow/example_dags/example_setup_teardown.py took 0.243 seconds
[2026-08-12T04:36:27.449+0000] {processor.py:186} INFO - Started process (PID=148) to work on /home/airflow/.local/lib/python3.12/site-packages/airflow/example_dags/example_setup_teardown.py
[2026-08-12T04:36:27.451+0000] {processor.py:914} INFO - Processing file /home/airflow/.local/lib/python3.12/site-packages/airflow/example_dags/example_setup_teardown.py for tasks to queue
[2026-08-12T04:36:27.456+0000] {logging_mixin.py:190} INFO - [2026-08-12T04:36:27.455+0000] {dagbag.py:587} INFO - Filling up the DagBag from /home/airflow/.local/lib/python3.12/site-packages/airflow/example_dags/example_setup_teardown.py
[2026-08-12T04:36:27.469+0000] {processor.py:925} INFO - DAG(s) 'example_setup_teardown' retrieved from /home/airflow/.local/lib/python3.12/site-packages/airflow/example_dags/example_setup_teardown.py
[2026-08-12T04:36:27.498+0000] {logging_mixin.py:190} INFO - [2026-08-12T04:36:27.498+0000] {dag.py:3211} INFO - Sync 1 DAGs
[2026-08-12T04:36:27.527+0000] {logging_mixin.py:190} INFO - [2026-08-12T04:36:27.527+0000] {dag.py:4138} INFO - Setting next_dagrun for example_setup_teardown to 2026-08-11 00:00:00+00:00, run_after=2026-08-12 00:00:00+00:00
[2026-08-12T04:36:27.551+0000] {processor.py:208} INFO - Processing /home/airflow/.local/lib/python3.12/site-packages/airflow/example_dags/example_setup_teardown.py took 0.110 seconds
[2026-08-12T04:36:58.189+0000] {processor.py:186} INFO - Started process (PID=210) to work on /home/airflow/.local/lib/python3.12/site-packages/airflow/example_dags/example_setup_teardown.py
[2026-08-12T04:36:58.191+0000] {processor.py:914} INFO - Processing file /home/airflow/.local/lib/python3.12/site-packages/airflow/example_dags/example_setup_teardown.py for tasks to queue
[2026-08-12T04:36:58.195+0000] {logging_mixin.py:190} INFO - [2026-08-12T04:36:58.195+0000] {dagbag.py:587} INFO - Filling up the DagBag from /home/airflow/.local/lib/python3.12/site-packages/airflow/example_dags/example_setup_teardown.py
[2026-08-12T04:36:58.211+0000] {processor.py:925} INFO - DAG(s) 'example_setup_teardown' retrieved from /home/airflow/.local/lib/python3.12/site-packages/airflow/example_dags/example_setup_teardown.py
[2026-08-12T04:36:58.244+0000] {logging_mixin.py:190} INFO - [2026-08-12T04:36:58.244+0000] {dag.py:3211} INFO - Sync 1 DAGs
[2026-08-12T04:36:58.284+0000] {logging_mixin.py:190} INFO - [2026-08-12T04:36:58.284+0000] {dag.py:4138} INFO - Setting next_dagrun for example_setup_teardown to 2026-08-11 00:00:00+00:00, run_after=2026-08-12 00:00:00+00:00
[2026-08-12T04:36:58.339+0000] {processor.py:208} INFO - Processing /home/airflow/.local/lib/python3.12/site-packages/airflow/example_dags/example_setup_teardown.py took 0.162 seconds
[2026-08-12T04:37:28.941+0000] {processor.py:186} INFO - Started process (PID=272) to work on /home/airflow/.local/lib/python3.12/site-packages/airflow/example_dags/example_setup_teardown.py
[2026-08-12T04:37:28.944+0000] {processor.py:914} INFO - Processing file /home/airflow/.local/lib/python3.12/site-packages/airflow/example_dags/example_setup_teardown.py for tasks to queue
[2026-08-12T04:37:28.951+0000] {logging_mixin.py:190} INFO - [2026-08-12T04:37:28.950+0000] {dagbag.py:587} INFO - Filling up the DagBag from /home/airflow/.local/lib/python3.12/site-packages/airflow/example_dags/example_setup_teardown.py
[2026-08-12T04:37:28.971+0000] {processor.py:925} INFO - DAG(s) 'example_setup_teardown' retrieved from /home/airflow/.local/lib/python3.12/site-packages/airflow/example_dags/example_setup_teardown.py
[2026-08-12T04:37:29.012+0000] {logging_mixin.py:190} INFO - [2026-08-12T04:37:29.012+0000] {dag.py:3211} INFO - Sync 1 DAGs
[2026-08-12T04:37:29.050+0000] {logging_mixin.py:190} INFO - [2026-08-12T04:37:29.049+0000] {dag.py:4138} INFO - Setting next_dagrun for example_setup_teardown to 2026-08-11 00:00:00+00:00, run_after=2026-08-12 00:00:00+00:00
[2026-08-12T04:37:29.079+0000] {processor.py:208} INFO - Processing /home/airflow/.local/lib/python3.12/site-packages/airflow/example_dags/example_setup_teardown.py took 0.147 seconds
[2026-08-12T04:37:59.914+0000] {processor.py:186} INFO - Started process (PID=334) to work on /home/airflow/.local/lib/python3.12/site-packages/airflow/example_dags/example_setup_teardown.py
[2026-08-12T04:37:59.916+0000] {processor.py:914} INFO - Processing file /home/airflow/.local/lib/python3.12/site-packages/airflow/example_dags/example_setup_teardown.py for tasks to queue
[2026-08-12T04:37:59.922+0000] {logging_mixin.py:190} INFO - [2026-08-12T04:37:59.921+0000] {dagbag.py:587} INFO - Filling up the DagBag from /home/airflow/.local/lib/python3.12/site-packages/airflow/example_dags/example_setup_teardown.py
[2026-08-12T04:37:59.934+0000] {processor.py:925} INFO - DAG(s) 'example_setup_teardown' retrieved from /home/airflow/.local/lib/python3.12/site-packages/airflow/example_dags/example_setup_teardown.py
[2026-08-12T04:37:59.975+0000] {logging_mixin.py:190} INFO - [2026-08-12T04:37:59.975+0000] {dag.py:3211} INFO - Sync 1 DAGs
[2026-08-12T04:38:00.000+0000] {logging_mixin.py:190} INFO - [2026-08-12T04:38:00.000+0000] {dag.py:4138} INFO - Setting next_dagrun for example_setup_teardown to 2026-08-11 00:00:00+00:00, run_after=2026-08-12 00:00:00+00:00
[2026-08-12T04:38:00.032+0000] {processor.py:208} INFO - Processing /home/airflow/.local/lib/python3.12/site-packages/airflow/example_dags/example_setup_teardown.py took 0.128 seconds
[2026-08-12T04:38:30.880+0000] {processor.py:186} INFO - Started process (PID=396) to work on /home/airflow/.local/lib/python3.12/site-packages/airflow/example_dags/example_setup_teardown.py
[2026-08-12T04:38:30.882+0000] {processor.py:914} INFO - Processing file /home/airflow/.local/lib/python3.12/site-packages/airflow/example_dags/example_setup_teardown.py for tasks to queue
[2026-08-12T04:38:30.887+0000] {logging_mixin.py:190} INFO - [2026-08-12T04:38:30.886+0000] {dagbag.py:587} INFO - Filling up the DagBag from /home/airflow/.local/lib/python3.12/site-packages/airflow/example_dags/example_setup_teardown.py
[2026-08-12T04:38:30.902+0000] {processor.py:925} INFO - DAG(s) 'example_setup_teardown' retrieved from /home/airflow/.local/lib/python3.12/site-packages/airflow/example_dags/example_setup_teardown.py
[2026-08-12T04:38:30.940+0000] {logging_mixin.py:190} INFO - [2026-08-12T04:38:30.939+0000] {dag.py:3211} INFO - Sync 1 DAGs
[2026-08-12T04:38:30.983+0000] {logging_mixin.py:190} INFO - [2026-08-12T04:38:30.983+0000] {dag.py:4138} INFO - Setting next_dagrun for example_setup_teardown to 2026-08-11 00:00:00+00:00, run_after=2026-08-12 00:00:00+00:00
[2026-08-12T04:38:31.024+0000] {processor.py:208} INFO - Processing /home/airflow/.local/lib/python3.12/site-packages/airflow/example_dags/example_setup_teardown.py took 0.150 seconds
[2026-08-12T04:39:01.750+0000] {processor.py:186} INFO - Started process (PID=458) to work on /home/airflow/.local/lib/python3.12/site-packages/airflow/example_dags/example_setup_teardown.py
[2026-08-12T04:39:01.752+0000] {processor.py:914} INFO - Processing file /home/airflow/.local/lib/python3.12/site-packages/airflow/example_dags/example_setup_teardown.py for tasks to queue
[2026-08-12T04:39:01.758+0000] {logging_mixin.py:190} INFO - [2026-08-12T04:39:01.758+0000] {dagbag.py:587} INFO - Filling up the DagBag from /home/airflow/.local/lib/python3.12/site-packages/airflow/example_dags/example_setup_teardown.py
[2026-08-12T04:39:01.773+0000] {processor.py:925} INFO - DAG(s) 'example_setup_teardown' retrieved from /home/airflow/.local/lib/python3.12/site-packages/airflow/example_dags/example_setup_teardown.py
[2026-08-12T04:39:01.813+0000] {logging_mixin.py:190} INFO - [2026-08-12T04:39:01.813+0000] {dag.py:3211} INFO - Sync 1 DAGs
[2026-08-12T04:39:01.852+0000] {logging_mixin.py:190} INFO - [2026-08-12T04:39:01.852+0000] {dag.py:4138} INFO - Setting next_dagrun for example_setup_teardown to 2026-08-11 00:00:00+00:00, run_after=2026-08-12 00:00:00+00:00
[2026-08-12T04:39:01.893+0000] {processor.py:208} INFO - Processing /home/airflow/.local/lib/python3.12/site-packages/airflow/example_dags/example_setup_teardown.py took 0.151 seconds
[2026-08-12T04:39:32.013+0000] {processor.py:186} INFO - Started process (PID=520) to work on /home/airflow/.local/lib/python3.12/site-packages/airflow/example_dags/example_setup_teardown.py
[2026-08-12T04:39:32.017+0000] {processor.py:914} INFO - Processing file /home/airflow/.local/lib/python3.12/site-packages/airflow/example_dags/example_setup_teardown.py for tasks to queue
[2026-08-12T04:39:32.023+0000] {logging_mixin.py:190} INFO - [2026-08-12T04:39:32.023+0000] {dagbag.py:587} INFO - Filling up the DagBag from /home/airflow/.local/lib/python3.12/site-packages/airflow/example_dags/example_setup_teardown.py
[2026-08-12T04:39:32.049+0000] {processor.py:925} INFO - DAG(s) 'example_setup_teardown' retrieved from /home/airflow/.local/lib/python3.12/site-packages/airflow/example_dags/example_setup_teardown.py
[2026-08-12T04:39:32.110+0000] {logging_mixin.py:190} INFO - [2026-08-12T04:39:32.109+0000] {dag.py:3211} INFO - Sync 1 DAGs
[2026-08-12T04:39:32.192+0000] {logging_mixin.py:190} INFO - [2026-08-12T04:39:32.192+0000] {dag.py:4138} INFO - Setting next_dagrun for example_setup_teardown to 2026-08-11 00:00:00+00:00, run_after=2026-08-12 00:00:00+00:00
[2026-08-12T04:39:32.257+0000] {processor.py:208} INFO - Processing /home/airflow/.local/lib/python3.12/site-packages/airflow/example_dags/example_setup_teardown.py took 0.256 seconds
[2026-08-12T04:40:02.350+0000] {processor.py:186} INFO - Started process (PID=581) to work on /home/airflow/.local/lib/python3.12/site-packages/airflow/example_dags/example_setup_teardown.py
[2026-08-12T04:40:02.351+0000] {processor.py:914} INFO - Processing file /home/airflow/.local/lib/python3.12/site-packages/airflow/example_dags/example_setup_teardown.py for tasks to queue
[2026-08-12T04:40:02.360+0000] {logging_mixin.py:190} INFO - [2026-08-12T04:40:02.359+0000] {dagbag.py:587} INFO - Filling up the DagBag from /home/airflow/.local/lib/python3.12/site-packages/airflow/example_dags/example_setup_teardown.py
[2026-08-12T04:40:02.378+0000] {processor.py:925} INFO - DAG(s) 'example_setup_teardown' retrieved from /home/airflow/.local/lib/python3.12/site-packages/airflow/example_dags/example_setup_teardown.py
[2026-08-12T04:40:02.416+0000] {logging_mixin.py:190} INFO - [2026-08-12T04:40:02.415+0000] {dag.py:3211} INFO - Sync 1 DAGs
[2026-08-12T04:40:02.447+0000] {logging_mixin.py:190} INFO - [2026-08-12T04:40:02.447+0000] {dag.py:4138} INFO - Setting next_dagrun for example_setup_teardown to 2026-08-11 00:00:00+00:00, run_after=2026-08-12 00:00:00+00:00
[2026-08-12T04:40:02.489+0000] {processor.py:208} INFO - Processing /home/airflow/.local/lib/python3.12/site-packages/airflow/example_dags/example_setup_teardown.py took 0.148 seconds
[2026-08-12T04:40:33.577+0000] {processor.py:186} INFO - Started process (PID=644) to work on /home/airflow/.local/lib/python3.12/site-packages/airflow/example_dags/example_setup_teardown.py
[2026-08-12T04:40:33.580+0000] {processor.py:914} INFO - Processing file /home/airflow/.local/lib/python3.12/site-packages/airflow/example_dags/example_setup_teardown.py for tasks to queue
[2026-08-12T04:40:33.584+0000] {logging_mixin.py:190} INFO - [2026-08-12T04:40:33.583+0000] {dagbag.py:587} INFO - Filling up the DagBag from /home/airflow/.local/lib/python3.12/site-packages/airflow/example_dags/example_setup_teardown.py
[2026-08-12T04:40:33.599+0000] {processor.py:925} INFO - DAG(s) 'example_setup_teardown' retrieved from /home/airflow/.local/lib/python3.12/site-packages/airflow/example_dags/example_setup_teardown.py
[2026-08-12T04:40:33.627+0000] {logging_mixin.py:190} INFO - [2026-08-12T04:40:33.627+0000] {dag.py:3211} INFO - Sync 1 DAGs
[2026-08-12T04:40:33.671+0000] {logging_mixin.py:190} INFO - [2026-08-12T04:40:33.670+0000] {dag.py:4138} INFO - Setting next_dagrun for example_setup_teardown to 2026-08-11 00:00:00+00:00, run_after=2026-08-12 00:00:00+00:00
[2026-08-12T04:40:33.715+0000] {processor.py:208} INFO - Processing /home/airflow/.local/lib/python3.12/site-packages/airflow/example_dags/example_setup_teardown.py took 0.147 seconds
[2026-08-12T04:41:03.995+0000] {processor.py:186} INFO - Started process (PID=706) to work on /home/airflow/.local/lib/python3.12/site-packages/airflow/example_dags/example_setup_teardown.py
[2026-08-12T04:41:03.998+0000] {processor.py:914} INFO - Processing file /home/airflow/.local/lib/python3.12/site-packages/airflow/example_dags/example_setup_teardown.py for tasks to queue
[2026-08-12T04:41:04.003+0000] {logging_mixin.py:190} INFO - [2026-08-12T04:41:04.002+0000] {dagbag.py:587} INFO - Filling up the DagBag from /home/airflow/.local/lib/python3.12/site-packages/airflow/example_dags/example_setup_teardown.py
[2026-08-12T04:41:04.016+0000] {processor.py:925} INFO - DAG(s) 'example_setup_teardown' retrieved from /home/airflow/.local/lib/python3.12/site-packages/airflow/example_dags/example_setup_teardown.py
[2026-08-12T04:41:04.049+0000] {logging_mixin.py:190} INFO - [2026-08-12T04:41:04.049+0000] {dag.py:3211} INFO - Sync 1 DAGs
[2026-08-12T04:41:04.082+0000] {logging_mixin.py:190} INFO - [2026-08-12T04:41:04.082+0000] {dag.py:4138} INFO - Setting next_dagrun for example_setup_teardown to 2026-08-11 00:00:00+00:00, run_after=2026-08-12 00:00:00+00:00
[2026-08-12T04:41:04.112+0000] {processor.py:208} INFO - Processing /home/airflow/.local/lib/python3.12/site-packages/airflow/example_dags/example_setup_teardown.py took 0.127 seconds
[2026-08-12T04:41:34.173+0000] {processor.py:186} INFO - Started process (PID=767) to work on /home/airflow/.local/lib/python3.12/site-packages/airflow/example_dags/example_setup_teardown.py
[2026-08-12T04:41:34.175+0000] {processor.py:914} INFO - Processing file /home/airflow/.local/lib/python3.12/site-packages/airflow/example_dags/example_setup_teardown.py for tasks to queue
[2026-08-12T04:41:34.180+0000] {logging_mixin.py:190} INFO - [2026-08-12T04:41:34.180+0000] {dagbag.py:587} INFO - Filling up the DagBag from /home/airflow/.local/lib/python3.12/site-packages/airflow/example_dags/example_setup_teardown.py
[2026-08-12T04:41:34.196+0000] {processor.py:925} INFO - DAG(s) 'example_setup_teardown' retrieved from /home/airflow/.local/lib/python3.12/site-packages/airflow/example_dags/example_setup_teardown.py
[2026-08-12T04:41:34.234+0000] {logging_mixin.py:190} INFO - [2026-08-12T04:41:34.233+0000] {dag.py:3211} INFO - Sync 1 DAGs
[2026-08-12T04:41:34.277+0000] {logging_mixin.py:190} INFO - [2026-08-12T04:41:34.276+0000] {dag.py:4138} INFO - Setting next_dagrun for example_setup_teardown to 2026-08-11 00:00:00+00:00, run_after=2026-08-12 00:00:00+00:00
[2026-08-12T04:41:34.313+0000] {processor.py:208} INFO - Processing /home/airflow/.local/lib/python3.12/site-packages/airflow/example_dags/example_setup_teardown.py took 0.147 seconds
[2026-08-12T04:42:04.449+0000] {processor.py:186} INFO - Started process (PID=829) to work on /home/airflow/.local/lib/python3.12/site-packages/airflow/example_dags/example_setup_teardown.py
[2026-08-12T04:42:04.450+0000] {processor.py:914} INFO - Processing file /home/airflow/.local/lib/python3.12/site-packages/airflow/example_dags/example_setup_teardown.py for tasks to queue
[2026-08-12T04:42:04.454+0000] {logging_mixin.py:190} INFO - [2026-08-12T04:42:04.454+0000] {dagbag.py:587} INFO - Filling up the DagBag from /home/airflow/.local/lib/python3.12/site-packages/airflow/example_dags/example_setup_teardown.py
[2026-08-12T04:42:04.462+0000] {processor.py:925} INFO - DAG(s) 'example_setup_teardown' retrieved from /home/airflow/.local/lib/python3.12/site-packages/airflow/example_dags/example_setup_teardown.py
[2026-08-12T04:42:04.483+0000] {logging_mixin.py:190} INFO - [2026-08-12T04:42:04.483+0000] {dag.py:3211} INFO - Sync 1 DAGs
[2026-08-12T04:42:04.511+0000] {logging_mixin.py:190} INFO - [2026-08-12T04:42:04.511+0000] {dag.py:4138} INFO - Setting next_dagrun for example_setup_teardown to 2026-08-11 00:00:00+00:00, run_after=2026-08-12 00:00:00+00:00
[2026-08-12T04:42:04.534+0000] {processor.py:208} INFO - Processing /home/airflow/.local/lib/python3.12/site-packages/airflow/example_dags/example_setup_teardown.py took 0.090 seconds
[2026-08-12T04:42:34.708+0000] {processor.py:186} INFO - Started process (PID=890) to work on /home/airflow/.local/lib/python3.12/site-packages/airflow/example_dags/example_setup_teardown.py
[2026-08-12T04:42:34.710+0000] {processor.py:914} INFO - Processing file /home/airflow/.local/lib/python3.12/site-packages/airflow/example_dags/example_setup_teardown.py for tasks to queue
[2026-08-12T04:42:34.716+0000] {logging_mixin.py:190} INFO - [2026-08-12T04:42:34.715+0000] {dagbag.py:587} INFO - Filling up the DagBag from /home/airflow/.local/lib/python3.12/site-packages/airflow/example_dags/example_setup_teardown.py
[2026-08-12T04:42:34.732+0000] {processor.py:925} INFO - DAG(s) 'example_setup_teardown' retrieved from /home/airflow/.local/lib/python3.12/site-packages/airflow/example_dags/example_setup_teardown.py
[2026-08-12T04:42:34.762+0000] {logging_mixin.py:190} INFO - [2026-08-12T04:42:34.762+0000] {dag.py:3211} INFO - Sync 1 DAGs
[2026-08-12T04:42:34.789+0000] {logging_mixin.py:190} INFO - [2026-08-12T04:42:34.789+0000] {dag.py:4138} INFO - Setting next_dagrun for example_setup_teardown to 2026-08-11 00:00:00+00:00, run_after=2026-08-12 00:00:00+00:00
[2026-08-12T04:42:34.815+0000] {processor.py:208} INFO - Processing /home/airflow/.local/lib/python3.12/site-packages/airflow/example_dags/example_setup_teardown.py took 0.119 seconds
[2026-08-12T04:43:04.959+0000] {processor.py:186} INFO - Started process (PID=952) to work on /home/airflow/.local/lib/python3.12/site-packages/airflow/example_dags/example_setup_teardown.py
[2026-08-12T04:43:04.961+0000] {processor.py:914} INFO - Processing file /home/airflow/.local/lib/python3.12/site-packages/airflow/example_dags/example_setup_teardown.py for tasks to queue
[2026-08-12T04:43:04.965+0000] {logging_mixin.py:190} INFO - [2026-08-12T04:43:04.964+0000] {dagbag.py:587} INFO - Filling up the DagBag from /home/airflow/.local/lib/python3.12/site-packages/airflow/example_dags/example_setup_teardown.py
[2026-08-12T04:43:04.974+0000] {processor.py:925} INFO - DAG(s) 'example_setup_teardown' retrieved from /home/airflow/.local/lib/python3.12/site-packages/airflow/example_dags/example_setup_teardown.py
[2026-08-12T04:43:05.005+0000] {logging_mixin.py:190} INFO - [2026-08-12T04:43:05.005+0000] {dag.py:3211} INFO - Sync 1 DAGs
[2026-08-12T04:43:05.058+0000] {logging_mixin.py:190} INFO - [2026-08-12T04:43:05.057+0000] {dag.py:4138} INFO - Setting next_dagrun for example_setup_teardown to 2026-08-11 00:00:00+00:00, run_after=2026-08-12 00:00:00+00:00
[2026-08-12T04:43:05.103+0000] {processor.py:208} INFO - Processing /home/airflow/.local/lib/python3.12/site-packages/airflow/example_dags/example_setup_teardown.py took 0.152 seconds
[2026-08-12T04:43:35.976+0000] {processor.py:186} INFO - Started process (PID=1014) to work on /home/airflow/.local/lib/python3.12/site-packages/airflow/example_dags/example_setup_teardown.py
[2026-08-12T04:43:35.978+0000] {processor.py:914} INFO - Processing file /home/airflow/.local/lib/python3.12/site-packages/airflow/example_dags/example_setup_teardown.py for tasks to queue
[2026-08-12T04:43:35.981+0000] {logging_mixin.py:190} INFO - [2026-08-12T04:43:35.981+0000] {dagbag.py:587} INFO - Filling up the DagBag from /home/airflow/.local/lib/python3.12/site-packages/airflow/example_dags/example_setup_teardown.py
[2026-08-12T04:43:35.992+0000] {processor.py:925} INFO - DAG(s) 'example_setup_teardown' retrieved from /home/airflow/.local/lib/python3.12/site-packages/airflow/example_dags/example_setup_teardown.py
[2026-08-12T04:43:36.017+0000] {logging_mixin.py:190} INFO - [2026-08-12T04:43:36.017+0000] {dag.py:3211} INFO - Sync 1 DAGs
[2026-08-12T04:43:36.043+0000] {logging_mixin.py:190} INFO - [2026-08-12T04:43:36.042+0000] {dag.py:4138} INFO - Setting next_dagrun for example_setup_teardown to 2026-08-11 00:00:00+00:00, run_after=2026-08-12 00:00:00+00:00
[2026-08-12T04:43:36.063+0000] {processor.py:208} INFO - Processing /home/airflow/.local/lib/python3.12/site-packages/airflow/example_dags/example_setup_teardown.py took 0.093 seconds
[2026-08-12T04:44:06.181+0000] {processor.py:186} INFO - Started process (PID=1076) to work on /home/airflow/.local/lib/python3.12/site-packages/airflow/example_dags/example_setup_teardown.py
[2026-08-12T04:44:06.183+0000] {processor.py:914} INFO - Processing file /home/airflow/.local/lib/python3.12/site-packages/airflow/example_dags/example_setup_teardown.py for tasks to queue
[2026-08-12T04:44:06.186+0000] {logging_mixin.py:190} INFO - [2026-08-12T04:44:06.186+0000] {dagbag.py:587} INFO - Filling up the DagBag from /home/airflow/.local/lib/python3.12/site-packages/airflow/example_dags/example_setup_teardown.py
[2026-08-12T04:44:06.201+0000] {processor.py:925} INFO - DAG(s) 'example_setup_teardown' retrieved from /home/airflow/.local/lib/python3.12/site-packages/airflow/example_dags/example_setup_teardown.py
[2026-08-12T04:44:06.230+0000] {logging_mixin.py:190} INFO - [2026-08-12T04:44:06.229+0000] {dag.py:3211} INFO - Sync 1 DAGs
[2026-08-12T04:44:06.263+0000] {logging_mixin.py:190} INFO - [2026-08-12T04:44:06.263+0000] {dag.py:4138} INFO - Setting next_dagrun for example_setup_teardown to 2026-08-11 00:00:00+00:00, run_after=2026-08-12 00:00:00+00:00
[2026-08-12T04:44:06.307+0000] {processor.py:208} INFO - Processing /home/airflow/.local/lib/python3.12/site-packages/airflow/example_dags/example_setup_teardown.py took 0.133 seconds
[2026-08-12T04:44:36.970+0000] {processor.py:186} INFO - Started process (PID=1138) to work on /home/airflow/.local/lib/python3.12/site-packages/airflow/example_dags/example_setup_teardown.py
[2026-08-12T04:44:36.973+0000] {processor.py:914} INFO - Processing file /home/airflow/.local/lib/python3.12/site-packages/airflow/example_dags/example_setup_teardown.py for tasks to queue
[2026-08-12T04:44:36.980+0000] {logging_mixin.py:190} INFO - [2026-08-12T04:44:36.980+0000] {dagbag.py:587} INFO - Filling up the DagBag from /home/airflow/.local/lib/python3.12/site-packages/airflow/example_dags/example_setup_teardown.py
[2026-08-12T04:44:36.993+0000] {processor.py:925} INFO - DAG(s) 'example_setup_teardown' retrieved from /home/airflow/.local/lib/python3.12/site-packages/airflow/example_dags/example_setup_teardown.py
[2026-08-12T04:44:37.023+0000] {logging_mixin.py:190} INFO - [2026-08-12T04:44:37.022+0000] {dag.py:3211} INFO - Sync 1 DAGs
[2026-08-12T04:44:37.056+0000] {logging_mixin.py:190} INFO - [2026-08-12T04:44:37.056+0000] {dag.py:4138} INFO - Setting next_dagrun for example_setup_teardown to 2026-08-11 00:00:00+00:00, run_after=2026-08-12 00:00:00+00:00
[2026-08-12T04:44:37.085+0000] {processor.py:208} INFO - Processing /home/airflow/.local/lib/python3.12/site-packages/airflow/example_dags/example_setup_teardown.py took 0.122 seconds
[2026-08-12T04:45:07.884+0000] {processor.py:186} INFO - Started process (PID=1201) to work on /home/airflow/.local/lib/python3.12/site-packages/airflow/example_dags/example_setup_teardown.py
[2026-08-12T04:45:07.886+0000] {processor.py:914} INFO - Processing file /home/airflow/.local/lib/python3.12/site-packages/airflow/example_dags/example_setup_teardown.py for tasks to queue
[2026-08-12T04:45:07.892+0000] {logging_mixin.py:190} INFO - [2026-08-12T04:45:07.891+0000] {dagbag.py:587} INFO - Filling up the DagBag from /home/airflow/.local/lib/python3.12/site-packages/airflow/example_dags/example_setup_teardown.py
[2026-08-12T04:45:07.908+0000] {processor.py:925} INFO - DAG(s) 'example_setup_teardown' retrieved from /home/airflow/.local/lib/python3.12/site-packages/airflow/example_dags/example_setup_teardown.py
[2026-08-12T04:45:07.936+0000] {logging_mixin.py:190} INFO - [2026-08-12T04:45:07.935+0000] {dag.py:3211} INFO - Sync 1 DAGs
[2026-08-12T04:45:07.970+0000] {logging_mixin.py:190} INFO - [2026-08-12T04:45:07.970+0000] {dag.py:4138} INFO - Setting next_dagrun for example_setup_teardown to 2026-08-11 00:00:00+00:00, run_after=2026-08-12 00:00:00+00:00
[2026-08-12T04:45:08.001+0000] {processor.py:208} INFO - Processing /home/airflow/.local/lib/python3.12/site-packages/airflow/example_dags/example_setup_teardown.py took 0.126 seconds
[2026-08-12T04:45:38.084+0000] {processor.py:186} INFO - Started process (PID=1263) to work on /home/airflow/.local/lib/python3.12/site-packages/airflow/example_dags/example_setup_teardown.py
[2026-08-12T04:45:38.087+0000] {processor.py:914} INFO - Processing file /home/airflow/.local/lib/python3.12/site-packages/airflow/example_dags/example_setup_teardown.py for tasks to queue
[2026-08-12T04:45:38.094+0000] {logging_mixin.py:190} INFO - [2026-08-12T04:45:38.093+0000] {dagbag.py:587} INFO - Filling up the DagBag from /home/airflow/.local/lib/python3.12/site-packages/airflow/example_dags/example_setup_teardown.py
[2026-08-12T04:45:38.107+0000] {processor.py:925} INFO - DAG(s) 'example_setup_teardown' retrieved from /home/airflow/.local/lib/python3.12/site-packages/airflow/example_dags/example_setup_teardown.py
[2026-08-12T04:45:38.137+0000] {logging_mixin.py:190} INFO - [2026-08-12T04:45:38.137+0000] {dag.py:3211} INFO - Sync 1 DAGs
[2026-08-12T04:45:38.174+0000] {logging_mixin.py:190} INFO - [2026-08-12T04:45:38.173+0000] {dag.py:4138} INFO - Setting next_dagrun for example_setup_teardown to 2026-08-11 00:00:00+00:00, run_after=2026-08-12 00:00:00+00:00
[2026-08-12T04:45:38.206+0000] {processor.py:208} INFO - Processing /home/airflow/.local/lib/python3.12/site-packages/airflow/example_dags/example_setup_teardown.py took 0.128 seconds
[2026-08-12T04:46:08.621+0000] {processor.py:186} INFO - Started process (PID=1325) to work on /home/airflow/.local/lib/python3.12/site-packages/airflow/example_dags/example_setup_teardown.py
[2026-08-12T04:46:08.622+0000] {processor.py:914} INFO - Processing file /home/airflow/.local/lib/python3.12/site-packages/airflow/example_dags/example_setup_teardown.py for tasks to queue
[2026-08-12T04:46:08.626+0000] {logging_mixin.py:190} INFO - [2026-08-12T04:46:08.625+0000] {dagbag.py:587} INFO - Filling up the DagBag from /home/airflow/.local/lib/python3.12/site-packages/airflow/example_dags/example_setup_teardown.py
[2026-08-12T04:46:08.634+0000] {processor.py:925} INFO - DAG(s) 'example_setup_teardown' retrieved from /home/airflow/.local/lib/python3.12/site-packages/airflow/example_dags/example_setup_teardown.py
[2026-08-12T04:46:08.656+0000] {logging_mixin.py:190} INFO - [2026-08-12T04:46:08.656+0000] {dag.py:3211} INFO - Sync 1 DAGs
[2026-08-12T04:46:08.682+0000] {logging_mixin.py:190} INFO - [2026-08-12T04:46:08.682+0000] {dag.py:4138} INFO - Setting next_dagrun for example_setup_teardown to 2026-08-11 00:00:00+00:00, run_after=2026-08-12 00:00:00+00:00
[2026-08-12T04:46:08.706+0000] {processor.py:208} INFO - Processing /home/airflow/.local/lib/python3.12/site-packages/airflow/example_dags/example_setup_teardown.py took 0.091 seconds
[2026-08-12T04:46:39.143+0000] {processor.py:186} INFO - Started process (PID=1387) to work on /home/airflow/.local/lib/python3.12/site-packages/airflow/example_dags/example_setup_teardown.py
[2026-08-12T04:46:39.145+0000] {processor.py:914} INFO - Processing file /home/airflow/.local/lib/python3.12/site-packages/airflow/example_dags/example_setup_teardown.py for tasks to queue
[2026-08-12T04:46:39.148+0000] {logging_mixin.py:190} INFO - [2026-08-12T04:46:39.148+0000] {dagbag.py:587} INFO - Filling up the DagBag from /home/airflow/.local/lib/python3.12/site-packages/airflow/example_dags/example_setup_teardown.py
[2026-08-12T04:46:39.157+0000] {processor.py:925} INFO - DAG(s) 'example_setup_teardown' retrieved from /home/airflow/.local/lib/python3.12/site-packages/airflow/example_dags/example_setup_teardown.py
[2026-08-12T04:46:39.178+0000] {logging_mixin.py:190} INFO - [2026-08-12T04:46:39.178+0000] {dag.py:3211} INFO - Sync 1 DAGs
[2026-08-12T04:46:39.199+0000] {logging_mixin.py:190} INFO - [2026-08-12T04:46:39.199+0000] {dag.py:4138} INFO - Setting next_dagrun for example_setup_teardown to 2026-08-11 00:00:00+00:00, run_after=2026-08-12 00:00:00+00:00
[2026-08-12T04:46:39.220+0000] {processor.py:208} INFO - Processing /home/airflow/.local/lib/python3.12/site-packages/airflow/example_dags/example_setup_teardown.py took 0.082 seconds
[2026-08-12T04:47:09.426+0000] {processor.py:186} INFO - Started process (PID=1449) to work on /home/airflow/.local/lib/python3.12/site-packages/airflow/example_dags/example_setup_teardown.py
[2026-08-12T04:47:09.429+0000] {processor.py:914} INFO - Processing file /home/airflow/.local/lib/python3.12/site-packages/airflow/example_dags/example_setup_teardown.py for tasks to queue
[2026-08-12T04:47:09.436+0000] {logging_mixin.py:190} INFO - [2026-08-12T04:47:09.435+0000] {dagbag.py:587} INFO - Filling up the DagBag from /home/airflow/.local/lib/python3.12/site-packages/airflow/example_dags/example_setup_teardown.py
[2026-08-12T04:47:09.449+0000] {processor.py:925} INFO - DAG(s) 'example_setup_teardown' retrieved from /home/airflow/.local/lib/python3.12/site-packages/airflow/example_dags/example_setup_teardown.py
[2026-08-12T04:47:09.488+0000] {logging_mixin.py:190} INFO - [2026-08-12T04:47:09.488+0000] {dag.py:3211} INFO - Sync 1 DAGs
[2026-08-12T04:47:09.514+0000] {logging_mixin.py:190} INFO - [2026-08-12T04:47:09.514+0000] {dag.py:4138} INFO - Setting next_dagrun for example_setup_teardown to 2026-08-11 00:00:00+00:00, run_after=2026-08-12 00:00:00+00:00
[2026-08-12T04:47:09.541+0000] {processor.py:208} INFO - Processing /home/airflow/.local/lib/python3.12/site-packages/airflow/example_dags/example_setup_teardown.py took 0.125 seconds
[2026-08-12T04:47:39.888+0000] {processor.py:186} INFO - Started process (PID=1510) to work on /home/airflow/.local/lib/python3.12/site-packages/airflow/example_dags/example_setup_teardown.py
[2026-08-12T04:47:39.890+0000] {processor.py:914} INFO - Processing file /home/airflow/.local/lib/python3.12/site-packages/airflow/example_dags/example_setup_teardown.py for tasks to queue
[2026-08-12T04:47:39.894+0000] {logging_mixin.py:190} INFO - [2026-08-12T04:47:39.893+0000] {dagbag.py:587} INFO - Filling up the DagBag from /home/airflow/.local/lib/python3.12/site-packages/airflow/example_dags/example_setup_teardown.py
[2026-08-12T04:47:39.905+0000] {processor.py:925} INFO - DAG(s) 'example_setup_teardown' retrieved from /home/airflow/.local/lib/python3.12/site-packages/airflow/example_dags/example_setup_teardown.py
[2026-08-12T04:47:39.941+0000] {logging_mixin.py:190} INFO - [2026-08-12T04:47:39.941+0000] {dag.py:3211} INFO - Sync 1 DAGs
[2026-08-12T04:47:39.967+0000] {logging_mixin.py:190} INFO - [2026-08-12T04:47:39.967+0000] {dag.py:4138} INFO - Setting next_dagrun for example_setup_teardown to 2026-08-11 00:00:00+00:00, run_after=2026-08-12 00:00:00+00:00
[2026-08-12T04:47:39.987+0000] {processor.py:208} INFO - Processing /home/airflow/.local/lib/python3.12/site-packages/airflow/example_dags/example_setup_teardown.py took 0.104 seconds
