[2026-08-12T04:31:48.050+0000] {processor.py:186} INFO - Started process (PID=72) to work on /home/airflow/.local/lib/python3.12/site-packages/airflow/example_dags/example_display_name.py
[2026-08-12T04:31:48.054+0000] {processor.py:914} INFO - Processing file /home/airflow/.local/lib/python3.12/site-packages/airflow/example_dags/example_display_name.py for tasks to queue
[2026-08-12T04:31:48.066+0000] {logging_mixin.py:190} INFO - [2026-08-12T04:31:48.065+0000] {dagbag.py:587} INFO - Filling up the DagBag from /home/airflow/.local/lib/python3.12/site-packages/airflow/example_dags/example_display_name.py
[2026-08-12T04:31:48.090+0000] {processor.py:925} INFO - DAG(s) 'example_display_name' retrieved from /home/airflow/.local/lib/python3.12/site-packages/airflow/example_dags/example_display_name.py
[2026-08-12T04:31:48.338+0000] {logging_mixin.py:190} INFO - [2026-08-12T04:31:48.337+0000] {override.py:1858} INFO - Created Permission View: can edit on DAG:example_display_name
[2026-08-12T04:31:48.362+0000] {logging_mixin.py:190} INFO - [2026-08-12T04:31:48.361+0000] {override.py:1858} INFO - Created Permission View: can read on DAG:example_display_name
[2026-08-12T04:31:48.373+0000] {logging_mixin.py:190} INFO - [2026-08-12T04:31:48.372+0000] {override.py:1858} INFO - Created Permission View: can delete on DAG:example_display_name
[2026-08-12T04:31:48.375+0000] {logging_mixin.py:190} INFO - [2026-08-12T04:31:48.374+0000] {dag.py:3211} INFO - Sync 1 DAGs
[2026-08-12T04:31:48.395+0000] {logging_mixin.py:190} INFO - [2026-08-12T04:31:48.395+0000] {dag.py:3234} INFO - Creating ORM DAG for example_display_name
[2026-08-12T04:31:48.399+0000] {logging_mixin.py:190} INFO - [2026-08-12T04:31:48.398+0000] {dag.py:4138} INFO - Setting next_dagrun for example_display_name to None, run_after=None
[2026-08-12T04:31:48.427+0000] {processor.py:208} INFO - Processing /home/airflow/.local/lib/python3.12/site-packages/airflow/example_dags/example_display_name.py took 0.390 seconds
[2026-08-12T04:32:19.104+0000] {processor.py:186} INFO - Started process (PID=135) to work on /home/airflow/.local/lib/python3.12/site-packages/airflow/example_dags/example_display_name.py
[2026-08-12T04:32:19.106+0000] {processor.py:914} INFO - Processing file /home/airflow/.local/lib/python3.12/site-packages/airflow/example_dags/example_display_name.py for tasks to queue
[2026-08-12T04:32:19.111+0000] {logging_mixin.py:190} INFO - [2026-08-12T04:32:19.110+0000] {dagbag.py:587} INFO - Filling up the DagBag from /home/airflow/.local/lib/python3.12/site-packages/airflow/example_dags/example_display_name.py
[2026-08-12T04:32:19.125+0000] {processor.py:925} INFO - DAG(s) 'example_display_name' retrieved from /home/airflow/.local/lib/python3.12/site-packages/airflow/example_dags/example_display_name.py
[2026-08-12T04:32:19.159+0000] {logging_mixin.py:190} INFO - [2026-08-12T04:32:19.158+0000] {dag.py:3211} INFO - Sync 1 DAGs
[2026-08-12T04:32:19.179+0000] {logging_mixin.py:190} INFO - [2026-08-12T04:32:19.179+0000] {dag.py:4138} INFO - Setting next_dagrun for example_display_name to None, run_after=None
[2026-08-12T04:32:19.222+0000] {processor.py:208} INFO - Processing /home/airflow/.local/lib/python3.12/site-packages/airflow/example_dags/example_display_name.py took 0.125 seconds
[2026-08-12T04:32:49.481+0000] {processor.py:186} INFO - Started process (PID=198) to work on /home/airflow/.local/lib/python3.12/site-packages/airflow/example_dags/example_display_name.py
[2026-08-12T04:32:49.487+0000] {processor.py:914} INFO - Processing file /home/airflow/.local/lib/python3.12/site-packages/airflow/example_dags/example_display_name.py for tasks to queue
[2026-08-12T04:32:49.503+0000] {logging_mixin.py:190} INFO - [2026-08-12T04:32:49.502+0000] {dagbag.py:587} INFO - Filling up the DagBag from /home/airflow/.local/lib/python3.12/site-packages/airflow/example_dags/example_display_name.py
[2026-08-12T04:32:49.520+0000] {processor.py:925} INFO - DAG(s) 'example_display_name' retrieved from /home/airflow/.local/lib/python3.12/site-packages/airflow/example_dags/example_display_name.py
[2026-08-12T04:32:49.561+0000] {logging_mixin.py:190} INFO - [2026-08-12T04:32:49.561+0000] {dag.py:3211} INFO - Sync 1 DAGs
[2026-08-12T04:32:49.586+0000] {logging_mixin.py:190} INFO - [2026-08-12T04:32:49.586+0000] {dag.py:4138} INFO - Setting next_dagrun for example_display_name to None, run_after=None
[2026-08-12T04:32:49.619+0000] {processor.py:208} INFO - Processing /home/airflow/.local/lib/python3.12/site-packages/airflow/example_dags/example_display_name.py took 0.148 seconds
[2026-08-12T04:33:19.842+0000] {processor.py:186} INFO - Started process (PID=260) to work on /home/airflow/.local/lib/python3.12/site-packages/airflow/example_dags/example_display_name.py
[2026-08-12T04:33:19.853+0000] {processor.py:914} INFO - Processing file /home/airflow/.local/lib/python3.12/site-packages/airflow/example_dags/example_display_name.py for tasks to queue
[2026-08-12T04:33:19.861+0000] {logging_mixin.py:190} INFO - [2026-08-12T04:33:19.860+0000] {dagbag.py:587} INFO - Filling up the DagBag from /home/airflow/.local/lib/python3.12/site-packages/airflow/example_dags/example_display_name.py
[2026-08-12T04:33:19.903+0000] {processor.py:925} INFO - DAG(s) 'example_display_name' retrieved from /home/airflow/.local/lib/python3.12/site-packages/airflow/example_dags/example_display_name.py
[2026-08-12T04:33:19.955+0000] {logging_mixin.py:190} INFO - [2026-08-12T04:33:19.954+0000] {dag.py:3211} INFO - Sync 1 DAGs
[2026-08-12T04:33:19.982+0000] {logging_mixin.py:190} INFO - [2026-08-12T04:33:19.982+0000] {dag.py:4138} INFO - Setting next_dagrun for example_display_name to None, run_after=None
[2026-08-12T04:33:20.016+0000] {processor.py:208} INFO - Processing /home/airflow/.local/lib/python3.12/site-packages/airflow/example_dags/example_display_name.py took 0.194 seconds
[2026-08-12T04:33:50.960+0000] {processor.py:186} INFO - Started process (PID=322) to work on /home/airflow/.local/lib/python3.12/site-packages/airflow/example_dags/example_display_name.py
[2026-08-12T04:33:50.963+0000] {processor.py:914} INFO - Processing file /home/airflow/.local/lib/python3.12/site-packages/airflow/example_dags/example_display_name.py for tasks to queue
[2026-08-12T04:33:50.972+0000] {logging_mixin.py:190} INFO - [2026-08-12T04:33:50.972+0000] {dagbag.py:587} INFO - Filling up the DagBag from /home/airflow/.local/lib/python3.12/site-packages/airflow/example_dags/example_display_name.py
[2026-08-12T04:33:50.993+0000] {processor.py:925} INFO - DAG(s) 'example_display_name' retrieved from /home/airflow/.local/lib/python3.12/site-packages/airflow/example_dags/example_display_name.py
[2026-08-12T04:33:51.069+0000] {logging_mixin.py:190} INFO - [2026-08-12T04:33:51.069+0000] {dag.py:3211} INFO - Sync 1 DAGs
[2026-08-12T04:33:51.128+0000] {logging_mixin.py:190} INFO - [2026-08-12T04:33:51.127+0000] {dag.py:4138} INFO - Setting next_dagrun for example_display_name to None, run_after=None
[2026-08-12T04:33:51.166+0000] {processor.py:208} INFO - Processing /home/airflow/.local/lib/python3.12/site-packages/airflow/example_dags/example_display_name.py took 0.217 seconds
[2026-08-12T04:34:21.831+0000] {processor.py:186} INFO - Started process (PID=384) to work on /home/airflow/.local/lib/python3.12/site-packages/airflow/example_dags/example_display_name.py
[2026-08-12T04:34:21.835+0000] {processor.py:914} INFO - Processing file /home/airflow/.local/lib/python3.12/site-packages/airflow/example_dags/example_display_name.py for tasks to queue
[2026-08-12T04:34:21.839+0000] {logging_mixin.py:190} INFO - [2026-08-12T04:34:21.839+0000] {dagbag.py:587} INFO - Filling up the DagBag from /home/airflow/.local/lib/python3.12/site-packages/airflow/example_dags/example_display_name.py
[2026-08-12T04:34:21.854+0000] {processor.py:925} INFO - DAG(s) 'example_display_name' retrieved from /home/airflow/.local/lib/python3.12/site-packages/airflow/example_dags/example_display_name.py
[2026-08-12T04:34:21.881+0000] {logging_mixin.py:190} INFO - [2026-08-12T04:34:21.880+0000] {dag.py:3211} INFO - Sync 1 DAGs
[2026-08-12T04:34:21.904+0000] {logging_mixin.py:190} INFO - [2026-08-12T04:34:21.904+0000] {dag.py:4138} INFO - Setting next_dagrun for example_display_name to None, run_after=None
[2026-08-12T04:34:21.946+0000] {processor.py:208} INFO - Processing /home/airflow/.local/lib/python3.12/site-packages/airflow/example_dags/example_display_name.py took 0.121 seconds
[2026-08-12T04:35:53.319+0000] {processor.py:186} INFO - Started process (PID=72) to work on /home/airflow/.local/lib/python3.12/site-packages/airflow/example_dags/example_display_name.py
[2026-08-12T04:35:53.322+0000] {processor.py:914} INFO - Processing file /home/airflow/.local/lib/python3.12/site-packages/airflow/example_dags/example_display_name.py for tasks to queue
[2026-08-12T04:35:53.340+0000] {logging_mixin.py:190} INFO - [2026-08-12T04:35:53.339+0000] {dagbag.py:587} INFO - Filling up the DagBag from /home/airflow/.local/lib/python3.12/site-packages/airflow/example_dags/example_display_name.py
[2026-08-12T04:35:53.361+0000] {processor.py:925} INFO - DAG(s) 'example_display_name' retrieved from /home/airflow/.local/lib/python3.12/site-packages/airflow/example_dags/example_display_name.py
[2026-08-12T04:35:53.422+0000] {logging_mixin.py:190} INFO - [2026-08-12T04:35:53.421+0000] {dag.py:3211} INFO - Sync 1 DAGs
[2026-08-12T04:35:53.478+0000] {logging_mixin.py:190} INFO - [2026-08-12T04:35:53.477+0000] {dag.py:4138} INFO - Setting next_dagrun for example_display_name to None, run_after=None
[2026-08-12T04:35:53.570+0000] {processor.py:208} INFO - Processing /home/airflow/.local/lib/python3.12/site-packages/airflow/example_dags/example_display_name.py took 0.266 seconds
[2026-08-12T04:36:23.644+0000] {processor.py:186} INFO - Started process (PID=134) to work on /home/airflow/.local/lib/python3.12/site-packages/airflow/example_dags/example_display_name.py
[2026-08-12T04:36:23.647+0000] {processor.py:914} INFO - Processing file /home/airflow/.local/lib/python3.12/site-packages/airflow/example_dags/example_display_name.py for tasks to queue
[2026-08-12T04:36:23.651+0000] {logging_mixin.py:190} INFO - [2026-08-12T04:36:23.650+0000] {dagbag.py:587} INFO - Filling up the DagBag from /home/airflow/.local/lib/python3.12/site-packages/airflow/example_dags/example_display_name.py
[2026-08-12T04:36:23.661+0000] {processor.py:925} INFO - DAG(s) 'example_display_name' retrieved from /home/airflow/.local/lib/python3.12/site-packages/airflow/example_dags/example_display_name.py
[2026-08-12T04:36:23.691+0000] {logging_mixin.py:190} INFO - [2026-08-12T04:36:23.691+0000] {dag.py:3211} INFO - Sync 1 DAGs
[2026-08-12T04:36:23.709+0000] {logging_mixin.py:190} INFO - [2026-08-12T04:36:23.709+0000] {dag.py:4138} INFO - Setting next_dagrun for example_display_name to None, run_after=None
[2026-08-12T04:36:23.737+0000] {processor.py:208} INFO - Processing /home/airflow/.local/lib/python3.12/site-packages/airflow/example_dags/example_display_name.py took 0.100 seconds
[2026-08-12T04:36:54.383+0000] {processor.py:186} INFO - Started process (PID=196) to work on /home/airflow/.local/lib/python3.12/site-packages/airflow/example_dags/example_display_name.py
[2026-08-12T04:36:54.387+0000] {processor.py:914} INFO - Processing file /home/airflow/.local/lib/python3.12/site-packages/airflow/example_dags/example_display_name.py for tasks to queue
[2026-08-12T04:36:54.391+0000] {logging_mixin.py:190} INFO - [2026-08-12T04:36:54.391+0000] {dagbag.py:587} INFO - Filling up the DagBag from /home/airflow/.local/lib/python3.12/site-packages/airflow/example_dags/example_display_name.py
[2026-08-12T04:36:54.404+0000] {processor.py:925} INFO - DAG(s) 'example_display_name' retrieved from /home/airflow/.local/lib/python3.12/site-packages/airflow/example_dags/example_display_name.py
[2026-08-12T04:36:54.431+0000] {logging_mixin.py:190} INFO - [2026-08-12T04:36:54.431+0000] {dag.py:3211} INFO - Sync 1 DAGs
[2026-08-12T04:36:54.450+0000] {logging_mixin.py:190} INFO - [2026-08-12T04:36:54.450+0000] {dag.py:4138} INFO - Setting next_dagrun for example_display_name to None, run_after=None
[2026-08-12T04:36:54.480+0000] {processor.py:208} INFO - Processing /home/airflow/.local/lib/python3.12/site-packages/airflow/example_dags/example_display_name.py took 0.104 seconds
[2026-08-12T04:37:24.581+0000] {processor.py:186} INFO - Started process (PID=258) to work on /home/airflow/.local/lib/python3.12/site-packages/airflow/example_dags/example_display_name.py
[2026-08-12T04:37:24.582+0000] {processor.py:914} INFO - Processing file /home/airflow/.local/lib/python3.12/site-packages/airflow/example_dags/example_display_name.py for tasks to queue
[2026-08-12T04:37:24.587+0000] {logging_mixin.py:190} INFO - [2026-08-12T04:37:24.586+0000] {dagbag.py:587} INFO - Filling up the DagBag from /home/airflow/.local/lib/python3.12/site-packages/airflow/example_dags/example_display_name.py
[2026-08-12T04:37:24.595+0000] {processor.py:925} INFO - DAG(s) 'example_display_name' retrieved from /home/airflow/.local/lib/python3.12/site-packages/airflow/example_dags/example_display_name.py
[2026-08-12T04:37:24.623+0000] {logging_mixin.py:190} INFO - [2026-08-12T04:37:24.622+0000] {dag.py:3211} INFO - Sync 1 DAGs
[2026-08-12T04:37:24.640+0000] {logging_mixin.py:190} INFO - [2026-08-12T04:37:24.640+0000] {dag.py:4138} INFO - Setting next_dagrun for example_display_name to None, run_after=None
[2026-08-12T04:37:24.664+0000] {processor.py:208} INFO - Processing /home/airflow/.local/lib/python3.12/site-packages/airflow/example_dags/example_display_name.py took 0.091 seconds
[2026-08-12T04:37:55.093+0000] {processor.py:186} INFO - Started process (PID=320) to work on /home/airflow/.local/lib/python3.12/site-packages/airflow/example_dags/example_display_name.py
[2026-08-12T04:37:55.096+0000] {processor.py:914} INFO - Processing file /home/airflow/.local/lib/python3.12/site-packages/airflow/example_dags/example_display_name.py for tasks to queue
[2026-08-12T04:37:55.102+0000] {logging_mixin.py:190} INFO - [2026-08-12T04:37:55.101+0000] {dagbag.py:587} INFO - Filling up the DagBag from /home/airflow/.local/lib/python3.12/site-packages/airflow/example_dags/example_display_name.py
[2026-08-12T04:37:55.119+0000] {processor.py:925} INFO - DAG(s) 'example_display_name' retrieved from /home/airflow/.local/lib/python3.12/site-packages/airflow/example_dags/example_display_name.py
[2026-08-12T04:37:55.158+0000] {logging_mixin.py:190} INFO - [2026-08-12T04:37:55.158+0000] {dag.py:3211} INFO - Sync 1 DAGs
[2026-08-12T04:37:55.198+0000] {logging_mixin.py:190} INFO - [2026-08-12T04:37:55.198+0000] {dag.py:4138} INFO - Setting next_dagrun for example_display_name to None, run_after=None
[2026-08-12T04:37:55.261+0000] {processor.py:208} INFO - Processing /home/airflow/.local/lib/python3.12/site-packages/airflow/example_dags/example_display_name.py took 0.180 seconds
[2026-08-12T04:38:25.873+0000] {processor.py:186} INFO - Started process (PID=382) to work on /home/airflow/.local/lib/python3.12/site-packages/airflow/example_dags/example_display_name.py
[2026-08-12T04:38:25.876+0000] {processor.py:914} INFO - Processing file /home/airflow/.local/lib/python3.12/site-packages/airflow/example_dags/example_display_name.py for tasks to queue
[2026-08-12T04:38:25.881+0000] {logging_mixin.py:190} INFO - [2026-08-12T04:38:25.881+0000] {dagbag.py:587} INFO - Filling up the DagBag from /home/airflow/.local/lib/python3.12/site-packages/airflow/example_dags/example_display_name.py
[2026-08-12T04:38:25.891+0000] {processor.py:925} INFO - DAG(s) 'example_display_name' retrieved from /home/airflow/.local/lib/python3.12/site-packages/airflow/example_dags/example_display_name.py
[2026-08-12T04:38:25.912+0000] {logging_mixin.py:190} INFO - [2026-08-12T04:38:25.912+0000] {dag.py:3211} INFO - Sync 1 DAGs
[2026-08-12T04:38:25.927+0000] {logging_mixin.py:190} INFO - [2026-08-12T04:38:25.926+0000] {dag.py:4138} INFO - Setting next_dagrun for example_display_name to None, run_after=None
[2026-08-12T04:38:25.947+0000] {processor.py:208} INFO - Processing /home/airflow/.local/lib/python3.12/site-packages/airflow/example_dags/example_display_name.py took 0.081 seconds
[2026-08-12T04:38:57.007+0000] {processor.py:186} INFO - Started process (PID=444) to work on /home/airflow/.local/lib/python3.12/site-packages/airflow/example_dags/example_display_name.py
[2026-08-12T04:38:57.009+0000] {processor.py:914} INFO - Processing file /home/airflow/.local/lib/python3.12/site-packages/airflow/example_dags/example_display_name.py for tasks to queue
[2026-08-12T04:38:57.013+0000] {logging_mixin.py:190} INFO - [2026-08-12T04:38:57.013+0000] {dagbag.py:587} INFO - Filling up the DagBag from /home/airflow/.local/lib/python3.12/site-packages/airflow/example_dags/example_display_name.py
[2026-08-12T04:38:57.024+0000] {processor.py:925} INFO - DAG(s) 'example_display_name' retrieved from /home/airflow/.local/lib/python3.12/site-packages/airflow/example_dags/example_display_name.py
[2026-08-12T04:38:57.049+0000] {logging_mixin.py:190} INFO - [2026-08-12T04:38:57.049+0000] {dag.py:3211} INFO - Sync 1 DAGs
[2026-08-12T04:38:57.068+0000] {logging_mixin.py:190} INFO - [2026-08-12T04:38:57.068+0000] {dag.py:4138} INFO - Setting next_dagrun for example_display_name to None, run_after=None
[2026-08-12T04:38:57.096+0000] {processor.py:208} INFO - Processing /home/airflow/.local/lib/python3.12/site-packages/airflow/example_dags/example_display_name.py took 0.096 seconds
[2026-08-12T04:39:28.062+0000] {processor.py:186} INFO - Started process (PID=506) to work on /home/airflow/.local/lib/python3.12/site-packages/airflow/example_dags/example_display_name.py
[2026-08-12T04:39:28.065+0000] {processor.py:914} INFO - Processing file /home/airflow/.local/lib/python3.12/site-packages/airflow/example_dags/example_display_name.py for tasks to queue
[2026-08-12T04:39:28.072+0000] {logging_mixin.py:190} INFO - [2026-08-12T04:39:28.070+0000] {dagbag.py:587} INFO - Filling up the DagBag from /home/airflow/.local/lib/python3.12/site-packages/airflow/example_dags/example_display_name.py
[2026-08-12T04:39:28.086+0000] {processor.py:925} INFO - DAG(s) 'example_display_name' retrieved from /home/airflow/.local/lib/python3.12/site-packages/airflow/example_dags/example_display_name.py
[2026-08-12T04:39:28.129+0000] {logging_mixin.py:190} INFO - [2026-08-12T04:39:28.129+0000] {dag.py:3211} INFO - Sync 1 DAGs
[2026-08-12T04:39:28.157+0000] {logging_mixin.py:190} INFO - [2026-08-12T04:39:28.157+0000] {dag.py:4138} INFO - Setting next_dagrun for example_display_name to None, run_after=None
[2026-08-12T04:39:28.203+0000] {processor.py:208} INFO - Processing /home/airflow/.local/lib/python3.12/site-packages/airflow/example_dags/example_display_name.py took 0.151 seconds
[2026-08-12T04:39:58.479+0000] {processor.py:186} INFO - Started process (PID=568) to work on /home/airflow/.local/lib/python3.12/site-packages/airflow/example_dags/example_display_name.py
[2026-08-12T04:39:58.481+0000] {processor.py:914} INFO - Processing file /home/airflow/.local/lib/python3.12/site-packages/airflow/example_dags/example_display_name.py for tasks to queue
[2026-08-12T04:39:58.484+0000] {logging_mixin.py:190} INFO - [2026-08-12T04:39:58.483+0000] {dagbag.py:587} INFO - Filling up the DagBag from /home/airflow/.local/lib/python3.12/site-packages/airflow/example_dags/example_display_name.py
[2026-08-12T04:39:58.498+0000] {processor.py:925} INFO - DAG(s) 'example_display_name' retrieved from /home/airflow/.local/lib/python3.12/site-packages/airflow/example_dags/example_display_name.py
[2026-08-12T04:39:58.533+0000] {logging_mixin.py:190} INFO - [2026-08-12T04:39:58.532+0000] {dag.py:3211} INFO - Sync 1 DAGs
[2026-08-12T04:39:58.568+0000] {logging_mixin.py:190} INFO - [2026-08-12T04:39:58.567+0000] {dag.py:4138} INFO - Setting next_dagrun for example_display_name to None, run_after=None
[2026-08-12T04:39:58.613+0000] {processor.py:208} INFO - Processing /home/airflow/.local/lib/python3.12/site-packages/airflow/example_dags/example_display_name.py took 0.143 seconds
[2026-08-12T04:40:29.221+0000] {processor.py:186} INFO - Started process (PID=630) to work on /home/airflow/.local/lib/python3.12/site-packages/airflow/example_dags/example_display_name.py
[2026-08-12T04:40:29.226+0000] {processor.py:914} INFO - Processing file /home/airflow/.local/lib/python3.12/site-packages/airflow/example_dags/example_display_name.py for tasks to queue
[2026-08-12T04:40:29.231+0000] {logging_mixin.py:190} INFO - [2026-08-12T04:40:29.229+0000] {dagbag.py:587} INFO - Filling up the DagBag from /home/airflow/.local/lib/python3.12/site-packages/airflow/example_dags/example_display_name.py
[2026-08-12T04:40:29.246+0000] {processor.py:925} INFO - DAG(s) 'example_display_name' retrieved from /home/airflow/.local/lib/python3.12/site-packages/airflow/example_dags/example_display_name.py
[2026-08-12T04:40:29.279+0000] {logging_mixin.py:190} INFO - [2026-08-12T04:40:29.279+0000] {dag.py:3211} INFO - Sync 1 DAGs
[2026-08-12T04:40:29.302+0000] {logging_mixin.py:190} INFO - [2026-08-12T04:40:29.302+0000] {dag.py:4138} INFO - Setting next_dagrun for example_display_name to None, run_after=None
[2026-08-12T04:40:29.330+0000] {processor.py:208} INFO - Processing /home/airflow/.local/lib/python3.12/site-packages/airflow/example_dags/example_display_name.py took 0.122 seconds
[2026-08-12T04:40:59.701+0000] {processor.py:186} INFO - Started process (PID=692) to work on /home/airflow/.local/lib/python3.12/site-packages/airflow/example_dags/example_display_name.py
[2026-08-12T04:40:59.703+0000] {processor.py:914} INFO - Processing file /home/airflow/.local/lib/python3.12/site-packages/airflow/example_dags/example_display_name.py for tasks to queue
[2026-08-12T04:40:59.708+0000] {logging_mixin.py:190} INFO - [2026-08-12T04:40:59.708+0000] {dagbag.py:587} INFO - Filling up the DagBag from /home/airflow/.local/lib/python3.12/site-packages/airflow/example_dags/example_display_name.py
[2026-08-12T04:40:59.719+0000] {processor.py:925} INFO - DAG(s) 'example_display_name' retrieved from /home/airflow/.local/lib/python3.12/site-packages/airflow/example_dags/example_display_name.py
[2026-08-12T04:40:59.749+0000] {logging_mixin.py:190} INFO - [2026-08-12T04:40:59.748+0000] {dag.py:3211} INFO - Sync 1 DAGs
[2026-08-12T04:40:59.771+0000] {logging_mixin.py:190} INFO - [2026-08-12T04:40:59.771+0000] {dag.py:4138} INFO - Setting next_dagrun for example_display_name to None, run_after=None
[2026-08-12T04:40:59.799+0000] {processor.py:208} INFO - Processing /home/airflow/.local/lib/python3.12/site-packages/airflow/example_dags/example_display_name.py took 0.108 seconds
[2026-08-12T04:41:30.573+0000] {processor.py:186} INFO - Started process (PID=754) to work on /home/airflow/.local/lib/python3.12/site-packages/airflow/example_dags/example_display_name.py
[2026-08-12T04:41:30.576+0000] {processor.py:914} INFO - Processing file /home/airflow/.local/lib/python3.12/site-packages/airflow/example_dags/example_display_name.py for tasks to queue
[2026-08-12T04:41:30.579+0000] {logging_mixin.py:190} INFO - [2026-08-12T04:41:30.579+0000] {dagbag.py:587} INFO - Filling up the DagBag from /home/airflow/.local/lib/python3.12/site-packages/airflow/example_dags/example_display_name.py
[2026-08-12T04:41:30.591+0000] {processor.py:925} INFO - DAG(s) 'example_display_name' retrieved from /home/airflow/.local/lib/python3.12/site-packages/airflow/example_dags/example_display_name.py
[2026-08-12T04:41:30.619+0000] {logging_mixin.py:190} INFO - [2026-08-12T04:41:30.618+0000] {dag.py:3211} INFO - Sync 1 DAGs
[2026-08-12T04:41:30.643+0000] {logging_mixin.py:190} INFO - [2026-08-12T04:41:30.643+0000] {dag.py:4138} INFO - Setting next_dagrun for example_display_name to None, run_after=None
[2026-08-12T04:41:30.671+0000] {processor.py:208} INFO - Processing /home/airflow/.local/lib/python3.12/site-packages/airflow/example_dags/example_display_name.py took 0.105 seconds
[2026-08-12T04:42:01.292+0000] {processor.py:186} INFO - Started process (PID=816) to work on /home/airflow/.local/lib/python3.12/site-packages/airflow/example_dags/example_display_name.py
[2026-08-12T04:42:01.294+0000] {processor.py:914} INFO - Processing file /home/airflow/.local/lib/python3.12/site-packages/airflow/example_dags/example_display_name.py for tasks to queue
[2026-08-12T04:42:01.297+0000] {logging_mixin.py:190} INFO - [2026-08-12T04:42:01.297+0000] {dagbag.py:587} INFO - Filling up the DagBag from /home/airflow/.local/lib/python3.12/site-packages/airflow/example_dags/example_display_name.py
[2026-08-12T04:42:01.310+0000] {processor.py:925} INFO - DAG(s) 'example_display_name' retrieved from /home/airflow/.local/lib/python3.12/site-packages/airflow/example_dags/example_display_name.py
[2026-08-12T04:42:01.343+0000] {logging_mixin.py:190} INFO - [2026-08-12T04:42:01.342+0000] {dag.py:3211} INFO - Sync 1 DAGs
[2026-08-12T04:42:01.368+0000] {logging_mixin.py:190} INFO - [2026-08-12T04:42:01.368+0000] {dag.py:4138} INFO - Setting next_dagrun for example_display_name to None, run_after=None
[2026-08-12T04:42:01.407+0000] {processor.py:208} INFO - Processing /home/airflow/.local/lib/python3.12/site-packages/airflow/example_dags/example_display_name.py took 0.124 seconds
[2026-08-12T04:42:32.052+0000] {processor.py:186} INFO - Started process (PID=878) to work on /home/airflow/.local/lib/python3.12/site-packages/airflow/example_dags/example_display_name.py
[2026-08-12T04:42:32.054+0000] {processor.py:914} INFO - Processing file /home/airflow/.local/lib/python3.12/site-packages/airflow/example_dags/example_display_name.py for tasks to queue
[2026-08-12T04:42:32.059+0000] {logging_mixin.py:190} INFO - [2026-08-12T04:42:32.058+0000] {dagbag.py:587} INFO - Filling up the DagBag from /home/airflow/.local/lib/python3.12/site-packages/airflow/example_dags/example_display_name.py
[2026-08-12T04:42:32.070+0000] {processor.py:925} INFO - DAG(s) 'example_display_name' retrieved from /home/airflow/.local/lib/python3.12/site-packages/airflow/example_dags/example_display_name.py
[2026-08-12T04:42:32.098+0000] {logging_mixin.py:190} INFO - [2026-08-12T04:42:32.098+0000] {dag.py:3211} INFO - Sync 1 DAGs
[2026-08-12T04:42:32.120+0000] {logging_mixin.py:190} INFO - [2026-08-12T04:42:32.120+0000] {dag.py:4138} INFO - Setting next_dagrun for example_display_name to None, run_after=None
[2026-08-12T04:42:32.147+0000] {processor.py:208} INFO - Processing /home/airflow/.local/lib/python3.12/site-packages/airflow/example_dags/example_display_name.py took 0.103 seconds
[2026-08-12T04:43:02.366+0000] {processor.py:186} INFO - Started process (PID=940) to work on /home/airflow/.local/lib/python3.12/site-packages/airflow/example_dags/example_display_name.py
[2026-08-12T04:43:02.368+0000] {processor.py:914} INFO - Processing file /home/airflow/.local/lib/python3.12/site-packages/airflow/example_dags/example_display_name.py for tasks to queue
[2026-08-12T04:43:02.373+0000] {logging_mixin.py:190} INFO - [2026-08-12T04:43:02.373+0000] {dagbag.py:587} INFO - Filling up the DagBag from /home/airflow/.local/lib/python3.12/site-packages/airflow/example_dags/example_display_name.py
[2026-08-12T04:43:02.388+0000] {processor.py:925} INFO - DAG(s) 'example_display_name' retrieved from /home/airflow/.local/lib/python3.12/site-packages/airflow/example_dags/example_display_name.py
[2026-08-12T04:43:02.436+0000] {logging_mixin.py:190} INFO - [2026-08-12T04:43:02.436+0000] {dag.py:3211} INFO - Sync 1 DAGs
[2026-08-12T04:43:02.462+0000] {logging_mixin.py:190} INFO - [2026-08-12T04:43:02.461+0000] {dag.py:4138} INFO - Setting next_dagrun for example_display_name to None, run_after=None
[2026-08-12T04:43:02.499+0000] {processor.py:208} INFO - Processing /home/airflow/.local/lib/python3.12/site-packages/airflow/example_dags/example_display_name.py took 0.143 seconds
[2026-08-12T04:43:32.653+0000] {processor.py:186} INFO - Started process (PID=1002) to work on /home/airflow/.local/lib/python3.12/site-packages/airflow/example_dags/example_display_name.py
[2026-08-12T04:43:32.655+0000] {processor.py:914} INFO - Processing file /home/airflow/.local/lib/python3.12/site-packages/airflow/example_dags/example_display_name.py for tasks to queue
[2026-08-12T04:43:32.658+0000] {logging_mixin.py:190} INFO - [2026-08-12T04:43:32.658+0000] {dagbag.py:587} INFO - Filling up the DagBag from /home/airflow/.local/lib/python3.12/site-packages/airflow/example_dags/example_display_name.py
[2026-08-12T04:43:32.672+0000] {processor.py:925} INFO - DAG(s) 'example_display_name' retrieved from /home/airflow/.local/lib/python3.12/site-packages/airflow/example_dags/example_display_name.py
[2026-08-12T04:43:32.698+0000] {logging_mixin.py:190} INFO - [2026-08-12T04:43:32.698+0000] {dag.py:3211} INFO - Sync 1 DAGs
[2026-08-12T04:43:32.715+0000] {logging_mixin.py:190} INFO - [2026-08-12T04:43:32.715+0000] {dag.py:4138} INFO - Setting next_dagrun for example_display_name to None, run_after=None
[2026-08-12T04:43:32.741+0000] {processor.py:208} INFO - Processing /home/airflow/.local/lib/python3.12/site-packages/airflow/example_dags/example_display_name.py took 0.096 seconds
[2026-08-12T04:44:02.905+0000] {processor.py:186} INFO - Started process (PID=1064) to work on /home/airflow/.local/lib/python3.12/site-packages/airflow/example_dags/example_display_name.py
[2026-08-12T04:44:02.908+0000] {processor.py:914} INFO - Processing file /home/airflow/.local/lib/python3.12/site-packages/airflow/example_dags/example_display_name.py for tasks to queue
[2026-08-12T04:44:02.913+0000] {logging_mixin.py:190} INFO - [2026-08-12T04:44:02.913+0000] {dagbag.py:587} INFO - Filling up the DagBag from /home/airflow/.local/lib/python3.12/site-packages/airflow/example_dags/example_display_name.py
[2026-08-12T04:44:02.929+0000] {processor.py:925} INFO - DAG(s) 'example_display_name' retrieved from /home/airflow/.local/lib/python3.12/site-packages/airflow/example_dags/example_display_name.py
[2026-08-12T04:44:02.959+0000] {logging_mixin.py:190} INFO - [2026-08-12T04:44:02.958+0000] {dag.py:3211} INFO - Sync 1 DAGs
[2026-08-12T04:44:02.982+0000] {logging_mixin.py:190} INFO - [2026-08-12T04:44:02.982+0000] {dag.py:4138} INFO - Setting next_dagrun for example_display_name to None, run_after=None
[2026-08-12T04:44:03.012+0000] {processor.py:208} INFO - Processing /home/airflow/.local/lib/python3.12/site-packages/airflow/example_dags/example_display_name.py took 0.116 seconds
[2026-08-12T04:44:33.557+0000] {processor.py:186} INFO - Started process (PID=1126) to work on /home/airflow/.local/lib/python3.12/site-packages/airflow/example_dags/example_display_name.py
[2026-08-12T04:44:33.564+0000] {processor.py:914} INFO - Processing file /home/airflow/.local/lib/python3.12/site-packages/airflow/example_dags/example_display_name.py for tasks to queue
[2026-08-12T04:44:33.569+0000] {logging_mixin.py:190} INFO - [2026-08-12T04:44:33.569+0000] {dagbag.py:587} INFO - Filling up the DagBag from /home/airflow/.local/lib/python3.12/site-packages/airflow/example_dags/example_display_name.py
[2026-08-12T04:44:33.581+0000] {processor.py:925} INFO - DAG(s) 'example_display_name' retrieved from /home/airflow/.local/lib/python3.12/site-packages/airflow/example_dags/example_display_name.py
[2026-08-12T04:44:33.613+0000] {logging_mixin.py:190} INFO - [2026-08-12T04:44:33.613+0000] {dag.py:3211} INFO - Sync 1 DAGs
[2026-08-12T04:44:33.634+0000] {logging_mixin.py:190} INFO - [2026-08-12T04:44:33.634+0000] {dag.py:4138} INFO - Setting next_dagrun for example_display_name to None, run_after=None
[2026-08-12T04:44:33.675+0000] {processor.py:208} INFO - Processing /home/airflow/.local/lib/python3.12/site-packages/airflow/example_dags/example_display_name.py took 0.129 seconds
[2026-08-12T04:45:04.800+0000] {processor.py:186} INFO - Started process (PID=1189) to work on /home/airflow/.local/lib/python3.12/site-packages/airflow/example_dags/example_display_name.py
[2026-08-12T04:45:04.803+0000] {processor.py:914} INFO - Processing file /home/airflow/.local/lib/python3.12/site-packages/airflow/example_dags/example_display_name.py for tasks to queue
[2026-08-12T04:45:04.807+0000] {logging_mixin.py:190} INFO - [2026-08-12T04:45:04.807+0000] {dagbag.py:587} INFO - Filling up the DagBag from /home/airflow/.local/lib/python3.12/site-packages/airflow/example_dags/example_display_name.py
[2026-08-12T04:45:04.820+0000] {processor.py:925} INFO - DAG(s) 'example_display_name' retrieved from /home/airflow/.local/lib/python3.12/site-packages/airflow/example_dags/example_display_name.py
[2026-08-12T04:45:04.863+0000] {logging_mixin.py:190} INFO - [2026-08-12T04:45:04.862+0000] {dag.py:3211} INFO - Sync 1 DAGs
[2026-08-12T04:45:04.904+0000] {logging_mixin.py:190} INFO - [2026-08-12T04:45:04.903+0000] {dag.py:4138} INFO - Setting next_dagrun for example_display_name to None, run_after=None
[2026-08-12T04:45:04.945+0000] {processor.py:208} INFO - Processing /home/airflow/.local/lib/python3.12/site-packages/airflow/example_dags/example_display_name.py took 0.157 seconds
[2026-08-12T04:45:35.165+0000] {processor.py:186} INFO - Started process (PID=1251) to work on /home/airflow/.local/lib/python3.12/site-packages/airflow/example_dags/example_display_name.py
[2026-08-12T04:45:35.166+0000] {processor.py:914} INFO - Processing file /home/airflow/.local/lib/python3.12/site-packages/airflow/example_dags/example_display_name.py for tasks to queue
[2026-08-12T04:45:35.170+0000] {logging_mixin.py:190} INFO - [2026-08-12T04:45:35.170+0000] {dagbag.py:587} INFO - Filling up the DagBag from /home/airflow/.local/lib/python3.12/site-packages/airflow/example_dags/example_display_name.py
[2026-08-12T04:45:35.185+0000] {processor.py:925} INFO - DAG(s) 'example_display_name' retrieved from /home/airflow/.local/lib/python3.12/site-packages/airflow/example_dags/example_display_name.py
[2026-08-12T04:45:35.218+0000] {logging_mixin.py:190} INFO - [2026-08-12T04:45:35.218+0000] {dag.py:3211} INFO - Sync 1 DAGs
[2026-08-12T04:45:35.239+0000] {logging_mixin.py:190} INFO - [2026-08-12T04:45:35.239+0000] {dag.py:4138} INFO - Setting next_dagrun for example_display_name to None, run_after=None
[2026-08-12T04:45:35.272+0000] {processor.py:208} INFO - Processing /home/airflow/.local/lib/python3.12/site-packages/airflow/example_dags/example_display_name.py took 0.120 seconds
[2026-08-12T04:46:06.577+0000] {processor.py:186} INFO - Started process (PID=1313) to work on /home/airflow/.local/lib/python3.12/site-packages/airflow/example_dags/example_display_name.py
[2026-08-12T04:46:06.580+0000] {processor.py:914} INFO - Processing file /home/airflow/.local/lib/python3.12/site-packages/airflow/example_dags/example_display_name.py for tasks to queue
[2026-08-12T04:46:06.584+0000] {logging_mixin.py:190} INFO - [2026-08-12T04:46:06.584+0000] {dagbag.py:587} INFO - Filling up the DagBag from /home/airflow/.local/lib/python3.12/site-packages/airflow/example_dags/example_display_name.py
[2026-08-12T04:46:06.596+0000] {processor.py:925} INFO - DAG(s) 'example_display_name' retrieved from /home/airflow/.local/lib/python3.12/site-packages/airflow/example_dags/example_display_name.py
[2026-08-12T04:46:06.628+0000] {logging_mixin.py:190} INFO - [2026-08-12T04:46:06.627+0000] {dag.py:3211} INFO - Sync 1 DAGs
[2026-08-12T04:46:06.657+0000] {logging_mixin.py:190} INFO - [2026-08-12T04:46:06.656+0000] {dag.py:4138} INFO - Setting next_dagrun for example_display_name to None, run_after=None
[2026-08-12T04:46:06.689+0000] {processor.py:208} INFO - Processing /home/airflow/.local/lib/python3.12/site-packages/airflow/example_dags/example_display_name.py took 0.121 seconds
[2026-08-12T04:46:36.909+0000] {processor.py:186} INFO - Started process (PID=1375) to work on /home/airflow/.local/lib/python3.12/site-packages/airflow/example_dags/example_display_name.py
[2026-08-12T04:46:36.911+0000] {processor.py:914} INFO - Processing file /home/airflow/.local/lib/python3.12/site-packages/airflow/example_dags/example_display_name.py for tasks to queue
[2026-08-12T04:46:36.914+0000] {logging_mixin.py:190} INFO - [2026-08-12T04:46:36.914+0000] {dagbag.py:587} INFO - Filling up the DagBag from /home/airflow/.local/lib/python3.12/site-packages/airflow/example_dags/example_display_name.py
[2026-08-12T04:46:36.923+0000] {processor.py:925} INFO - DAG(s) 'example_display_name' retrieved from /home/airflow/.local/lib/python3.12/site-packages/airflow/example_dags/example_display_name.py
[2026-08-12T04:46:36.944+0000] {logging_mixin.py:190} INFO - [2026-08-12T04:46:36.944+0000] {dag.py:3211} INFO - Sync 1 DAGs
[2026-08-12T04:46:36.958+0000] {logging_mixin.py:190} INFO - [2026-08-12T04:46:36.958+0000] {dag.py:4138} INFO - Setting next_dagrun for example_display_name to None, run_after=None
[2026-08-12T04:46:36.978+0000] {processor.py:208} INFO - Processing /home/airflow/.local/lib/python3.12/site-packages/airflow/example_dags/example_display_name.py took 0.075 seconds
[2026-08-12T04:47:07.221+0000] {processor.py:186} INFO - Started process (PID=1437) to work on /home/airflow/.local/lib/python3.12/site-packages/airflow/example_dags/example_display_name.py
[2026-08-12T04:47:07.223+0000] {processor.py:914} INFO - Processing file /home/airflow/.local/lib/python3.12/site-packages/airflow/example_dags/example_display_name.py for tasks to queue
[2026-08-12T04:47:07.226+0000] {logging_mixin.py:190} INFO - [2026-08-12T04:47:07.226+0000] {dagbag.py:587} INFO - Filling up the DagBag from /home/airflow/.local/lib/python3.12/site-packages/airflow/example_dags/example_display_name.py
[2026-08-12T04:47:07.234+0000] {processor.py:925} INFO - DAG(s) 'example_display_name' retrieved from /home/airflow/.local/lib/python3.12/site-packages/airflow/example_dags/example_display_name.py
[2026-08-12T04:47:07.255+0000] {logging_mixin.py:190} INFO - [2026-08-12T04:47:07.255+0000] {dag.py:3211} INFO - Sync 1 DAGs
[2026-08-12T04:47:07.269+0000] {logging_mixin.py:190} INFO - [2026-08-12T04:47:07.269+0000] {dag.py:4138} INFO - Setting next_dagrun for example_display_name to None, run_after=None
[2026-08-12T04:47:07.289+0000] {processor.py:208} INFO - Processing /home/airflow/.local/lib/python3.12/site-packages/airflow/example_dags/example_display_name.py took 0.073 seconds
