[2026-08-12T04:31:48.517+0000] {processor.py:186} INFO - Started process (PID=73) to work on /home/airflow/.local/lib/python3.12/site-packages/airflow/example_dags/example_subdag_operator.py
[2026-08-12T04:31:48.520+0000] {processor.py:914} INFO - Processing file /home/airflow/.local/lib/python3.12/site-packages/airflow/example_dags/example_subdag_operator.py for tasks to queue
[2026-08-12T04:31:48.526+0000] {logging_mixin.py:190} INFO - [2026-08-12T04:31:48.525+0000] {dagbag.py:587} INFO - Filling up the DagBag from /home/airflow/.local/lib/python3.12/site-packages/airflow/example_dags/example_subdag_operator.py
[2026-08-12T04:31:48.576+0000] {processor.py:925} INFO - DAG(s) 'example_subdag_operator.section-1', 'example_subdag_operator.section-2', 'example_subdag_operator' retrieved from /home/airflow/.local/lib/python3.12/site-packages/airflow/example_dags/example_subdag_operator.py
[2026-08-12T04:31:48.766+0000] {logging_mixin.py:190} INFO - [2026-08-12T04:31:48.765+0000] {override.py:1858} INFO - Created Permission View: can edit on DAG:example_subdag_operator
[2026-08-12T04:31:48.792+0000] {logging_mixin.py:190} INFO - [2026-08-12T04:31:48.791+0000] {override.py:1858} INFO - Created Permission View: can read on DAG:example_subdag_operator
[2026-08-12T04:31:48.811+0000] {logging_mixin.py:190} INFO - [2026-08-12T04:31:48.811+0000] {override.py:1858} INFO - Created Permission View: can delete on DAG:example_subdag_operator
[2026-08-12T04:31:48.816+0000] {logging_mixin.py:190} INFO - [2026-08-12T04:31:48.815+0000] {dag.py:3211} INFO - Sync 3 DAGs
[2026-08-12T04:31:48.894+0000] {logging_mixin.py:190} INFO - [2026-08-12T04:31:48.893+0000] {dag.py:3234} INFO - Creating ORM DAG for example_subdag_operator.section-2
[2026-08-12T04:31:48.898+0000] {logging_mixin.py:190} INFO - [2026-08-12T04:31:48.897+0000] {dag.py:3234} INFO - Creating ORM DAG for example_subdag_operator
[2026-08-12T04:31:48.901+0000] {logging_mixin.py:190} INFO - [2026-08-12T04:31:48.900+0000] {dag.py:3234} INFO - Creating ORM DAG for example_subdag_operator.section-1
[2026-08-12T04:31:48.928+0000] {logging_mixin.py:190} INFO - [2026-08-12T04:31:48.928+0000] {dag.py:4138} INFO - Setting next_dagrun for example_subdag_operator to 2022-01-01 00:00:00+00:00, run_after=2022-01-01 00:00:00+00:00
[2026-08-12T04:31:48.931+0000] {logging_mixin.py:190} INFO - [2026-08-12T04:31:48.931+0000] {dag.py:4138} INFO - Setting next_dagrun for example_subdag_operator.section-1 to None, run_after=None
[2026-08-12T04:31:48.934+0000] {logging_mixin.py:190} INFO - [2026-08-12T04:31:48.933+0000] {dag.py:4138} INFO - Setting next_dagrun for example_subdag_operator.section-2 to None, run_after=None
[2026-08-12T04:31:48.951+0000] {logging_mixin.py:190} INFO - [2026-08-12T04:31:48.950+0000] {dag.py:3211} INFO - Sync 2 DAGs
[2026-08-12T04:31:48.961+0000] {logging_mixin.py:190} INFO - [2026-08-12T04:31:48.961+0000] {dag.py:4138} INFO - Setting next_dagrun for example_subdag_operator.section-1 to None, run_after=None
[2026-08-12T04:31:48.968+0000] {logging_mixin.py:190} INFO - [2026-08-12T04:31:48.968+0000] {dag.py:4138} INFO - Setting next_dagrun for example_subdag_operator.section-2 to None, run_after=None
[2026-08-12T04:31:48.991+0000] {processor.py:208} INFO - Processing /home/airflow/.local/lib/python3.12/site-packages/airflow/example_dags/example_subdag_operator.py took 0.482 seconds
[2026-08-12T04:32:19.103+0000] {processor.py:186} INFO - Started process (PID=136) to work on /home/airflow/.local/lib/python3.12/site-packages/airflow/example_dags/example_subdag_operator.py
[2026-08-12T04:32:19.106+0000] {processor.py:914} INFO - Processing file /home/airflow/.local/lib/python3.12/site-packages/airflow/example_dags/example_subdag_operator.py for tasks to queue
[2026-08-12T04:32:19.111+0000] {logging_mixin.py:190} INFO - [2026-08-12T04:32:19.110+0000] {dagbag.py:587} INFO - Filling up the DagBag from /home/airflow/.local/lib/python3.12/site-packages/airflow/example_dags/example_subdag_operator.py
[2026-08-12T04:32:19.150+0000] {processor.py:925} INFO - DAG(s) 'example_subdag_operator.section-1', 'example_subdag_operator.section-2', 'example_subdag_operator' retrieved from /home/airflow/.local/lib/python3.12/site-packages/airflow/example_dags/example_subdag_operator.py
[2026-08-12T04:32:19.173+0000] {logging_mixin.py:190} INFO - [2026-08-12T04:32:19.173+0000] {dag.py:3211} INFO - Sync 3 DAGs
[2026-08-12T04:32:19.218+0000] {logging_mixin.py:190} INFO - [2026-08-12T04:32:19.218+0000] {dag.py:4138} INFO - Setting next_dagrun for example_subdag_operator to 2022-01-01 00:00:00+00:00, run_after=2022-01-01 00:00:00+00:00
[2026-08-12T04:32:19.225+0000] {logging_mixin.py:190} INFO - [2026-08-12T04:32:19.225+0000] {dag.py:4138} INFO - Setting next_dagrun for example_subdag_operator.section-1 to None, run_after=None
[2026-08-12T04:32:19.228+0000] {logging_mixin.py:190} INFO - [2026-08-12T04:32:19.227+0000] {dag.py:4138} INFO - Setting next_dagrun for example_subdag_operator.section-2 to None, run_after=None
[2026-08-12T04:32:19.238+0000] {logging_mixin.py:190} INFO - [2026-08-12T04:32:19.238+0000] {dag.py:3211} INFO - Sync 2 DAGs
[2026-08-12T04:32:19.246+0000] {logging_mixin.py:190} INFO - [2026-08-12T04:32:19.246+0000] {dag.py:4138} INFO - Setting next_dagrun for example_subdag_operator.section-1 to None, run_after=None
[2026-08-12T04:32:19.248+0000] {logging_mixin.py:190} INFO - [2026-08-12T04:32:19.248+0000] {dag.py:4138} INFO - Setting next_dagrun for example_subdag_operator.section-2 to None, run_after=None
[2026-08-12T04:32:19.264+0000] {processor.py:208} INFO - Processing /home/airflow/.local/lib/python3.12/site-packages/airflow/example_dags/example_subdag_operator.py took 0.167 seconds
[2026-08-12T04:32:49.481+0000] {processor.py:186} INFO - Started process (PID=199) to work on /home/airflow/.local/lib/python3.12/site-packages/airflow/example_dags/example_subdag_operator.py
[2026-08-12T04:32:49.487+0000] {processor.py:914} INFO - Processing file /home/airflow/.local/lib/python3.12/site-packages/airflow/example_dags/example_subdag_operator.py for tasks to queue
[2026-08-12T04:32:49.503+0000] {logging_mixin.py:190} INFO - [2026-08-12T04:32:49.502+0000] {dagbag.py:587} INFO - Filling up the DagBag from /home/airflow/.local/lib/python3.12/site-packages/airflow/example_dags/example_subdag_operator.py
[2026-08-12T04:32:49.551+0000] {processor.py:925} INFO - DAG(s) 'example_subdag_operator.section-1', 'example_subdag_operator.section-2', 'example_subdag_operator' retrieved from /home/airflow/.local/lib/python3.12/site-packages/airflow/example_dags/example_subdag_operator.py
[2026-08-12T04:32:49.583+0000] {logging_mixin.py:190} INFO - [2026-08-12T04:32:49.582+0000] {dag.py:3211} INFO - Sync 3 DAGs
[2026-08-12T04:32:49.619+0000] {logging_mixin.py:190} INFO - [2026-08-12T04:32:49.619+0000] {dag.py:4138} INFO - Setting next_dagrun for example_subdag_operator to 2022-01-01 00:00:00+00:00, run_after=2022-01-01 00:00:00+00:00
[2026-08-12T04:32:49.625+0000] {logging_mixin.py:190} INFO - [2026-08-12T04:32:49.625+0000] {dag.py:4138} INFO - Setting next_dagrun for example_subdag_operator.section-1 to None, run_after=None
[2026-08-12T04:32:49.628+0000] {logging_mixin.py:190} INFO - [2026-08-12T04:32:49.628+0000] {dag.py:4138} INFO - Setting next_dagrun for example_subdag_operator.section-2 to None, run_after=None
[2026-08-12T04:32:49.639+0000] {logging_mixin.py:190} INFO - [2026-08-12T04:32:49.638+0000] {dag.py:3211} INFO - Sync 2 DAGs
[2026-08-12T04:32:49.649+0000] {logging_mixin.py:190} INFO - [2026-08-12T04:32:49.648+0000] {dag.py:4138} INFO - Setting next_dagrun for example_subdag_operator.section-1 to None, run_after=None
[2026-08-12T04:32:49.650+0000] {logging_mixin.py:190} INFO - [2026-08-12T04:32:49.650+0000] {dag.py:4138} INFO - Setting next_dagrun for example_subdag_operator.section-2 to None, run_after=None
[2026-08-12T04:32:49.667+0000] {processor.py:208} INFO - Processing /home/airflow/.local/lib/python3.12/site-packages/airflow/example_dags/example_subdag_operator.py took 0.196 seconds
[2026-08-12T04:33:20.077+0000] {processor.py:186} INFO - Started process (PID=261) to work on /home/airflow/.local/lib/python3.12/site-packages/airflow/example_dags/example_subdag_operator.py
[2026-08-12T04:33:20.080+0000] {processor.py:914} INFO - Processing file /home/airflow/.local/lib/python3.12/site-packages/airflow/example_dags/example_subdag_operator.py for tasks to queue
[2026-08-12T04:33:20.087+0000] {logging_mixin.py:190} INFO - [2026-08-12T04:33:20.086+0000] {dagbag.py:587} INFO - Filling up the DagBag from /home/airflow/.local/lib/python3.12/site-packages/airflow/example_dags/example_subdag_operator.py
[2026-08-12T04:33:20.125+0000] {processor.py:925} INFO - DAG(s) 'example_subdag_operator.section-1', 'example_subdag_operator.section-2', 'example_subdag_operator' retrieved from /home/airflow/.local/lib/python3.12/site-packages/airflow/example_dags/example_subdag_operator.py
[2026-08-12T04:33:20.152+0000] {logging_mixin.py:190} INFO - [2026-08-12T04:33:20.151+0000] {dag.py:3211} INFO - Sync 3 DAGs
[2026-08-12T04:33:20.240+0000] {logging_mixin.py:190} INFO - [2026-08-12T04:33:20.240+0000] {dag.py:4138} INFO - Setting next_dagrun for example_subdag_operator to 2022-01-01 00:00:00+00:00, run_after=2022-01-01 00:00:00+00:00
[2026-08-12T04:33:20.289+0000] {logging_mixin.py:190} INFO - [2026-08-12T04:33:20.289+0000] {dag.py:4138} INFO - Setting next_dagrun for example_subdag_operator.section-1 to None, run_after=None
[2026-08-12T04:33:20.294+0000] {logging_mixin.py:190} INFO - [2026-08-12T04:33:20.294+0000] {dag.py:4138} INFO - Setting next_dagrun for example_subdag_operator.section-2 to None, run_after=None
[2026-08-12T04:33:20.348+0000] {logging_mixin.py:190} INFO - [2026-08-12T04:33:20.348+0000] {dag.py:3211} INFO - Sync 2 DAGs
[2026-08-12T04:33:20.375+0000] {logging_mixin.py:190} INFO - [2026-08-12T04:33:20.374+0000] {dag.py:4138} INFO - Setting next_dagrun for example_subdag_operator.section-1 to None, run_after=None
[2026-08-12T04:33:20.405+0000] {logging_mixin.py:190} INFO - [2026-08-12T04:33:20.399+0000] {dag.py:4138} INFO - Setting next_dagrun for example_subdag_operator.section-2 to None, run_after=None
[2026-08-12T04:33:20.516+0000] {processor.py:208} INFO - Processing /home/airflow/.local/lib/python3.12/site-packages/airflow/example_dags/example_subdag_operator.py took 0.447 seconds
[2026-08-12T04:33:50.959+0000] {processor.py:186} INFO - Started process (PID=323) to work on /home/airflow/.local/lib/python3.12/site-packages/airflow/example_dags/example_subdag_operator.py
[2026-08-12T04:33:50.961+0000] {processor.py:914} INFO - Processing file /home/airflow/.local/lib/python3.12/site-packages/airflow/example_dags/example_subdag_operator.py for tasks to queue
[2026-08-12T04:33:50.969+0000] {logging_mixin.py:190} INFO - [2026-08-12T04:33:50.967+0000] {dagbag.py:587} INFO - Filling up the DagBag from /home/airflow/.local/lib/python3.12/site-packages/airflow/example_dags/example_subdag_operator.py
[2026-08-12T04:33:51.036+0000] {processor.py:925} INFO - DAG(s) 'example_subdag_operator.section-1', 'example_subdag_operator.section-2', 'example_subdag_operator' retrieved from /home/airflow/.local/lib/python3.12/site-packages/airflow/example_dags/example_subdag_operator.py
[2026-08-12T04:33:51.107+0000] {logging_mixin.py:190} INFO - [2026-08-12T04:33:51.097+0000] {dag.py:3211} INFO - Sync 3 DAGs
[2026-08-12T04:33:51.161+0000] {logging_mixin.py:190} INFO - [2026-08-12T04:33:51.161+0000] {dag.py:4138} INFO - Setting next_dagrun for example_subdag_operator to 2022-01-01 00:00:00+00:00, run_after=2022-01-01 00:00:00+00:00
[2026-08-12T04:33:51.170+0000] {logging_mixin.py:190} INFO - [2026-08-12T04:33:51.169+0000] {dag.py:4138} INFO - Setting next_dagrun for example_subdag_operator.section-1 to None, run_after=None
[2026-08-12T04:33:51.172+0000] {logging_mixin.py:190} INFO - [2026-08-12T04:33:51.172+0000] {dag.py:4138} INFO - Setting next_dagrun for example_subdag_operator.section-2 to None, run_after=None
[2026-08-12T04:33:51.186+0000] {logging_mixin.py:190} INFO - [2026-08-12T04:33:51.186+0000] {dag.py:3211} INFO - Sync 2 DAGs
[2026-08-12T04:33:51.194+0000] {logging_mixin.py:190} INFO - [2026-08-12T04:33:51.194+0000] {dag.py:4138} INFO - Setting next_dagrun for example_subdag_operator.section-1 to None, run_after=None
[2026-08-12T04:33:51.195+0000] {logging_mixin.py:190} INFO - [2026-08-12T04:33:51.195+0000] {dag.py:4138} INFO - Setting next_dagrun for example_subdag_operator.section-2 to None, run_after=None
[2026-08-12T04:33:51.216+0000] {processor.py:208} INFO - Processing /home/airflow/.local/lib/python3.12/site-packages/airflow/example_dags/example_subdag_operator.py took 0.265 seconds
[2026-08-12T04:34:21.832+0000] {processor.py:186} INFO - Started process (PID=385) to work on /home/airflow/.local/lib/python3.12/site-packages/airflow/example_dags/example_subdag_operator.py
[2026-08-12T04:34:21.835+0000] {processor.py:914} INFO - Processing file /home/airflow/.local/lib/python3.12/site-packages/airflow/example_dags/example_subdag_operator.py for tasks to queue
[2026-08-12T04:34:21.839+0000] {logging_mixin.py:190} INFO - [2026-08-12T04:34:21.839+0000] {dagbag.py:587} INFO - Filling up the DagBag from /home/airflow/.local/lib/python3.12/site-packages/airflow/example_dags/example_subdag_operator.py
[2026-08-12T04:34:21.877+0000] {processor.py:925} INFO - DAG(s) 'example_subdag_operator.section-1', 'example_subdag_operator.section-2', 'example_subdag_operator' retrieved from /home/airflow/.local/lib/python3.12/site-packages/airflow/example_dags/example_subdag_operator.py
[2026-08-12T04:34:21.906+0000] {logging_mixin.py:190} INFO - [2026-08-12T04:34:21.906+0000] {dag.py:3211} INFO - Sync 3 DAGs
[2026-08-12T04:34:21.942+0000] {logging_mixin.py:190} INFO - [2026-08-12T04:34:21.941+0000] {dag.py:4138} INFO - Setting next_dagrun for example_subdag_operator to 2022-01-01 00:00:00+00:00, run_after=2022-01-01 00:00:00+00:00
[2026-08-12T04:34:21.951+0000] {logging_mixin.py:190} INFO - [2026-08-12T04:34:21.950+0000] {dag.py:4138} INFO - Setting next_dagrun for example_subdag_operator.section-1 to None, run_after=None
[2026-08-12T04:34:21.955+0000] {logging_mixin.py:190} INFO - [2026-08-12T04:34:21.955+0000] {dag.py:4138} INFO - Setting next_dagrun for example_subdag_operator.section-2 to None, run_after=None
[2026-08-12T04:34:21.969+0000] {logging_mixin.py:190} INFO - [2026-08-12T04:34:21.968+0000] {dag.py:3211} INFO - Sync 2 DAGs
[2026-08-12T04:34:21.976+0000] {logging_mixin.py:190} INFO - [2026-08-12T04:34:21.976+0000] {dag.py:4138} INFO - Setting next_dagrun for example_subdag_operator.section-1 to None, run_after=None
[2026-08-12T04:34:21.978+0000] {logging_mixin.py:190} INFO - [2026-08-12T04:34:21.977+0000] {dag.py:4138} INFO - Setting next_dagrun for example_subdag_operator.section-2 to None, run_after=None
[2026-08-12T04:34:21.999+0000] {processor.py:208} INFO - Processing /home/airflow/.local/lib/python3.12/site-packages/airflow/example_dags/example_subdag_operator.py took 0.173 seconds
[2026-08-12T04:35:53.374+0000] {processor.py:186} INFO - Started process (PID=73) to work on /home/airflow/.local/lib/python3.12/site-packages/airflow/example_dags/example_subdag_operator.py
[2026-08-12T04:35:53.378+0000] {processor.py:914} INFO - Processing file /home/airflow/.local/lib/python3.12/site-packages/airflow/example_dags/example_subdag_operator.py for tasks to queue
[2026-08-12T04:35:53.396+0000] {logging_mixin.py:190} INFO - [2026-08-12T04:35:53.395+0000] {dagbag.py:587} INFO - Filling up the DagBag from /home/airflow/.local/lib/python3.12/site-packages/airflow/example_dags/example_subdag_operator.py
[2026-08-12T04:35:53.500+0000] {processor.py:925} INFO - DAG(s) 'example_subdag_operator.section-1', 'example_subdag_operator.section-2', 'example_subdag_operator' retrieved from /home/airflow/.local/lib/python3.12/site-packages/airflow/example_dags/example_subdag_operator.py
[2026-08-12T04:35:53.562+0000] {logging_mixin.py:190} INFO - [2026-08-12T04:35:53.562+0000] {dag.py:3211} INFO - Sync 3 DAGs
[2026-08-12T04:35:53.660+0000] {logging_mixin.py:190} INFO - [2026-08-12T04:35:53.659+0000] {dag.py:4138} INFO - Setting next_dagrun for example_subdag_operator to 2022-01-01 00:00:00+00:00, run_after=2022-01-01 00:00:00+00:00
[2026-08-12T04:35:53.673+0000] {logging_mixin.py:190} INFO - [2026-08-12T04:35:53.672+0000] {dag.py:4138} INFO - Setting next_dagrun for example_subdag_operator.section-1 to None, run_after=None
[2026-08-12T04:35:53.679+0000] {logging_mixin.py:190} INFO - [2026-08-12T04:35:53.679+0000] {dag.py:4138} INFO - Setting next_dagrun for example_subdag_operator.section-2 to None, run_after=None
[2026-08-12T04:35:53.695+0000] {logging_mixin.py:190} INFO - [2026-08-12T04:35:53.695+0000] {dag.py:3211} INFO - Sync 2 DAGs
[2026-08-12T04:35:53.711+0000] {logging_mixin.py:190} INFO - [2026-08-12T04:35:53.710+0000] {dag.py:4138} INFO - Setting next_dagrun for example_subdag_operator.section-1 to None, run_after=None
[2026-08-12T04:35:53.713+0000] {logging_mixin.py:190} INFO - [2026-08-12T04:35:53.713+0000] {dag.py:4138} INFO - Setting next_dagrun for example_subdag_operator.section-2 to None, run_after=None
[2026-08-12T04:35:53.740+0000] {processor.py:208} INFO - Processing /home/airflow/.local/lib/python3.12/site-packages/airflow/example_dags/example_subdag_operator.py took 0.382 seconds
[2026-08-12T04:36:24.660+0000] {processor.py:186} INFO - Started process (PID=135) to work on /home/airflow/.local/lib/python3.12/site-packages/airflow/example_dags/example_subdag_operator.py
[2026-08-12T04:36:24.662+0000] {processor.py:914} INFO - Processing file /home/airflow/.local/lib/python3.12/site-packages/airflow/example_dags/example_subdag_operator.py for tasks to queue
[2026-08-12T04:36:24.666+0000] {logging_mixin.py:190} INFO - [2026-08-12T04:36:24.666+0000] {dagbag.py:587} INFO - Filling up the DagBag from /home/airflow/.local/lib/python3.12/site-packages/airflow/example_dags/example_subdag_operator.py
[2026-08-12T04:36:24.696+0000] {processor.py:925} INFO - DAG(s) 'example_subdag_operator.section-1', 'example_subdag_operator.section-2', 'example_subdag_operator' retrieved from /home/airflow/.local/lib/python3.12/site-packages/airflow/example_dags/example_subdag_operator.py
[2026-08-12T04:36:24.712+0000] {logging_mixin.py:190} INFO - [2026-08-12T04:36:24.712+0000] {dag.py:3211} INFO - Sync 3 DAGs
[2026-08-12T04:36:24.735+0000] {logging_mixin.py:190} INFO - [2026-08-12T04:36:24.735+0000] {dag.py:4138} INFO - Setting next_dagrun for example_subdag_operator to 2022-01-01 00:00:00+00:00, run_after=2022-01-01 00:00:00+00:00
[2026-08-12T04:36:24.740+0000] {logging_mixin.py:190} INFO - [2026-08-12T04:36:24.739+0000] {dag.py:4138} INFO - Setting next_dagrun for example_subdag_operator.section-1 to None, run_after=None
[2026-08-12T04:36:24.742+0000] {logging_mixin.py:190} INFO - [2026-08-12T04:36:24.742+0000] {dag.py:4138} INFO - Setting next_dagrun for example_subdag_operator.section-2 to None, run_after=None
[2026-08-12T04:36:24.754+0000] {logging_mixin.py:190} INFO - [2026-08-12T04:36:24.754+0000] {dag.py:3211} INFO - Sync 2 DAGs
[2026-08-12T04:36:24.762+0000] {logging_mixin.py:190} INFO - [2026-08-12T04:36:24.762+0000] {dag.py:4138} INFO - Setting next_dagrun for example_subdag_operator.section-1 to None, run_after=None
[2026-08-12T04:36:24.764+0000] {logging_mixin.py:190} INFO - [2026-08-12T04:36:24.763+0000] {dag.py:4138} INFO - Setting next_dagrun for example_subdag_operator.section-2 to None, run_after=None
[2026-08-12T04:36:24.792+0000] {processor.py:208} INFO - Processing /home/airflow/.local/lib/python3.12/site-packages/airflow/example_dags/example_subdag_operator.py took 0.139 seconds
[2026-08-12T04:36:55.404+0000] {processor.py:186} INFO - Started process (PID=197) to work on /home/airflow/.local/lib/python3.12/site-packages/airflow/example_dags/example_subdag_operator.py
[2026-08-12T04:36:55.406+0000] {processor.py:914} INFO - Processing file /home/airflow/.local/lib/python3.12/site-packages/airflow/example_dags/example_subdag_operator.py for tasks to queue
[2026-08-12T04:36:55.410+0000] {logging_mixin.py:190} INFO - [2026-08-12T04:36:55.410+0000] {dagbag.py:587} INFO - Filling up the DagBag from /home/airflow/.local/lib/python3.12/site-packages/airflow/example_dags/example_subdag_operator.py
[2026-08-12T04:36:55.459+0000] {processor.py:925} INFO - DAG(s) 'example_subdag_operator.section-1', 'example_subdag_operator.section-2', 'example_subdag_operator' retrieved from /home/airflow/.local/lib/python3.12/site-packages/airflow/example_dags/example_subdag_operator.py
[2026-08-12T04:36:55.481+0000] {logging_mixin.py:190} INFO - [2026-08-12T04:36:55.481+0000] {dag.py:3211} INFO - Sync 3 DAGs
[2026-08-12T04:36:55.514+0000] {logging_mixin.py:190} INFO - [2026-08-12T04:36:55.514+0000] {dag.py:4138} INFO - Setting next_dagrun for example_subdag_operator to 2022-01-01 00:00:00+00:00, run_after=2022-01-01 00:00:00+00:00
[2026-08-12T04:36:55.521+0000] {logging_mixin.py:190} INFO - [2026-08-12T04:36:55.521+0000] {dag.py:4138} INFO - Setting next_dagrun for example_subdag_operator.section-1 to None, run_after=None
[2026-08-12T04:36:55.523+0000] {logging_mixin.py:190} INFO - [2026-08-12T04:36:55.523+0000] {dag.py:4138} INFO - Setting next_dagrun for example_subdag_operator.section-2 to None, run_after=None
[2026-08-12T04:36:55.534+0000] {logging_mixin.py:190} INFO - [2026-08-12T04:36:55.533+0000] {dag.py:3211} INFO - Sync 2 DAGs
[2026-08-12T04:36:55.543+0000] {logging_mixin.py:190} INFO - [2026-08-12T04:36:55.543+0000] {dag.py:4138} INFO - Setting next_dagrun for example_subdag_operator.section-1 to None, run_after=None
[2026-08-12T04:36:55.546+0000] {logging_mixin.py:190} INFO - [2026-08-12T04:36:55.545+0000] {dag.py:4138} INFO - Setting next_dagrun for example_subdag_operator.section-2 to None, run_after=None
[2026-08-12T04:36:55.577+0000] {processor.py:208} INFO - Processing /home/airflow/.local/lib/python3.12/site-packages/airflow/example_dags/example_subdag_operator.py took 0.184 seconds
[2026-08-12T04:37:25.747+0000] {processor.py:186} INFO - Started process (PID=259) to work on /home/airflow/.local/lib/python3.12/site-packages/airflow/example_dags/example_subdag_operator.py
[2026-08-12T04:37:25.749+0000] {processor.py:914} INFO - Processing file /home/airflow/.local/lib/python3.12/site-packages/airflow/example_dags/example_subdag_operator.py for tasks to queue
[2026-08-12T04:37:25.754+0000] {logging_mixin.py:190} INFO - [2026-08-12T04:37:25.753+0000] {dagbag.py:587} INFO - Filling up the DagBag from /home/airflow/.local/lib/python3.12/site-packages/airflow/example_dags/example_subdag_operator.py
[2026-08-12T04:37:25.788+0000] {processor.py:925} INFO - DAG(s) 'example_subdag_operator.section-1', 'example_subdag_operator.section-2', 'example_subdag_operator' retrieved from /home/airflow/.local/lib/python3.12/site-packages/airflow/example_dags/example_subdag_operator.py
[2026-08-12T04:37:25.807+0000] {logging_mixin.py:190} INFO - [2026-08-12T04:37:25.807+0000] {dag.py:3211} INFO - Sync 3 DAGs
[2026-08-12T04:37:25.833+0000] {logging_mixin.py:190} INFO - [2026-08-12T04:37:25.833+0000] {dag.py:4138} INFO - Setting next_dagrun for example_subdag_operator to 2022-01-01 00:00:00+00:00, run_after=2022-01-01 00:00:00+00:00
[2026-08-12T04:37:25.840+0000] {logging_mixin.py:190} INFO - [2026-08-12T04:37:25.840+0000] {dag.py:4138} INFO - Setting next_dagrun for example_subdag_operator.section-1 to None, run_after=None
[2026-08-12T04:37:25.844+0000] {logging_mixin.py:190} INFO - [2026-08-12T04:37:25.843+0000] {dag.py:4138} INFO - Setting next_dagrun for example_subdag_operator.section-2 to None, run_after=None
[2026-08-12T04:37:25.855+0000] {logging_mixin.py:190} INFO - [2026-08-12T04:37:25.855+0000] {dag.py:3211} INFO - Sync 2 DAGs
[2026-08-12T04:37:25.861+0000] {logging_mixin.py:190} INFO - [2026-08-12T04:37:25.861+0000] {dag.py:4138} INFO - Setting next_dagrun for example_subdag_operator.section-1 to None, run_after=None
[2026-08-12T04:37:25.862+0000] {logging_mixin.py:190} INFO - [2026-08-12T04:37:25.862+0000] {dag.py:4138} INFO - Setting next_dagrun for example_subdag_operator.section-2 to None, run_after=None
[2026-08-12T04:37:25.881+0000] {processor.py:208} INFO - Processing /home/airflow/.local/lib/python3.12/site-packages/airflow/example_dags/example_subdag_operator.py took 0.141 seconds
[2026-08-12T04:37:56.114+0000] {processor.py:186} INFO - Started process (PID=321) to work on /home/airflow/.local/lib/python3.12/site-packages/airflow/example_dags/example_subdag_operator.py
[2026-08-12T04:37:56.116+0000] {processor.py:914} INFO - Processing file /home/airflow/.local/lib/python3.12/site-packages/airflow/example_dags/example_subdag_operator.py for tasks to queue
[2026-08-12T04:37:56.120+0000] {logging_mixin.py:190} INFO - [2026-08-12T04:37:56.119+0000] {dagbag.py:587} INFO - Filling up the DagBag from /home/airflow/.local/lib/python3.12/site-packages/airflow/example_dags/example_subdag_operator.py
[2026-08-12T04:37:56.165+0000] {processor.py:925} INFO - DAG(s) 'example_subdag_operator.section-1', 'example_subdag_operator.section-2', 'example_subdag_operator' retrieved from /home/airflow/.local/lib/python3.12/site-packages/airflow/example_dags/example_subdag_operator.py
[2026-08-12T04:37:56.187+0000] {logging_mixin.py:190} INFO - [2026-08-12T04:37:56.186+0000] {dag.py:3211} INFO - Sync 3 DAGs
[2026-08-12T04:37:56.218+0000] {logging_mixin.py:190} INFO - [2026-08-12T04:37:56.218+0000] {dag.py:4138} INFO - Setting next_dagrun for example_subdag_operator to 2022-01-01 00:00:00+00:00, run_after=2022-01-01 00:00:00+00:00
[2026-08-12T04:37:56.227+0000] {logging_mixin.py:190} INFO - [2026-08-12T04:37:56.226+0000] {dag.py:4138} INFO - Setting next_dagrun for example_subdag_operator.section-1 to None, run_after=None
[2026-08-12T04:37:56.231+0000] {logging_mixin.py:190} INFO - [2026-08-12T04:37:56.231+0000] {dag.py:4138} INFO - Setting next_dagrun for example_subdag_operator.section-2 to None, run_after=None
[2026-08-12T04:37:56.241+0000] {logging_mixin.py:190} INFO - [2026-08-12T04:37:56.241+0000] {dag.py:3211} INFO - Sync 2 DAGs
[2026-08-12T04:37:56.250+0000] {logging_mixin.py:190} INFO - [2026-08-12T04:37:56.249+0000] {dag.py:4138} INFO - Setting next_dagrun for example_subdag_operator.section-1 to None, run_after=None
[2026-08-12T04:37:56.251+0000] {logging_mixin.py:190} INFO - [2026-08-12T04:37:56.251+0000] {dag.py:4138} INFO - Setting next_dagrun for example_subdag_operator.section-2 to None, run_after=None
[2026-08-12T04:37:56.286+0000] {processor.py:208} INFO - Processing /home/airflow/.local/lib/python3.12/site-packages/airflow/example_dags/example_subdag_operator.py took 0.181 seconds
[2026-08-12T04:38:27.005+0000] {processor.py:186} INFO - Started process (PID=383) to work on /home/airflow/.local/lib/python3.12/site-packages/airflow/example_dags/example_subdag_operator.py
[2026-08-12T04:38:27.007+0000] {processor.py:914} INFO - Processing file /home/airflow/.local/lib/python3.12/site-packages/airflow/example_dags/example_subdag_operator.py for tasks to queue
[2026-08-12T04:38:27.012+0000] {logging_mixin.py:190} INFO - [2026-08-12T04:38:27.012+0000] {dagbag.py:587} INFO - Filling up the DagBag from /home/airflow/.local/lib/python3.12/site-packages/airflow/example_dags/example_subdag_operator.py
[2026-08-12T04:38:27.047+0000] {processor.py:925} INFO - DAG(s) 'example_subdag_operator.section-1', 'example_subdag_operator.section-2', 'example_subdag_operator' retrieved from /home/airflow/.local/lib/python3.12/site-packages/airflow/example_dags/example_subdag_operator.py
[2026-08-12T04:38:27.069+0000] {logging_mixin.py:190} INFO - [2026-08-12T04:38:27.068+0000] {dag.py:3211} INFO - Sync 3 DAGs
[2026-08-12T04:38:27.103+0000] {logging_mixin.py:190} INFO - [2026-08-12T04:38:27.102+0000] {dag.py:4138} INFO - Setting next_dagrun for example_subdag_operator to 2022-01-01 00:00:00+00:00, run_after=2022-01-01 00:00:00+00:00
[2026-08-12T04:38:27.112+0000] {logging_mixin.py:190} INFO - [2026-08-12T04:38:27.112+0000] {dag.py:4138} INFO - Setting next_dagrun for example_subdag_operator.section-1 to None, run_after=None
[2026-08-12T04:38:27.117+0000] {logging_mixin.py:190} INFO - [2026-08-12T04:38:27.116+0000] {dag.py:4138} INFO - Setting next_dagrun for example_subdag_operator.section-2 to None, run_after=None
[2026-08-12T04:38:27.127+0000] {logging_mixin.py:190} INFO - [2026-08-12T04:38:27.127+0000] {dag.py:3211} INFO - Sync 2 DAGs
[2026-08-12T04:38:27.137+0000] {logging_mixin.py:190} INFO - [2026-08-12T04:38:27.136+0000] {dag.py:4138} INFO - Setting next_dagrun for example_subdag_operator.section-1 to None, run_after=None
[2026-08-12T04:38:27.139+0000] {logging_mixin.py:190} INFO - [2026-08-12T04:38:27.139+0000] {dag.py:4138} INFO - Setting next_dagrun for example_subdag_operator.section-2 to None, run_after=None
[2026-08-12T04:38:27.159+0000] {processor.py:208} INFO - Processing /home/airflow/.local/lib/python3.12/site-packages/airflow/example_dags/example_subdag_operator.py took 0.163 seconds
[2026-08-12T04:38:58.026+0000] {processor.py:186} INFO - Started process (PID=445) to work on /home/airflow/.local/lib/python3.12/site-packages/airflow/example_dags/example_subdag_operator.py
[2026-08-12T04:38:58.029+0000] {processor.py:914} INFO - Processing file /home/airflow/.local/lib/python3.12/site-packages/airflow/example_dags/example_subdag_operator.py for tasks to queue
[2026-08-12T04:38:58.033+0000] {logging_mixin.py:190} INFO - [2026-08-12T04:38:58.033+0000] {dagbag.py:587} INFO - Filling up the DagBag from /home/airflow/.local/lib/python3.12/site-packages/airflow/example_dags/example_subdag_operator.py
[2026-08-12T04:38:58.090+0000] {processor.py:925} INFO - DAG(s) 'example_subdag_operator.section-1', 'example_subdag_operator.section-2', 'example_subdag_operator' retrieved from /home/airflow/.local/lib/python3.12/site-packages/airflow/example_dags/example_subdag_operator.py
[2026-08-12T04:38:58.111+0000] {logging_mixin.py:190} INFO - [2026-08-12T04:38:58.111+0000] {dag.py:3211} INFO - Sync 3 DAGs
[2026-08-12T04:38:58.145+0000] {logging_mixin.py:190} INFO - [2026-08-12T04:38:58.144+0000] {dag.py:4138} INFO - Setting next_dagrun for example_subdag_operator to 2022-01-01 00:00:00+00:00, run_after=2022-01-01 00:00:00+00:00
[2026-08-12T04:38:58.150+0000] {logging_mixin.py:190} INFO - [2026-08-12T04:38:58.150+0000] {dag.py:4138} INFO - Setting next_dagrun for example_subdag_operator.section-1 to None, run_after=None
[2026-08-12T04:38:58.166+0000] {logging_mixin.py:190} INFO - [2026-08-12T04:38:58.166+0000] {dag.py:4138} INFO - Setting next_dagrun for example_subdag_operator.section-2 to None, run_after=None
[2026-08-12T04:38:58.179+0000] {logging_mixin.py:190} INFO - [2026-08-12T04:38:58.179+0000] {dag.py:3211} INFO - Sync 2 DAGs
[2026-08-12T04:38:58.187+0000] {logging_mixin.py:190} INFO - [2026-08-12T04:38:58.186+0000] {dag.py:4138} INFO - Setting next_dagrun for example_subdag_operator.section-1 to None, run_after=None
[2026-08-12T04:38:58.189+0000] {logging_mixin.py:190} INFO - [2026-08-12T04:38:58.188+0000] {dag.py:4138} INFO - Setting next_dagrun for example_subdag_operator.section-2 to None, run_after=None
[2026-08-12T04:38:58.217+0000] {processor.py:208} INFO - Processing /home/airflow/.local/lib/python3.12/site-packages/airflow/example_dags/example_subdag_operator.py took 0.201 seconds
[2026-08-12T04:39:28.287+0000] {processor.py:186} INFO - Started process (PID=507) to work on /home/airflow/.local/lib/python3.12/site-packages/airflow/example_dags/example_subdag_operator.py
[2026-08-12T04:39:28.292+0000] {processor.py:914} INFO - Processing file /home/airflow/.local/lib/python3.12/site-packages/airflow/example_dags/example_subdag_operator.py for tasks to queue
[2026-08-12T04:39:28.297+0000] {logging_mixin.py:190} INFO - [2026-08-12T04:39:28.296+0000] {dagbag.py:587} INFO - Filling up the DagBag from /home/airflow/.local/lib/python3.12/site-packages/airflow/example_dags/example_subdag_operator.py
[2026-08-12T04:39:28.333+0000] {processor.py:925} INFO - DAG(s) 'example_subdag_operator.section-1', 'example_subdag_operator.section-2', 'example_subdag_operator' retrieved from /home/airflow/.local/lib/python3.12/site-packages/airflow/example_dags/example_subdag_operator.py
[2026-08-12T04:39:28.374+0000] {logging_mixin.py:190} INFO - [2026-08-12T04:39:28.373+0000] {dag.py:3211} INFO - Sync 3 DAGs
[2026-08-12T04:39:28.404+0000] {logging_mixin.py:190} INFO - [2026-08-12T04:39:28.403+0000] {dag.py:4138} INFO - Setting next_dagrun for example_subdag_operator to 2022-01-01 00:00:00+00:00, run_after=2022-01-01 00:00:00+00:00
[2026-08-12T04:39:28.411+0000] {logging_mixin.py:190} INFO - [2026-08-12T04:39:28.411+0000] {dag.py:4138} INFO - Setting next_dagrun for example_subdag_operator.section-1 to None, run_after=None
[2026-08-12T04:39:28.414+0000] {logging_mixin.py:190} INFO - [2026-08-12T04:39:28.414+0000] {dag.py:4138} INFO - Setting next_dagrun for example_subdag_operator.section-2 to None, run_after=None
[2026-08-12T04:39:28.425+0000] {logging_mixin.py:190} INFO - [2026-08-12T04:39:28.424+0000] {dag.py:3211} INFO - Sync 2 DAGs
[2026-08-12T04:39:28.432+0000] {logging_mixin.py:190} INFO - [2026-08-12T04:39:28.431+0000] {dag.py:4138} INFO - Setting next_dagrun for example_subdag_operator.section-1 to None, run_after=None
[2026-08-12T04:39:28.433+0000] {logging_mixin.py:190} INFO - [2026-08-12T04:39:28.433+0000] {dag.py:4138} INFO - Setting next_dagrun for example_subdag_operator.section-2 to None, run_after=None
[2026-08-12T04:39:28.465+0000] {processor.py:208} INFO - Processing /home/airflow/.local/lib/python3.12/site-packages/airflow/example_dags/example_subdag_operator.py took 0.185 seconds
[2026-08-12T04:39:58.680+0000] {processor.py:186} INFO - Started process (PID=569) to work on /home/airflow/.local/lib/python3.12/site-packages/airflow/example_dags/example_subdag_operator.py
[2026-08-12T04:39:58.682+0000] {processor.py:914} INFO - Processing file /home/airflow/.local/lib/python3.12/site-packages/airflow/example_dags/example_subdag_operator.py for tasks to queue
[2026-08-12T04:39:58.686+0000] {logging_mixin.py:190} INFO - [2026-08-12T04:39:58.685+0000] {dagbag.py:587} INFO - Filling up the DagBag from /home/airflow/.local/lib/python3.12/site-packages/airflow/example_dags/example_subdag_operator.py
[2026-08-12T04:39:58.742+0000] {processor.py:925} INFO - DAG(s) 'example_subdag_operator.section-1', 'example_subdag_operator.section-2', 'example_subdag_operator' retrieved from /home/airflow/.local/lib/python3.12/site-packages/airflow/example_dags/example_subdag_operator.py
[2026-08-12T04:39:58.766+0000] {logging_mixin.py:190} INFO - [2026-08-12T04:39:58.765+0000] {dag.py:3211} INFO - Sync 3 DAGs
[2026-08-12T04:39:58.802+0000] {logging_mixin.py:190} INFO - [2026-08-12T04:39:58.801+0000] {dag.py:4138} INFO - Setting next_dagrun for example_subdag_operator to 2022-01-01 00:00:00+00:00, run_after=2022-01-01 00:00:00+00:00
[2026-08-12T04:39:58.810+0000] {logging_mixin.py:190} INFO - [2026-08-12T04:39:58.810+0000] {dag.py:4138} INFO - Setting next_dagrun for example_subdag_operator.section-1 to None, run_after=None
[2026-08-12T04:39:58.813+0000] {logging_mixin.py:190} INFO - [2026-08-12T04:39:58.812+0000] {dag.py:4138} INFO - Setting next_dagrun for example_subdag_operator.section-2 to None, run_after=None
[2026-08-12T04:39:58.824+0000] {logging_mixin.py:190} INFO - [2026-08-12T04:39:58.824+0000] {dag.py:3211} INFO - Sync 2 DAGs
[2026-08-12T04:39:58.834+0000] {logging_mixin.py:190} INFO - [2026-08-12T04:39:58.833+0000] {dag.py:4138} INFO - Setting next_dagrun for example_subdag_operator.section-1 to None, run_after=None
[2026-08-12T04:39:58.836+0000] {logging_mixin.py:190} INFO - [2026-08-12T04:39:58.836+0000] {dag.py:4138} INFO - Setting next_dagrun for example_subdag_operator.section-2 to None, run_after=None
[2026-08-12T04:39:58.869+0000] {processor.py:208} INFO - Processing /home/airflow/.local/lib/python3.12/site-packages/airflow/example_dags/example_subdag_operator.py took 0.197 seconds
[2026-08-12T04:40:29.419+0000] {processor.py:186} INFO - Started process (PID=631) to work on /home/airflow/.local/lib/python3.12/site-packages/airflow/example_dags/example_subdag_operator.py
[2026-08-12T04:40:29.428+0000] {processor.py:914} INFO - Processing file /home/airflow/.local/lib/python3.12/site-packages/airflow/example_dags/example_subdag_operator.py for tasks to queue
[2026-08-12T04:40:29.438+0000] {logging_mixin.py:190} INFO - [2026-08-12T04:40:29.437+0000] {dagbag.py:587} INFO - Filling up the DagBag from /home/airflow/.local/lib/python3.12/site-packages/airflow/example_dags/example_subdag_operator.py
[2026-08-12T04:40:29.521+0000] {processor.py:925} INFO - DAG(s) 'example_subdag_operator.section-1', 'example_subdag_operator.section-2', 'example_subdag_operator' retrieved from /home/airflow/.local/lib/python3.12/site-packages/airflow/example_dags/example_subdag_operator.py
[2026-08-12T04:40:29.551+0000] {logging_mixin.py:190} INFO - [2026-08-12T04:40:29.551+0000] {dag.py:3211} INFO - Sync 3 DAGs
[2026-08-12T04:40:29.613+0000] {logging_mixin.py:190} INFO - [2026-08-12T04:40:29.613+0000] {dag.py:4138} INFO - Setting next_dagrun for example_subdag_operator to 2022-01-01 00:00:00+00:00, run_after=2022-01-01 00:00:00+00:00
[2026-08-12T04:40:29.618+0000] {logging_mixin.py:190} INFO - [2026-08-12T04:40:29.618+0000] {dag.py:4138} INFO - Setting next_dagrun for example_subdag_operator.section-1 to None, run_after=None
[2026-08-12T04:40:29.636+0000] {logging_mixin.py:190} INFO - [2026-08-12T04:40:29.635+0000] {dag.py:4138} INFO - Setting next_dagrun for example_subdag_operator.section-2 to None, run_after=None
[2026-08-12T04:40:29.652+0000] {logging_mixin.py:190} INFO - [2026-08-12T04:40:29.652+0000] {dag.py:3211} INFO - Sync 2 DAGs
[2026-08-12T04:40:29.663+0000] {logging_mixin.py:190} INFO - [2026-08-12T04:40:29.663+0000] {dag.py:4138} INFO - Setting next_dagrun for example_subdag_operator.section-1 to None, run_after=None
[2026-08-12T04:40:29.665+0000] {logging_mixin.py:190} INFO - [2026-08-12T04:40:29.665+0000] {dag.py:4138} INFO - Setting next_dagrun for example_subdag_operator.section-2 to None, run_after=None
[2026-08-12T04:40:29.698+0000] {processor.py:208} INFO - Processing /home/airflow/.local/lib/python3.12/site-packages/airflow/example_dags/example_subdag_operator.py took 0.300 seconds
[2026-08-12T04:40:59.832+0000] {processor.py:186} INFO - Started process (PID=693) to work on /home/airflow/.local/lib/python3.12/site-packages/airflow/example_dags/example_subdag_operator.py
[2026-08-12T04:40:59.835+0000] {processor.py:914} INFO - Processing file /home/airflow/.local/lib/python3.12/site-packages/airflow/example_dags/example_subdag_operator.py for tasks to queue
[2026-08-12T04:40:59.839+0000] {logging_mixin.py:190} INFO - [2026-08-12T04:40:59.839+0000] {dagbag.py:587} INFO - Filling up the DagBag from /home/airflow/.local/lib/python3.12/site-packages/airflow/example_dags/example_subdag_operator.py
[2026-08-12T04:40:59.872+0000] {processor.py:925} INFO - DAG(s) 'example_subdag_operator.section-1', 'example_subdag_operator.section-2', 'example_subdag_operator' retrieved from /home/airflow/.local/lib/python3.12/site-packages/airflow/example_dags/example_subdag_operator.py
[2026-08-12T04:40:59.900+0000] {logging_mixin.py:190} INFO - [2026-08-12T04:40:59.900+0000] {dag.py:3211} INFO - Sync 3 DAGs
[2026-08-12T04:40:59.938+0000] {logging_mixin.py:190} INFO - [2026-08-12T04:40:59.938+0000] {dag.py:4138} INFO - Setting next_dagrun for example_subdag_operator to 2022-01-01 00:00:00+00:00, run_after=2022-01-01 00:00:00+00:00
[2026-08-12T04:40:59.945+0000] {logging_mixin.py:190} INFO - [2026-08-12T04:40:59.945+0000] {dag.py:4138} INFO - Setting next_dagrun for example_subdag_operator.section-1 to None, run_after=None
[2026-08-12T04:40:59.947+0000] {logging_mixin.py:190} INFO - [2026-08-12T04:40:59.947+0000] {dag.py:4138} INFO - Setting next_dagrun for example_subdag_operator.section-2 to None, run_after=None
[2026-08-12T04:40:59.957+0000] {logging_mixin.py:190} INFO - [2026-08-12T04:40:59.956+0000] {dag.py:3211} INFO - Sync 2 DAGs
[2026-08-12T04:40:59.967+0000] {logging_mixin.py:190} INFO - [2026-08-12T04:40:59.967+0000] {dag.py:4138} INFO - Setting next_dagrun for example_subdag_operator.section-1 to None, run_after=None
[2026-08-12T04:40:59.970+0000] {logging_mixin.py:190} INFO - [2026-08-12T04:40:59.970+0000] {dag.py:4138} INFO - Setting next_dagrun for example_subdag_operator.section-2 to None, run_after=None
[2026-08-12T04:40:59.986+0000] {processor.py:208} INFO - Processing /home/airflow/.local/lib/python3.12/site-packages/airflow/example_dags/example_subdag_operator.py took 0.163 seconds
[2026-08-12T04:41:30.712+0000] {processor.py:186} INFO - Started process (PID=755) to work on /home/airflow/.local/lib/python3.12/site-packages/airflow/example_dags/example_subdag_operator.py
[2026-08-12T04:41:30.714+0000] {processor.py:914} INFO - Processing file /home/airflow/.local/lib/python3.12/site-packages/airflow/example_dags/example_subdag_operator.py for tasks to queue
[2026-08-12T04:41:30.717+0000] {logging_mixin.py:190} INFO - [2026-08-12T04:41:30.717+0000] {dagbag.py:587} INFO - Filling up the DagBag from /home/airflow/.local/lib/python3.12/site-packages/airflow/example_dags/example_subdag_operator.py
[2026-08-12T04:41:30.757+0000] {processor.py:925} INFO - DAG(s) 'example_subdag_operator.section-1', 'example_subdag_operator.section-2', 'example_subdag_operator' retrieved from /home/airflow/.local/lib/python3.12/site-packages/airflow/example_dags/example_subdag_operator.py
[2026-08-12T04:41:30.783+0000] {logging_mixin.py:190} INFO - [2026-08-12T04:41:30.783+0000] {dag.py:3211} INFO - Sync 3 DAGs
[2026-08-12T04:41:30.817+0000] {logging_mixin.py:190} INFO - [2026-08-12T04:41:30.817+0000] {dag.py:4138} INFO - Setting next_dagrun for example_subdag_operator to 2022-01-01 00:00:00+00:00, run_after=2022-01-01 00:00:00+00:00
[2026-08-12T04:41:30.826+0000] {logging_mixin.py:190} INFO - [2026-08-12T04:41:30.825+0000] {dag.py:4138} INFO - Setting next_dagrun for example_subdag_operator.section-1 to None, run_after=None
[2026-08-12T04:41:30.829+0000] {logging_mixin.py:190} INFO - [2026-08-12T04:41:30.829+0000] {dag.py:4138} INFO - Setting next_dagrun for example_subdag_operator.section-2 to None, run_after=None
[2026-08-12T04:41:30.845+0000] {logging_mixin.py:190} INFO - [2026-08-12T04:41:30.844+0000] {dag.py:3211} INFO - Sync 2 DAGs
[2026-08-12T04:41:30.851+0000] {logging_mixin.py:190} INFO - [2026-08-12T04:41:30.851+0000] {dag.py:4138} INFO - Setting next_dagrun for example_subdag_operator.section-1 to None, run_after=None
[2026-08-12T04:41:30.852+0000] {logging_mixin.py:190} INFO - [2026-08-12T04:41:30.852+0000] {dag.py:4138} INFO - Setting next_dagrun for example_subdag_operator.section-2 to None, run_after=None
[2026-08-12T04:41:30.873+0000] {processor.py:208} INFO - Processing /home/airflow/.local/lib/python3.12/site-packages/airflow/example_dags/example_subdag_operator.py took 0.167 seconds
[2026-08-12T04:42:01.472+0000] {processor.py:186} INFO - Started process (PID=817) to work on /home/airflow/.local/lib/python3.12/site-packages/airflow/example_dags/example_subdag_operator.py
[2026-08-12T04:42:01.474+0000] {processor.py:914} INFO - Processing file /home/airflow/.local/lib/python3.12/site-packages/airflow/example_dags/example_subdag_operator.py for tasks to queue
[2026-08-12T04:42:01.478+0000] {logging_mixin.py:190} INFO - [2026-08-12T04:42:01.478+0000] {dagbag.py:587} INFO - Filling up the DagBag from /home/airflow/.local/lib/python3.12/site-packages/airflow/example_dags/example_subdag_operator.py
[2026-08-12T04:42:01.509+0000] {processor.py:925} INFO - DAG(s) 'example_subdag_operator.section-1', 'example_subdag_operator.section-2', 'example_subdag_operator' retrieved from /home/airflow/.local/lib/python3.12/site-packages/airflow/example_dags/example_subdag_operator.py
[2026-08-12T04:42:01.524+0000] {logging_mixin.py:190} INFO - [2026-08-12T04:42:01.524+0000] {dag.py:3211} INFO - Sync 3 DAGs
[2026-08-12T04:42:01.549+0000] {logging_mixin.py:190} INFO - [2026-08-12T04:42:01.548+0000] {dag.py:4138} INFO - Setting next_dagrun for example_subdag_operator to 2022-01-01 00:00:00+00:00, run_after=2022-01-01 00:00:00+00:00
[2026-08-12T04:42:01.567+0000] {logging_mixin.py:190} INFO - [2026-08-12T04:42:01.566+0000] {dag.py:4138} INFO - Setting next_dagrun for example_subdag_operator.section-1 to None, run_after=None
[2026-08-12T04:42:01.572+0000] {logging_mixin.py:190} INFO - [2026-08-12T04:42:01.572+0000] {dag.py:4138} INFO - Setting next_dagrun for example_subdag_operator.section-2 to None, run_after=None
[2026-08-12T04:42:01.588+0000] {logging_mixin.py:190} INFO - [2026-08-12T04:42:01.587+0000] {dag.py:3211} INFO - Sync 2 DAGs
[2026-08-12T04:42:01.601+0000] {logging_mixin.py:190} INFO - [2026-08-12T04:42:01.600+0000] {dag.py:4138} INFO - Setting next_dagrun for example_subdag_operator.section-1 to None, run_after=None
[2026-08-12T04:42:01.604+0000] {logging_mixin.py:190} INFO - [2026-08-12T04:42:01.604+0000] {dag.py:4138} INFO - Setting next_dagrun for example_subdag_operator.section-2 to None, run_after=None
[2026-08-12T04:42:01.630+0000] {processor.py:208} INFO - Processing /home/airflow/.local/lib/python3.12/site-packages/airflow/example_dags/example_subdag_operator.py took 0.165 seconds
[2026-08-12T04:42:32.224+0000] {processor.py:186} INFO - Started process (PID=879) to work on /home/airflow/.local/lib/python3.12/site-packages/airflow/example_dags/example_subdag_operator.py
[2026-08-12T04:42:32.228+0000] {processor.py:914} INFO - Processing file /home/airflow/.local/lib/python3.12/site-packages/airflow/example_dags/example_subdag_operator.py for tasks to queue
[2026-08-12T04:42:32.236+0000] {logging_mixin.py:190} INFO - [2026-08-12T04:42:32.236+0000] {dagbag.py:587} INFO - Filling up the DagBag from /home/airflow/.local/lib/python3.12/site-packages/airflow/example_dags/example_subdag_operator.py
[2026-08-12T04:42:32.294+0000] {processor.py:925} INFO - DAG(s) 'example_subdag_operator.section-1', 'example_subdag_operator.section-2', 'example_subdag_operator' retrieved from /home/airflow/.local/lib/python3.12/site-packages/airflow/example_dags/example_subdag_operator.py
[2026-08-12T04:42:32.315+0000] {logging_mixin.py:190} INFO - [2026-08-12T04:42:32.315+0000] {dag.py:3211} INFO - Sync 3 DAGs
[2026-08-12T04:42:32.346+0000] {logging_mixin.py:190} INFO - [2026-08-12T04:42:32.346+0000] {dag.py:4138} INFO - Setting next_dagrun for example_subdag_operator to 2022-01-01 00:00:00+00:00, run_after=2022-01-01 00:00:00+00:00
[2026-08-12T04:42:32.352+0000] {logging_mixin.py:190} INFO - [2026-08-12T04:42:32.352+0000] {dag.py:4138} INFO - Setting next_dagrun for example_subdag_operator.section-1 to None, run_after=None
[2026-08-12T04:42:32.354+0000] {logging_mixin.py:190} INFO - [2026-08-12T04:42:32.354+0000] {dag.py:4138} INFO - Setting next_dagrun for example_subdag_operator.section-2 to None, run_after=None
[2026-08-12T04:42:32.366+0000] {logging_mixin.py:190} INFO - [2026-08-12T04:42:32.366+0000] {dag.py:3211} INFO - Sync 2 DAGs
[2026-08-12T04:42:32.375+0000] {logging_mixin.py:190} INFO - [2026-08-12T04:42:32.375+0000] {dag.py:4138} INFO - Setting next_dagrun for example_subdag_operator.section-1 to None, run_after=None
[2026-08-12T04:42:32.377+0000] {logging_mixin.py:190} INFO - [2026-08-12T04:42:32.377+0000] {dag.py:4138} INFO - Setting next_dagrun for example_subdag_operator.section-2 to None, run_after=None
[2026-08-12T04:42:32.407+0000] {processor.py:208} INFO - Processing /home/airflow/.local/lib/python3.12/site-packages/airflow/example_dags/example_subdag_operator.py took 0.195 seconds
[2026-08-12T04:43:02.527+0000] {processor.py:186} INFO - Started process (PID=941) to work on /home/airflow/.local/lib/python3.12/site-packages/airflow/example_dags/example_subdag_operator.py
[2026-08-12T04:43:02.529+0000] {processor.py:914} INFO - Processing file /home/airflow/.local/lib/python3.12/site-packages/airflow/example_dags/example_subdag_operator.py for tasks to queue
[2026-08-12T04:43:02.534+0000] {logging_mixin.py:190} INFO - [2026-08-12T04:43:02.533+0000] {dagbag.py:587} INFO - Filling up the DagBag from /home/airflow/.local/lib/python3.12/site-packages/airflow/example_dags/example_subdag_operator.py
[2026-08-12T04:43:02.565+0000] {processor.py:925} INFO - DAG(s) 'example_subdag_operator.section-1', 'example_subdag_operator.section-2', 'example_subdag_operator' retrieved from /home/airflow/.local/lib/python3.12/site-packages/airflow/example_dags/example_subdag_operator.py
[2026-08-12T04:43:02.583+0000] {logging_mixin.py:190} INFO - [2026-08-12T04:43:02.583+0000] {dag.py:3211} INFO - Sync 3 DAGs
[2026-08-12T04:43:02.608+0000] {logging_mixin.py:190} INFO - [2026-08-12T04:43:02.608+0000] {dag.py:4138} INFO - Setting next_dagrun for example_subdag_operator to 2022-01-01 00:00:00+00:00, run_after=2022-01-01 00:00:00+00:00
[2026-08-12T04:43:02.613+0000] {logging_mixin.py:190} INFO - [2026-08-12T04:43:02.613+0000] {dag.py:4138} INFO - Setting next_dagrun for example_subdag_operator.section-1 to None, run_after=None
[2026-08-12T04:43:02.616+0000] {logging_mixin.py:190} INFO - [2026-08-12T04:43:02.616+0000] {dag.py:4138} INFO - Setting next_dagrun for example_subdag_operator.section-2 to None, run_after=None
[2026-08-12T04:43:02.628+0000] {logging_mixin.py:190} INFO - [2026-08-12T04:43:02.628+0000] {dag.py:3211} INFO - Sync 2 DAGs
[2026-08-12T04:43:02.637+0000] {logging_mixin.py:190} INFO - [2026-08-12T04:43:02.637+0000] {dag.py:4138} INFO - Setting next_dagrun for example_subdag_operator.section-1 to None, run_after=None
[2026-08-12T04:43:02.639+0000] {logging_mixin.py:190} INFO - [2026-08-12T04:43:02.639+0000] {dag.py:4138} INFO - Setting next_dagrun for example_subdag_operator.section-2 to None, run_after=None
[2026-08-12T04:43:02.656+0000] {processor.py:208} INFO - Processing /home/airflow/.local/lib/python3.12/site-packages/airflow/example_dags/example_subdag_operator.py took 0.139 seconds
[2026-08-12T04:43:32.786+0000] {processor.py:186} INFO - Started process (PID=1003) to work on /home/airflow/.local/lib/python3.12/site-packages/airflow/example_dags/example_subdag_operator.py
[2026-08-12T04:43:32.788+0000] {processor.py:914} INFO - Processing file /home/airflow/.local/lib/python3.12/site-packages/airflow/example_dags/example_subdag_operator.py for tasks to queue
[2026-08-12T04:43:32.791+0000] {logging_mixin.py:190} INFO - [2026-08-12T04:43:32.791+0000] {dagbag.py:587} INFO - Filling up the DagBag from /home/airflow/.local/lib/python3.12/site-packages/airflow/example_dags/example_subdag_operator.py
[2026-08-12T04:43:32.822+0000] {processor.py:925} INFO - DAG(s) 'example_subdag_operator.section-1', 'example_subdag_operator.section-2', 'example_subdag_operator' retrieved from /home/airflow/.local/lib/python3.12/site-packages/airflow/example_dags/example_subdag_operator.py
[2026-08-12T04:43:32.846+0000] {logging_mixin.py:190} INFO - [2026-08-12T04:43:32.846+0000] {dag.py:3211} INFO - Sync 3 DAGs
[2026-08-12T04:43:32.875+0000] {logging_mixin.py:190} INFO - [2026-08-12T04:43:32.874+0000] {dag.py:4138} INFO - Setting next_dagrun for example_subdag_operator to 2022-01-01 00:00:00+00:00, run_after=2022-01-01 00:00:00+00:00
[2026-08-12T04:43:32.883+0000] {logging_mixin.py:190} INFO - [2026-08-12T04:43:32.882+0000] {dag.py:4138} INFO - Setting next_dagrun for example_subdag_operator.section-1 to None, run_after=None
[2026-08-12T04:43:32.885+0000] {logging_mixin.py:190} INFO - [2026-08-12T04:43:32.885+0000] {dag.py:4138} INFO - Setting next_dagrun for example_subdag_operator.section-2 to None, run_after=None
[2026-08-12T04:43:32.897+0000] {logging_mixin.py:190} INFO - [2026-08-12T04:43:32.897+0000] {dag.py:3211} INFO - Sync 2 DAGs
[2026-08-12T04:43:32.906+0000] {logging_mixin.py:190} INFO - [2026-08-12T04:43:32.905+0000] {dag.py:4138} INFO - Setting next_dagrun for example_subdag_operator.section-1 to None, run_after=None
[2026-08-12T04:43:32.907+0000] {logging_mixin.py:190} INFO - [2026-08-12T04:43:32.907+0000] {dag.py:4138} INFO - Setting next_dagrun for example_subdag_operator.section-2 to None, run_after=None
[2026-08-12T04:43:32.925+0000] {processor.py:208} INFO - Processing /home/airflow/.local/lib/python3.12/site-packages/airflow/example_dags/example_subdag_operator.py took 0.147 seconds
[2026-08-12T04:44:03.030+0000] {processor.py:186} INFO - Started process (PID=1065) to work on /home/airflow/.local/lib/python3.12/site-packages/airflow/example_dags/example_subdag_operator.py
[2026-08-12T04:44:03.033+0000] {processor.py:914} INFO - Processing file /home/airflow/.local/lib/python3.12/site-packages/airflow/example_dags/example_subdag_operator.py for tasks to queue
[2026-08-12T04:44:03.037+0000] {logging_mixin.py:190} INFO - [2026-08-12T04:44:03.036+0000] {dagbag.py:587} INFO - Filling up the DagBag from /home/airflow/.local/lib/python3.12/site-packages/airflow/example_dags/example_subdag_operator.py
[2026-08-12T04:44:03.068+0000] {processor.py:925} INFO - DAG(s) 'example_subdag_operator.section-1', 'example_subdag_operator.section-2', 'example_subdag_operator' retrieved from /home/airflow/.local/lib/python3.12/site-packages/airflow/example_dags/example_subdag_operator.py
[2026-08-12T04:44:03.087+0000] {logging_mixin.py:190} INFO - [2026-08-12T04:44:03.087+0000] {dag.py:3211} INFO - Sync 3 DAGs
[2026-08-12T04:44:03.117+0000] {logging_mixin.py:190} INFO - [2026-08-12T04:44:03.117+0000] {dag.py:4138} INFO - Setting next_dagrun for example_subdag_operator to 2022-01-01 00:00:00+00:00, run_after=2022-01-01 00:00:00+00:00
[2026-08-12T04:44:03.125+0000] {logging_mixin.py:190} INFO - [2026-08-12T04:44:03.124+0000] {dag.py:4138} INFO - Setting next_dagrun for example_subdag_operator.section-1 to None, run_after=None
[2026-08-12T04:44:03.127+0000] {logging_mixin.py:190} INFO - [2026-08-12T04:44:03.127+0000] {dag.py:4138} INFO - Setting next_dagrun for example_subdag_operator.section-2 to None, run_after=None
[2026-08-12T04:44:03.137+0000] {logging_mixin.py:190} INFO - [2026-08-12T04:44:03.136+0000] {dag.py:3211} INFO - Sync 2 DAGs
[2026-08-12T04:44:03.146+0000] {logging_mixin.py:190} INFO - [2026-08-12T04:44:03.146+0000] {dag.py:4138} INFO - Setting next_dagrun for example_subdag_operator.section-1 to None, run_after=None
[2026-08-12T04:44:03.148+0000] {logging_mixin.py:190} INFO - [2026-08-12T04:44:03.148+0000] {dag.py:4138} INFO - Setting next_dagrun for example_subdag_operator.section-2 to None, run_after=None
[2026-08-12T04:44:03.163+0000] {processor.py:208} INFO - Processing /home/airflow/.local/lib/python3.12/site-packages/airflow/example_dags/example_subdag_operator.py took 0.140 seconds
[2026-08-12T04:44:33.692+0000] {processor.py:186} INFO - Started process (PID=1127) to work on /home/airflow/.local/lib/python3.12/site-packages/airflow/example_dags/example_subdag_operator.py
[2026-08-12T04:44:33.696+0000] {processor.py:914} INFO - Processing file /home/airflow/.local/lib/python3.12/site-packages/airflow/example_dags/example_subdag_operator.py for tasks to queue
[2026-08-12T04:44:33.702+0000] {logging_mixin.py:190} INFO - [2026-08-12T04:44:33.701+0000] {dagbag.py:587} INFO - Filling up the DagBag from /home/airflow/.local/lib/python3.12/site-packages/airflow/example_dags/example_subdag_operator.py
[2026-08-12T04:44:33.737+0000] {processor.py:925} INFO - DAG(s) 'example_subdag_operator.section-1', 'example_subdag_operator.section-2', 'example_subdag_operator' retrieved from /home/airflow/.local/lib/python3.12/site-packages/airflow/example_dags/example_subdag_operator.py
[2026-08-12T04:44:33.758+0000] {logging_mixin.py:190} INFO - [2026-08-12T04:44:33.758+0000] {dag.py:3211} INFO - Sync 3 DAGs
[2026-08-12T04:44:33.795+0000] {logging_mixin.py:190} INFO - [2026-08-12T04:44:33.795+0000] {dag.py:4138} INFO - Setting next_dagrun for example_subdag_operator to 2022-01-01 00:00:00+00:00, run_after=2022-01-01 00:00:00+00:00
[2026-08-12T04:44:33.802+0000] {logging_mixin.py:190} INFO - [2026-08-12T04:44:33.801+0000] {dag.py:4138} INFO - Setting next_dagrun for example_subdag_operator.section-1 to None, run_after=None
[2026-08-12T04:44:33.805+0000] {logging_mixin.py:190} INFO - [2026-08-12T04:44:33.804+0000] {dag.py:4138} INFO - Setting next_dagrun for example_subdag_operator.section-2 to None, run_after=None
[2026-08-12T04:44:33.817+0000] {logging_mixin.py:190} INFO - [2026-08-12T04:44:33.816+0000] {dag.py:3211} INFO - Sync 2 DAGs
[2026-08-12T04:44:33.830+0000] {logging_mixin.py:190} INFO - [2026-08-12T04:44:33.830+0000] {dag.py:4138} INFO - Setting next_dagrun for example_subdag_operator.section-1 to None, run_after=None
[2026-08-12T04:44:33.833+0000] {logging_mixin.py:190} INFO - [2026-08-12T04:44:33.832+0000] {dag.py:4138} INFO - Setting next_dagrun for example_subdag_operator.section-2 to None, run_after=None
[2026-08-12T04:44:33.851+0000] {processor.py:208} INFO - Processing /home/airflow/.local/lib/python3.12/site-packages/airflow/example_dags/example_subdag_operator.py took 0.168 seconds
[2026-08-12T04:45:05.041+0000] {processor.py:186} INFO - Started process (PID=1190) to work on /home/airflow/.local/lib/python3.12/site-packages/airflow/example_dags/example_subdag_operator.py
[2026-08-12T04:45:05.049+0000] {processor.py:914} INFO - Processing file /home/airflow/.local/lib/python3.12/site-packages/airflow/example_dags/example_subdag_operator.py for tasks to queue
[2026-08-12T04:45:05.057+0000] {logging_mixin.py:190} INFO - [2026-08-12T04:45:05.056+0000] {dagbag.py:587} INFO - Filling up the DagBag from /home/airflow/.local/lib/python3.12/site-packages/airflow/example_dags/example_subdag_operator.py
[2026-08-12T04:45:05.108+0000] {processor.py:925} INFO - DAG(s) 'example_subdag_operator.section-1', 'example_subdag_operator.section-2', 'example_subdag_operator' retrieved from /home/airflow/.local/lib/python3.12/site-packages/airflow/example_dags/example_subdag_operator.py
[2026-08-12T04:45:05.142+0000] {logging_mixin.py:190} INFO - [2026-08-12T04:45:05.141+0000] {dag.py:3211} INFO - Sync 3 DAGs
[2026-08-12T04:45:05.182+0000] {logging_mixin.py:190} INFO - [2026-08-12T04:45:05.181+0000] {dag.py:4138} INFO - Setting next_dagrun for example_subdag_operator to 2022-01-01 00:00:00+00:00, run_after=2022-01-01 00:00:00+00:00
[2026-08-12T04:45:05.188+0000] {logging_mixin.py:190} INFO - [2026-08-12T04:45:05.188+0000] {dag.py:4138} INFO - Setting next_dagrun for example_subdag_operator.section-1 to None, run_after=None
[2026-08-12T04:45:05.192+0000] {logging_mixin.py:190} INFO - [2026-08-12T04:45:05.191+0000] {dag.py:4138} INFO - Setting next_dagrun for example_subdag_operator.section-2 to None, run_after=None
[2026-08-12T04:45:05.208+0000] {logging_mixin.py:190} INFO - [2026-08-12T04:45:05.207+0000] {dag.py:3211} INFO - Sync 2 DAGs
[2026-08-12T04:45:05.221+0000] {logging_mixin.py:190} INFO - [2026-08-12T04:45:05.219+0000] {dag.py:4138} INFO - Setting next_dagrun for example_subdag_operator.section-1 to None, run_after=None
[2026-08-12T04:45:05.237+0000] {logging_mixin.py:190} INFO - [2026-08-12T04:45:05.236+0000] {dag.py:4138} INFO - Setting next_dagrun for example_subdag_operator.section-2 to None, run_after=None
[2026-08-12T04:45:05.265+0000] {processor.py:208} INFO - Processing /home/airflow/.local/lib/python3.12/site-packages/airflow/example_dags/example_subdag_operator.py took 0.242 seconds
[2026-08-12T04:45:35.538+0000] {processor.py:186} INFO - Started process (PID=1253) to work on /home/airflow/.local/lib/python3.12/site-packages/airflow/example_dags/example_subdag_operator.py
[2026-08-12T04:45:35.549+0000] {processor.py:914} INFO - Processing file /home/airflow/.local/lib/python3.12/site-packages/airflow/example_dags/example_subdag_operator.py for tasks to queue
[2026-08-12T04:45:35.561+0000] {logging_mixin.py:190} INFO - [2026-08-12T04:45:35.560+0000] {dagbag.py:587} INFO - Filling up the DagBag from /home/airflow/.local/lib/python3.12/site-packages/airflow/example_dags/example_subdag_operator.py
[2026-08-12T04:45:35.663+0000] {processor.py:925} INFO - DAG(s) 'example_subdag_operator.section-1', 'example_subdag_operator.section-2', 'example_subdag_operator' retrieved from /home/airflow/.local/lib/python3.12/site-packages/airflow/example_dags/example_subdag_operator.py
[2026-08-12T04:45:35.704+0000] {logging_mixin.py:190} INFO - [2026-08-12T04:45:35.704+0000] {dag.py:3211} INFO - Sync 3 DAGs
[2026-08-12T04:45:35.744+0000] {logging_mixin.py:190} INFO - [2026-08-12T04:45:35.743+0000] {dag.py:4138} INFO - Setting next_dagrun for example_subdag_operator to 2022-01-01 00:00:00+00:00, run_after=2022-01-01 00:00:00+00:00
[2026-08-12T04:45:35.749+0000] {logging_mixin.py:190} INFO - [2026-08-12T04:45:35.749+0000] {dag.py:4138} INFO - Setting next_dagrun for example_subdag_operator.section-1 to None, run_after=None
[2026-08-12T04:45:35.752+0000] {logging_mixin.py:190} INFO - [2026-08-12T04:45:35.751+0000] {dag.py:4138} INFO - Setting next_dagrun for example_subdag_operator.section-2 to None, run_after=None
[2026-08-12T04:45:35.763+0000] {logging_mixin.py:190} INFO - [2026-08-12T04:45:35.763+0000] {dag.py:3211} INFO - Sync 2 DAGs
[2026-08-12T04:45:35.771+0000] {logging_mixin.py:190} INFO - [2026-08-12T04:45:35.771+0000] {dag.py:4138} INFO - Setting next_dagrun for example_subdag_operator.section-1 to None, run_after=None
[2026-08-12T04:45:35.772+0000] {logging_mixin.py:190} INFO - [2026-08-12T04:45:35.772+0000] {dag.py:4138} INFO - Setting next_dagrun for example_subdag_operator.section-2 to None, run_after=None
[2026-08-12T04:45:35.806+0000] {processor.py:208} INFO - Processing /home/airflow/.local/lib/python3.12/site-packages/airflow/example_dags/example_subdag_operator.py took 0.282 seconds
[2026-08-12T04:46:06.578+0000] {processor.py:186} INFO - Started process (PID=1314) to work on /home/airflow/.local/lib/python3.12/site-packages/airflow/example_dags/example_subdag_operator.py
[2026-08-12T04:46:06.580+0000] {processor.py:914} INFO - Processing file /home/airflow/.local/lib/python3.12/site-packages/airflow/example_dags/example_subdag_operator.py for tasks to queue
[2026-08-12T04:46:06.584+0000] {logging_mixin.py:190} INFO - [2026-08-12T04:46:06.584+0000] {dagbag.py:587} INFO - Filling up the DagBag from /home/airflow/.local/lib/python3.12/site-packages/airflow/example_dags/example_subdag_operator.py
[2026-08-12T04:46:06.620+0000] {processor.py:925} INFO - DAG(s) 'example_subdag_operator.section-1', 'example_subdag_operator.section-2', 'example_subdag_operator' retrieved from /home/airflow/.local/lib/python3.12/site-packages/airflow/example_dags/example_subdag_operator.py
[2026-08-12T04:46:06.649+0000] {logging_mixin.py:190} INFO - [2026-08-12T04:46:06.649+0000] {dag.py:3211} INFO - Sync 3 DAGs
[2026-08-12T04:46:06.686+0000] {logging_mixin.py:190} INFO - [2026-08-12T04:46:06.686+0000] {dag.py:4138} INFO - Setting next_dagrun for example_subdag_operator to 2022-01-01 00:00:00+00:00, run_after=2022-01-01 00:00:00+00:00
[2026-08-12T04:46:06.695+0000] {logging_mixin.py:190} INFO - [2026-08-12T04:46:06.695+0000] {dag.py:4138} INFO - Setting next_dagrun for example_subdag_operator.section-1 to None, run_after=None
[2026-08-12T04:46:06.698+0000] {logging_mixin.py:190} INFO - [2026-08-12T04:46:06.698+0000] {dag.py:4138} INFO - Setting next_dagrun for example_subdag_operator.section-2 to None, run_after=None
[2026-08-12T04:46:06.718+0000] {logging_mixin.py:190} INFO - [2026-08-12T04:46:06.717+0000] {dag.py:3211} INFO - Sync 2 DAGs
[2026-08-12T04:46:06.731+0000] {logging_mixin.py:190} INFO - [2026-08-12T04:46:06.731+0000] {dag.py:4138} INFO - Setting next_dagrun for example_subdag_operator.section-1 to None, run_after=None
[2026-08-12T04:46:06.734+0000] {logging_mixin.py:190} INFO - [2026-08-12T04:46:06.733+0000] {dag.py:4138} INFO - Setting next_dagrun for example_subdag_operator.section-2 to None, run_after=None
[2026-08-12T04:46:06.758+0000] {processor.py:208} INFO - Processing /home/airflow/.local/lib/python3.12/site-packages/airflow/example_dags/example_subdag_operator.py took 0.189 seconds
[2026-08-12T04:46:37.021+0000] {processor.py:186} INFO - Started process (PID=1376) to work on /home/airflow/.local/lib/python3.12/site-packages/airflow/example_dags/example_subdag_operator.py
[2026-08-12T04:46:37.023+0000] {processor.py:914} INFO - Processing file /home/airflow/.local/lib/python3.12/site-packages/airflow/example_dags/example_subdag_operator.py for tasks to queue
[2026-08-12T04:46:37.027+0000] {logging_mixin.py:190} INFO - [2026-08-12T04:46:37.026+0000] {dagbag.py:587} INFO - Filling up the DagBag from /home/airflow/.local/lib/python3.12/site-packages/airflow/example_dags/example_subdag_operator.py
[2026-08-12T04:46:37.074+0000] {processor.py:925} INFO - DAG(s) 'example_subdag_operator.section-1', 'example_subdag_operator.section-2', 'example_subdag_operator' retrieved from /home/airflow/.local/lib/python3.12/site-packages/airflow/example_dags/example_subdag_operator.py
[2026-08-12T04:46:37.111+0000] {logging_mixin.py:190} INFO - [2026-08-12T04:46:37.111+0000] {dag.py:3211} INFO - Sync 3 DAGs
[2026-08-12T04:46:37.134+0000] {logging_mixin.py:190} INFO - [2026-08-12T04:46:37.134+0000] {dag.py:4138} INFO - Setting next_dagrun for example_subdag_operator to 2022-01-01 00:00:00+00:00, run_after=2022-01-01 00:00:00+00:00
[2026-08-12T04:46:37.151+0000] {logging_mixin.py:190} INFO - [2026-08-12T04:46:37.150+0000] {dag.py:4138} INFO - Setting next_dagrun for example_subdag_operator.section-1 to None, run_after=None
[2026-08-12T04:46:37.153+0000] {logging_mixin.py:190} INFO - [2026-08-12T04:46:37.153+0000] {dag.py:4138} INFO - Setting next_dagrun for example_subdag_operator.section-2 to None, run_after=None
[2026-08-12T04:46:37.164+0000] {logging_mixin.py:190} INFO - [2026-08-12T04:46:37.164+0000] {dag.py:3211} INFO - Sync 2 DAGs
[2026-08-12T04:46:37.173+0000] {logging_mixin.py:190} INFO - [2026-08-12T04:46:37.172+0000] {dag.py:4138} INFO - Setting next_dagrun for example_subdag_operator.section-1 to None, run_after=None
[2026-08-12T04:46:37.174+0000] {logging_mixin.py:190} INFO - [2026-08-12T04:46:37.174+0000] {dag.py:4138} INFO - Setting next_dagrun for example_subdag_operator.section-2 to None, run_after=None
[2026-08-12T04:46:37.188+0000] {processor.py:208} INFO - Processing /home/airflow/.local/lib/python3.12/site-packages/airflow/example_dags/example_subdag_operator.py took 0.174 seconds
[2026-08-12T04:47:07.330+0000] {processor.py:186} INFO - Started process (PID=1438) to work on /home/airflow/.local/lib/python3.12/site-packages/airflow/example_dags/example_subdag_operator.py
[2026-08-12T04:47:07.332+0000] {processor.py:914} INFO - Processing file /home/airflow/.local/lib/python3.12/site-packages/airflow/example_dags/example_subdag_operator.py for tasks to queue
[2026-08-12T04:47:07.335+0000] {logging_mixin.py:190} INFO - [2026-08-12T04:47:07.335+0000] {dagbag.py:587} INFO - Filling up the DagBag from /home/airflow/.local/lib/python3.12/site-packages/airflow/example_dags/example_subdag_operator.py
[2026-08-12T04:47:07.364+0000] {processor.py:925} INFO - DAG(s) 'example_subdag_operator.section-1', 'example_subdag_operator.section-2', 'example_subdag_operator' retrieved from /home/airflow/.local/lib/python3.12/site-packages/airflow/example_dags/example_subdag_operator.py
[2026-08-12T04:47:07.378+0000] {logging_mixin.py:190} INFO - [2026-08-12T04:47:07.377+0000] {dag.py:3211} INFO - Sync 3 DAGs
[2026-08-12T04:47:07.402+0000] {logging_mixin.py:190} INFO - [2026-08-12T04:47:07.401+0000] {dag.py:4138} INFO - Setting next_dagrun for example_subdag_operator to 2022-01-01 00:00:00+00:00, run_after=2022-01-01 00:00:00+00:00
[2026-08-12T04:47:07.407+0000] {logging_mixin.py:190} INFO - [2026-08-12T04:47:07.407+0000] {dag.py:4138} INFO - Setting next_dagrun for example_subdag_operator.section-1 to None, run_after=None
[2026-08-12T04:47:07.410+0000] {logging_mixin.py:190} INFO - [2026-08-12T04:47:07.410+0000] {dag.py:4138} INFO - Setting next_dagrun for example_subdag_operator.section-2 to None, run_after=None
[2026-08-12T04:47:07.419+0000] {logging_mixin.py:190} INFO - [2026-08-12T04:47:07.418+0000] {dag.py:3211} INFO - Sync 2 DAGs
[2026-08-12T04:47:07.425+0000] {logging_mixin.py:190} INFO - [2026-08-12T04:47:07.425+0000] {dag.py:4138} INFO - Setting next_dagrun for example_subdag_operator.section-1 to None, run_after=None
[2026-08-12T04:47:07.426+0000] {logging_mixin.py:190} INFO - [2026-08-12T04:47:07.426+0000] {dag.py:4138} INFO - Setting next_dagrun for example_subdag_operator.section-2 to None, run_after=None
[2026-08-12T04:47:07.439+0000] {processor.py:208} INFO - Processing /home/airflow/.local/lib/python3.12/site-packages/airflow/example_dags/example_subdag_operator.py took 0.114 seconds
[2026-08-12T04:47:37.760+0000] {processor.py:186} INFO - Started process (PID=1499) to work on /home/airflow/.local/lib/python3.12/site-packages/airflow/example_dags/example_subdag_operator.py
[2026-08-12T04:47:37.762+0000] {processor.py:914} INFO - Processing file /home/airflow/.local/lib/python3.12/site-packages/airflow/example_dags/example_subdag_operator.py for tasks to queue
[2026-08-12T04:47:37.767+0000] {logging_mixin.py:190} INFO - [2026-08-12T04:47:37.766+0000] {dagbag.py:587} INFO - Filling up the DagBag from /home/airflow/.local/lib/python3.12/site-packages/airflow/example_dags/example_subdag_operator.py
[2026-08-12T04:47:37.806+0000] {processor.py:925} INFO - DAG(s) 'example_subdag_operator.section-1', 'example_subdag_operator.section-2', 'example_subdag_operator' retrieved from /home/airflow/.local/lib/python3.12/site-packages/airflow/example_dags/example_subdag_operator.py
[2026-08-12T04:47:37.829+0000] {logging_mixin.py:190} INFO - [2026-08-12T04:47:37.829+0000] {dag.py:3211} INFO - Sync 3 DAGs
[2026-08-12T04:47:37.860+0000] {logging_mixin.py:190} INFO - [2026-08-12T04:47:37.859+0000] {dag.py:4138} INFO - Setting next_dagrun for example_subdag_operator to 2022-01-01 00:00:00+00:00, run_after=2022-01-01 00:00:00+00:00
[2026-08-12T04:47:37.880+0000] {logging_mixin.py:190} INFO - [2026-08-12T04:47:37.880+0000] {dag.py:4138} INFO - Setting next_dagrun for example_subdag_operator.section-1 to None, run_after=None
[2026-08-12T04:47:37.883+0000] {logging_mixin.py:190} INFO - [2026-08-12T04:47:37.883+0000] {dag.py:4138} INFO - Setting next_dagrun for example_subdag_operator.section-2 to None, run_after=None
[2026-08-12T04:47:37.896+0000] {logging_mixin.py:190} INFO - [2026-08-12T04:47:37.896+0000] {dag.py:3211} INFO - Sync 2 DAGs
[2026-08-12T04:47:37.904+0000] {logging_mixin.py:190} INFO - [2026-08-12T04:47:37.904+0000] {dag.py:4138} INFO - Setting next_dagrun for example_subdag_operator.section-1 to None, run_after=None
[2026-08-12T04:47:37.905+0000] {logging_mixin.py:190} INFO - [2026-08-12T04:47:37.905+0000] {dag.py:4138} INFO - Setting next_dagrun for example_subdag_operator.section-2 to None, run_after=None
[2026-08-12T04:47:37.921+0000] {processor.py:208} INFO - Processing /home/airflow/.local/lib/python3.12/site-packages/airflow/example_dags/example_subdag_operator.py took 0.169 seconds
