[2026-08-12T04:32:00.924+0000] {processor.py:186} INFO - Started process (PID=113) to work on /home/airflow/.local/lib/python3.12/site-packages/airflow/example_dags/example_trigger_target_dag.py
[2026-08-12T04:32:00.928+0000] {processor.py:914} INFO - Processing file /home/airflow/.local/lib/python3.12/site-packages/airflow/example_dags/example_trigger_target_dag.py for tasks to queue
[2026-08-12T04:32:00.939+0000] {logging_mixin.py:190} INFO - [2026-08-12T04:32:00.938+0000] {dagbag.py:587} INFO - Filling up the DagBag from /home/airflow/.local/lib/python3.12/site-packages/airflow/example_dags/example_trigger_target_dag.py
[2026-08-12T04:32:00.978+0000] {processor.py:925} INFO - DAG(s) 'example_trigger_target_dag' retrieved from /home/airflow/.local/lib/python3.12/site-packages/airflow/example_dags/example_trigger_target_dag.py
[2026-08-12T04:32:01.245+0000] {logging_mixin.py:190} INFO - [2026-08-12T04:32:01.244+0000] {override.py:1858} INFO - Created Permission View: can edit on DAG:example_trigger_target_dag
[2026-08-12T04:32:01.272+0000] {logging_mixin.py:190} INFO - [2026-08-12T04:32:01.272+0000] {override.py:1858} INFO - Created Permission View: can read on DAG:example_trigger_target_dag
[2026-08-12T04:32:01.294+0000] {logging_mixin.py:190} INFO - [2026-08-12T04:32:01.294+0000] {override.py:1858} INFO - Created Permission View: can delete on DAG:example_trigger_target_dag
[2026-08-12T04:32:01.297+0000] {logging_mixin.py:190} INFO - [2026-08-12T04:32:01.296+0000] {dag.py:3211} INFO - Sync 1 DAGs
[2026-08-12T04:32:01.339+0000] {logging_mixin.py:190} INFO - [2026-08-12T04:32:01.339+0000] {dag.py:3234} INFO - Creating ORM DAG for example_trigger_target_dag
[2026-08-12T04:32:01.342+0000] {logging_mixin.py:190} INFO - [2026-08-12T04:32:01.341+0000] {dag.py:4138} INFO - Setting next_dagrun for example_trigger_target_dag to None, run_after=None
[2026-08-12T04:32:01.391+0000] {processor.py:208} INFO - Processing /home/airflow/.local/lib/python3.12/site-packages/airflow/example_dags/example_trigger_target_dag.py took 0.488 seconds
[2026-08-12T04:32:31.510+0000] {processor.py:186} INFO - Started process (PID=176) to work on /home/airflow/.local/lib/python3.12/site-packages/airflow/example_dags/example_trigger_target_dag.py
[2026-08-12T04:32:31.512+0000] {processor.py:914} INFO - Processing file /home/airflow/.local/lib/python3.12/site-packages/airflow/example_dags/example_trigger_target_dag.py for tasks to queue
[2026-08-12T04:32:31.516+0000] {logging_mixin.py:190} INFO - [2026-08-12T04:32:31.515+0000] {dagbag.py:587} INFO - Filling up the DagBag from /home/airflow/.local/lib/python3.12/site-packages/airflow/example_dags/example_trigger_target_dag.py
[2026-08-12T04:32:31.524+0000] {processor.py:925} INFO - DAG(s) 'example_trigger_target_dag' retrieved from /home/airflow/.local/lib/python3.12/site-packages/airflow/example_dags/example_trigger_target_dag.py
[2026-08-12T04:32:31.547+0000] {logging_mixin.py:190} INFO - [2026-08-12T04:32:31.547+0000] {dag.py:3211} INFO - Sync 1 DAGs
[2026-08-12T04:32:31.567+0000] {logging_mixin.py:190} INFO - [2026-08-12T04:32:31.567+0000] {dag.py:4138} INFO - Setting next_dagrun for example_trigger_target_dag to None, run_after=None
[2026-08-12T04:32:31.588+0000] {processor.py:208} INFO - Processing /home/airflow/.local/lib/python3.12/site-packages/airflow/example_dags/example_trigger_target_dag.py took 0.085 seconds
[2026-08-12T04:33:01.704+0000] {processor.py:186} INFO - Started process (PID=238) to work on /home/airflow/.local/lib/python3.12/site-packages/airflow/example_dags/example_trigger_target_dag.py
[2026-08-12T04:33:01.705+0000] {processor.py:914} INFO - Processing file /home/airflow/.local/lib/python3.12/site-packages/airflow/example_dags/example_trigger_target_dag.py for tasks to queue
[2026-08-12T04:33:01.709+0000] {logging_mixin.py:190} INFO - [2026-08-12T04:33:01.709+0000] {dagbag.py:587} INFO - Filling up the DagBag from /home/airflow/.local/lib/python3.12/site-packages/airflow/example_dags/example_trigger_target_dag.py
[2026-08-12T04:33:01.721+0000] {processor.py:925} INFO - DAG(s) 'example_trigger_target_dag' retrieved from /home/airflow/.local/lib/python3.12/site-packages/airflow/example_dags/example_trigger_target_dag.py
[2026-08-12T04:33:01.745+0000] {logging_mixin.py:190} INFO - [2026-08-12T04:33:01.744+0000] {dag.py:3211} INFO - Sync 1 DAGs
[2026-08-12T04:33:01.761+0000] {logging_mixin.py:190} INFO - [2026-08-12T04:33:01.761+0000] {dag.py:4138} INFO - Setting next_dagrun for example_trigger_target_dag to None, run_after=None
[2026-08-12T04:33:01.788+0000] {processor.py:208} INFO - Processing /home/airflow/.local/lib/python3.12/site-packages/airflow/example_dags/example_trigger_target_dag.py took 0.093 seconds
[2026-08-12T04:33:32.100+0000] {processor.py:186} INFO - Started process (PID=300) to work on /home/airflow/.local/lib/python3.12/site-packages/airflow/example_dags/example_trigger_target_dag.py
[2026-08-12T04:33:32.102+0000] {processor.py:914} INFO - Processing file /home/airflow/.local/lib/python3.12/site-packages/airflow/example_dags/example_trigger_target_dag.py for tasks to queue
[2026-08-12T04:33:32.106+0000] {logging_mixin.py:190} INFO - [2026-08-12T04:33:32.106+0000] {dagbag.py:587} INFO - Filling up the DagBag from /home/airflow/.local/lib/python3.12/site-packages/airflow/example_dags/example_trigger_target_dag.py
[2026-08-12T04:33:32.120+0000] {processor.py:925} INFO - DAG(s) 'example_trigger_target_dag' retrieved from /home/airflow/.local/lib/python3.12/site-packages/airflow/example_dags/example_trigger_target_dag.py
[2026-08-12T04:33:32.146+0000] {logging_mixin.py:190} INFO - [2026-08-12T04:33:32.146+0000] {dag.py:3211} INFO - Sync 1 DAGs
[2026-08-12T04:33:32.166+0000] {logging_mixin.py:190} INFO - [2026-08-12T04:33:32.166+0000] {dag.py:4138} INFO - Setting next_dagrun for example_trigger_target_dag to None, run_after=None
[2026-08-12T04:33:32.195+0000] {processor.py:208} INFO - Processing /home/airflow/.local/lib/python3.12/site-packages/airflow/example_dags/example_trigger_target_dag.py took 0.101 seconds
[2026-08-12T04:34:02.933+0000] {processor.py:186} INFO - Started process (PID=362) to work on /home/airflow/.local/lib/python3.12/site-packages/airflow/example_dags/example_trigger_target_dag.py
[2026-08-12T04:34:02.935+0000] {processor.py:914} INFO - Processing file /home/airflow/.local/lib/python3.12/site-packages/airflow/example_dags/example_trigger_target_dag.py for tasks to queue
[2026-08-12T04:34:02.938+0000] {logging_mixin.py:190} INFO - [2026-08-12T04:34:02.938+0000] {dagbag.py:587} INFO - Filling up the DagBag from /home/airflow/.local/lib/python3.12/site-packages/airflow/example_dags/example_trigger_target_dag.py
[2026-08-12T04:34:02.948+0000] {processor.py:925} INFO - DAG(s) 'example_trigger_target_dag' retrieved from /home/airflow/.local/lib/python3.12/site-packages/airflow/example_dags/example_trigger_target_dag.py
[2026-08-12T04:34:02.969+0000] {logging_mixin.py:190} INFO - [2026-08-12T04:34:02.969+0000] {dag.py:3211} INFO - Sync 1 DAGs
[2026-08-12T04:34:02.986+0000] {logging_mixin.py:190} INFO - [2026-08-12T04:34:02.986+0000] {dag.py:4138} INFO - Setting next_dagrun for example_trigger_target_dag to None, run_after=None
[2026-08-12T04:34:03.014+0000] {processor.py:208} INFO - Processing /home/airflow/.local/lib/python3.12/site-packages/airflow/example_dags/example_trigger_target_dag.py took 0.087 seconds
[2026-08-12T04:36:01.130+0000] {processor.py:186} INFO - Started process (PID=106) to work on /home/airflow/.local/lib/python3.12/site-packages/airflow/example_dags/example_trigger_target_dag.py
[2026-08-12T04:36:01.132+0000] {processor.py:914} INFO - Processing file /home/airflow/.local/lib/python3.12/site-packages/airflow/example_dags/example_trigger_target_dag.py for tasks to queue
[2026-08-12T04:36:01.136+0000] {logging_mixin.py:190} INFO - [2026-08-12T04:36:01.135+0000] {dagbag.py:587} INFO - Filling up the DagBag from /home/airflow/.local/lib/python3.12/site-packages/airflow/example_dags/example_trigger_target_dag.py
[2026-08-12T04:36:01.150+0000] {processor.py:925} INFO - DAG(s) 'example_trigger_target_dag' retrieved from /home/airflow/.local/lib/python3.12/site-packages/airflow/example_dags/example_trigger_target_dag.py
[2026-08-12T04:36:01.179+0000] {logging_mixin.py:190} INFO - [2026-08-12T04:36:01.178+0000] {dag.py:3211} INFO - Sync 1 DAGs
[2026-08-12T04:36:01.195+0000] {logging_mixin.py:190} INFO - [2026-08-12T04:36:01.195+0000] {dag.py:4138} INFO - Setting next_dagrun for example_trigger_target_dag to None, run_after=None
[2026-08-12T04:36:01.223+0000] {processor.py:208} INFO - Processing /home/airflow/.local/lib/python3.12/site-packages/airflow/example_dags/example_trigger_target_dag.py took 0.100 seconds
[2026-08-12T04:36:31.461+0000] {processor.py:186} INFO - Started process (PID=168) to work on /home/airflow/.local/lib/python3.12/site-packages/airflow/example_dags/example_trigger_target_dag.py
[2026-08-12T04:36:31.463+0000] {processor.py:914} INFO - Processing file /home/airflow/.local/lib/python3.12/site-packages/airflow/example_dags/example_trigger_target_dag.py for tasks to queue
[2026-08-12T04:36:31.468+0000] {logging_mixin.py:190} INFO - [2026-08-12T04:36:31.467+0000] {dagbag.py:587} INFO - Filling up the DagBag from /home/airflow/.local/lib/python3.12/site-packages/airflow/example_dags/example_trigger_target_dag.py
[2026-08-12T04:36:31.484+0000] {processor.py:925} INFO - DAG(s) 'example_trigger_target_dag' retrieved from /home/airflow/.local/lib/python3.12/site-packages/airflow/example_dags/example_trigger_target_dag.py
[2026-08-12T04:36:31.516+0000] {logging_mixin.py:190} INFO - [2026-08-12T04:36:31.516+0000] {dag.py:3211} INFO - Sync 1 DAGs
[2026-08-12T04:36:31.539+0000] {logging_mixin.py:190} INFO - [2026-08-12T04:36:31.539+0000] {dag.py:4138} INFO - Setting next_dagrun for example_trigger_target_dag to None, run_after=None
[2026-08-12T04:36:31.566+0000] {processor.py:208} INFO - Processing /home/airflow/.local/lib/python3.12/site-packages/airflow/example_dags/example_trigger_target_dag.py took 0.110 seconds
[2026-08-12T04:37:02.246+0000] {processor.py:186} INFO - Started process (PID=230) to work on /home/airflow/.local/lib/python3.12/site-packages/airflow/example_dags/example_trigger_target_dag.py
[2026-08-12T04:37:02.249+0000] {processor.py:914} INFO - Processing file /home/airflow/.local/lib/python3.12/site-packages/airflow/example_dags/example_trigger_target_dag.py for tasks to queue
[2026-08-12T04:37:02.254+0000] {logging_mixin.py:190} INFO - [2026-08-12T04:37:02.253+0000] {dagbag.py:587} INFO - Filling up the DagBag from /home/airflow/.local/lib/python3.12/site-packages/airflow/example_dags/example_trigger_target_dag.py
[2026-08-12T04:37:02.272+0000] {processor.py:925} INFO - DAG(s) 'example_trigger_target_dag' retrieved from /home/airflow/.local/lib/python3.12/site-packages/airflow/example_dags/example_trigger_target_dag.py
[2026-08-12T04:37:02.306+0000] {logging_mixin.py:190} INFO - [2026-08-12T04:37:02.306+0000] {dag.py:3211} INFO - Sync 1 DAGs
[2026-08-12T04:37:02.329+0000] {logging_mixin.py:190} INFO - [2026-08-12T04:37:02.328+0000] {dag.py:4138} INFO - Setting next_dagrun for example_trigger_target_dag to None, run_after=None
[2026-08-12T04:37:02.364+0000] {processor.py:208} INFO - Processing /home/airflow/.local/lib/python3.12/site-packages/airflow/example_dags/example_trigger_target_dag.py took 0.128 seconds
[2026-08-12T04:37:32.806+0000] {processor.py:186} INFO - Started process (PID=292) to work on /home/airflow/.local/lib/python3.12/site-packages/airflow/example_dags/example_trigger_target_dag.py
[2026-08-12T04:37:32.808+0000] {processor.py:914} INFO - Processing file /home/airflow/.local/lib/python3.12/site-packages/airflow/example_dags/example_trigger_target_dag.py for tasks to queue
[2026-08-12T04:37:32.814+0000] {logging_mixin.py:190} INFO - [2026-08-12T04:37:32.813+0000] {dagbag.py:587} INFO - Filling up the DagBag from /home/airflow/.local/lib/python3.12/site-packages/airflow/example_dags/example_trigger_target_dag.py
[2026-08-12T04:37:32.825+0000] {processor.py:925} INFO - DAG(s) 'example_trigger_target_dag' retrieved from /home/airflow/.local/lib/python3.12/site-packages/airflow/example_dags/example_trigger_target_dag.py
[2026-08-12T04:37:32.849+0000] {logging_mixin.py:190} INFO - [2026-08-12T04:37:32.849+0000] {dag.py:3211} INFO - Sync 1 DAGs
[2026-08-12T04:37:32.868+0000] {logging_mixin.py:190} INFO - [2026-08-12T04:37:32.867+0000] {dag.py:4138} INFO - Setting next_dagrun for example_trigger_target_dag to None, run_after=None
[2026-08-12T04:37:32.894+0000] {processor.py:208} INFO - Processing /home/airflow/.local/lib/python3.12/site-packages/airflow/example_dags/example_trigger_target_dag.py took 0.096 seconds
[2026-08-12T04:38:03.896+0000] {processor.py:186} INFO - Started process (PID=354) to work on /home/airflow/.local/lib/python3.12/site-packages/airflow/example_dags/example_trigger_target_dag.py
[2026-08-12T04:38:03.899+0000] {processor.py:914} INFO - Processing file /home/airflow/.local/lib/python3.12/site-packages/airflow/example_dags/example_trigger_target_dag.py for tasks to queue
[2026-08-12T04:38:03.904+0000] {logging_mixin.py:190} INFO - [2026-08-12T04:38:03.903+0000] {dagbag.py:587} INFO - Filling up the DagBag from /home/airflow/.local/lib/python3.12/site-packages/airflow/example_dags/example_trigger_target_dag.py
[2026-08-12T04:38:03.915+0000] {processor.py:925} INFO - DAG(s) 'example_trigger_target_dag' retrieved from /home/airflow/.local/lib/python3.12/site-packages/airflow/example_dags/example_trigger_target_dag.py
[2026-08-12T04:38:03.951+0000] {logging_mixin.py:190} INFO - [2026-08-12T04:38:03.950+0000] {dag.py:3211} INFO - Sync 1 DAGs
[2026-08-12T04:38:03.978+0000] {logging_mixin.py:190} INFO - [2026-08-12T04:38:03.978+0000] {dag.py:4138} INFO - Setting next_dagrun for example_trigger_target_dag to None, run_after=None
[2026-08-12T04:38:04.008+0000] {processor.py:208} INFO - Processing /home/airflow/.local/lib/python3.12/site-packages/airflow/example_dags/example_trigger_target_dag.py took 0.123 seconds
[2026-08-12T04:38:34.384+0000] {processor.py:186} INFO - Started process (PID=416) to work on /home/airflow/.local/lib/python3.12/site-packages/airflow/example_dags/example_trigger_target_dag.py
[2026-08-12T04:38:34.386+0000] {processor.py:914} INFO - Processing file /home/airflow/.local/lib/python3.12/site-packages/airflow/example_dags/example_trigger_target_dag.py for tasks to queue
[2026-08-12T04:38:34.390+0000] {logging_mixin.py:190} INFO - [2026-08-12T04:38:34.390+0000] {dagbag.py:587} INFO - Filling up the DagBag from /home/airflow/.local/lib/python3.12/site-packages/airflow/example_dags/example_trigger_target_dag.py
[2026-08-12T04:38:34.398+0000] {processor.py:925} INFO - DAG(s) 'example_trigger_target_dag' retrieved from /home/airflow/.local/lib/python3.12/site-packages/airflow/example_dags/example_trigger_target_dag.py
[2026-08-12T04:38:34.426+0000] {logging_mixin.py:190} INFO - [2026-08-12T04:38:34.426+0000] {dag.py:3211} INFO - Sync 1 DAGs
[2026-08-12T04:38:34.456+0000] {logging_mixin.py:190} INFO - [2026-08-12T04:38:34.455+0000] {dag.py:4138} INFO - Setting next_dagrun for example_trigger_target_dag to None, run_after=None
[2026-08-12T04:38:34.510+0000] {processor.py:208} INFO - Processing /home/airflow/.local/lib/python3.12/site-packages/airflow/example_dags/example_trigger_target_dag.py took 0.132 seconds
[2026-08-12T04:39:05.570+0000] {processor.py:186} INFO - Started process (PID=478) to work on /home/airflow/.local/lib/python3.12/site-packages/airflow/example_dags/example_trigger_target_dag.py
[2026-08-12T04:39:05.574+0000] {processor.py:914} INFO - Processing file /home/airflow/.local/lib/python3.12/site-packages/airflow/example_dags/example_trigger_target_dag.py for tasks to queue
[2026-08-12T04:39:05.579+0000] {logging_mixin.py:190} INFO - [2026-08-12T04:39:05.579+0000] {dagbag.py:587} INFO - Filling up the DagBag from /home/airflow/.local/lib/python3.12/site-packages/airflow/example_dags/example_trigger_target_dag.py
[2026-08-12T04:39:05.602+0000] {processor.py:925} INFO - DAG(s) 'example_trigger_target_dag' retrieved from /home/airflow/.local/lib/python3.12/site-packages/airflow/example_dags/example_trigger_target_dag.py
[2026-08-12T04:39:05.633+0000] {logging_mixin.py:190} INFO - [2026-08-12T04:39:05.633+0000] {dag.py:3211} INFO - Sync 1 DAGs
[2026-08-12T04:39:05.661+0000] {logging_mixin.py:190} INFO - [2026-08-12T04:39:05.661+0000] {dag.py:4138} INFO - Setting next_dagrun for example_trigger_target_dag to None, run_after=None
[2026-08-12T04:39:05.695+0000] {processor.py:208} INFO - Processing /home/airflow/.local/lib/python3.12/site-packages/airflow/example_dags/example_trigger_target_dag.py took 0.133 seconds
[2026-08-12T04:39:37.090+0000] {processor.py:186} INFO - Started process (PID=540) to work on /home/airflow/.local/lib/python3.12/site-packages/airflow/example_dags/example_trigger_target_dag.py
[2026-08-12T04:39:37.093+0000] {processor.py:914} INFO - Processing file /home/airflow/.local/lib/python3.12/site-packages/airflow/example_dags/example_trigger_target_dag.py for tasks to queue
[2026-08-12T04:39:37.101+0000] {logging_mixin.py:190} INFO - [2026-08-12T04:39:37.098+0000] {dagbag.py:587} INFO - Filling up the DagBag from /home/airflow/.local/lib/python3.12/site-packages/airflow/example_dags/example_trigger_target_dag.py
[2026-08-12T04:39:37.128+0000] {processor.py:925} INFO - DAG(s) 'example_trigger_target_dag' retrieved from /home/airflow/.local/lib/python3.12/site-packages/airflow/example_dags/example_trigger_target_dag.py
[2026-08-12T04:39:37.178+0000] {logging_mixin.py:190} INFO - [2026-08-12T04:39:37.177+0000] {dag.py:3211} INFO - Sync 1 DAGs
[2026-08-12T04:39:37.220+0000] {logging_mixin.py:190} INFO - [2026-08-12T04:39:37.220+0000] {dag.py:4138} INFO - Setting next_dagrun for example_trigger_target_dag to None, run_after=None
[2026-08-12T04:39:37.318+0000] {processor.py:208} INFO - Processing /home/airflow/.local/lib/python3.12/site-packages/airflow/example_dags/example_trigger_target_dag.py took 0.237 seconds
[2026-08-12T04:40:08.698+0000] {processor.py:186} INFO - Started process (PID=602) to work on /home/airflow/.local/lib/python3.12/site-packages/airflow/example_dags/example_trigger_target_dag.py
[2026-08-12T04:40:08.701+0000] {processor.py:914} INFO - Processing file /home/airflow/.local/lib/python3.12/site-packages/airflow/example_dags/example_trigger_target_dag.py for tasks to queue
[2026-08-12T04:40:08.706+0000] {logging_mixin.py:190} INFO - [2026-08-12T04:40:08.704+0000] {dagbag.py:587} INFO - Filling up the DagBag from /home/airflow/.local/lib/python3.12/site-packages/airflow/example_dags/example_trigger_target_dag.py
[2026-08-12T04:40:08.718+0000] {processor.py:925} INFO - DAG(s) 'example_trigger_target_dag' retrieved from /home/airflow/.local/lib/python3.12/site-packages/airflow/example_dags/example_trigger_target_dag.py
[2026-08-12T04:40:08.747+0000] {logging_mixin.py:190} INFO - [2026-08-12T04:40:08.746+0000] {dag.py:3211} INFO - Sync 1 DAGs
[2026-08-12T04:40:08.768+0000] {logging_mixin.py:190} INFO - [2026-08-12T04:40:08.768+0000] {dag.py:4138} INFO - Setting next_dagrun for example_trigger_target_dag to None, run_after=None
[2026-08-12T04:40:08.799+0000] {processor.py:208} INFO - Processing /home/airflow/.local/lib/python3.12/site-packages/airflow/example_dags/example_trigger_target_dag.py took 0.108 seconds
[2026-08-12T04:40:38.995+0000] {processor.py:186} INFO - Started process (PID=664) to work on /home/airflow/.local/lib/python3.12/site-packages/airflow/example_dags/example_trigger_target_dag.py
[2026-08-12T04:40:38.998+0000] {processor.py:914} INFO - Processing file /home/airflow/.local/lib/python3.12/site-packages/airflow/example_dags/example_trigger_target_dag.py for tasks to queue
[2026-08-12T04:40:39.002+0000] {logging_mixin.py:190} INFO - [2026-08-12T04:40:39.002+0000] {dagbag.py:587} INFO - Filling up the DagBag from /home/airflow/.local/lib/python3.12/site-packages/airflow/example_dags/example_trigger_target_dag.py
[2026-08-12T04:40:39.017+0000] {processor.py:925} INFO - DAG(s) 'example_trigger_target_dag' retrieved from /home/airflow/.local/lib/python3.12/site-packages/airflow/example_dags/example_trigger_target_dag.py
[2026-08-12T04:40:39.059+0000] {logging_mixin.py:190} INFO - [2026-08-12T04:40:39.059+0000] {dag.py:3211} INFO - Sync 1 DAGs
[2026-08-12T04:40:39.084+0000] {logging_mixin.py:190} INFO - [2026-08-12T04:40:39.084+0000] {dag.py:4138} INFO - Setting next_dagrun for example_trigger_target_dag to None, run_after=None
[2026-08-12T04:40:39.117+0000] {processor.py:208} INFO - Processing /home/airflow/.local/lib/python3.12/site-packages/airflow/example_dags/example_trigger_target_dag.py took 0.132 seconds
[2026-08-12T04:41:09.228+0000] {processor.py:186} INFO - Started process (PID=726) to work on /home/airflow/.local/lib/python3.12/site-packages/airflow/example_dags/example_trigger_target_dag.py
[2026-08-12T04:41:09.230+0000] {processor.py:914} INFO - Processing file /home/airflow/.local/lib/python3.12/site-packages/airflow/example_dags/example_trigger_target_dag.py for tasks to queue
[2026-08-12T04:41:09.234+0000] {logging_mixin.py:190} INFO - [2026-08-12T04:41:09.233+0000] {dagbag.py:587} INFO - Filling up the DagBag from /home/airflow/.local/lib/python3.12/site-packages/airflow/example_dags/example_trigger_target_dag.py
[2026-08-12T04:41:09.245+0000] {processor.py:925} INFO - DAG(s) 'example_trigger_target_dag' retrieved from /home/airflow/.local/lib/python3.12/site-packages/airflow/example_dags/example_trigger_target_dag.py
[2026-08-12T04:41:09.273+0000] {logging_mixin.py:190} INFO - [2026-08-12T04:41:09.272+0000] {dag.py:3211} INFO - Sync 1 DAGs
[2026-08-12T04:41:09.293+0000] {logging_mixin.py:190} INFO - [2026-08-12T04:41:09.293+0000] {dag.py:4138} INFO - Setting next_dagrun for example_trigger_target_dag to None, run_after=None
[2026-08-12T04:41:09.318+0000] {processor.py:208} INFO - Processing /home/airflow/.local/lib/python3.12/site-packages/airflow/example_dags/example_trigger_target_dag.py took 0.098 seconds
[2026-08-12T04:41:39.753+0000] {processor.py:186} INFO - Started process (PID=788) to work on /home/airflow/.local/lib/python3.12/site-packages/airflow/example_dags/example_trigger_target_dag.py
[2026-08-12T04:41:39.755+0000] {processor.py:914} INFO - Processing file /home/airflow/.local/lib/python3.12/site-packages/airflow/example_dags/example_trigger_target_dag.py for tasks to queue
[2026-08-12T04:41:39.761+0000] {logging_mixin.py:190} INFO - [2026-08-12T04:41:39.761+0000] {dagbag.py:587} INFO - Filling up the DagBag from /home/airflow/.local/lib/python3.12/site-packages/airflow/example_dags/example_trigger_target_dag.py
[2026-08-12T04:41:39.774+0000] {processor.py:925} INFO - DAG(s) 'example_trigger_target_dag' retrieved from /home/airflow/.local/lib/python3.12/site-packages/airflow/example_dags/example_trigger_target_dag.py
[2026-08-12T04:41:39.812+0000] {logging_mixin.py:190} INFO - [2026-08-12T04:41:39.812+0000] {dag.py:3211} INFO - Sync 1 DAGs
[2026-08-12T04:41:39.835+0000] {logging_mixin.py:190} INFO - [2026-08-12T04:41:39.834+0000] {dag.py:4138} INFO - Setting next_dagrun for example_trigger_target_dag to None, run_after=None
[2026-08-12T04:41:39.862+0000] {processor.py:208} INFO - Processing /home/airflow/.local/lib/python3.12/site-packages/airflow/example_dags/example_trigger_target_dag.py took 0.115 seconds
[2026-08-12T04:42:10.238+0000] {processor.py:186} INFO - Started process (PID=850) to work on /home/airflow/.local/lib/python3.12/site-packages/airflow/example_dags/example_trigger_target_dag.py
[2026-08-12T04:42:10.240+0000] {processor.py:914} INFO - Processing file /home/airflow/.local/lib/python3.12/site-packages/airflow/example_dags/example_trigger_target_dag.py for tasks to queue
[2026-08-12T04:42:10.255+0000] {logging_mixin.py:190} INFO - [2026-08-12T04:42:10.254+0000] {dagbag.py:587} INFO - Filling up the DagBag from /home/airflow/.local/lib/python3.12/site-packages/airflow/example_dags/example_trigger_target_dag.py
[2026-08-12T04:42:10.263+0000] {processor.py:925} INFO - DAG(s) 'example_trigger_target_dag' retrieved from /home/airflow/.local/lib/python3.12/site-packages/airflow/example_dags/example_trigger_target_dag.py
[2026-08-12T04:42:10.284+0000] {logging_mixin.py:190} INFO - [2026-08-12T04:42:10.284+0000] {dag.py:3211} INFO - Sync 1 DAGs
[2026-08-12T04:42:10.304+0000] {logging_mixin.py:190} INFO - [2026-08-12T04:42:10.303+0000] {dag.py:4138} INFO - Setting next_dagrun for example_trigger_target_dag to None, run_after=None
[2026-08-12T04:42:10.327+0000] {processor.py:208} INFO - Processing /home/airflow/.local/lib/python3.12/site-packages/airflow/example_dags/example_trigger_target_dag.py took 0.094 seconds
[2026-08-12T04:42:40.757+0000] {processor.py:186} INFO - Started process (PID=912) to work on /home/airflow/.local/lib/python3.12/site-packages/airflow/example_dags/example_trigger_target_dag.py
[2026-08-12T04:42:40.759+0000] {processor.py:914} INFO - Processing file /home/airflow/.local/lib/python3.12/site-packages/airflow/example_dags/example_trigger_target_dag.py for tasks to queue
[2026-08-12T04:42:40.763+0000] {logging_mixin.py:190} INFO - [2026-08-12T04:42:40.763+0000] {dagbag.py:587} INFO - Filling up the DagBag from /home/airflow/.local/lib/python3.12/site-packages/airflow/example_dags/example_trigger_target_dag.py
[2026-08-12T04:42:40.774+0000] {processor.py:925} INFO - DAG(s) 'example_trigger_target_dag' retrieved from /home/airflow/.local/lib/python3.12/site-packages/airflow/example_dags/example_trigger_target_dag.py
[2026-08-12T04:42:40.801+0000] {logging_mixin.py:190} INFO - [2026-08-12T04:42:40.801+0000] {dag.py:3211} INFO - Sync 1 DAGs
[2026-08-12T04:42:40.823+0000] {logging_mixin.py:190} INFO - [2026-08-12T04:42:40.823+0000] {dag.py:4138} INFO - Setting next_dagrun for example_trigger_target_dag to None, run_after=None
[2026-08-12T04:42:40.849+0000] {processor.py:208} INFO - Processing /home/airflow/.local/lib/python3.12/site-packages/airflow/example_dags/example_trigger_target_dag.py took 0.100 seconds
[2026-08-12T04:43:11.025+0000] {processor.py:186} INFO - Started process (PID=974) to work on /home/airflow/.local/lib/python3.12/site-packages/airflow/example_dags/example_trigger_target_dag.py
[2026-08-12T04:43:11.027+0000] {processor.py:914} INFO - Processing file /home/airflow/.local/lib/python3.12/site-packages/airflow/example_dags/example_trigger_target_dag.py for tasks to queue
[2026-08-12T04:43:11.031+0000] {logging_mixin.py:190} INFO - [2026-08-12T04:43:11.031+0000] {dagbag.py:587} INFO - Filling up the DagBag from /home/airflow/.local/lib/python3.12/site-packages/airflow/example_dags/example_trigger_target_dag.py
[2026-08-12T04:43:11.041+0000] {processor.py:925} INFO - DAG(s) 'example_trigger_target_dag' retrieved from /home/airflow/.local/lib/python3.12/site-packages/airflow/example_dags/example_trigger_target_dag.py
[2026-08-12T04:43:11.070+0000] {logging_mixin.py:190} INFO - [2026-08-12T04:43:11.070+0000] {dag.py:3211} INFO - Sync 1 DAGs
[2026-08-12T04:43:11.090+0000] {logging_mixin.py:190} INFO - [2026-08-12T04:43:11.090+0000] {dag.py:4138} INFO - Setting next_dagrun for example_trigger_target_dag to None, run_after=None
[2026-08-12T04:43:11.114+0000] {processor.py:208} INFO - Processing /home/airflow/.local/lib/python3.12/site-packages/airflow/example_dags/example_trigger_target_dag.py took 0.095 seconds
[2026-08-12T04:43:42.039+0000] {processor.py:186} INFO - Started process (PID=1042) to work on /home/airflow/.local/lib/python3.12/site-packages/airflow/example_dags/example_trigger_target_dag.py
[2026-08-12T04:43:42.042+0000] {processor.py:914} INFO - Processing file /home/airflow/.local/lib/python3.12/site-packages/airflow/example_dags/example_trigger_target_dag.py for tasks to queue
[2026-08-12T04:43:42.045+0000] {logging_mixin.py:190} INFO - [2026-08-12T04:43:42.045+0000] {dagbag.py:587} INFO - Filling up the DagBag from /home/airflow/.local/lib/python3.12/site-packages/airflow/example_dags/example_trigger_target_dag.py
[2026-08-12T04:43:42.056+0000] {processor.py:925} INFO - DAG(s) 'example_trigger_target_dag' retrieved from /home/airflow/.local/lib/python3.12/site-packages/airflow/example_dags/example_trigger_target_dag.py
[2026-08-12T04:43:42.081+0000] {logging_mixin.py:190} INFO - [2026-08-12T04:43:42.080+0000] {dag.py:3211} INFO - Sync 1 DAGs
[2026-08-12T04:43:42.096+0000] {logging_mixin.py:190} INFO - [2026-08-12T04:43:42.096+0000] {dag.py:4138} INFO - Setting next_dagrun for example_trigger_target_dag to None, run_after=None
[2026-08-12T04:43:42.120+0000] {processor.py:208} INFO - Processing /home/airflow/.local/lib/python3.12/site-packages/airflow/example_dags/example_trigger_target_dag.py took 0.087 seconds
[2026-08-12T04:44:13.306+0000] {processor.py:186} INFO - Started process (PID=1104) to work on /home/airflow/.local/lib/python3.12/site-packages/airflow/example_dags/example_trigger_target_dag.py
[2026-08-12T04:44:13.309+0000] {processor.py:914} INFO - Processing file /home/airflow/.local/lib/python3.12/site-packages/airflow/example_dags/example_trigger_target_dag.py for tasks to queue
[2026-08-12T04:44:13.314+0000] {logging_mixin.py:190} INFO - [2026-08-12T04:44:13.313+0000] {dagbag.py:587} INFO - Filling up the DagBag from /home/airflow/.local/lib/python3.12/site-packages/airflow/example_dags/example_trigger_target_dag.py
[2026-08-12T04:44:13.328+0000] {processor.py:925} INFO - DAG(s) 'example_trigger_target_dag' retrieved from /home/airflow/.local/lib/python3.12/site-packages/airflow/example_dags/example_trigger_target_dag.py
[2026-08-12T04:44:13.357+0000] {logging_mixin.py:190} INFO - [2026-08-12T04:44:13.357+0000] {dag.py:3211} INFO - Sync 1 DAGs
[2026-08-12T04:44:13.382+0000] {logging_mixin.py:190} INFO - [2026-08-12T04:44:13.382+0000] {dag.py:4138} INFO - Setting next_dagrun for example_trigger_target_dag to None, run_after=None
[2026-08-12T04:44:13.414+0000] {processor.py:208} INFO - Processing /home/airflow/.local/lib/python3.12/site-packages/airflow/example_dags/example_trigger_target_dag.py took 0.117 seconds
[2026-08-12T04:44:43.605+0000] {processor.py:186} INFO - Started process (PID=1167) to work on /home/airflow/.local/lib/python3.12/site-packages/airflow/example_dags/example_trigger_target_dag.py
[2026-08-12T04:44:43.607+0000] {processor.py:914} INFO - Processing file /home/airflow/.local/lib/python3.12/site-packages/airflow/example_dags/example_trigger_target_dag.py for tasks to queue
[2026-08-12T04:44:43.611+0000] {logging_mixin.py:190} INFO - [2026-08-12T04:44:43.610+0000] {dagbag.py:587} INFO - Filling up the DagBag from /home/airflow/.local/lib/python3.12/site-packages/airflow/example_dags/example_trigger_target_dag.py
[2026-08-12T04:44:43.620+0000] {processor.py:925} INFO - DAG(s) 'example_trigger_target_dag' retrieved from /home/airflow/.local/lib/python3.12/site-packages/airflow/example_dags/example_trigger_target_dag.py
[2026-08-12T04:44:43.644+0000] {logging_mixin.py:190} INFO - [2026-08-12T04:44:43.643+0000] {dag.py:3211} INFO - Sync 1 DAGs
[2026-08-12T04:44:43.659+0000] {logging_mixin.py:190} INFO - [2026-08-12T04:44:43.659+0000] {dag.py:4138} INFO - Setting next_dagrun for example_trigger_target_dag to None, run_after=None
[2026-08-12T04:44:43.684+0000] {processor.py:208} INFO - Processing /home/airflow/.local/lib/python3.12/site-packages/airflow/example_dags/example_trigger_target_dag.py took 0.084 seconds
[2026-08-12T04:45:14.783+0000] {processor.py:186} INFO - Started process (PID=1229) to work on /home/airflow/.local/lib/python3.12/site-packages/airflow/example_dags/example_trigger_target_dag.py
[2026-08-12T04:45:14.786+0000] {processor.py:914} INFO - Processing file /home/airflow/.local/lib/python3.12/site-packages/airflow/example_dags/example_trigger_target_dag.py for tasks to queue
[2026-08-12T04:45:14.792+0000] {logging_mixin.py:190} INFO - [2026-08-12T04:45:14.791+0000] {dagbag.py:587} INFO - Filling up the DagBag from /home/airflow/.local/lib/python3.12/site-packages/airflow/example_dags/example_trigger_target_dag.py
[2026-08-12T04:45:14.804+0000] {processor.py:925} INFO - DAG(s) 'example_trigger_target_dag' retrieved from /home/airflow/.local/lib/python3.12/site-packages/airflow/example_dags/example_trigger_target_dag.py
[2026-08-12T04:45:14.836+0000] {logging_mixin.py:190} INFO - [2026-08-12T04:45:14.835+0000] {dag.py:3211} INFO - Sync 1 DAGs
[2026-08-12T04:45:14.855+0000] {logging_mixin.py:190} INFO - [2026-08-12T04:45:14.854+0000] {dag.py:4138} INFO - Setting next_dagrun for example_trigger_target_dag to None, run_after=None
[2026-08-12T04:45:14.884+0000] {processor.py:208} INFO - Processing /home/airflow/.local/lib/python3.12/site-packages/airflow/example_dags/example_trigger_target_dag.py took 0.109 seconds
[2026-08-12T04:45:45.959+0000] {processor.py:186} INFO - Started process (PID=1291) to work on /home/airflow/.local/lib/python3.12/site-packages/airflow/example_dags/example_trigger_target_dag.py
[2026-08-12T04:45:45.962+0000] {processor.py:914} INFO - Processing file /home/airflow/.local/lib/python3.12/site-packages/airflow/example_dags/example_trigger_target_dag.py for tasks to queue
[2026-08-12T04:45:45.967+0000] {logging_mixin.py:190} INFO - [2026-08-12T04:45:45.966+0000] {dagbag.py:587} INFO - Filling up the DagBag from /home/airflow/.local/lib/python3.12/site-packages/airflow/example_dags/example_trigger_target_dag.py
[2026-08-12T04:45:45.978+0000] {processor.py:925} INFO - DAG(s) 'example_trigger_target_dag' retrieved from /home/airflow/.local/lib/python3.12/site-packages/airflow/example_dags/example_trigger_target_dag.py
[2026-08-12T04:45:46.009+0000] {logging_mixin.py:190} INFO - [2026-08-12T04:45:46.008+0000] {dag.py:3211} INFO - Sync 1 DAGs
[2026-08-12T04:45:46.035+0000] {logging_mixin.py:190} INFO - [2026-08-12T04:45:46.035+0000] {dag.py:4138} INFO - Setting next_dagrun for example_trigger_target_dag to None, run_after=None
[2026-08-12T04:45:46.072+0000] {processor.py:208} INFO - Processing /home/airflow/.local/lib/python3.12/site-packages/airflow/example_dags/example_trigger_target_dag.py took 0.123 seconds
[2026-08-12T04:46:16.315+0000] {processor.py:186} INFO - Started process (PID=1353) to work on /home/airflow/.local/lib/python3.12/site-packages/airflow/example_dags/example_trigger_target_dag.py
[2026-08-12T04:46:16.317+0000] {processor.py:914} INFO - Processing file /home/airflow/.local/lib/python3.12/site-packages/airflow/example_dags/example_trigger_target_dag.py for tasks to queue
[2026-08-12T04:46:16.322+0000] {logging_mixin.py:190} INFO - [2026-08-12T04:46:16.321+0000] {dagbag.py:587} INFO - Filling up the DagBag from /home/airflow/.local/lib/python3.12/site-packages/airflow/example_dags/example_trigger_target_dag.py
[2026-08-12T04:46:16.336+0000] {processor.py:925} INFO - DAG(s) 'example_trigger_target_dag' retrieved from /home/airflow/.local/lib/python3.12/site-packages/airflow/example_dags/example_trigger_target_dag.py
[2026-08-12T04:46:16.359+0000] {logging_mixin.py:190} INFO - [2026-08-12T04:46:16.359+0000] {dag.py:3211} INFO - Sync 1 DAGs
[2026-08-12T04:46:16.374+0000] {logging_mixin.py:190} INFO - [2026-08-12T04:46:16.374+0000] {dag.py:4138} INFO - Setting next_dagrun for example_trigger_target_dag to None, run_after=None
[2026-08-12T04:46:16.403+0000] {processor.py:208} INFO - Processing /home/airflow/.local/lib/python3.12/site-packages/airflow/example_dags/example_trigger_target_dag.py took 0.094 seconds
[2026-08-12T04:46:46.513+0000] {processor.py:186} INFO - Started process (PID=1415) to work on /home/airflow/.local/lib/python3.12/site-packages/airflow/example_dags/example_trigger_target_dag.py
[2026-08-12T04:46:46.514+0000] {processor.py:914} INFO - Processing file /home/airflow/.local/lib/python3.12/site-packages/airflow/example_dags/example_trigger_target_dag.py for tasks to queue
[2026-08-12T04:46:46.518+0000] {logging_mixin.py:190} INFO - [2026-08-12T04:46:46.518+0000] {dagbag.py:587} INFO - Filling up the DagBag from /home/airflow/.local/lib/python3.12/site-packages/airflow/example_dags/example_trigger_target_dag.py
[2026-08-12T04:46:46.530+0000] {processor.py:925} INFO - DAG(s) 'example_trigger_target_dag' retrieved from /home/airflow/.local/lib/python3.12/site-packages/airflow/example_dags/example_trigger_target_dag.py
[2026-08-12T04:46:46.557+0000] {logging_mixin.py:190} INFO - [2026-08-12T04:46:46.557+0000] {dag.py:3211} INFO - Sync 1 DAGs
[2026-08-12T04:46:46.578+0000] {logging_mixin.py:190} INFO - [2026-08-12T04:46:46.578+0000] {dag.py:4138} INFO - Setting next_dagrun for example_trigger_target_dag to None, run_after=None
[2026-08-12T04:46:46.606+0000] {processor.py:208} INFO - Processing /home/airflow/.local/lib/python3.12/site-packages/airflow/example_dags/example_trigger_target_dag.py took 0.101 seconds
[2026-08-12T04:47:17.036+0000] {processor.py:186} INFO - Started process (PID=1476) to work on /home/airflow/.local/lib/python3.12/site-packages/airflow/example_dags/example_trigger_target_dag.py
[2026-08-12T04:47:17.038+0000] {processor.py:914} INFO - Processing file /home/airflow/.local/lib/python3.12/site-packages/airflow/example_dags/example_trigger_target_dag.py for tasks to queue
[2026-08-12T04:47:17.041+0000] {logging_mixin.py:190} INFO - [2026-08-12T04:47:17.041+0000] {dagbag.py:587} INFO - Filling up the DagBag from /home/airflow/.local/lib/python3.12/site-packages/airflow/example_dags/example_trigger_target_dag.py
[2026-08-12T04:47:17.050+0000] {processor.py:925} INFO - DAG(s) 'example_trigger_target_dag' retrieved from /home/airflow/.local/lib/python3.12/site-packages/airflow/example_dags/example_trigger_target_dag.py
[2026-08-12T04:47:17.071+0000] {logging_mixin.py:190} INFO - [2026-08-12T04:47:17.070+0000] {dag.py:3211} INFO - Sync 1 DAGs
[2026-08-12T04:47:17.094+0000] {logging_mixin.py:190} INFO - [2026-08-12T04:47:17.093+0000] {dag.py:4138} INFO - Setting next_dagrun for example_trigger_target_dag to None, run_after=None
[2026-08-12T04:47:17.121+0000] {processor.py:208} INFO - Processing /home/airflow/.local/lib/python3.12/site-packages/airflow/example_dags/example_trigger_target_dag.py took 0.092 seconds
