[2026-08-12T04:31:45.859+0000] {processor.py:186} INFO - Started process (PID=68) to work on /home/airflow/.local/lib/python3.12/site-packages/airflow/example_dags/example_skip_dag.py
[2026-08-12T04:31:45.862+0000] {processor.py:914} INFO - Processing file /home/airflow/.local/lib/python3.12/site-packages/airflow/example_dags/example_skip_dag.py for tasks to queue
[2026-08-12T04:31:45.870+0000] {logging_mixin.py:190} INFO - [2026-08-12T04:31:45.869+0000] {dagbag.py:587} INFO - Filling up the DagBag from /home/airflow/.local/lib/python3.12/site-packages/airflow/example_dags/example_skip_dag.py
[2026-08-12T04:31:45.932+0000] {processor.py:925} INFO - DAG(s) 'example_skip_dag' retrieved from /home/airflow/.local/lib/python3.12/site-packages/airflow/example_dags/example_skip_dag.py
[2026-08-12T04:31:46.658+0000] {logging_mixin.py:190} INFO - [2026-08-12T04:31:46.657+0000] {override.py:1858} INFO - Created Permission View: can edit on DAG:example_skip_dag
[2026-08-12T04:31:46.683+0000] {logging_mixin.py:190} INFO - [2026-08-12T04:31:46.683+0000] {override.py:1858} INFO - Created Permission View: can read on DAG:example_skip_dag
[2026-08-12T04:31:46.701+0000] {logging_mixin.py:190} INFO - [2026-08-12T04:31:46.700+0000] {override.py:1858} INFO - Created Permission View: can delete on DAG:example_skip_dag
[2026-08-12T04:31:46.705+0000] {logging_mixin.py:190} INFO - [2026-08-12T04:31:46.704+0000] {dag.py:3211} INFO - Sync 1 DAGs
[2026-08-12T04:31:46.738+0000] {logging_mixin.py:190} INFO - [2026-08-12T04:31:46.738+0000] {dag.py:3234} INFO - Creating ORM DAG for example_skip_dag
[2026-08-12T04:31:46.769+0000] {logging_mixin.py:190} INFO - [2026-08-12T04:31:46.769+0000] {dag.py:4138} INFO - Setting next_dagrun for example_skip_dag to 2026-08-11 00:00:00+00:00, run_after=2026-08-12 00:00:00+00:00
[2026-08-12T04:31:46.822+0000] {processor.py:208} INFO - Processing /home/airflow/.local/lib/python3.12/site-packages/airflow/example_dags/example_skip_dag.py took 0.985 seconds
[2026-08-12T04:32:17.710+0000] {processor.py:186} INFO - Started process (PID=131) to work on /home/airflow/.local/lib/python3.12/site-packages/airflow/example_dags/example_skip_dag.py
[2026-08-12T04:32:17.713+0000] {processor.py:914} INFO - Processing file /home/airflow/.local/lib/python3.12/site-packages/airflow/example_dags/example_skip_dag.py for tasks to queue
[2026-08-12T04:32:17.717+0000] {logging_mixin.py:190} INFO - [2026-08-12T04:32:17.717+0000] {dagbag.py:587} INFO - Filling up the DagBag from /home/airflow/.local/lib/python3.12/site-packages/airflow/example_dags/example_skip_dag.py
[2026-08-12T04:32:17.728+0000] {processor.py:925} INFO - DAG(s) 'example_skip_dag' retrieved from /home/airflow/.local/lib/python3.12/site-packages/airflow/example_dags/example_skip_dag.py
[2026-08-12T04:32:17.779+0000] {logging_mixin.py:190} INFO - [2026-08-12T04:32:17.778+0000] {dag.py:3211} INFO - Sync 1 DAGs
[2026-08-12T04:32:17.809+0000] {logging_mixin.py:190} INFO - [2026-08-12T04:32:17.808+0000] {dag.py:4138} INFO - Setting next_dagrun for example_skip_dag to 2026-08-11 00:00:00+00:00, run_after=2026-08-12 00:00:00+00:00
[2026-08-12T04:32:17.838+0000] {processor.py:208} INFO - Processing /home/airflow/.local/lib/python3.12/site-packages/airflow/example_dags/example_skip_dag.py took 0.136 seconds
[2026-08-12T04:32:48.115+0000] {processor.py:186} INFO - Started process (PID=194) to work on /home/airflow/.local/lib/python3.12/site-packages/airflow/example_dags/example_skip_dag.py
[2026-08-12T04:32:48.118+0000] {processor.py:914} INFO - Processing file /home/airflow/.local/lib/python3.12/site-packages/airflow/example_dags/example_skip_dag.py for tasks to queue
[2026-08-12T04:32:48.123+0000] {logging_mixin.py:190} INFO - [2026-08-12T04:32:48.123+0000] {dagbag.py:587} INFO - Filling up the DagBag from /home/airflow/.local/lib/python3.12/site-packages/airflow/example_dags/example_skip_dag.py
[2026-08-12T04:32:48.136+0000] {processor.py:925} INFO - DAG(s) 'example_skip_dag' retrieved from /home/airflow/.local/lib/python3.12/site-packages/airflow/example_dags/example_skip_dag.py
[2026-08-12T04:32:48.172+0000] {logging_mixin.py:190} INFO - [2026-08-12T04:32:48.172+0000] {dag.py:3211} INFO - Sync 1 DAGs
[2026-08-12T04:32:48.204+0000] {logging_mixin.py:190} INFO - [2026-08-12T04:32:48.204+0000] {dag.py:4138} INFO - Setting next_dagrun for example_skip_dag to 2026-08-11 00:00:00+00:00, run_after=2026-08-12 00:00:00+00:00
[2026-08-12T04:32:48.234+0000] {processor.py:208} INFO - Processing /home/airflow/.local/lib/python3.12/site-packages/airflow/example_dags/example_skip_dag.py took 0.130 seconds
[2026-08-12T04:33:19.051+0000] {processor.py:186} INFO - Started process (PID=256) to work on /home/airflow/.local/lib/python3.12/site-packages/airflow/example_dags/example_skip_dag.py
[2026-08-12T04:33:19.054+0000] {processor.py:914} INFO - Processing file /home/airflow/.local/lib/python3.12/site-packages/airflow/example_dags/example_skip_dag.py for tasks to queue
[2026-08-12T04:33:19.057+0000] {logging_mixin.py:190} INFO - [2026-08-12T04:33:19.057+0000] {dagbag.py:587} INFO - Filling up the DagBag from /home/airflow/.local/lib/python3.12/site-packages/airflow/example_dags/example_skip_dag.py
[2026-08-12T04:33:19.086+0000] {processor.py:925} INFO - DAG(s) 'example_skip_dag' retrieved from /home/airflow/.local/lib/python3.12/site-packages/airflow/example_dags/example_skip_dag.py
[2026-08-12T04:33:19.125+0000] {logging_mixin.py:190} INFO - [2026-08-12T04:33:19.125+0000] {dag.py:3211} INFO - Sync 1 DAGs
[2026-08-12T04:33:19.165+0000] {logging_mixin.py:190} INFO - [2026-08-12T04:33:19.165+0000] {dag.py:4138} INFO - Setting next_dagrun for example_skip_dag to 2026-08-11 00:00:00+00:00, run_after=2026-08-12 00:00:00+00:00
[2026-08-12T04:33:19.216+0000] {processor.py:208} INFO - Processing /home/airflow/.local/lib/python3.12/site-packages/airflow/example_dags/example_skip_dag.py took 0.175 seconds
[2026-08-12T04:33:49.560+0000] {processor.py:186} INFO - Started process (PID=318) to work on /home/airflow/.local/lib/python3.12/site-packages/airflow/example_dags/example_skip_dag.py
[2026-08-12T04:33:49.562+0000] {processor.py:914} INFO - Processing file /home/airflow/.local/lib/python3.12/site-packages/airflow/example_dags/example_skip_dag.py for tasks to queue
[2026-08-12T04:33:49.568+0000] {logging_mixin.py:190} INFO - [2026-08-12T04:33:49.567+0000] {dagbag.py:587} INFO - Filling up the DagBag from /home/airflow/.local/lib/python3.12/site-packages/airflow/example_dags/example_skip_dag.py
[2026-08-12T04:33:49.577+0000] {processor.py:925} INFO - DAG(s) 'example_skip_dag' retrieved from /home/airflow/.local/lib/python3.12/site-packages/airflow/example_dags/example_skip_dag.py
[2026-08-12T04:33:49.608+0000] {logging_mixin.py:190} INFO - [2026-08-12T04:33:49.607+0000] {dag.py:3211} INFO - Sync 1 DAGs
[2026-08-12T04:33:49.642+0000] {logging_mixin.py:190} INFO - [2026-08-12T04:33:49.641+0000] {dag.py:4138} INFO - Setting next_dagrun for example_skip_dag to 2026-08-11 00:00:00+00:00, run_after=2026-08-12 00:00:00+00:00
[2026-08-12T04:33:49.671+0000] {processor.py:208} INFO - Processing /home/airflow/.local/lib/python3.12/site-packages/airflow/example_dags/example_skip_dag.py took 0.120 seconds
[2026-08-12T04:34:20.420+0000] {processor.py:186} INFO - Started process (PID=380) to work on /home/airflow/.local/lib/python3.12/site-packages/airflow/example_dags/example_skip_dag.py
[2026-08-12T04:34:20.424+0000] {processor.py:914} INFO - Processing file /home/airflow/.local/lib/python3.12/site-packages/airflow/example_dags/example_skip_dag.py for tasks to queue
[2026-08-12T04:34:20.428+0000] {logging_mixin.py:190} INFO - [2026-08-12T04:34:20.428+0000] {dagbag.py:587} INFO - Filling up the DagBag from /home/airflow/.local/lib/python3.12/site-packages/airflow/example_dags/example_skip_dag.py
[2026-08-12T04:34:20.446+0000] {processor.py:925} INFO - DAG(s) 'example_skip_dag' retrieved from /home/airflow/.local/lib/python3.12/site-packages/airflow/example_dags/example_skip_dag.py
[2026-08-12T04:34:20.476+0000] {logging_mixin.py:190} INFO - [2026-08-12T04:34:20.476+0000] {dag.py:3211} INFO - Sync 1 DAGs
[2026-08-12T04:34:20.527+0000] {logging_mixin.py:190} INFO - [2026-08-12T04:34:20.527+0000] {dag.py:4138} INFO - Setting next_dagrun for example_skip_dag to 2026-08-11 00:00:00+00:00, run_after=2026-08-12 00:00:00+00:00
[2026-08-12T04:34:20.559+0000] {processor.py:208} INFO - Processing /home/airflow/.local/lib/python3.12/site-packages/airflow/example_dags/example_skip_dag.py took 0.150 seconds
[2026-08-12T04:35:51.858+0000] {processor.py:186} INFO - Started process (PID=68) to work on /home/airflow/.local/lib/python3.12/site-packages/airflow/example_dags/example_skip_dag.py
[2026-08-12T04:35:51.872+0000] {processor.py:914} INFO - Processing file /home/airflow/.local/lib/python3.12/site-packages/airflow/example_dags/example_skip_dag.py for tasks to queue
[2026-08-12T04:35:51.894+0000] {logging_mixin.py:190} INFO - [2026-08-12T04:35:51.893+0000] {dagbag.py:587} INFO - Filling up the DagBag from /home/airflow/.local/lib/python3.12/site-packages/airflow/example_dags/example_skip_dag.py
[2026-08-12T04:35:51.981+0000] {processor.py:925} INFO - DAG(s) 'example_skip_dag' retrieved from /home/airflow/.local/lib/python3.12/site-packages/airflow/example_dags/example_skip_dag.py
[2026-08-12T04:35:52.119+0000] {logging_mixin.py:190} INFO - [2026-08-12T04:35:52.116+0000] {dag.py:3211} INFO - Sync 1 DAGs
[2026-08-12T04:35:52.250+0000] {logging_mixin.py:190} INFO - [2026-08-12T04:35:52.249+0000] {dag.py:4138} INFO - Setting next_dagrun for example_skip_dag to 2026-08-11 00:00:00+00:00, run_after=2026-08-12 00:00:00+00:00
[2026-08-12T04:35:52.394+0000] {processor.py:208} INFO - Processing /home/airflow/.local/lib/python3.12/site-packages/airflow/example_dags/example_skip_dag.py took 0.575 seconds
[2026-08-12T04:36:23.123+0000] {processor.py:186} INFO - Started process (PID=130) to work on /home/airflow/.local/lib/python3.12/site-packages/airflow/example_dags/example_skip_dag.py
[2026-08-12T04:36:23.126+0000] {processor.py:914} INFO - Processing file /home/airflow/.local/lib/python3.12/site-packages/airflow/example_dags/example_skip_dag.py for tasks to queue
[2026-08-12T04:36:23.132+0000] {logging_mixin.py:190} INFO - [2026-08-12T04:36:23.131+0000] {dagbag.py:587} INFO - Filling up the DagBag from /home/airflow/.local/lib/python3.12/site-packages/airflow/example_dags/example_skip_dag.py
[2026-08-12T04:36:23.155+0000] {processor.py:925} INFO - DAG(s) 'example_skip_dag' retrieved from /home/airflow/.local/lib/python3.12/site-packages/airflow/example_dags/example_skip_dag.py
[2026-08-12T04:36:23.191+0000] {logging_mixin.py:190} INFO - [2026-08-12T04:36:23.190+0000] {dag.py:3211} INFO - Sync 1 DAGs
[2026-08-12T04:36:23.238+0000] {logging_mixin.py:190} INFO - [2026-08-12T04:36:23.238+0000] {dag.py:4138} INFO - Setting next_dagrun for example_skip_dag to 2026-08-11 00:00:00+00:00, run_after=2026-08-12 00:00:00+00:00
[2026-08-12T04:36:23.265+0000] {processor.py:208} INFO - Processing /home/airflow/.local/lib/python3.12/site-packages/airflow/example_dags/example_skip_dag.py took 0.153 seconds
[2026-08-12T04:36:53.794+0000] {processor.py:186} INFO - Started process (PID=192) to work on /home/airflow/.local/lib/python3.12/site-packages/airflow/example_dags/example_skip_dag.py
[2026-08-12T04:36:53.796+0000] {processor.py:914} INFO - Processing file /home/airflow/.local/lib/python3.12/site-packages/airflow/example_dags/example_skip_dag.py for tasks to queue
[2026-08-12T04:36:53.804+0000] {logging_mixin.py:190} INFO - [2026-08-12T04:36:53.803+0000] {dagbag.py:587} INFO - Filling up the DagBag from /home/airflow/.local/lib/python3.12/site-packages/airflow/example_dags/example_skip_dag.py
[2026-08-12T04:36:53.816+0000] {processor.py:925} INFO - DAG(s) 'example_skip_dag' retrieved from /home/airflow/.local/lib/python3.12/site-packages/airflow/example_dags/example_skip_dag.py
[2026-08-12T04:36:53.850+0000] {logging_mixin.py:190} INFO - [2026-08-12T04:36:53.850+0000] {dag.py:3211} INFO - Sync 1 DAGs
[2026-08-12T04:36:53.889+0000] {logging_mixin.py:190} INFO - [2026-08-12T04:36:53.888+0000] {dag.py:4138} INFO - Setting next_dagrun for example_skip_dag to 2026-08-11 00:00:00+00:00, run_after=2026-08-12 00:00:00+00:00
[2026-08-12T04:36:53.918+0000] {processor.py:208} INFO - Processing /home/airflow/.local/lib/python3.12/site-packages/airflow/example_dags/example_skip_dag.py took 0.132 seconds
[2026-08-12T04:37:24.007+0000] {processor.py:186} INFO - Started process (PID=253) to work on /home/airflow/.local/lib/python3.12/site-packages/airflow/example_dags/example_skip_dag.py
[2026-08-12T04:37:24.010+0000] {processor.py:914} INFO - Processing file /home/airflow/.local/lib/python3.12/site-packages/airflow/example_dags/example_skip_dag.py for tasks to queue
[2026-08-12T04:37:24.014+0000] {logging_mixin.py:190} INFO - [2026-08-12T04:37:24.014+0000] {dagbag.py:587} INFO - Filling up the DagBag from /home/airflow/.local/lib/python3.12/site-packages/airflow/example_dags/example_skip_dag.py
[2026-08-12T04:37:24.040+0000] {processor.py:925} INFO - DAG(s) 'example_skip_dag' retrieved from /home/airflow/.local/lib/python3.12/site-packages/airflow/example_dags/example_skip_dag.py
[2026-08-12T04:37:24.066+0000] {logging_mixin.py:190} INFO - [2026-08-12T04:37:24.066+0000] {dag.py:3211} INFO - Sync 1 DAGs
[2026-08-12T04:37:24.116+0000] {logging_mixin.py:190} INFO - [2026-08-12T04:37:24.115+0000] {dag.py:4138} INFO - Setting next_dagrun for example_skip_dag to 2026-08-11 00:00:00+00:00, run_after=2026-08-12 00:00:00+00:00
[2026-08-12T04:37:24.159+0000] {processor.py:208} INFO - Processing /home/airflow/.local/lib/python3.12/site-packages/airflow/example_dags/example_skip_dag.py took 0.161 seconds
[2026-08-12T04:37:54.454+0000] {processor.py:186} INFO - Started process (PID=316) to work on /home/airflow/.local/lib/python3.12/site-packages/airflow/example_dags/example_skip_dag.py
[2026-08-12T04:37:54.457+0000] {processor.py:914} INFO - Processing file /home/airflow/.local/lib/python3.12/site-packages/airflow/example_dags/example_skip_dag.py for tasks to queue
[2026-08-12T04:37:54.462+0000] {logging_mixin.py:190} INFO - [2026-08-12T04:37:54.462+0000] {dagbag.py:587} INFO - Filling up the DagBag from /home/airflow/.local/lib/python3.12/site-packages/airflow/example_dags/example_skip_dag.py
[2026-08-12T04:37:54.482+0000] {processor.py:925} INFO - DAG(s) 'example_skip_dag' retrieved from /home/airflow/.local/lib/python3.12/site-packages/airflow/example_dags/example_skip_dag.py
[2026-08-12T04:37:54.525+0000] {logging_mixin.py:190} INFO - [2026-08-12T04:37:54.524+0000] {dag.py:3211} INFO - Sync 1 DAGs
[2026-08-12T04:37:54.572+0000] {logging_mixin.py:190} INFO - [2026-08-12T04:37:54.571+0000] {dag.py:4138} INFO - Setting next_dagrun for example_skip_dag to 2026-08-11 00:00:00+00:00, run_after=2026-08-12 00:00:00+00:00
[2026-08-12T04:37:54.623+0000] {processor.py:208} INFO - Processing /home/airflow/.local/lib/python3.12/site-packages/airflow/example_dags/example_skip_dag.py took 0.181 seconds
[2026-08-12T04:38:25.534+0000] {processor.py:186} INFO - Started process (PID=378) to work on /home/airflow/.local/lib/python3.12/site-packages/airflow/example_dags/example_skip_dag.py
[2026-08-12T04:38:25.535+0000] {processor.py:914} INFO - Processing file /home/airflow/.local/lib/python3.12/site-packages/airflow/example_dags/example_skip_dag.py for tasks to queue
[2026-08-12T04:38:25.539+0000] {logging_mixin.py:190} INFO - [2026-08-12T04:38:25.539+0000] {dagbag.py:587} INFO - Filling up the DagBag from /home/airflow/.local/lib/python3.12/site-packages/airflow/example_dags/example_skip_dag.py
[2026-08-12T04:38:25.546+0000] {processor.py:925} INFO - DAG(s) 'example_skip_dag' retrieved from /home/airflow/.local/lib/python3.12/site-packages/airflow/example_dags/example_skip_dag.py
[2026-08-12T04:38:25.579+0000] {logging_mixin.py:190} INFO - [2026-08-12T04:38:25.579+0000] {dag.py:3211} INFO - Sync 1 DAGs
[2026-08-12T04:38:25.613+0000] {logging_mixin.py:190} INFO - [2026-08-12T04:38:25.613+0000] {dag.py:4138} INFO - Setting next_dagrun for example_skip_dag to 2026-08-11 00:00:00+00:00, run_after=2026-08-12 00:00:00+00:00
[2026-08-12T04:38:25.647+0000] {processor.py:208} INFO - Processing /home/airflow/.local/lib/python3.12/site-packages/airflow/example_dags/example_skip_dag.py took 0.119 seconds
[2026-08-12T04:38:56.480+0000] {processor.py:186} INFO - Started process (PID=440) to work on /home/airflow/.local/lib/python3.12/site-packages/airflow/example_dags/example_skip_dag.py
[2026-08-12T04:38:56.482+0000] {processor.py:914} INFO - Processing file /home/airflow/.local/lib/python3.12/site-packages/airflow/example_dags/example_skip_dag.py for tasks to queue
[2026-08-12T04:38:56.487+0000] {logging_mixin.py:190} INFO - [2026-08-12T04:38:56.487+0000] {dagbag.py:587} INFO - Filling up the DagBag from /home/airflow/.local/lib/python3.12/site-packages/airflow/example_dags/example_skip_dag.py
[2026-08-12T04:38:56.499+0000] {processor.py:925} INFO - DAG(s) 'example_skip_dag' retrieved from /home/airflow/.local/lib/python3.12/site-packages/airflow/example_dags/example_skip_dag.py
[2026-08-12T04:38:56.535+0000] {logging_mixin.py:190} INFO - [2026-08-12T04:38:56.535+0000] {dag.py:3211} INFO - Sync 1 DAGs
[2026-08-12T04:38:56.568+0000] {logging_mixin.py:190} INFO - [2026-08-12T04:38:56.567+0000] {dag.py:4138} INFO - Setting next_dagrun for example_skip_dag to 2026-08-11 00:00:00+00:00, run_after=2026-08-12 00:00:00+00:00
[2026-08-12T04:38:56.600+0000] {processor.py:208} INFO - Processing /home/airflow/.local/lib/python3.12/site-packages/airflow/example_dags/example_skip_dag.py took 0.127 seconds
[2026-08-12T04:39:27.598+0000] {processor.py:186} INFO - Started process (PID=502) to work on /home/airflow/.local/lib/python3.12/site-packages/airflow/example_dags/example_skip_dag.py
[2026-08-12T04:39:27.602+0000] {processor.py:914} INFO - Processing file /home/airflow/.local/lib/python3.12/site-packages/airflow/example_dags/example_skip_dag.py for tasks to queue
[2026-08-12T04:39:27.607+0000] {logging_mixin.py:190} INFO - [2026-08-12T04:39:27.606+0000] {dagbag.py:587} INFO - Filling up the DagBag from /home/airflow/.local/lib/python3.12/site-packages/airflow/example_dags/example_skip_dag.py
[2026-08-12T04:39:27.617+0000] {processor.py:925} INFO - DAG(s) 'example_skip_dag' retrieved from /home/airflow/.local/lib/python3.12/site-packages/airflow/example_dags/example_skip_dag.py
[2026-08-12T04:39:27.651+0000] {logging_mixin.py:190} INFO - [2026-08-12T04:39:27.650+0000] {dag.py:3211} INFO - Sync 1 DAGs
[2026-08-12T04:39:27.689+0000] {logging_mixin.py:190} INFO - [2026-08-12T04:39:27.689+0000] {dag.py:4138} INFO - Setting next_dagrun for example_skip_dag to 2026-08-11 00:00:00+00:00, run_after=2026-08-12 00:00:00+00:00
[2026-08-12T04:39:27.723+0000] {processor.py:208} INFO - Processing /home/airflow/.local/lib/python3.12/site-packages/airflow/example_dags/example_skip_dag.py took 0.137 seconds
[2026-08-12T04:39:57.859+0000] {processor.py:186} INFO - Started process (PID=564) to work on /home/airflow/.local/lib/python3.12/site-packages/airflow/example_dags/example_skip_dag.py
[2026-08-12T04:39:57.861+0000] {processor.py:914} INFO - Processing file /home/airflow/.local/lib/python3.12/site-packages/airflow/example_dags/example_skip_dag.py for tasks to queue
[2026-08-12T04:39:57.864+0000] {logging_mixin.py:190} INFO - [2026-08-12T04:39:57.864+0000] {dagbag.py:587} INFO - Filling up the DagBag from /home/airflow/.local/lib/python3.12/site-packages/airflow/example_dags/example_skip_dag.py
[2026-08-12T04:39:57.879+0000] {processor.py:925} INFO - DAG(s) 'example_skip_dag' retrieved from /home/airflow/.local/lib/python3.12/site-packages/airflow/example_dags/example_skip_dag.py
[2026-08-12T04:39:57.912+0000] {logging_mixin.py:190} INFO - [2026-08-12T04:39:57.912+0000] {dag.py:3211} INFO - Sync 1 DAGs
[2026-08-12T04:39:57.949+0000] {logging_mixin.py:190} INFO - [2026-08-12T04:39:57.949+0000] {dag.py:4138} INFO - Setting next_dagrun for example_skip_dag to 2026-08-11 00:00:00+00:00, run_after=2026-08-12 00:00:00+00:00
[2026-08-12T04:39:57.983+0000] {processor.py:208} INFO - Processing /home/airflow/.local/lib/python3.12/site-packages/airflow/example_dags/example_skip_dag.py took 0.135 seconds
[2026-08-12T04:40:28.635+0000] {processor.py:186} INFO - Started process (PID=626) to work on /home/airflow/.local/lib/python3.12/site-packages/airflow/example_dags/example_skip_dag.py
[2026-08-12T04:40:28.637+0000] {processor.py:914} INFO - Processing file /home/airflow/.local/lib/python3.12/site-packages/airflow/example_dags/example_skip_dag.py for tasks to queue
[2026-08-12T04:40:28.643+0000] {logging_mixin.py:190} INFO - [2026-08-12T04:40:28.643+0000] {dagbag.py:587} INFO - Filling up the DagBag from /home/airflow/.local/lib/python3.12/site-packages/airflow/example_dags/example_skip_dag.py
[2026-08-12T04:40:28.657+0000] {processor.py:925} INFO - DAG(s) 'example_skip_dag' retrieved from /home/airflow/.local/lib/python3.12/site-packages/airflow/example_dags/example_skip_dag.py
[2026-08-12T04:40:28.695+0000] {logging_mixin.py:190} INFO - [2026-08-12T04:40:28.695+0000] {dag.py:3211} INFO - Sync 1 DAGs
[2026-08-12T04:40:28.736+0000] {logging_mixin.py:190} INFO - [2026-08-12T04:40:28.736+0000] {dag.py:4138} INFO - Setting next_dagrun for example_skip_dag to 2026-08-11 00:00:00+00:00, run_after=2026-08-12 00:00:00+00:00
[2026-08-12T04:40:28.770+0000] {processor.py:208} INFO - Processing /home/airflow/.local/lib/python3.12/site-packages/airflow/example_dags/example_skip_dag.py took 0.145 seconds
[2026-08-12T04:40:59.243+0000] {processor.py:186} INFO - Started process (PID=688) to work on /home/airflow/.local/lib/python3.12/site-packages/airflow/example_dags/example_skip_dag.py
[2026-08-12T04:40:59.246+0000] {processor.py:914} INFO - Processing file /home/airflow/.local/lib/python3.12/site-packages/airflow/example_dags/example_skip_dag.py for tasks to queue
[2026-08-12T04:40:59.250+0000] {logging_mixin.py:190} INFO - [2026-08-12T04:40:59.250+0000] {dagbag.py:587} INFO - Filling up the DagBag from /home/airflow/.local/lib/python3.12/site-packages/airflow/example_dags/example_skip_dag.py
[2026-08-12T04:40:59.268+0000] {processor.py:925} INFO - DAG(s) 'example_skip_dag' retrieved from /home/airflow/.local/lib/python3.12/site-packages/airflow/example_dags/example_skip_dag.py
[2026-08-12T04:40:59.313+0000] {logging_mixin.py:190} INFO - [2026-08-12T04:40:59.313+0000] {dag.py:3211} INFO - Sync 1 DAGs
[2026-08-12T04:40:59.360+0000] {logging_mixin.py:190} INFO - [2026-08-12T04:40:59.360+0000] {dag.py:4138} INFO - Setting next_dagrun for example_skip_dag to 2026-08-11 00:00:00+00:00, run_after=2026-08-12 00:00:00+00:00
[2026-08-12T04:40:59.391+0000] {processor.py:208} INFO - Processing /home/airflow/.local/lib/python3.12/site-packages/airflow/example_dags/example_skip_dag.py took 0.158 seconds
[2026-08-12T04:41:30.196+0000] {processor.py:186} INFO - Started process (PID=750) to work on /home/airflow/.local/lib/python3.12/site-packages/airflow/example_dags/example_skip_dag.py
[2026-08-12T04:41:30.198+0000] {processor.py:914} INFO - Processing file /home/airflow/.local/lib/python3.12/site-packages/airflow/example_dags/example_skip_dag.py for tasks to queue
[2026-08-12T04:41:30.202+0000] {logging_mixin.py:190} INFO - [2026-08-12T04:41:30.202+0000] {dagbag.py:587} INFO - Filling up the DagBag from /home/airflow/.local/lib/python3.12/site-packages/airflow/example_dags/example_skip_dag.py
[2026-08-12T04:41:30.215+0000] {processor.py:925} INFO - DAG(s) 'example_skip_dag' retrieved from /home/airflow/.local/lib/python3.12/site-packages/airflow/example_dags/example_skip_dag.py
[2026-08-12T04:41:30.248+0000] {logging_mixin.py:190} INFO - [2026-08-12T04:41:30.247+0000] {dag.py:3211} INFO - Sync 1 DAGs
[2026-08-12T04:41:30.280+0000] {logging_mixin.py:190} INFO - [2026-08-12T04:41:30.280+0000] {dag.py:4138} INFO - Setting next_dagrun for example_skip_dag to 2026-08-11 00:00:00+00:00, run_after=2026-08-12 00:00:00+00:00
[2026-08-12T04:41:30.320+0000] {processor.py:208} INFO - Processing /home/airflow/.local/lib/python3.12/site-packages/airflow/example_dags/example_skip_dag.py took 0.131 seconds
[2026-08-12T04:42:00.893+0000] {processor.py:186} INFO - Started process (PID=812) to work on /home/airflow/.local/lib/python3.12/site-packages/airflow/example_dags/example_skip_dag.py
[2026-08-12T04:42:00.894+0000] {processor.py:914} INFO - Processing file /home/airflow/.local/lib/python3.12/site-packages/airflow/example_dags/example_skip_dag.py for tasks to queue
[2026-08-12T04:42:00.898+0000] {logging_mixin.py:190} INFO - [2026-08-12T04:42:00.898+0000] {dagbag.py:587} INFO - Filling up the DagBag from /home/airflow/.local/lib/python3.12/site-packages/airflow/example_dags/example_skip_dag.py
[2026-08-12T04:42:00.911+0000] {processor.py:925} INFO - DAG(s) 'example_skip_dag' retrieved from /home/airflow/.local/lib/python3.12/site-packages/airflow/example_dags/example_skip_dag.py
[2026-08-12T04:42:00.936+0000] {logging_mixin.py:190} INFO - [2026-08-12T04:42:00.936+0000] {dag.py:3211} INFO - Sync 1 DAGs
[2026-08-12T04:42:00.961+0000] {logging_mixin.py:190} INFO - [2026-08-12T04:42:00.961+0000] {dag.py:4138} INFO - Setting next_dagrun for example_skip_dag to 2026-08-11 00:00:00+00:00, run_after=2026-08-12 00:00:00+00:00
[2026-08-12T04:42:00.992+0000] {processor.py:208} INFO - Processing /home/airflow/.local/lib/python3.12/site-packages/airflow/example_dags/example_skip_dag.py took 0.107 seconds
[2026-08-12T04:42:31.618+0000] {processor.py:186} INFO - Started process (PID=874) to work on /home/airflow/.local/lib/python3.12/site-packages/airflow/example_dags/example_skip_dag.py
[2026-08-12T04:42:31.620+0000] {processor.py:914} INFO - Processing file /home/airflow/.local/lib/python3.12/site-packages/airflow/example_dags/example_skip_dag.py for tasks to queue
[2026-08-12T04:42:31.626+0000] {logging_mixin.py:190} INFO - [2026-08-12T04:42:31.625+0000] {dagbag.py:587} INFO - Filling up the DagBag from /home/airflow/.local/lib/python3.12/site-packages/airflow/example_dags/example_skip_dag.py
[2026-08-12T04:42:31.635+0000] {processor.py:925} INFO - DAG(s) 'example_skip_dag' retrieved from /home/airflow/.local/lib/python3.12/site-packages/airflow/example_dags/example_skip_dag.py
[2026-08-12T04:42:31.658+0000] {logging_mixin.py:190} INFO - [2026-08-12T04:42:31.658+0000] {dag.py:3211} INFO - Sync 1 DAGs
[2026-08-12T04:42:31.684+0000] {logging_mixin.py:190} INFO - [2026-08-12T04:42:31.684+0000] {dag.py:4138} INFO - Setting next_dagrun for example_skip_dag to 2026-08-11 00:00:00+00:00, run_after=2026-08-12 00:00:00+00:00
[2026-08-12T04:42:31.724+0000] {processor.py:208} INFO - Processing /home/airflow/.local/lib/python3.12/site-packages/airflow/example_dags/example_skip_dag.py took 0.112 seconds
[2026-08-12T04:43:01.935+0000] {processor.py:186} INFO - Started process (PID=936) to work on /home/airflow/.local/lib/python3.12/site-packages/airflow/example_dags/example_skip_dag.py
[2026-08-12T04:43:01.939+0000] {processor.py:914} INFO - Processing file /home/airflow/.local/lib/python3.12/site-packages/airflow/example_dags/example_skip_dag.py for tasks to queue
[2026-08-12T04:43:01.944+0000] {logging_mixin.py:190} INFO - [2026-08-12T04:43:01.943+0000] {dagbag.py:587} INFO - Filling up the DagBag from /home/airflow/.local/lib/python3.12/site-packages/airflow/example_dags/example_skip_dag.py
[2026-08-12T04:43:01.956+0000] {processor.py:925} INFO - DAG(s) 'example_skip_dag' retrieved from /home/airflow/.local/lib/python3.12/site-packages/airflow/example_dags/example_skip_dag.py
[2026-08-12T04:43:01.983+0000] {logging_mixin.py:190} INFO - [2026-08-12T04:43:01.982+0000] {dag.py:3211} INFO - Sync 1 DAGs
[2026-08-12T04:43:02.020+0000] {logging_mixin.py:190} INFO - [2026-08-12T04:43:02.019+0000] {dag.py:4138} INFO - Setting next_dagrun for example_skip_dag to 2026-08-11 00:00:00+00:00, run_after=2026-08-12 00:00:00+00:00
[2026-08-12T04:43:02.050+0000] {processor.py:208} INFO - Processing /home/airflow/.local/lib/python3.12/site-packages/airflow/example_dags/example_skip_dag.py took 0.126 seconds
[2026-08-12T04:43:32.302+0000] {processor.py:186} INFO - Started process (PID=998) to work on /home/airflow/.local/lib/python3.12/site-packages/airflow/example_dags/example_skip_dag.py
[2026-08-12T04:43:32.304+0000] {processor.py:914} INFO - Processing file /home/airflow/.local/lib/python3.12/site-packages/airflow/example_dags/example_skip_dag.py for tasks to queue
[2026-08-12T04:43:32.309+0000] {logging_mixin.py:190} INFO - [2026-08-12T04:43:32.309+0000] {dagbag.py:587} INFO - Filling up the DagBag from /home/airflow/.local/lib/python3.12/site-packages/airflow/example_dags/example_skip_dag.py
[2026-08-12T04:43:32.321+0000] {processor.py:925} INFO - DAG(s) 'example_skip_dag' retrieved from /home/airflow/.local/lib/python3.12/site-packages/airflow/example_dags/example_skip_dag.py
[2026-08-12T04:43:32.359+0000] {logging_mixin.py:190} INFO - [2026-08-12T04:43:32.358+0000] {dag.py:3211} INFO - Sync 1 DAGs
[2026-08-12T04:43:32.393+0000] {logging_mixin.py:190} INFO - [2026-08-12T04:43:32.393+0000] {dag.py:4138} INFO - Setting next_dagrun for example_skip_dag to 2026-08-11 00:00:00+00:00, run_after=2026-08-12 00:00:00+00:00
[2026-08-12T04:43:32.426+0000] {processor.py:208} INFO - Processing /home/airflow/.local/lib/python3.12/site-packages/airflow/example_dags/example_skip_dag.py took 0.134 seconds
[2026-08-12T04:44:02.591+0000] {processor.py:186} INFO - Started process (PID=1060) to work on /home/airflow/.local/lib/python3.12/site-packages/airflow/example_dags/example_skip_dag.py
[2026-08-12T04:44:02.593+0000] {processor.py:914} INFO - Processing file /home/airflow/.local/lib/python3.12/site-packages/airflow/example_dags/example_skip_dag.py for tasks to queue
[2026-08-12T04:44:02.596+0000] {logging_mixin.py:190} INFO - [2026-08-12T04:44:02.596+0000] {dagbag.py:587} INFO - Filling up the DagBag from /home/airflow/.local/lib/python3.12/site-packages/airflow/example_dags/example_skip_dag.py
[2026-08-12T04:44:02.604+0000] {processor.py:925} INFO - DAG(s) 'example_skip_dag' retrieved from /home/airflow/.local/lib/python3.12/site-packages/airflow/example_dags/example_skip_dag.py
[2026-08-12T04:44:02.627+0000] {logging_mixin.py:190} INFO - [2026-08-12T04:44:02.626+0000] {dag.py:3211} INFO - Sync 1 DAGs
[2026-08-12T04:44:02.649+0000] {logging_mixin.py:190} INFO - [2026-08-12T04:44:02.649+0000] {dag.py:4138} INFO - Setting next_dagrun for example_skip_dag to 2026-08-11 00:00:00+00:00, run_after=2026-08-12 00:00:00+00:00
[2026-08-12T04:44:02.670+0000] {processor.py:208} INFO - Processing /home/airflow/.local/lib/python3.12/site-packages/airflow/example_dags/example_skip_dag.py took 0.084 seconds
[2026-08-12T04:44:33.131+0000] {processor.py:186} INFO - Started process (PID=1122) to work on /home/airflow/.local/lib/python3.12/site-packages/airflow/example_dags/example_skip_dag.py
[2026-08-12T04:44:33.134+0000] {processor.py:914} INFO - Processing file /home/airflow/.local/lib/python3.12/site-packages/airflow/example_dags/example_skip_dag.py for tasks to queue
[2026-08-12T04:44:33.138+0000] {logging_mixin.py:190} INFO - [2026-08-12T04:44:33.138+0000] {dagbag.py:587} INFO - Filling up the DagBag from /home/airflow/.local/lib/python3.12/site-packages/airflow/example_dags/example_skip_dag.py
[2026-08-12T04:44:33.150+0000] {processor.py:925} INFO - DAG(s) 'example_skip_dag' retrieved from /home/airflow/.local/lib/python3.12/site-packages/airflow/example_dags/example_skip_dag.py
[2026-08-12T04:44:33.185+0000] {logging_mixin.py:190} INFO - [2026-08-12T04:44:33.184+0000] {dag.py:3211} INFO - Sync 1 DAGs
[2026-08-12T04:44:33.235+0000] {logging_mixin.py:190} INFO - [2026-08-12T04:44:33.235+0000] {dag.py:4138} INFO - Setting next_dagrun for example_skip_dag to 2026-08-11 00:00:00+00:00, run_after=2026-08-12 00:00:00+00:00
[2026-08-12T04:44:33.279+0000] {processor.py:208} INFO - Processing /home/airflow/.local/lib/python3.12/site-packages/airflow/example_dags/example_skip_dag.py took 0.159 seconds
[2026-08-12T04:45:04.101+0000] {processor.py:186} INFO - Started process (PID=1185) to work on /home/airflow/.local/lib/python3.12/site-packages/airflow/example_dags/example_skip_dag.py
[2026-08-12T04:45:04.103+0000] {processor.py:914} INFO - Processing file /home/airflow/.local/lib/python3.12/site-packages/airflow/example_dags/example_skip_dag.py for tasks to queue
[2026-08-12T04:45:04.107+0000] {logging_mixin.py:190} INFO - [2026-08-12T04:45:04.107+0000] {dagbag.py:587} INFO - Filling up the DagBag from /home/airflow/.local/lib/python3.12/site-packages/airflow/example_dags/example_skip_dag.py
[2026-08-12T04:45:04.120+0000] {processor.py:925} INFO - DAG(s) 'example_skip_dag' retrieved from /home/airflow/.local/lib/python3.12/site-packages/airflow/example_dags/example_skip_dag.py
[2026-08-12T04:45:04.163+0000] {logging_mixin.py:190} INFO - [2026-08-12T04:45:04.163+0000] {dag.py:3211} INFO - Sync 1 DAGs
[2026-08-12T04:45:04.202+0000] {logging_mixin.py:190} INFO - [2026-08-12T04:45:04.202+0000] {dag.py:4138} INFO - Setting next_dagrun for example_skip_dag to 2026-08-11 00:00:00+00:00, run_after=2026-08-12 00:00:00+00:00
[2026-08-12T04:45:04.237+0000] {processor.py:208} INFO - Processing /home/airflow/.local/lib/python3.12/site-packages/airflow/example_dags/example_skip_dag.py took 0.145 seconds
[2026-08-12T04:45:34.814+0000] {processor.py:186} INFO - Started process (PID=1247) to work on /home/airflow/.local/lib/python3.12/site-packages/airflow/example_dags/example_skip_dag.py
[2026-08-12T04:45:34.816+0000] {processor.py:914} INFO - Processing file /home/airflow/.local/lib/python3.12/site-packages/airflow/example_dags/example_skip_dag.py for tasks to queue
[2026-08-12T04:45:34.820+0000] {logging_mixin.py:190} INFO - [2026-08-12T04:45:34.820+0000] {dagbag.py:587} INFO - Filling up the DagBag from /home/airflow/.local/lib/python3.12/site-packages/airflow/example_dags/example_skip_dag.py
[2026-08-12T04:45:34.833+0000] {processor.py:925} INFO - DAG(s) 'example_skip_dag' retrieved from /home/airflow/.local/lib/python3.12/site-packages/airflow/example_dags/example_skip_dag.py
[2026-08-12T04:45:34.863+0000] {logging_mixin.py:190} INFO - [2026-08-12T04:45:34.863+0000] {dag.py:3211} INFO - Sync 1 DAGs
[2026-08-12T04:45:34.899+0000] {logging_mixin.py:190} INFO - [2026-08-12T04:45:34.898+0000] {dag.py:4138} INFO - Setting next_dagrun for example_skip_dag to 2026-08-11 00:00:00+00:00, run_after=2026-08-12 00:00:00+00:00
[2026-08-12T04:45:34.932+0000] {processor.py:208} INFO - Processing /home/airflow/.local/lib/python3.12/site-packages/airflow/example_dags/example_skip_dag.py took 0.127 seconds
[2026-08-12T04:46:05.941+0000] {processor.py:186} INFO - Started process (PID=1309) to work on /home/airflow/.local/lib/python3.12/site-packages/airflow/example_dags/example_skip_dag.py
[2026-08-12T04:46:05.943+0000] {processor.py:914} INFO - Processing file /home/airflow/.local/lib/python3.12/site-packages/airflow/example_dags/example_skip_dag.py for tasks to queue
[2026-08-12T04:46:05.951+0000] {logging_mixin.py:190} INFO - [2026-08-12T04:46:05.951+0000] {dagbag.py:587} INFO - Filling up the DagBag from /home/airflow/.local/lib/python3.12/site-packages/airflow/example_dags/example_skip_dag.py
[2026-08-12T04:46:05.971+0000] {processor.py:925} INFO - DAG(s) 'example_skip_dag' retrieved from /home/airflow/.local/lib/python3.12/site-packages/airflow/example_dags/example_skip_dag.py
[2026-08-12T04:46:06.016+0000] {logging_mixin.py:190} INFO - [2026-08-12T04:46:06.015+0000] {dag.py:3211} INFO - Sync 1 DAGs
[2026-08-12T04:46:06.070+0000] {logging_mixin.py:190} INFO - [2026-08-12T04:46:06.070+0000] {dag.py:4138} INFO - Setting next_dagrun for example_skip_dag to 2026-08-11 00:00:00+00:00, run_after=2026-08-12 00:00:00+00:00
[2026-08-12T04:46:06.126+0000] {processor.py:208} INFO - Processing /home/airflow/.local/lib/python3.12/site-packages/airflow/example_dags/example_skip_dag.py took 0.200 seconds
[2026-08-12T04:46:36.502+0000] {processor.py:186} INFO - Started process (PID=1371) to work on /home/airflow/.local/lib/python3.12/site-packages/airflow/example_dags/example_skip_dag.py
[2026-08-12T04:46:36.504+0000] {processor.py:914} INFO - Processing file /home/airflow/.local/lib/python3.12/site-packages/airflow/example_dags/example_skip_dag.py for tasks to queue
[2026-08-12T04:46:36.508+0000] {logging_mixin.py:190} INFO - [2026-08-12T04:46:36.507+0000] {dagbag.py:587} INFO - Filling up the DagBag from /home/airflow/.local/lib/python3.12/site-packages/airflow/example_dags/example_skip_dag.py
[2026-08-12T04:46:36.517+0000] {processor.py:925} INFO - DAG(s) 'example_skip_dag' retrieved from /home/airflow/.local/lib/python3.12/site-packages/airflow/example_dags/example_skip_dag.py
[2026-08-12T04:46:36.562+0000] {logging_mixin.py:190} INFO - [2026-08-12T04:46:36.562+0000] {dag.py:3211} INFO - Sync 1 DAGs
[2026-08-12T04:46:36.588+0000] {logging_mixin.py:190} INFO - [2026-08-12T04:46:36.588+0000] {dag.py:4138} INFO - Setting next_dagrun for example_skip_dag to 2026-08-11 00:00:00+00:00, run_after=2026-08-12 00:00:00+00:00
[2026-08-12T04:46:36.611+0000] {processor.py:208} INFO - Processing /home/airflow/.local/lib/python3.12/site-packages/airflow/example_dags/example_skip_dag.py took 0.116 seconds
[2026-08-12T04:47:06.823+0000] {processor.py:186} INFO - Started process (PID=1433) to work on /home/airflow/.local/lib/python3.12/site-packages/airflow/example_dags/example_skip_dag.py
[2026-08-12T04:47:06.825+0000] {processor.py:914} INFO - Processing file /home/airflow/.local/lib/python3.12/site-packages/airflow/example_dags/example_skip_dag.py for tasks to queue
[2026-08-12T04:47:06.830+0000] {logging_mixin.py:190} INFO - [2026-08-12T04:47:06.830+0000] {dagbag.py:587} INFO - Filling up the DagBag from /home/airflow/.local/lib/python3.12/site-packages/airflow/example_dags/example_skip_dag.py
[2026-08-12T04:47:06.843+0000] {processor.py:925} INFO - DAG(s) 'example_skip_dag' retrieved from /home/airflow/.local/lib/python3.12/site-packages/airflow/example_dags/example_skip_dag.py
[2026-08-12T04:47:06.877+0000] {logging_mixin.py:190} INFO - [2026-08-12T04:47:06.876+0000] {dag.py:3211} INFO - Sync 1 DAGs
[2026-08-12T04:47:06.909+0000] {logging_mixin.py:190} INFO - [2026-08-12T04:47:06.909+0000] {dag.py:4138} INFO - Setting next_dagrun for example_skip_dag to 2026-08-11 00:00:00+00:00, run_after=2026-08-12 00:00:00+00:00
[2026-08-12T04:47:06.937+0000] {processor.py:208} INFO - Processing /home/airflow/.local/lib/python3.12/site-packages/airflow/example_dags/example_skip_dag.py took 0.121 seconds
