[2026-08-12T04:31:49.529+0000] {processor.py:186} INFO - Started process (PID=75) to work on /home/airflow/.local/lib/python3.12/site-packages/airflow/example_dags/example_bash_operator.py
[2026-08-12T04:31:49.532+0000] {processor.py:914} INFO - Processing file /home/airflow/.local/lib/python3.12/site-packages/airflow/example_dags/example_bash_operator.py for tasks to queue
[2026-08-12T04:31:49.536+0000] {logging_mixin.py:190} INFO - [2026-08-12T04:31:49.536+0000] {dagbag.py:587} INFO - Filling up the DagBag from /home/airflow/.local/lib/python3.12/site-packages/airflow/example_dags/example_bash_operator.py
[2026-08-12T04:31:49.558+0000] {processor.py:925} INFO - DAG(s) 'example_bash_operator' retrieved from /home/airflow/.local/lib/python3.12/site-packages/airflow/example_dags/example_bash_operator.py
[2026-08-12T04:31:49.760+0000] {logging_mixin.py:190} INFO - [2026-08-12T04:31:49.759+0000] {override.py:1858} INFO - Created Permission View: can edit on DAG:example_bash_operator
[2026-08-12T04:31:49.781+0000] {logging_mixin.py:190} INFO - [2026-08-12T04:31:49.780+0000] {override.py:1858} INFO - Created Permission View: can read on DAG:example_bash_operator
[2026-08-12T04:31:49.794+0000] {logging_mixin.py:190} INFO - [2026-08-12T04:31:49.793+0000] {override.py:1858} INFO - Created Permission View: can delete on DAG:example_bash_operator
[2026-08-12T04:31:49.795+0000] {logging_mixin.py:190} INFO - [2026-08-12T04:31:49.795+0000] {dag.py:3211} INFO - Sync 1 DAGs
[2026-08-12T04:31:49.825+0000] {logging_mixin.py:190} INFO - [2026-08-12T04:31:49.825+0000] {dag.py:3234} INFO - Creating ORM DAG for example_bash_operator
[2026-08-12T04:31:49.852+0000] {logging_mixin.py:190} INFO - [2026-08-12T04:31:49.851+0000] {dag.py:4138} INFO - Setting next_dagrun for example_bash_operator to 2026-08-11 00:00:00+00:00, run_after=2026-08-12 00:00:00+00:00
[2026-08-12T04:31:49.887+0000] {processor.py:208} INFO - Processing /home/airflow/.local/lib/python3.12/site-packages/airflow/example_dags/example_bash_operator.py took 0.366 seconds
[2026-08-12T04:32:20.300+0000] {processor.py:186} INFO - Started process (PID=138) to work on /home/airflow/.local/lib/python3.12/site-packages/airflow/example_dags/example_bash_operator.py
[2026-08-12T04:32:20.303+0000] {processor.py:914} INFO - Processing file /home/airflow/.local/lib/python3.12/site-packages/airflow/example_dags/example_bash_operator.py for tasks to queue
[2026-08-12T04:32:20.307+0000] {logging_mixin.py:190} INFO - [2026-08-12T04:32:20.307+0000] {dagbag.py:587} INFO - Filling up the DagBag from /home/airflow/.local/lib/python3.12/site-packages/airflow/example_dags/example_bash_operator.py
[2026-08-12T04:32:20.328+0000] {processor.py:925} INFO - DAG(s) 'example_bash_operator' retrieved from /home/airflow/.local/lib/python3.12/site-packages/airflow/example_dags/example_bash_operator.py
[2026-08-12T04:32:20.378+0000] {logging_mixin.py:190} INFO - [2026-08-12T04:32:20.377+0000] {dag.py:3211} INFO - Sync 1 DAGs
[2026-08-12T04:32:20.416+0000] {logging_mixin.py:190} INFO - [2026-08-12T04:32:20.415+0000] {dag.py:4138} INFO - Setting next_dagrun for example_bash_operator to 2026-08-11 00:00:00+00:00, run_after=2026-08-12 00:00:00+00:00
[2026-08-12T04:32:20.472+0000] {processor.py:208} INFO - Processing /home/airflow/.local/lib/python3.12/site-packages/airflow/example_dags/example_bash_operator.py took 0.180 seconds
[2026-08-12T04:32:50.687+0000] {processor.py:186} INFO - Started process (PID=200) to work on /home/airflow/.local/lib/python3.12/site-packages/airflow/example_dags/example_bash_operator.py
[2026-08-12T04:32:50.689+0000] {processor.py:914} INFO - Processing file /home/airflow/.local/lib/python3.12/site-packages/airflow/example_dags/example_bash_operator.py for tasks to queue
[2026-08-12T04:32:50.693+0000] {logging_mixin.py:190} INFO - [2026-08-12T04:32:50.692+0000] {dagbag.py:587} INFO - Filling up the DagBag from /home/airflow/.local/lib/python3.12/site-packages/airflow/example_dags/example_bash_operator.py
[2026-08-12T04:32:50.712+0000] {processor.py:925} INFO - DAG(s) 'example_bash_operator' retrieved from /home/airflow/.local/lib/python3.12/site-packages/airflow/example_dags/example_bash_operator.py
[2026-08-12T04:32:50.748+0000] {logging_mixin.py:190} INFO - [2026-08-12T04:32:50.748+0000] {dag.py:3211} INFO - Sync 1 DAGs
[2026-08-12T04:32:50.775+0000] {logging_mixin.py:190} INFO - [2026-08-12T04:32:50.775+0000] {dag.py:4138} INFO - Setting next_dagrun for example_bash_operator to 2026-08-11 00:00:00+00:00, run_after=2026-08-12 00:00:00+00:00
[2026-08-12T04:32:50.803+0000] {processor.py:208} INFO - Processing /home/airflow/.local/lib/python3.12/site-packages/airflow/example_dags/example_bash_operator.py took 0.125 seconds
[2026-08-12T04:33:21.100+0000] {processor.py:186} INFO - Started process (PID=262) to work on /home/airflow/.local/lib/python3.12/site-packages/airflow/example_dags/example_bash_operator.py
[2026-08-12T04:33:21.102+0000] {processor.py:914} INFO - Processing file /home/airflow/.local/lib/python3.12/site-packages/airflow/example_dags/example_bash_operator.py for tasks to queue
[2026-08-12T04:33:21.105+0000] {logging_mixin.py:190} INFO - [2026-08-12T04:33:21.105+0000] {dagbag.py:587} INFO - Filling up the DagBag from /home/airflow/.local/lib/python3.12/site-packages/airflow/example_dags/example_bash_operator.py
[2026-08-12T04:33:21.133+0000] {processor.py:925} INFO - DAG(s) 'example_bash_operator' retrieved from /home/airflow/.local/lib/python3.12/site-packages/airflow/example_dags/example_bash_operator.py
[2026-08-12T04:33:21.169+0000] {logging_mixin.py:190} INFO - [2026-08-12T04:33:21.169+0000] {dag.py:3211} INFO - Sync 1 DAGs
[2026-08-12T04:33:21.206+0000] {logging_mixin.py:190} INFO - [2026-08-12T04:33:21.205+0000] {dag.py:4138} INFO - Setting next_dagrun for example_bash_operator to 2026-08-11 00:00:00+00:00, run_after=2026-08-12 00:00:00+00:00
[2026-08-12T04:33:21.241+0000] {processor.py:208} INFO - Processing /home/airflow/.local/lib/python3.12/site-packages/airflow/example_dags/example_bash_operator.py took 0.150 seconds
[2026-08-12T04:33:52.238+0000] {processor.py:186} INFO - Started process (PID=325) to work on /home/airflow/.local/lib/python3.12/site-packages/airflow/example_dags/example_bash_operator.py
[2026-08-12T04:33:52.240+0000] {processor.py:914} INFO - Processing file /home/airflow/.local/lib/python3.12/site-packages/airflow/example_dags/example_bash_operator.py for tasks to queue
[2026-08-12T04:33:52.247+0000] {logging_mixin.py:190} INFO - [2026-08-12T04:33:52.246+0000] {dagbag.py:587} INFO - Filling up the DagBag from /home/airflow/.local/lib/python3.12/site-packages/airflow/example_dags/example_bash_operator.py
[2026-08-12T04:33:52.270+0000] {processor.py:925} INFO - DAG(s) 'example_bash_operator' retrieved from /home/airflow/.local/lib/python3.12/site-packages/airflow/example_dags/example_bash_operator.py
[2026-08-12T04:33:52.315+0000] {logging_mixin.py:190} INFO - [2026-08-12T04:33:52.315+0000] {dag.py:3211} INFO - Sync 1 DAGs
[2026-08-12T04:33:52.353+0000] {logging_mixin.py:190} INFO - [2026-08-12T04:33:52.352+0000] {dag.py:4138} INFO - Setting next_dagrun for example_bash_operator to 2026-08-11 00:00:00+00:00, run_after=2026-08-12 00:00:00+00:00
[2026-08-12T04:33:52.381+0000] {processor.py:208} INFO - Processing /home/airflow/.local/lib/python3.12/site-packages/airflow/example_dags/example_bash_operator.py took 0.153 seconds
[2026-08-12T04:34:23.026+0000] {processor.py:186} INFO - Started process (PID=387) to work on /home/airflow/.local/lib/python3.12/site-packages/airflow/example_dags/example_bash_operator.py
[2026-08-12T04:34:23.028+0000] {processor.py:914} INFO - Processing file /home/airflow/.local/lib/python3.12/site-packages/airflow/example_dags/example_bash_operator.py for tasks to queue
[2026-08-12T04:34:23.034+0000] {logging_mixin.py:190} INFO - [2026-08-12T04:34:23.033+0000] {dagbag.py:587} INFO - Filling up the DagBag from /home/airflow/.local/lib/python3.12/site-packages/airflow/example_dags/example_bash_operator.py
[2026-08-12T04:34:23.055+0000] {processor.py:925} INFO - DAG(s) 'example_bash_operator' retrieved from /home/airflow/.local/lib/python3.12/site-packages/airflow/example_dags/example_bash_operator.py
[2026-08-12T04:34:23.102+0000] {logging_mixin.py:190} INFO - [2026-08-12T04:34:23.101+0000] {dag.py:3211} INFO - Sync 1 DAGs
[2026-08-12T04:34:23.160+0000] {logging_mixin.py:190} INFO - [2026-08-12T04:34:23.159+0000] {dag.py:4138} INFO - Setting next_dagrun for example_bash_operator to 2026-08-11 00:00:00+00:00, run_after=2026-08-12 00:00:00+00:00
[2026-08-12T04:34:23.205+0000] {processor.py:208} INFO - Processing /home/airflow/.local/lib/python3.12/site-packages/airflow/example_dags/example_bash_operator.py took 0.191 seconds
[2026-08-12T04:35:53.855+0000] {processor.py:186} INFO - Started process (PID=75) to work on /home/airflow/.local/lib/python3.12/site-packages/airflow/example_dags/example_bash_operator.py
[2026-08-12T04:35:53.861+0000] {processor.py:914} INFO - Processing file /home/airflow/.local/lib/python3.12/site-packages/airflow/example_dags/example_bash_operator.py for tasks to queue
[2026-08-12T04:35:53.875+0000] {logging_mixin.py:190} INFO - [2026-08-12T04:35:53.874+0000] {dagbag.py:587} INFO - Filling up the DagBag from /home/airflow/.local/lib/python3.12/site-packages/airflow/example_dags/example_bash_operator.py
[2026-08-12T04:35:53.929+0000] {processor.py:925} INFO - DAG(s) 'example_bash_operator' retrieved from /home/airflow/.local/lib/python3.12/site-packages/airflow/example_dags/example_bash_operator.py
[2026-08-12T04:35:54.017+0000] {logging_mixin.py:190} INFO - [2026-08-12T04:35:54.016+0000] {dag.py:3211} INFO - Sync 1 DAGs
[2026-08-12T04:35:54.082+0000] {logging_mixin.py:190} INFO - [2026-08-12T04:35:54.082+0000] {dag.py:4138} INFO - Setting next_dagrun for example_bash_operator to 2026-08-11 00:00:00+00:00, run_after=2026-08-12 00:00:00+00:00
[2026-08-12T04:35:54.163+0000] {processor.py:208} INFO - Processing /home/airflow/.local/lib/python3.12/site-packages/airflow/example_dags/example_bash_operator.py took 0.331 seconds
[2026-08-12T04:36:24.831+0000] {processor.py:186} INFO - Started process (PID=137) to work on /home/airflow/.local/lib/python3.12/site-packages/airflow/example_dags/example_bash_operator.py
[2026-08-12T04:36:24.833+0000] {processor.py:914} INFO - Processing file /home/airflow/.local/lib/python3.12/site-packages/airflow/example_dags/example_bash_operator.py for tasks to queue
[2026-08-12T04:36:24.838+0000] {logging_mixin.py:190} INFO - [2026-08-12T04:36:24.837+0000] {dagbag.py:587} INFO - Filling up the DagBag from /home/airflow/.local/lib/python3.12/site-packages/airflow/example_dags/example_bash_operator.py
[2026-08-12T04:36:24.851+0000] {processor.py:925} INFO - DAG(s) 'example_bash_operator' retrieved from /home/airflow/.local/lib/python3.12/site-packages/airflow/example_dags/example_bash_operator.py
[2026-08-12T04:36:24.884+0000] {logging_mixin.py:190} INFO - [2026-08-12T04:36:24.884+0000] {dag.py:3211} INFO - Sync 1 DAGs
[2026-08-12T04:36:24.911+0000] {logging_mixin.py:190} INFO - [2026-08-12T04:36:24.911+0000] {dag.py:4138} INFO - Setting next_dagrun for example_bash_operator to 2026-08-11 00:00:00+00:00, run_after=2026-08-12 00:00:00+00:00
[2026-08-12T04:36:24.949+0000] {processor.py:208} INFO - Processing /home/airflow/.local/lib/python3.12/site-packages/airflow/example_dags/example_bash_operator.py took 0.123 seconds
[2026-08-12T04:36:55.625+0000] {processor.py:186} INFO - Started process (PID=199) to work on /home/airflow/.local/lib/python3.12/site-packages/airflow/example_dags/example_bash_operator.py
[2026-08-12T04:36:55.626+0000] {processor.py:914} INFO - Processing file /home/airflow/.local/lib/python3.12/site-packages/airflow/example_dags/example_bash_operator.py for tasks to queue
[2026-08-12T04:36:55.630+0000] {logging_mixin.py:190} INFO - [2026-08-12T04:36:55.630+0000] {dagbag.py:587} INFO - Filling up the DagBag from /home/airflow/.local/lib/python3.12/site-packages/airflow/example_dags/example_bash_operator.py
[2026-08-12T04:36:55.651+0000] {processor.py:925} INFO - DAG(s) 'example_bash_operator' retrieved from /home/airflow/.local/lib/python3.12/site-packages/airflow/example_dags/example_bash_operator.py
[2026-08-12T04:36:55.688+0000] {logging_mixin.py:190} INFO - [2026-08-12T04:36:55.687+0000] {dag.py:3211} INFO - Sync 1 DAGs
[2026-08-12T04:36:55.720+0000] {logging_mixin.py:190} INFO - [2026-08-12T04:36:55.719+0000] {dag.py:4138} INFO - Setting next_dagrun for example_bash_operator to 2026-08-11 00:00:00+00:00, run_after=2026-08-12 00:00:00+00:00
[2026-08-12T04:36:55.750+0000] {processor.py:208} INFO - Processing /home/airflow/.local/lib/python3.12/site-packages/airflow/example_dags/example_bash_operator.py took 0.133 seconds
[2026-08-12T04:37:25.972+0000] {processor.py:186} INFO - Started process (PID=261) to work on /home/airflow/.local/lib/python3.12/site-packages/airflow/example_dags/example_bash_operator.py
[2026-08-12T04:37:25.975+0000] {processor.py:914} INFO - Processing file /home/airflow/.local/lib/python3.12/site-packages/airflow/example_dags/example_bash_operator.py for tasks to queue
[2026-08-12T04:37:25.980+0000] {logging_mixin.py:190} INFO - [2026-08-12T04:37:25.979+0000] {dagbag.py:587} INFO - Filling up the DagBag from /home/airflow/.local/lib/python3.12/site-packages/airflow/example_dags/example_bash_operator.py
[2026-08-12T04:37:25.999+0000] {processor.py:925} INFO - DAG(s) 'example_bash_operator' retrieved from /home/airflow/.local/lib/python3.12/site-packages/airflow/example_dags/example_bash_operator.py
[2026-08-12T04:37:26.038+0000] {logging_mixin.py:190} INFO - [2026-08-12T04:37:26.038+0000] {dag.py:3211} INFO - Sync 1 DAGs
[2026-08-12T04:37:26.075+0000] {logging_mixin.py:190} INFO - [2026-08-12T04:37:26.074+0000] {dag.py:4138} INFO - Setting next_dagrun for example_bash_operator to 2026-08-11 00:00:00+00:00, run_after=2026-08-12 00:00:00+00:00
[2026-08-12T04:37:26.115+0000] {processor.py:208} INFO - Processing /home/airflow/.local/lib/python3.12/site-packages/airflow/example_dags/example_bash_operator.py took 0.164 seconds
[2026-08-12T04:37:56.391+0000] {processor.py:186} INFO - Started process (PID=322) to work on /home/airflow/.local/lib/python3.12/site-packages/airflow/example_dags/example_bash_operator.py
[2026-08-12T04:37:56.394+0000] {processor.py:914} INFO - Processing file /home/airflow/.local/lib/python3.12/site-packages/airflow/example_dags/example_bash_operator.py for tasks to queue
[2026-08-12T04:37:56.399+0000] {logging_mixin.py:190} INFO - [2026-08-12T04:37:56.398+0000] {dagbag.py:587} INFO - Filling up the DagBag from /home/airflow/.local/lib/python3.12/site-packages/airflow/example_dags/example_bash_operator.py
[2026-08-12T04:37:56.425+0000] {processor.py:925} INFO - DAG(s) 'example_bash_operator' retrieved from /home/airflow/.local/lib/python3.12/site-packages/airflow/example_dags/example_bash_operator.py
[2026-08-12T04:37:56.484+0000] {logging_mixin.py:190} INFO - [2026-08-12T04:37:56.484+0000] {dag.py:3211} INFO - Sync 1 DAGs
[2026-08-12T04:37:56.538+0000] {logging_mixin.py:190} INFO - [2026-08-12T04:37:56.538+0000] {dag.py:4138} INFO - Setting next_dagrun for example_bash_operator to 2026-08-11 00:00:00+00:00, run_after=2026-08-12 00:00:00+00:00
[2026-08-12T04:37:56.572+0000] {processor.py:208} INFO - Processing /home/airflow/.local/lib/python3.12/site-packages/airflow/example_dags/example_bash_operator.py took 0.195 seconds
[2026-08-12T04:38:27.008+0000] {processor.py:186} INFO - Started process (PID=384) to work on /home/airflow/.local/lib/python3.12/site-packages/airflow/example_dags/example_bash_operator.py
[2026-08-12T04:38:27.011+0000] {processor.py:914} INFO - Processing file /home/airflow/.local/lib/python3.12/site-packages/airflow/example_dags/example_bash_operator.py for tasks to queue
[2026-08-12T04:38:27.015+0000] {logging_mixin.py:190} INFO - [2026-08-12T04:38:27.015+0000] {dagbag.py:587} INFO - Filling up the DagBag from /home/airflow/.local/lib/python3.12/site-packages/airflow/example_dags/example_bash_operator.py
[2026-08-12T04:38:27.034+0000] {processor.py:925} INFO - DAG(s) 'example_bash_operator' retrieved from /home/airflow/.local/lib/python3.12/site-packages/airflow/example_dags/example_bash_operator.py
[2026-08-12T04:38:27.073+0000] {logging_mixin.py:190} INFO - [2026-08-12T04:38:27.073+0000] {dag.py:3211} INFO - Sync 1 DAGs
[2026-08-12T04:38:27.106+0000] {logging_mixin.py:190} INFO - [2026-08-12T04:38:27.106+0000] {dag.py:4138} INFO - Setting next_dagrun for example_bash_operator to 2026-08-11 00:00:00+00:00, run_after=2026-08-12 00:00:00+00:00
[2026-08-12T04:38:27.148+0000] {processor.py:208} INFO - Processing /home/airflow/.local/lib/python3.12/site-packages/airflow/example_dags/example_bash_operator.py took 0.148 seconds
[2026-08-12T04:38:58.264+0000] {processor.py:186} INFO - Started process (PID=447) to work on /home/airflow/.local/lib/python3.12/site-packages/airflow/example_dags/example_bash_operator.py
[2026-08-12T04:38:58.267+0000] {processor.py:914} INFO - Processing file /home/airflow/.local/lib/python3.12/site-packages/airflow/example_dags/example_bash_operator.py for tasks to queue
[2026-08-12T04:38:58.272+0000] {logging_mixin.py:190} INFO - [2026-08-12T04:38:58.271+0000] {dagbag.py:587} INFO - Filling up the DagBag from /home/airflow/.local/lib/python3.12/site-packages/airflow/example_dags/example_bash_operator.py
[2026-08-12T04:38:58.287+0000] {processor.py:925} INFO - DAG(s) 'example_bash_operator' retrieved from /home/airflow/.local/lib/python3.12/site-packages/airflow/example_dags/example_bash_operator.py
[2026-08-12T04:38:58.324+0000] {logging_mixin.py:190} INFO - [2026-08-12T04:38:58.324+0000] {dag.py:3211} INFO - Sync 1 DAGs
[2026-08-12T04:38:58.361+0000] {logging_mixin.py:190} INFO - [2026-08-12T04:38:58.361+0000] {dag.py:4138} INFO - Setting next_dagrun for example_bash_operator to 2026-08-11 00:00:00+00:00, run_after=2026-08-12 00:00:00+00:00
[2026-08-12T04:38:58.391+0000] {processor.py:208} INFO - Processing /home/airflow/.local/lib/python3.12/site-packages/airflow/example_dags/example_bash_operator.py took 0.132 seconds
[2026-08-12T04:39:28.565+0000] {processor.py:186} INFO - Started process (PID=509) to work on /home/airflow/.local/lib/python3.12/site-packages/airflow/example_dags/example_bash_operator.py
[2026-08-12T04:39:28.567+0000] {processor.py:914} INFO - Processing file /home/airflow/.local/lib/python3.12/site-packages/airflow/example_dags/example_bash_operator.py for tasks to queue
[2026-08-12T04:39:28.573+0000] {logging_mixin.py:190} INFO - [2026-08-12T04:39:28.572+0000] {dagbag.py:587} INFO - Filling up the DagBag from /home/airflow/.local/lib/python3.12/site-packages/airflow/example_dags/example_bash_operator.py
[2026-08-12T04:39:28.601+0000] {processor.py:925} INFO - DAG(s) 'example_bash_operator' retrieved from /home/airflow/.local/lib/python3.12/site-packages/airflow/example_dags/example_bash_operator.py
[2026-08-12T04:39:28.649+0000] {logging_mixin.py:190} INFO - [2026-08-12T04:39:28.648+0000] {dag.py:3211} INFO - Sync 1 DAGs
[2026-08-12T04:39:28.701+0000] {logging_mixin.py:190} INFO - [2026-08-12T04:39:28.700+0000] {dag.py:4138} INFO - Setting next_dagrun for example_bash_operator to 2026-08-11 00:00:00+00:00, run_after=2026-08-12 00:00:00+00:00
[2026-08-12T04:39:28.734+0000] {processor.py:208} INFO - Processing /home/airflow/.local/lib/python3.12/site-packages/airflow/example_dags/example_bash_operator.py took 0.176 seconds
[2026-08-12T04:39:58.929+0000] {processor.py:186} INFO - Started process (PID=570) to work on /home/airflow/.local/lib/python3.12/site-packages/airflow/example_dags/example_bash_operator.py
[2026-08-12T04:39:58.932+0000] {processor.py:914} INFO - Processing file /home/airflow/.local/lib/python3.12/site-packages/airflow/example_dags/example_bash_operator.py for tasks to queue
[2026-08-12T04:39:58.936+0000] {logging_mixin.py:190} INFO - [2026-08-12T04:39:58.936+0000] {dagbag.py:587} INFO - Filling up the DagBag from /home/airflow/.local/lib/python3.12/site-packages/airflow/example_dags/example_bash_operator.py
[2026-08-12T04:39:58.955+0000] {processor.py:925} INFO - DAG(s) 'example_bash_operator' retrieved from /home/airflow/.local/lib/python3.12/site-packages/airflow/example_dags/example_bash_operator.py
[2026-08-12T04:39:58.995+0000] {logging_mixin.py:190} INFO - [2026-08-12T04:39:58.995+0000] {dag.py:3211} INFO - Sync 1 DAGs
[2026-08-12T04:39:59.032+0000] {logging_mixin.py:190} INFO - [2026-08-12T04:39:59.031+0000] {dag.py:4138} INFO - Setting next_dagrun for example_bash_operator to 2026-08-11 00:00:00+00:00, run_after=2026-08-12 00:00:00+00:00
[2026-08-12T04:39:59.063+0000] {processor.py:208} INFO - Processing /home/airflow/.local/lib/python3.12/site-packages/airflow/example_dags/example_bash_operator.py took 0.143 seconds
[2026-08-12T04:40:29.770+0000] {processor.py:186} INFO - Started process (PID=632) to work on /home/airflow/.local/lib/python3.12/site-packages/airflow/example_dags/example_bash_operator.py
[2026-08-12T04:40:29.774+0000] {processor.py:914} INFO - Processing file /home/airflow/.local/lib/python3.12/site-packages/airflow/example_dags/example_bash_operator.py for tasks to queue
[2026-08-12T04:40:29.779+0000] {logging_mixin.py:190} INFO - [2026-08-12T04:40:29.779+0000] {dagbag.py:587} INFO - Filling up the DagBag from /home/airflow/.local/lib/python3.12/site-packages/airflow/example_dags/example_bash_operator.py
[2026-08-12T04:40:29.799+0000] {processor.py:925} INFO - DAG(s) 'example_bash_operator' retrieved from /home/airflow/.local/lib/python3.12/site-packages/airflow/example_dags/example_bash_operator.py
[2026-08-12T04:40:29.837+0000] {logging_mixin.py:190} INFO - [2026-08-12T04:40:29.837+0000] {dag.py:3211} INFO - Sync 1 DAGs
[2026-08-12T04:40:29.878+0000] {logging_mixin.py:190} INFO - [2026-08-12T04:40:29.878+0000] {dag.py:4138} INFO - Setting next_dagrun for example_bash_operator to 2026-08-11 00:00:00+00:00, run_after=2026-08-12 00:00:00+00:00
[2026-08-12T04:40:29.911+0000] {processor.py:208} INFO - Processing /home/airflow/.local/lib/python3.12/site-packages/airflow/example_dags/example_bash_operator.py took 0.150 seconds
[2026-08-12T04:41:00.153+0000] {processor.py:186} INFO - Started process (PID=694) to work on /home/airflow/.local/lib/python3.12/site-packages/airflow/example_dags/example_bash_operator.py
[2026-08-12T04:41:00.155+0000] {processor.py:914} INFO - Processing file /home/airflow/.local/lib/python3.12/site-packages/airflow/example_dags/example_bash_operator.py for tasks to queue
[2026-08-12T04:41:00.159+0000] {logging_mixin.py:190} INFO - [2026-08-12T04:41:00.159+0000] {dagbag.py:587} INFO - Filling up the DagBag from /home/airflow/.local/lib/python3.12/site-packages/airflow/example_dags/example_bash_operator.py
[2026-08-12T04:41:00.174+0000] {processor.py:925} INFO - DAG(s) 'example_bash_operator' retrieved from /home/airflow/.local/lib/python3.12/site-packages/airflow/example_dags/example_bash_operator.py
[2026-08-12T04:41:00.206+0000] {logging_mixin.py:190} INFO - [2026-08-12T04:41:00.205+0000] {dag.py:3211} INFO - Sync 1 DAGs
[2026-08-12T04:41:00.236+0000] {logging_mixin.py:190} INFO - [2026-08-12T04:41:00.235+0000] {dag.py:4138} INFO - Setting next_dagrun for example_bash_operator to 2026-08-11 00:00:00+00:00, run_after=2026-08-12 00:00:00+00:00
[2026-08-12T04:41:00.265+0000] {processor.py:208} INFO - Processing /home/airflow/.local/lib/python3.12/site-packages/airflow/example_dags/example_bash_operator.py took 0.132 seconds
[2026-08-12T04:41:30.969+0000] {processor.py:186} INFO - Started process (PID=756) to work on /home/airflow/.local/lib/python3.12/site-packages/airflow/example_dags/example_bash_operator.py
[2026-08-12T04:41:30.971+0000] {processor.py:914} INFO - Processing file /home/airflow/.local/lib/python3.12/site-packages/airflow/example_dags/example_bash_operator.py for tasks to queue
[2026-08-12T04:41:30.977+0000] {logging_mixin.py:190} INFO - [2026-08-12T04:41:30.976+0000] {dagbag.py:587} INFO - Filling up the DagBag from /home/airflow/.local/lib/python3.12/site-packages/airflow/example_dags/example_bash_operator.py
[2026-08-12T04:41:30.996+0000] {processor.py:925} INFO - DAG(s) 'example_bash_operator' retrieved from /home/airflow/.local/lib/python3.12/site-packages/airflow/example_dags/example_bash_operator.py
[2026-08-12T04:41:31.033+0000] {logging_mixin.py:190} INFO - [2026-08-12T04:41:31.032+0000] {dag.py:3211} INFO - Sync 1 DAGs
[2026-08-12T04:41:31.067+0000] {logging_mixin.py:190} INFO - [2026-08-12T04:41:31.066+0000] {dag.py:4138} INFO - Setting next_dagrun for example_bash_operator to 2026-08-11 00:00:00+00:00, run_after=2026-08-12 00:00:00+00:00
[2026-08-12T04:41:31.097+0000] {processor.py:208} INFO - Processing /home/airflow/.local/lib/python3.12/site-packages/airflow/example_dags/example_bash_operator.py took 0.137 seconds
[2026-08-12T04:42:01.472+0000] {processor.py:186} INFO - Started process (PID=818) to work on /home/airflow/.local/lib/python3.12/site-packages/airflow/example_dags/example_bash_operator.py
[2026-08-12T04:42:01.474+0000] {processor.py:914} INFO - Processing file /home/airflow/.local/lib/python3.12/site-packages/airflow/example_dags/example_bash_operator.py for tasks to queue
[2026-08-12T04:42:01.479+0000] {logging_mixin.py:190} INFO - [2026-08-12T04:42:01.478+0000] {dagbag.py:587} INFO - Filling up the DagBag from /home/airflow/.local/lib/python3.12/site-packages/airflow/example_dags/example_bash_operator.py
[2026-08-12T04:42:01.499+0000] {processor.py:925} INFO - DAG(s) 'example_bash_operator' retrieved from /home/airflow/.local/lib/python3.12/site-packages/airflow/example_dags/example_bash_operator.py
[2026-08-12T04:42:01.527+0000] {logging_mixin.py:190} INFO - [2026-08-12T04:42:01.526+0000] {dag.py:3211} INFO - Sync 1 DAGs
[2026-08-12T04:42:01.551+0000] {logging_mixin.py:190} INFO - [2026-08-12T04:42:01.550+0000] {dag.py:4138} INFO - Setting next_dagrun for example_bash_operator to 2026-08-11 00:00:00+00:00, run_after=2026-08-12 00:00:00+00:00
[2026-08-12T04:42:01.606+0000] {processor.py:208} INFO - Processing /home/airflow/.local/lib/python3.12/site-packages/airflow/example_dags/example_bash_operator.py took 0.141 seconds
[2026-08-12T04:42:32.470+0000] {processor.py:186} INFO - Started process (PID=881) to work on /home/airflow/.local/lib/python3.12/site-packages/airflow/example_dags/example_bash_operator.py
[2026-08-12T04:42:32.472+0000] {processor.py:914} INFO - Processing file /home/airflow/.local/lib/python3.12/site-packages/airflow/example_dags/example_bash_operator.py for tasks to queue
[2026-08-12T04:42:32.476+0000] {logging_mixin.py:190} INFO - [2026-08-12T04:42:32.475+0000] {dagbag.py:587} INFO - Filling up the DagBag from /home/airflow/.local/lib/python3.12/site-packages/airflow/example_dags/example_bash_operator.py
[2026-08-12T04:42:32.493+0000] {processor.py:925} INFO - DAG(s) 'example_bash_operator' retrieved from /home/airflow/.local/lib/python3.12/site-packages/airflow/example_dags/example_bash_operator.py
[2026-08-12T04:42:32.525+0000] {logging_mixin.py:190} INFO - [2026-08-12T04:42:32.525+0000] {dag.py:3211} INFO - Sync 1 DAGs
[2026-08-12T04:42:32.576+0000] {logging_mixin.py:190} INFO - [2026-08-12T04:42:32.575+0000] {dag.py:4138} INFO - Setting next_dagrun for example_bash_operator to 2026-08-11 00:00:00+00:00, run_after=2026-08-12 00:00:00+00:00
[2026-08-12T04:42:32.628+0000] {processor.py:208} INFO - Processing /home/airflow/.local/lib/python3.12/site-packages/airflow/example_dags/example_bash_operator.py took 0.168 seconds
[2026-08-12T04:43:02.727+0000] {processor.py:186} INFO - Started process (PID=943) to work on /home/airflow/.local/lib/python3.12/site-packages/airflow/example_dags/example_bash_operator.py
[2026-08-12T04:43:02.728+0000] {processor.py:914} INFO - Processing file /home/airflow/.local/lib/python3.12/site-packages/airflow/example_dags/example_bash_operator.py for tasks to queue
[2026-08-12T04:43:02.732+0000] {logging_mixin.py:190} INFO - [2026-08-12T04:43:02.732+0000] {dagbag.py:587} INFO - Filling up the DagBag from /home/airflow/.local/lib/python3.12/site-packages/airflow/example_dags/example_bash_operator.py
[2026-08-12T04:43:02.751+0000] {processor.py:925} INFO - DAG(s) 'example_bash_operator' retrieved from /home/airflow/.local/lib/python3.12/site-packages/airflow/example_dags/example_bash_operator.py
[2026-08-12T04:43:02.786+0000] {logging_mixin.py:190} INFO - [2026-08-12T04:43:02.786+0000] {dag.py:3211} INFO - Sync 1 DAGs
[2026-08-12T04:43:02.815+0000] {logging_mixin.py:190} INFO - [2026-08-12T04:43:02.815+0000] {dag.py:4138} INFO - Setting next_dagrun for example_bash_operator to 2026-08-11 00:00:00+00:00, run_after=2026-08-12 00:00:00+00:00
[2026-08-12T04:43:02.843+0000] {processor.py:208} INFO - Processing /home/airflow/.local/lib/python3.12/site-packages/airflow/example_dags/example_bash_operator.py took 0.124 seconds
[2026-08-12T04:43:33.000+0000] {processor.py:186} INFO - Started process (PID=1004) to work on /home/airflow/.local/lib/python3.12/site-packages/airflow/example_dags/example_bash_operator.py
[2026-08-12T04:43:33.003+0000] {processor.py:914} INFO - Processing file /home/airflow/.local/lib/python3.12/site-packages/airflow/example_dags/example_bash_operator.py for tasks to queue
[2026-08-12T04:43:33.007+0000] {logging_mixin.py:190} INFO - [2026-08-12T04:43:33.007+0000] {dagbag.py:587} INFO - Filling up the DagBag from /home/airflow/.local/lib/python3.12/site-packages/airflow/example_dags/example_bash_operator.py
[2026-08-12T04:43:33.033+0000] {processor.py:925} INFO - DAG(s) 'example_bash_operator' retrieved from /home/airflow/.local/lib/python3.12/site-packages/airflow/example_dags/example_bash_operator.py
[2026-08-12T04:43:33.070+0000] {logging_mixin.py:190} INFO - [2026-08-12T04:43:33.069+0000] {dag.py:3211} INFO - Sync 1 DAGs
[2026-08-12T04:43:33.097+0000] {logging_mixin.py:190} INFO - [2026-08-12T04:43:33.097+0000] {dag.py:4138} INFO - Setting next_dagrun for example_bash_operator to 2026-08-11 00:00:00+00:00, run_after=2026-08-12 00:00:00+00:00
[2026-08-12T04:43:33.117+0000] {processor.py:208} INFO - Processing /home/airflow/.local/lib/python3.12/site-packages/airflow/example_dags/example_bash_operator.py took 0.127 seconds
[2026-08-12T04:44:03.227+0000] {processor.py:186} INFO - Started process (PID=1066) to work on /home/airflow/.local/lib/python3.12/site-packages/airflow/example_dags/example_bash_operator.py
[2026-08-12T04:44:03.229+0000] {processor.py:914} INFO - Processing file /home/airflow/.local/lib/python3.12/site-packages/airflow/example_dags/example_bash_operator.py for tasks to queue
[2026-08-12T04:44:03.234+0000] {logging_mixin.py:190} INFO - [2026-08-12T04:44:03.233+0000] {dagbag.py:587} INFO - Filling up the DagBag from /home/airflow/.local/lib/python3.12/site-packages/airflow/example_dags/example_bash_operator.py
[2026-08-12T04:44:03.249+0000] {processor.py:925} INFO - DAG(s) 'example_bash_operator' retrieved from /home/airflow/.local/lib/python3.12/site-packages/airflow/example_dags/example_bash_operator.py
[2026-08-12T04:44:03.276+0000] {logging_mixin.py:190} INFO - [2026-08-12T04:44:03.276+0000] {dag.py:3211} INFO - Sync 1 DAGs
[2026-08-12T04:44:03.302+0000] {logging_mixin.py:190} INFO - [2026-08-12T04:44:03.301+0000] {dag.py:4138} INFO - Setting next_dagrun for example_bash_operator to 2026-08-11 00:00:00+00:00, run_after=2026-08-12 00:00:00+00:00
[2026-08-12T04:44:03.320+0000] {processor.py:208} INFO - Processing /home/airflow/.local/lib/python3.12/site-packages/airflow/example_dags/example_bash_operator.py took 0.101 seconds
[2026-08-12T04:44:33.725+0000] {processor.py:186} INFO - Started process (PID=1128) to work on /home/airflow/.local/lib/python3.12/site-packages/airflow/example_dags/example_bash_operator.py
[2026-08-12T04:44:33.727+0000] {processor.py:914} INFO - Processing file /home/airflow/.local/lib/python3.12/site-packages/airflow/example_dags/example_bash_operator.py for tasks to queue
[2026-08-12T04:44:33.732+0000] {logging_mixin.py:190} INFO - [2026-08-12T04:44:33.731+0000] {dagbag.py:587} INFO - Filling up the DagBag from /home/airflow/.local/lib/python3.12/site-packages/airflow/example_dags/example_bash_operator.py
[2026-08-12T04:44:33.748+0000] {processor.py:925} INFO - DAG(s) 'example_bash_operator' retrieved from /home/airflow/.local/lib/python3.12/site-packages/airflow/example_dags/example_bash_operator.py
[2026-08-12T04:44:33.788+0000] {logging_mixin.py:190} INFO - [2026-08-12T04:44:33.788+0000] {dag.py:3211} INFO - Sync 1 DAGs
[2026-08-12T04:44:33.821+0000] {logging_mixin.py:190} INFO - [2026-08-12T04:44:33.821+0000] {dag.py:4138} INFO - Setting next_dagrun for example_bash_operator to 2026-08-11 00:00:00+00:00, run_after=2026-08-12 00:00:00+00:00
[2026-08-12T04:44:33.856+0000] {processor.py:208} INFO - Processing /home/airflow/.local/lib/python3.12/site-packages/airflow/example_dags/example_bash_operator.py took 0.139 seconds
[2026-08-12T04:45:05.040+0000] {processor.py:186} INFO - Started process (PID=1191) to work on /home/airflow/.local/lib/python3.12/site-packages/airflow/example_dags/example_bash_operator.py
[2026-08-12T04:45:05.049+0000] {processor.py:914} INFO - Processing file /home/airflow/.local/lib/python3.12/site-packages/airflow/example_dags/example_bash_operator.py for tasks to queue
[2026-08-12T04:45:05.055+0000] {logging_mixin.py:190} INFO - [2026-08-12T04:45:05.053+0000] {dagbag.py:587} INFO - Filling up the DagBag from /home/airflow/.local/lib/python3.12/site-packages/airflow/example_dags/example_bash_operator.py
[2026-08-12T04:45:05.082+0000] {processor.py:925} INFO - DAG(s) 'example_bash_operator' retrieved from /home/airflow/.local/lib/python3.12/site-packages/airflow/example_dags/example_bash_operator.py
[2026-08-12T04:45:05.137+0000] {logging_mixin.py:190} INFO - [2026-08-12T04:45:05.136+0000] {dag.py:3211} INFO - Sync 1 DAGs
[2026-08-12T04:45:05.175+0000] {logging_mixin.py:190} INFO - [2026-08-12T04:45:05.174+0000] {dag.py:4138} INFO - Setting next_dagrun for example_bash_operator to 2026-08-11 00:00:00+00:00, run_after=2026-08-12 00:00:00+00:00
[2026-08-12T04:45:05.214+0000] {processor.py:208} INFO - Processing /home/airflow/.local/lib/python3.12/site-packages/airflow/example_dags/example_bash_operator.py took 0.189 seconds
[2026-08-12T04:45:35.291+0000] {processor.py:186} INFO - Started process (PID=1252) to work on /home/airflow/.local/lib/python3.12/site-packages/airflow/example_dags/example_bash_operator.py
[2026-08-12T04:45:35.295+0000] {processor.py:914} INFO - Processing file /home/airflow/.local/lib/python3.12/site-packages/airflow/example_dags/example_bash_operator.py for tasks to queue
[2026-08-12T04:45:35.301+0000] {logging_mixin.py:190} INFO - [2026-08-12T04:45:35.300+0000] {dagbag.py:587} INFO - Filling up the DagBag from /home/airflow/.local/lib/python3.12/site-packages/airflow/example_dags/example_bash_operator.py
[2026-08-12T04:45:35.316+0000] {processor.py:925} INFO - DAG(s) 'example_bash_operator' retrieved from /home/airflow/.local/lib/python3.12/site-packages/airflow/example_dags/example_bash_operator.py
[2026-08-12T04:45:35.347+0000] {logging_mixin.py:190} INFO - [2026-08-12T04:45:35.346+0000] {dag.py:3211} INFO - Sync 1 DAGs
[2026-08-12T04:45:35.374+0000] {logging_mixin.py:190} INFO - [2026-08-12T04:45:35.373+0000] {dag.py:4138} INFO - Setting next_dagrun for example_bash_operator to 2026-08-11 00:00:00+00:00, run_after=2026-08-12 00:00:00+00:00
[2026-08-12T04:45:35.410+0000] {processor.py:208} INFO - Processing /home/airflow/.local/lib/python3.12/site-packages/airflow/example_dags/example_bash_operator.py took 0.129 seconds
[2026-08-12T04:46:06.755+0000] {processor.py:186} INFO - Started process (PID=1315) to work on /home/airflow/.local/lib/python3.12/site-packages/airflow/example_dags/example_bash_operator.py
[2026-08-12T04:46:06.759+0000] {processor.py:914} INFO - Processing file /home/airflow/.local/lib/python3.12/site-packages/airflow/example_dags/example_bash_operator.py for tasks to queue
[2026-08-12T04:46:06.765+0000] {logging_mixin.py:190} INFO - [2026-08-12T04:46:06.764+0000] {dagbag.py:587} INFO - Filling up the DagBag from /home/airflow/.local/lib/python3.12/site-packages/airflow/example_dags/example_bash_operator.py
[2026-08-12T04:46:06.795+0000] {processor.py:925} INFO - DAG(s) 'example_bash_operator' retrieved from /home/airflow/.local/lib/python3.12/site-packages/airflow/example_dags/example_bash_operator.py
[2026-08-12T04:46:06.843+0000] {logging_mixin.py:190} INFO - [2026-08-12T04:46:06.843+0000] {dag.py:3211} INFO - Sync 1 DAGs
[2026-08-12T04:46:06.883+0000] {logging_mixin.py:190} INFO - [2026-08-12T04:46:06.883+0000] {dag.py:4138} INFO - Setting next_dagrun for example_bash_operator to 2026-08-11 00:00:00+00:00, run_after=2026-08-12 00:00:00+00:00
[2026-08-12T04:46:06.916+0000] {processor.py:208} INFO - Processing /home/airflow/.local/lib/python3.12/site-packages/airflow/example_dags/example_bash_operator.py took 0.173 seconds
[2026-08-12T04:46:37.025+0000] {processor.py:186} INFO - Started process (PID=1377) to work on /home/airflow/.local/lib/python3.12/site-packages/airflow/example_dags/example_bash_operator.py
[2026-08-12T04:46:37.034+0000] {processor.py:914} INFO - Processing file /home/airflow/.local/lib/python3.12/site-packages/airflow/example_dags/example_bash_operator.py for tasks to queue
[2026-08-12T04:46:37.066+0000] {logging_mixin.py:190} INFO - [2026-08-12T04:46:37.040+0000] {dagbag.py:587} INFO - Filling up the DagBag from /home/airflow/.local/lib/python3.12/site-packages/airflow/example_dags/example_bash_operator.py
[2026-08-12T04:46:37.099+0000] {processor.py:925} INFO - DAG(s) 'example_bash_operator' retrieved from /home/airflow/.local/lib/python3.12/site-packages/airflow/example_dags/example_bash_operator.py
[2026-08-12T04:46:37.131+0000] {logging_mixin.py:190} INFO - [2026-08-12T04:46:37.131+0000] {dag.py:3211} INFO - Sync 1 DAGs
[2026-08-12T04:46:37.176+0000] {logging_mixin.py:190} INFO - [2026-08-12T04:46:37.176+0000] {dag.py:4138} INFO - Setting next_dagrun for example_bash_operator to 2026-08-11 00:00:00+00:00, run_after=2026-08-12 00:00:00+00:00
[2026-08-12T04:46:37.199+0000] {processor.py:208} INFO - Processing /home/airflow/.local/lib/python3.12/site-packages/airflow/example_dags/example_bash_operator.py took 0.183 seconds
[2026-08-12T04:47:07.331+0000] {processor.py:186} INFO - Started process (PID=1439) to work on /home/airflow/.local/lib/python3.12/site-packages/airflow/example_dags/example_bash_operator.py
[2026-08-12T04:47:07.332+0000] {processor.py:914} INFO - Processing file /home/airflow/.local/lib/python3.12/site-packages/airflow/example_dags/example_bash_operator.py for tasks to queue
[2026-08-12T04:47:07.335+0000] {logging_mixin.py:190} INFO - [2026-08-12T04:47:07.335+0000] {dagbag.py:587} INFO - Filling up the DagBag from /home/airflow/.local/lib/python3.12/site-packages/airflow/example_dags/example_bash_operator.py
[2026-08-12T04:47:07.351+0000] {processor.py:925} INFO - DAG(s) 'example_bash_operator' retrieved from /home/airflow/.local/lib/python3.12/site-packages/airflow/example_dags/example_bash_operator.py
[2026-08-12T04:47:07.378+0000] {logging_mixin.py:190} INFO - [2026-08-12T04:47:07.377+0000] {dag.py:3211} INFO - Sync 1 DAGs
[2026-08-12T04:47:07.403+0000] {logging_mixin.py:190} INFO - [2026-08-12T04:47:07.402+0000] {dag.py:4138} INFO - Setting next_dagrun for example_bash_operator to 2026-08-11 00:00:00+00:00, run_after=2026-08-12 00:00:00+00:00
[2026-08-12T04:47:07.425+0000] {processor.py:208} INFO - Processing /home/airflow/.local/lib/python3.12/site-packages/airflow/example_dags/example_bash_operator.py took 0.099 seconds
[2026-08-12T04:47:37.974+0000] {processor.py:186} INFO - Started process (PID=1500) to work on /home/airflow/.local/lib/python3.12/site-packages/airflow/example_dags/example_bash_operator.py
[2026-08-12T04:47:37.977+0000] {processor.py:914} INFO - Processing file /home/airflow/.local/lib/python3.12/site-packages/airflow/example_dags/example_bash_operator.py for tasks to queue
[2026-08-12T04:47:37.982+0000] {logging_mixin.py:190} INFO - [2026-08-12T04:47:37.981+0000] {dagbag.py:587} INFO - Filling up the DagBag from /home/airflow/.local/lib/python3.12/site-packages/airflow/example_dags/example_bash_operator.py
[2026-08-12T04:47:37.998+0000] {processor.py:925} INFO - DAG(s) 'example_bash_operator' retrieved from /home/airflow/.local/lib/python3.12/site-packages/airflow/example_dags/example_bash_operator.py
[2026-08-12T04:47:38.042+0000] {logging_mixin.py:190} INFO - [2026-08-12T04:47:38.041+0000] {dag.py:3211} INFO - Sync 1 DAGs
[2026-08-12T04:47:38.102+0000] {logging_mixin.py:190} INFO - [2026-08-12T04:47:38.102+0000] {dag.py:4138} INFO - Setting next_dagrun for example_bash_operator to 2026-08-11 00:00:00+00:00, run_after=2026-08-12 00:00:00+00:00
[2026-08-12T04:47:38.126+0000] {processor.py:208} INFO - Processing /home/airflow/.local/lib/python3.12/site-packages/airflow/example_dags/example_bash_operator.py took 0.160 seconds
