[2026-08-12T04:31:51.986+0000] {processor.py:186} INFO - Started process (PID=82) to work on /home/airflow/.local/lib/python3.12/site-packages/airflow/example_dags/example_inlet_event_extra.py
[2026-08-12T04:31:51.990+0000] {processor.py:914} INFO - Processing file /home/airflow/.local/lib/python3.12/site-packages/airflow/example_dags/example_inlet_event_extra.py for tasks to queue
[2026-08-12T04:31:51.996+0000] {logging_mixin.py:190} INFO - [2026-08-12T04:31:51.995+0000] {dagbag.py:587} INFO - Filling up the DagBag from /home/airflow/.local/lib/python3.12/site-packages/airflow/example_dags/example_inlet_event_extra.py
[2026-08-12T04:31:52.287+0000] {processor.py:925} INFO - DAG(s) 'read_dataset_event_from_classic', 'read_dataset_event' retrieved from /home/airflow/.local/lib/python3.12/site-packages/airflow/example_dags/example_inlet_event_extra.py
[2026-08-12T04:31:52.514+0000] {logging_mixin.py:190} INFO - [2026-08-12T04:31:52.512+0000] {override.py:1858} INFO - Created Permission View: can edit on DAG:read_dataset_event_from_classic
[2026-08-12T04:31:52.536+0000] {logging_mixin.py:190} INFO - [2026-08-12T04:31:52.536+0000] {override.py:1858} INFO - Created Permission View: can read on DAG:read_dataset_event_from_classic
[2026-08-12T04:31:52.560+0000] {logging_mixin.py:190} INFO - [2026-08-12T04:31:52.557+0000] {override.py:1858} INFO - Created Permission View: can delete on DAG:read_dataset_event_from_classic
[2026-08-12T04:31:52.592+0000] {logging_mixin.py:190} INFO - [2026-08-12T04:31:52.592+0000] {override.py:1858} INFO - Created Permission View: can edit on DAG:read_dataset_event
[2026-08-12T04:31:52.605+0000] {logging_mixin.py:190} INFO - [2026-08-12T04:31:52.604+0000] {override.py:1858} INFO - Created Permission View: can read on DAG:read_dataset_event
[2026-08-12T04:31:52.621+0000] {logging_mixin.py:190} INFO - [2026-08-12T04:31:52.620+0000] {override.py:1858} INFO - Created Permission View: can delete on DAG:read_dataset_event
[2026-08-12T04:31:52.623+0000] {logging_mixin.py:190} INFO - [2026-08-12T04:31:52.622+0000] {dag.py:3211} INFO - Sync 2 DAGs
[2026-08-12T04:31:52.644+0000] {logging_mixin.py:190} INFO - [2026-08-12T04:31:52.644+0000] {dag.py:3234} INFO - Creating ORM DAG for read_dataset_event
[2026-08-12T04:31:52.648+0000] {logging_mixin.py:190} INFO - [2026-08-12T04:31:52.648+0000] {dag.py:3234} INFO - Creating ORM DAG for read_dataset_event_from_classic
[2026-08-12T04:31:52.669+0000] {logging_mixin.py:190} INFO - [2026-08-12T04:31:52.669+0000] {dag.py:4138} INFO - Setting next_dagrun for read_dataset_event to 2026-08-11 00:00:00+00:00, run_after=2026-08-12 00:00:00+00:00
[2026-08-12T04:31:52.673+0000] {logging_mixin.py:190} INFO - [2026-08-12T04:31:52.672+0000] {dag.py:4138} INFO - Setting next_dagrun for read_dataset_event_from_classic to 2026-08-11 00:00:00+00:00, run_after=2026-08-12 00:00:00+00:00
[2026-08-12T04:31:52.708+0000] {processor.py:208} INFO - Processing /home/airflow/.local/lib/python3.12/site-packages/airflow/example_dags/example_inlet_event_extra.py took 0.734 seconds
[2026-08-12T04:32:23.504+0000] {processor.py:186} INFO - Started process (PID=145) to work on /home/airflow/.local/lib/python3.12/site-packages/airflow/example_dags/example_inlet_event_extra.py
[2026-08-12T04:32:23.507+0000] {processor.py:914} INFO - Processing file /home/airflow/.local/lib/python3.12/site-packages/airflow/example_dags/example_inlet_event_extra.py for tasks to queue
[2026-08-12T04:32:23.513+0000] {logging_mixin.py:190} INFO - [2026-08-12T04:32:23.512+0000] {dagbag.py:587} INFO - Filling up the DagBag from /home/airflow/.local/lib/python3.12/site-packages/airflow/example_dags/example_inlet_event_extra.py
[2026-08-12T04:32:23.807+0000] {processor.py:925} INFO - DAG(s) 'read_dataset_event_from_classic', 'read_dataset_event' retrieved from /home/airflow/.local/lib/python3.12/site-packages/airflow/example_dags/example_inlet_event_extra.py
[2026-08-12T04:32:23.873+0000] {logging_mixin.py:190} INFO - [2026-08-12T04:32:23.872+0000] {dag.py:3211} INFO - Sync 2 DAGs
[2026-08-12T04:32:23.939+0000] {logging_mixin.py:190} INFO - [2026-08-12T04:32:23.939+0000] {dag.py:4138} INFO - Setting next_dagrun for read_dataset_event to 2026-08-11 00:00:00+00:00, run_after=2026-08-12 00:00:00+00:00
[2026-08-12T04:32:23.950+0000] {logging_mixin.py:190} INFO - [2026-08-12T04:32:23.950+0000] {dag.py:4138} INFO - Setting next_dagrun for read_dataset_event_from_classic to 2026-08-11 00:00:00+00:00, run_after=2026-08-12 00:00:00+00:00
[2026-08-12T04:32:23.976+0000] {processor.py:208} INFO - Processing /home/airflow/.local/lib/python3.12/site-packages/airflow/example_dags/example_inlet_event_extra.py took 0.482 seconds
[2026-08-12T04:32:54.026+0000] {processor.py:186} INFO - Started process (PID=209) to work on /home/airflow/.local/lib/python3.12/site-packages/airflow/example_dags/example_inlet_event_extra.py
[2026-08-12T04:32:54.028+0000] {processor.py:914} INFO - Processing file /home/airflow/.local/lib/python3.12/site-packages/airflow/example_dags/example_inlet_event_extra.py for tasks to queue
[2026-08-12T04:32:54.032+0000] {logging_mixin.py:190} INFO - [2026-08-12T04:32:54.032+0000] {dagbag.py:587} INFO - Filling up the DagBag from /home/airflow/.local/lib/python3.12/site-packages/airflow/example_dags/example_inlet_event_extra.py
[2026-08-12T04:32:54.245+0000] {processor.py:925} INFO - DAG(s) 'read_dataset_event', 'read_dataset_event_from_classic' retrieved from /home/airflow/.local/lib/python3.12/site-packages/airflow/example_dags/example_inlet_event_extra.py
[2026-08-12T04:32:54.294+0000] {logging_mixin.py:190} INFO - [2026-08-12T04:32:54.293+0000] {dag.py:3211} INFO - Sync 2 DAGs
[2026-08-12T04:32:54.349+0000] {logging_mixin.py:190} INFO - [2026-08-12T04:32:54.349+0000] {dag.py:4138} INFO - Setting next_dagrun for read_dataset_event to 2026-08-11 00:00:00+00:00, run_after=2026-08-12 00:00:00+00:00
[2026-08-12T04:32:54.359+0000] {logging_mixin.py:190} INFO - [2026-08-12T04:32:54.359+0000] {dag.py:4138} INFO - Setting next_dagrun for read_dataset_event_from_classic to 2026-08-11 00:00:00+00:00, run_after=2026-08-12 00:00:00+00:00
[2026-08-12T04:32:54.394+0000] {processor.py:208} INFO - Processing /home/airflow/.local/lib/python3.12/site-packages/airflow/example_dags/example_inlet_event_extra.py took 0.374 seconds
[2026-08-12T04:33:24.556+0000] {processor.py:186} INFO - Started process (PID=278) to work on /home/airflow/.local/lib/python3.12/site-packages/airflow/example_dags/example_inlet_event_extra.py
[2026-08-12T04:33:24.558+0000] {processor.py:914} INFO - Processing file /home/airflow/.local/lib/python3.12/site-packages/airflow/example_dags/example_inlet_event_extra.py for tasks to queue
[2026-08-12T04:33:24.562+0000] {logging_mixin.py:190} INFO - [2026-08-12T04:33:24.562+0000] {dagbag.py:587} INFO - Filling up the DagBag from /home/airflow/.local/lib/python3.12/site-packages/airflow/example_dags/example_inlet_event_extra.py
[2026-08-12T04:33:24.809+0000] {processor.py:925} INFO - DAG(s) 'read_dataset_event_from_classic', 'read_dataset_event' retrieved from /home/airflow/.local/lib/python3.12/site-packages/airflow/example_dags/example_inlet_event_extra.py
[2026-08-12T04:33:24.846+0000] {logging_mixin.py:190} INFO - [2026-08-12T04:33:24.846+0000] {dag.py:3211} INFO - Sync 2 DAGs
[2026-08-12T04:33:24.885+0000] {logging_mixin.py:190} INFO - [2026-08-12T04:33:24.885+0000] {dag.py:4138} INFO - Setting next_dagrun for read_dataset_event to 2026-08-11 00:00:00+00:00, run_after=2026-08-12 00:00:00+00:00
[2026-08-12T04:33:24.893+0000] {logging_mixin.py:190} INFO - [2026-08-12T04:33:24.892+0000] {dag.py:4138} INFO - Setting next_dagrun for read_dataset_event_from_classic to 2026-08-11 00:00:00+00:00, run_after=2026-08-12 00:00:00+00:00
[2026-08-12T04:33:24.915+0000] {processor.py:208} INFO - Processing /home/airflow/.local/lib/python3.12/site-packages/airflow/example_dags/example_inlet_event_extra.py took 0.370 seconds
[2026-08-12T04:33:55.358+0000] {processor.py:186} INFO - Started process (PID=339) to work on /home/airflow/.local/lib/python3.12/site-packages/airflow/example_dags/example_inlet_event_extra.py
[2026-08-12T04:33:55.360+0000] {processor.py:914} INFO - Processing file /home/airflow/.local/lib/python3.12/site-packages/airflow/example_dags/example_inlet_event_extra.py for tasks to queue
[2026-08-12T04:33:55.365+0000] {logging_mixin.py:190} INFO - [2026-08-12T04:33:55.364+0000] {dagbag.py:587} INFO - Filling up the DagBag from /home/airflow/.local/lib/python3.12/site-packages/airflow/example_dags/example_inlet_event_extra.py
[2026-08-12T04:33:55.560+0000] {processor.py:925} INFO - DAG(s) 'read_dataset_event_from_classic', 'read_dataset_event' retrieved from /home/airflow/.local/lib/python3.12/site-packages/airflow/example_dags/example_inlet_event_extra.py
[2026-08-12T04:33:55.593+0000] {logging_mixin.py:190} INFO - [2026-08-12T04:33:55.593+0000] {dag.py:3211} INFO - Sync 2 DAGs
[2026-08-12T04:33:55.626+0000] {logging_mixin.py:190} INFO - [2026-08-12T04:33:55.625+0000] {dag.py:4138} INFO - Setting next_dagrun for read_dataset_event to 2026-08-11 00:00:00+00:00, run_after=2026-08-12 00:00:00+00:00
[2026-08-12T04:33:55.632+0000] {logging_mixin.py:190} INFO - [2026-08-12T04:33:55.632+0000] {dag.py:4138} INFO - Setting next_dagrun for read_dataset_event_from_classic to 2026-08-11 00:00:00+00:00, run_after=2026-08-12 00:00:00+00:00
[2026-08-12T04:33:55.657+0000] {processor.py:208} INFO - Processing /home/airflow/.local/lib/python3.12/site-packages/airflow/example_dags/example_inlet_event_extra.py took 0.307 seconds
[2026-08-12T04:34:26.130+0000] {processor.py:186} INFO - Started process (PID=401) to work on /home/airflow/.local/lib/python3.12/site-packages/airflow/example_dags/example_inlet_event_extra.py
[2026-08-12T04:34:26.136+0000] {processor.py:914} INFO - Processing file /home/airflow/.local/lib/python3.12/site-packages/airflow/example_dags/example_inlet_event_extra.py for tasks to queue
[2026-08-12T04:34:26.141+0000] {logging_mixin.py:190} INFO - [2026-08-12T04:34:26.141+0000] {dagbag.py:587} INFO - Filling up the DagBag from /home/airflow/.local/lib/python3.12/site-packages/airflow/example_dags/example_inlet_event_extra.py
[2026-08-12T04:34:26.378+0000] {processor.py:925} INFO - DAG(s) 'read_dataset_event_from_classic', 'read_dataset_event' retrieved from /home/airflow/.local/lib/python3.12/site-packages/airflow/example_dags/example_inlet_event_extra.py
[2026-08-12T04:34:26.414+0000] {logging_mixin.py:190} INFO - [2026-08-12T04:34:26.413+0000] {dag.py:3211} INFO - Sync 2 DAGs
[2026-08-12T04:34:26.475+0000] {logging_mixin.py:190} INFO - [2026-08-12T04:34:26.474+0000] {dag.py:4138} INFO - Setting next_dagrun for read_dataset_event to 2026-08-11 00:00:00+00:00, run_after=2026-08-12 00:00:00+00:00
[2026-08-12T04:34:26.484+0000] {logging_mixin.py:190} INFO - [2026-08-12T04:34:26.484+0000] {dag.py:4138} INFO - Setting next_dagrun for read_dataset_event_from_classic to 2026-08-11 00:00:00+00:00, run_after=2026-08-12 00:00:00+00:00
[2026-08-12T04:34:26.509+0000] {processor.py:208} INFO - Processing /home/airflow/.local/lib/python3.12/site-packages/airflow/example_dags/example_inlet_event_extra.py took 0.390 seconds
[2026-08-12T04:35:55.647+0000] {processor.py:186} INFO - Started process (PID=82) to work on /home/airflow/.local/lib/python3.12/site-packages/airflow/example_dags/example_inlet_event_extra.py
[2026-08-12T04:35:55.651+0000] {processor.py:914} INFO - Processing file /home/airflow/.local/lib/python3.12/site-packages/airflow/example_dags/example_inlet_event_extra.py for tasks to queue
[2026-08-12T04:35:55.660+0000] {logging_mixin.py:190} INFO - [2026-08-12T04:35:55.660+0000] {dagbag.py:587} INFO - Filling up the DagBag from /home/airflow/.local/lib/python3.12/site-packages/airflow/example_dags/example_inlet_event_extra.py
[2026-08-12T04:35:56.054+0000] {processor.py:925} INFO - DAG(s) 'read_dataset_event', 'read_dataset_event_from_classic' retrieved from /home/airflow/.local/lib/python3.12/site-packages/airflow/example_dags/example_inlet_event_extra.py
[2026-08-12T04:35:56.111+0000] {logging_mixin.py:190} INFO - [2026-08-12T04:35:56.110+0000] {dag.py:3211} INFO - Sync 2 DAGs
[2026-08-12T04:35:56.168+0000] {logging_mixin.py:190} INFO - [2026-08-12T04:35:56.167+0000] {dag.py:4138} INFO - Setting next_dagrun for read_dataset_event to 2026-08-11 00:00:00+00:00, run_after=2026-08-12 00:00:00+00:00
[2026-08-12T04:35:56.182+0000] {logging_mixin.py:190} INFO - [2026-08-12T04:35:56.181+0000] {dag.py:4138} INFO - Setting next_dagrun for read_dataset_event_from_classic to 2026-08-11 00:00:00+00:00, run_after=2026-08-12 00:00:00+00:00
[2026-08-12T04:35:56.237+0000] {processor.py:208} INFO - Processing /home/airflow/.local/lib/python3.12/site-packages/airflow/example_dags/example_inlet_event_extra.py took 0.605 seconds
[2026-08-12T04:36:26.989+0000] {processor.py:186} INFO - Started process (PID=144) to work on /home/airflow/.local/lib/python3.12/site-packages/airflow/example_dags/example_inlet_event_extra.py
[2026-08-12T04:36:26.991+0000] {processor.py:914} INFO - Processing file /home/airflow/.local/lib/python3.12/site-packages/airflow/example_dags/example_inlet_event_extra.py for tasks to queue
[2026-08-12T04:36:26.995+0000] {logging_mixin.py:190} INFO - [2026-08-12T04:36:26.994+0000] {dagbag.py:587} INFO - Filling up the DagBag from /home/airflow/.local/lib/python3.12/site-packages/airflow/example_dags/example_inlet_event_extra.py
[2026-08-12T04:36:27.142+0000] {processor.py:925} INFO - DAG(s) 'read_dataset_event', 'read_dataset_event_from_classic' retrieved from /home/airflow/.local/lib/python3.12/site-packages/airflow/example_dags/example_inlet_event_extra.py
[2026-08-12T04:36:27.181+0000] {logging_mixin.py:190} INFO - [2026-08-12T04:36:27.181+0000] {dag.py:3211} INFO - Sync 2 DAGs
[2026-08-12T04:36:27.216+0000] {logging_mixin.py:190} INFO - [2026-08-12T04:36:27.215+0000] {dag.py:4138} INFO - Setting next_dagrun for read_dataset_event to 2026-08-11 00:00:00+00:00, run_after=2026-08-12 00:00:00+00:00
[2026-08-12T04:36:27.231+0000] {logging_mixin.py:190} INFO - [2026-08-12T04:36:27.230+0000] {dag.py:4138} INFO - Setting next_dagrun for read_dataset_event_from_classic to 2026-08-11 00:00:00+00:00, run_after=2026-08-12 00:00:00+00:00
[2026-08-12T04:36:27.253+0000] {processor.py:208} INFO - Processing /home/airflow/.local/lib/python3.12/site-packages/airflow/example_dags/example_inlet_event_extra.py took 0.271 seconds
[2026-08-12T04:36:57.724+0000] {processor.py:186} INFO - Started process (PID=206) to work on /home/airflow/.local/lib/python3.12/site-packages/airflow/example_dags/example_inlet_event_extra.py
[2026-08-12T04:36:57.726+0000] {processor.py:914} INFO - Processing file /home/airflow/.local/lib/python3.12/site-packages/airflow/example_dags/example_inlet_event_extra.py for tasks to queue
[2026-08-12T04:36:57.731+0000] {logging_mixin.py:190} INFO - [2026-08-12T04:36:57.730+0000] {dagbag.py:587} INFO - Filling up the DagBag from /home/airflow/.local/lib/python3.12/site-packages/airflow/example_dags/example_inlet_event_extra.py
[2026-08-12T04:36:57.996+0000] {processor.py:925} INFO - DAG(s) 'read_dataset_event_from_classic', 'read_dataset_event' retrieved from /home/airflow/.local/lib/python3.12/site-packages/airflow/example_dags/example_inlet_event_extra.py
[2026-08-12T04:36:58.039+0000] {logging_mixin.py:190} INFO - [2026-08-12T04:36:58.039+0000] {dag.py:3211} INFO - Sync 2 DAGs
[2026-08-12T04:36:58.075+0000] {logging_mixin.py:190} INFO - [2026-08-12T04:36:58.075+0000] {dag.py:4138} INFO - Setting next_dagrun for read_dataset_event to 2026-08-11 00:00:00+00:00, run_after=2026-08-12 00:00:00+00:00
[2026-08-12T04:36:58.083+0000] {logging_mixin.py:190} INFO - [2026-08-12T04:36:58.083+0000] {dag.py:4138} INFO - Setting next_dagrun for read_dataset_event_from_classic to 2026-08-11 00:00:00+00:00, run_after=2026-08-12 00:00:00+00:00
[2026-08-12T04:36:58.117+0000] {processor.py:208} INFO - Processing /home/airflow/.local/lib/python3.12/site-packages/airflow/example_dags/example_inlet_event_extra.py took 0.402 seconds
[2026-08-12T04:37:28.387+0000] {processor.py:186} INFO - Started process (PID=269) to work on /home/airflow/.local/lib/python3.12/site-packages/airflow/example_dags/example_inlet_event_extra.py
[2026-08-12T04:37:28.394+0000] {processor.py:914} INFO - Processing file /home/airflow/.local/lib/python3.12/site-packages/airflow/example_dags/example_inlet_event_extra.py for tasks to queue
[2026-08-12T04:37:28.402+0000] {logging_mixin.py:190} INFO - [2026-08-12T04:37:28.401+0000] {dagbag.py:587} INFO - Filling up the DagBag from /home/airflow/.local/lib/python3.12/site-packages/airflow/example_dags/example_inlet_event_extra.py
[2026-08-12T04:37:28.752+0000] {processor.py:925} INFO - DAG(s) 'read_dataset_event', 'read_dataset_event_from_classic' retrieved from /home/airflow/.local/lib/python3.12/site-packages/airflow/example_dags/example_inlet_event_extra.py
[2026-08-12T04:37:28.793+0000] {logging_mixin.py:190} INFO - [2026-08-12T04:37:28.793+0000] {dag.py:3211} INFO - Sync 2 DAGs
[2026-08-12T04:37:28.830+0000] {logging_mixin.py:190} INFO - [2026-08-12T04:37:28.830+0000] {dag.py:4138} INFO - Setting next_dagrun for read_dataset_event to 2026-08-11 00:00:00+00:00, run_after=2026-08-12 00:00:00+00:00
[2026-08-12T04:37:28.841+0000] {logging_mixin.py:190} INFO - [2026-08-12T04:37:28.840+0000] {dag.py:4138} INFO - Setting next_dagrun for read_dataset_event_from_classic to 2026-08-11 00:00:00+00:00, run_after=2026-08-12 00:00:00+00:00
[2026-08-12T04:37:28.884+0000] {processor.py:208} INFO - Processing /home/airflow/.local/lib/python3.12/site-packages/airflow/example_dags/example_inlet_event_extra.py took 0.512 seconds
[2026-08-12T04:37:59.726+0000] {processor.py:186} INFO - Started process (PID=332) to work on /home/airflow/.local/lib/python3.12/site-packages/airflow/example_dags/example_inlet_event_extra.py
[2026-08-12T04:37:59.728+0000] {processor.py:914} INFO - Processing file /home/airflow/.local/lib/python3.12/site-packages/airflow/example_dags/example_inlet_event_extra.py for tasks to queue
[2026-08-12T04:37:59.733+0000] {logging_mixin.py:190} INFO - [2026-08-12T04:37:59.732+0000] {dagbag.py:587} INFO - Filling up the DagBag from /home/airflow/.local/lib/python3.12/site-packages/airflow/example_dags/example_inlet_event_extra.py
[2026-08-12T04:37:59.915+0000] {processor.py:925} INFO - DAG(s) 'read_dataset_event_from_classic', 'read_dataset_event' retrieved from /home/airflow/.local/lib/python3.12/site-packages/airflow/example_dags/example_inlet_event_extra.py
[2026-08-12T04:37:59.945+0000] {logging_mixin.py:190} INFO - [2026-08-12T04:37:59.945+0000] {dag.py:3211} INFO - Sync 2 DAGs
[2026-08-12T04:37:59.986+0000] {logging_mixin.py:190} INFO - [2026-08-12T04:37:59.986+0000] {dag.py:4138} INFO - Setting next_dagrun for read_dataset_event to 2026-08-11 00:00:00+00:00, run_after=2026-08-12 00:00:00+00:00
[2026-08-12T04:37:59.992+0000] {logging_mixin.py:190} INFO - [2026-08-12T04:37:59.991+0000] {dag.py:4138} INFO - Setting next_dagrun for read_dataset_event_from_classic to 2026-08-11 00:00:00+00:00, run_after=2026-08-12 00:00:00+00:00
[2026-08-12T04:38:00.014+0000] {processor.py:208} INFO - Processing /home/airflow/.local/lib/python3.12/site-packages/airflow/example_dags/example_inlet_event_extra.py took 0.299 seconds
[2026-08-12T04:38:30.495+0000] {processor.py:186} INFO - Started process (PID=394) to work on /home/airflow/.local/lib/python3.12/site-packages/airflow/example_dags/example_inlet_event_extra.py
[2026-08-12T04:38:30.497+0000] {processor.py:914} INFO - Processing file /home/airflow/.local/lib/python3.12/site-packages/airflow/example_dags/example_inlet_event_extra.py for tasks to queue
[2026-08-12T04:38:30.502+0000] {logging_mixin.py:190} INFO - [2026-08-12T04:38:30.502+0000] {dagbag.py:587} INFO - Filling up the DagBag from /home/airflow/.local/lib/python3.12/site-packages/airflow/example_dags/example_inlet_event_extra.py
[2026-08-12T04:38:30.718+0000] {processor.py:925} INFO - DAG(s) 'read_dataset_event', 'read_dataset_event_from_classic' retrieved from /home/airflow/.local/lib/python3.12/site-packages/airflow/example_dags/example_inlet_event_extra.py
[2026-08-12T04:38:30.752+0000] {logging_mixin.py:190} INFO - [2026-08-12T04:38:30.752+0000] {dag.py:3211} INFO - Sync 2 DAGs
[2026-08-12T04:38:30.784+0000] {logging_mixin.py:190} INFO - [2026-08-12T04:38:30.783+0000] {dag.py:4138} INFO - Setting next_dagrun for read_dataset_event to 2026-08-11 00:00:00+00:00, run_after=2026-08-12 00:00:00+00:00
[2026-08-12T04:38:30.793+0000] {logging_mixin.py:190} INFO - [2026-08-12T04:38:30.792+0000] {dag.py:4138} INFO - Setting next_dagrun for read_dataset_event_from_classic to 2026-08-11 00:00:00+00:00, run_after=2026-08-12 00:00:00+00:00
[2026-08-12T04:38:30.816+0000] {processor.py:208} INFO - Processing /home/airflow/.local/lib/python3.12/site-packages/airflow/example_dags/example_inlet_event_extra.py took 0.332 seconds
[2026-08-12T04:39:01.548+0000] {processor.py:186} INFO - Started process (PID=456) to work on /home/airflow/.local/lib/python3.12/site-packages/airflow/example_dags/example_inlet_event_extra.py
[2026-08-12T04:39:01.550+0000] {processor.py:914} INFO - Processing file /home/airflow/.local/lib/python3.12/site-packages/airflow/example_dags/example_inlet_event_extra.py for tasks to queue
[2026-08-12T04:39:01.556+0000] {logging_mixin.py:190} INFO - [2026-08-12T04:39:01.555+0000] {dagbag.py:587} INFO - Filling up the DagBag from /home/airflow/.local/lib/python3.12/site-packages/airflow/example_dags/example_inlet_event_extra.py
[2026-08-12T04:39:01.783+0000] {processor.py:925} INFO - DAG(s) 'read_dataset_event_from_classic', 'read_dataset_event' retrieved from /home/airflow/.local/lib/python3.12/site-packages/airflow/example_dags/example_inlet_event_extra.py
[2026-08-12T04:39:01.825+0000] {logging_mixin.py:190} INFO - [2026-08-12T04:39:01.824+0000] {dag.py:3211} INFO - Sync 2 DAGs
[2026-08-12T04:39:01.872+0000] {logging_mixin.py:190} INFO - [2026-08-12T04:39:01.871+0000] {dag.py:4138} INFO - Setting next_dagrun for read_dataset_event to 2026-08-11 00:00:00+00:00, run_after=2026-08-12 00:00:00+00:00
[2026-08-12T04:39:01.883+0000] {logging_mixin.py:190} INFO - [2026-08-12T04:39:01.882+0000] {dag.py:4138} INFO - Setting next_dagrun for read_dataset_event_from_classic to 2026-08-11 00:00:00+00:00, run_after=2026-08-12 00:00:00+00:00
[2026-08-12T04:39:01.924+0000] {processor.py:208} INFO - Processing /home/airflow/.local/lib/python3.12/site-packages/airflow/example_dags/example_inlet_event_extra.py took 0.385 seconds
[2026-08-12T04:39:32.016+0000] {processor.py:186} INFO - Started process (PID=519) to work on /home/airflow/.local/lib/python3.12/site-packages/airflow/example_dags/example_inlet_event_extra.py
[2026-08-12T04:39:32.020+0000] {processor.py:914} INFO - Processing file /home/airflow/.local/lib/python3.12/site-packages/airflow/example_dags/example_inlet_event_extra.py for tasks to queue
[2026-08-12T04:39:32.032+0000] {logging_mixin.py:190} INFO - [2026-08-12T04:39:32.030+0000] {dagbag.py:587} INFO - Filling up the DagBag from /home/airflow/.local/lib/python3.12/site-packages/airflow/example_dags/example_inlet_event_extra.py
[2026-08-12T04:39:32.386+0000] {processor.py:925} INFO - DAG(s) 'read_dataset_event', 'read_dataset_event_from_classic' retrieved from /home/airflow/.local/lib/python3.12/site-packages/airflow/example_dags/example_inlet_event_extra.py
[2026-08-12T04:39:32.418+0000] {logging_mixin.py:190} INFO - [2026-08-12T04:39:32.418+0000] {dag.py:3211} INFO - Sync 2 DAGs
[2026-08-12T04:39:32.446+0000] {logging_mixin.py:190} INFO - [2026-08-12T04:39:32.446+0000] {dag.py:4138} INFO - Setting next_dagrun for read_dataset_event to 2026-08-11 00:00:00+00:00, run_after=2026-08-12 00:00:00+00:00
[2026-08-12T04:39:32.451+0000] {logging_mixin.py:190} INFO - [2026-08-12T04:39:32.450+0000] {dag.py:4138} INFO - Setting next_dagrun for read_dataset_event_from_classic to 2026-08-11 00:00:00+00:00, run_after=2026-08-12 00:00:00+00:00
[2026-08-12T04:39:32.470+0000] {processor.py:208} INFO - Processing /home/airflow/.local/lib/python3.12/site-packages/airflow/example_dags/example_inlet_event_extra.py took 0.470 seconds
[2026-08-12T04:40:02.548+0000] {processor.py:186} INFO - Started process (PID=582) to work on /home/airflow/.local/lib/python3.12/site-packages/airflow/example_dags/example_inlet_event_extra.py
[2026-08-12T04:40:02.550+0000] {processor.py:914} INFO - Processing file /home/airflow/.local/lib/python3.12/site-packages/airflow/example_dags/example_inlet_event_extra.py for tasks to queue
[2026-08-12T04:40:02.554+0000] {logging_mixin.py:190} INFO - [2026-08-12T04:40:02.553+0000] {dagbag.py:587} INFO - Filling up the DagBag from /home/airflow/.local/lib/python3.12/site-packages/airflow/example_dags/example_inlet_event_extra.py
[2026-08-12T04:40:02.748+0000] {processor.py:925} INFO - DAG(s) 'read_dataset_event', 'read_dataset_event_from_classic' retrieved from /home/airflow/.local/lib/python3.12/site-packages/airflow/example_dags/example_inlet_event_extra.py
[2026-08-12T04:40:02.783+0000] {logging_mixin.py:190} INFO - [2026-08-12T04:40:02.783+0000] {dag.py:3211} INFO - Sync 2 DAGs
[2026-08-12T04:40:02.828+0000] {logging_mixin.py:190} INFO - [2026-08-12T04:40:02.828+0000] {dag.py:4138} INFO - Setting next_dagrun for read_dataset_event to 2026-08-11 00:00:00+00:00, run_after=2026-08-12 00:00:00+00:00
[2026-08-12T04:40:02.837+0000] {logging_mixin.py:190} INFO - [2026-08-12T04:40:02.837+0000] {dag.py:4138} INFO - Setting next_dagrun for read_dataset_event_from_classic to 2026-08-11 00:00:00+00:00, run_after=2026-08-12 00:00:00+00:00
[2026-08-12T04:40:02.869+0000] {processor.py:208} INFO - Processing /home/airflow/.local/lib/python3.12/site-packages/airflow/example_dags/example_inlet_event_extra.py took 0.331 seconds
[2026-08-12T04:40:33.035+0000] {processor.py:186} INFO - Started process (PID=642) to work on /home/airflow/.local/lib/python3.12/site-packages/airflow/example_dags/example_inlet_event_extra.py
[2026-08-12T04:40:33.037+0000] {processor.py:914} INFO - Processing file /home/airflow/.local/lib/python3.12/site-packages/airflow/example_dags/example_inlet_event_extra.py for tasks to queue
[2026-08-12T04:40:33.043+0000] {logging_mixin.py:190} INFO - [2026-08-12T04:40:33.043+0000] {dagbag.py:587} INFO - Filling up the DagBag from /home/airflow/.local/lib/python3.12/site-packages/airflow/example_dags/example_inlet_event_extra.py
[2026-08-12T04:40:33.228+0000] {processor.py:925} INFO - DAG(s) 'read_dataset_event_from_classic', 'read_dataset_event' retrieved from /home/airflow/.local/lib/python3.12/site-packages/airflow/example_dags/example_inlet_event_extra.py
[2026-08-12T04:40:33.262+0000] {logging_mixin.py:190} INFO - [2026-08-12T04:40:33.262+0000] {dag.py:3211} INFO - Sync 2 DAGs
[2026-08-12T04:40:33.302+0000] {logging_mixin.py:190} INFO - [2026-08-12T04:40:33.302+0000] {dag.py:4138} INFO - Setting next_dagrun for read_dataset_event to 2026-08-11 00:00:00+00:00, run_after=2026-08-12 00:00:00+00:00
[2026-08-12T04:40:33.315+0000] {logging_mixin.py:190} INFO - [2026-08-12T04:40:33.314+0000] {dag.py:4138} INFO - Setting next_dagrun for read_dataset_event_from_classic to 2026-08-11 00:00:00+00:00, run_after=2026-08-12 00:00:00+00:00
[2026-08-12T04:40:33.351+0000] {processor.py:208} INFO - Processing /home/airflow/.local/lib/python3.12/site-packages/airflow/example_dags/example_inlet_event_extra.py took 0.323 seconds
[2026-08-12T04:41:03.430+0000] {processor.py:186} INFO - Started process (PID=703) to work on /home/airflow/.local/lib/python3.12/site-packages/airflow/example_dags/example_inlet_event_extra.py
[2026-08-12T04:41:03.432+0000] {processor.py:914} INFO - Processing file /home/airflow/.local/lib/python3.12/site-packages/airflow/example_dags/example_inlet_event_extra.py for tasks to queue
[2026-08-12T04:41:03.438+0000] {logging_mixin.py:190} INFO - [2026-08-12T04:41:03.437+0000] {dagbag.py:587} INFO - Filling up the DagBag from /home/airflow/.local/lib/python3.12/site-packages/airflow/example_dags/example_inlet_event_extra.py
[2026-08-12T04:41:03.627+0000] {processor.py:925} INFO - DAG(s) 'read_dataset_event_from_classic', 'read_dataset_event' retrieved from /home/airflow/.local/lib/python3.12/site-packages/airflow/example_dags/example_inlet_event_extra.py
[2026-08-12T04:41:03.660+0000] {logging_mixin.py:190} INFO - [2026-08-12T04:41:03.659+0000] {dag.py:3211} INFO - Sync 2 DAGs
[2026-08-12T04:41:03.685+0000] {logging_mixin.py:190} INFO - [2026-08-12T04:41:03.684+0000] {dag.py:4138} INFO - Setting next_dagrun for read_dataset_event to 2026-08-11 00:00:00+00:00, run_after=2026-08-12 00:00:00+00:00
[2026-08-12T04:41:03.693+0000] {logging_mixin.py:190} INFO - [2026-08-12T04:41:03.692+0000] {dag.py:4138} INFO - Setting next_dagrun for read_dataset_event_from_classic to 2026-08-11 00:00:00+00:00, run_after=2026-08-12 00:00:00+00:00
[2026-08-12T04:41:03.735+0000] {processor.py:208} INFO - Processing /home/airflow/.local/lib/python3.12/site-packages/airflow/example_dags/example_inlet_event_extra.py took 0.314 seconds
[2026-08-12T04:41:33.991+0000] {processor.py:186} INFO - Started process (PID=765) to work on /home/airflow/.local/lib/python3.12/site-packages/airflow/example_dags/example_inlet_event_extra.py
[2026-08-12T04:41:33.994+0000] {processor.py:914} INFO - Processing file /home/airflow/.local/lib/python3.12/site-packages/airflow/example_dags/example_inlet_event_extra.py for tasks to queue
[2026-08-12T04:41:33.998+0000] {logging_mixin.py:190} INFO - [2026-08-12T04:41:33.997+0000] {dagbag.py:587} INFO - Filling up the DagBag from /home/airflow/.local/lib/python3.12/site-packages/airflow/example_dags/example_inlet_event_extra.py
[2026-08-12T04:41:34.170+0000] {processor.py:925} INFO - DAG(s) 'read_dataset_event', 'read_dataset_event_from_classic' retrieved from /home/airflow/.local/lib/python3.12/site-packages/airflow/example_dags/example_inlet_event_extra.py
[2026-08-12T04:41:34.204+0000] {logging_mixin.py:190} INFO - [2026-08-12T04:41:34.204+0000] {dag.py:3211} INFO - Sync 2 DAGs
[2026-08-12T04:41:34.251+0000] {logging_mixin.py:190} INFO - [2026-08-12T04:41:34.251+0000] {dag.py:4138} INFO - Setting next_dagrun for read_dataset_event to 2026-08-11 00:00:00+00:00, run_after=2026-08-12 00:00:00+00:00
[2026-08-12T04:41:34.262+0000] {logging_mixin.py:190} INFO - [2026-08-12T04:41:34.262+0000] {dag.py:4138} INFO - Setting next_dagrun for read_dataset_event_from_classic to 2026-08-11 00:00:00+00:00, run_after=2026-08-12 00:00:00+00:00
[2026-08-12T04:41:34.289+0000] {processor.py:208} INFO - Processing /home/airflow/.local/lib/python3.12/site-packages/airflow/example_dags/example_inlet_event_extra.py took 0.306 seconds
[2026-08-12T04:42:04.449+0000] {processor.py:186} INFO - Started process (PID=828) to work on /home/airflow/.local/lib/python3.12/site-packages/airflow/example_dags/example_inlet_event_extra.py
[2026-08-12T04:42:04.451+0000] {processor.py:914} INFO - Processing file /home/airflow/.local/lib/python3.12/site-packages/airflow/example_dags/example_inlet_event_extra.py for tasks to queue
[2026-08-12T04:42:04.454+0000] {logging_mixin.py:190} INFO - [2026-08-12T04:42:04.454+0000] {dagbag.py:587} INFO - Filling up the DagBag from /home/airflow/.local/lib/python3.12/site-packages/airflow/example_dags/example_inlet_event_extra.py
[2026-08-12T04:42:04.585+0000] {processor.py:925} INFO - DAG(s) 'read_dataset_event_from_classic', 'read_dataset_event' retrieved from /home/airflow/.local/lib/python3.12/site-packages/airflow/example_dags/example_inlet_event_extra.py
[2026-08-12T04:42:04.609+0000] {logging_mixin.py:190} INFO - [2026-08-12T04:42:04.608+0000] {dag.py:3211} INFO - Sync 2 DAGs
[2026-08-12T04:42:04.630+0000] {logging_mixin.py:190} INFO - [2026-08-12T04:42:04.630+0000] {dag.py:4138} INFO - Setting next_dagrun for read_dataset_event to 2026-08-11 00:00:00+00:00, run_after=2026-08-12 00:00:00+00:00
[2026-08-12T04:42:04.635+0000] {logging_mixin.py:190} INFO - [2026-08-12T04:42:04.635+0000] {dag.py:4138} INFO - Setting next_dagrun for read_dataset_event_from_classic to 2026-08-11 00:00:00+00:00, run_after=2026-08-12 00:00:00+00:00
[2026-08-12T04:42:04.653+0000] {processor.py:208} INFO - Processing /home/airflow/.local/lib/python3.12/site-packages/airflow/example_dags/example_inlet_event_extra.py took 0.210 seconds
[2026-08-12T04:42:34.860+0000] {processor.py:186} INFO - Started process (PID=891) to work on /home/airflow/.local/lib/python3.12/site-packages/airflow/example_dags/example_inlet_event_extra.py
[2026-08-12T04:42:34.862+0000] {processor.py:914} INFO - Processing file /home/airflow/.local/lib/python3.12/site-packages/airflow/example_dags/example_inlet_event_extra.py for tasks to queue
[2026-08-12T04:42:34.865+0000] {logging_mixin.py:190} INFO - [2026-08-12T04:42:34.865+0000] {dagbag.py:587} INFO - Filling up the DagBag from /home/airflow/.local/lib/python3.12/site-packages/airflow/example_dags/example_inlet_event_extra.py
[2026-08-12T04:42:35.102+0000] {processor.py:925} INFO - DAG(s) 'read_dataset_event_from_classic', 'read_dataset_event' retrieved from /home/airflow/.local/lib/python3.12/site-packages/airflow/example_dags/example_inlet_event_extra.py
[2026-08-12T04:42:35.133+0000] {logging_mixin.py:190} INFO - [2026-08-12T04:42:35.132+0000] {dag.py:3211} INFO - Sync 2 DAGs
[2026-08-12T04:42:35.161+0000] {logging_mixin.py:190} INFO - [2026-08-12T04:42:35.161+0000] {dag.py:4138} INFO - Setting next_dagrun for read_dataset_event to 2026-08-11 00:00:00+00:00, run_after=2026-08-12 00:00:00+00:00
[2026-08-12T04:42:35.169+0000] {logging_mixin.py:190} INFO - [2026-08-12T04:42:35.169+0000] {dag.py:4138} INFO - Setting next_dagrun for read_dataset_event_from_classic to 2026-08-11 00:00:00+00:00, run_after=2026-08-12 00:00:00+00:00
[2026-08-12T04:42:35.192+0000] {processor.py:208} INFO - Processing /home/airflow/.local/lib/python3.12/site-packages/airflow/example_dags/example_inlet_event_extra.py took 0.337 seconds
[2026-08-12T04:43:05.970+0000] {processor.py:186} INFO - Started process (PID=953) to work on /home/airflow/.local/lib/python3.12/site-packages/airflow/example_dags/example_inlet_event_extra.py
[2026-08-12T04:43:05.972+0000] {processor.py:914} INFO - Processing file /home/airflow/.local/lib/python3.12/site-packages/airflow/example_dags/example_inlet_event_extra.py for tasks to queue
[2026-08-12T04:43:05.976+0000] {logging_mixin.py:190} INFO - [2026-08-12T04:43:05.976+0000] {dagbag.py:587} INFO - Filling up the DagBag from /home/airflow/.local/lib/python3.12/site-packages/airflow/example_dags/example_inlet_event_extra.py
[2026-08-12T04:43:06.088+0000] {processor.py:925} INFO - DAG(s) 'read_dataset_event_from_classic', 'read_dataset_event' retrieved from /home/airflow/.local/lib/python3.12/site-packages/airflow/example_dags/example_inlet_event_extra.py
[2026-08-12T04:43:06.111+0000] {logging_mixin.py:190} INFO - [2026-08-12T04:43:06.111+0000] {dag.py:3211} INFO - Sync 2 DAGs
[2026-08-12T04:43:06.137+0000] {logging_mixin.py:190} INFO - [2026-08-12T04:43:06.136+0000] {dag.py:4138} INFO - Setting next_dagrun for read_dataset_event to 2026-08-11 00:00:00+00:00, run_after=2026-08-12 00:00:00+00:00
[2026-08-12T04:43:06.142+0000] {logging_mixin.py:190} INFO - [2026-08-12T04:43:06.142+0000] {dag.py:4138} INFO - Setting next_dagrun for read_dataset_event_from_classic to 2026-08-11 00:00:00+00:00, run_after=2026-08-12 00:00:00+00:00
[2026-08-12T04:43:06.162+0000] {processor.py:208} INFO - Processing /home/airflow/.local/lib/python3.12/site-packages/airflow/example_dags/example_inlet_event_extra.py took 0.197 seconds
[2026-08-12T04:43:37.068+0000] {processor.py:186} INFO - Started process (PID=1016) to work on /home/airflow/.local/lib/python3.12/site-packages/airflow/example_dags/example_inlet_event_extra.py
[2026-08-12T04:43:37.072+0000] {processor.py:914} INFO - Processing file /home/airflow/.local/lib/python3.12/site-packages/airflow/example_dags/example_inlet_event_extra.py for tasks to queue
[2026-08-12T04:43:37.078+0000] {logging_mixin.py:190} INFO - [2026-08-12T04:43:37.077+0000] {dagbag.py:587} INFO - Filling up the DagBag from /home/airflow/.local/lib/python3.12/site-packages/airflow/example_dags/example_inlet_event_extra.py
[2026-08-12T04:43:37.260+0000] {processor.py:925} INFO - DAG(s) 'read_dataset_event_from_classic', 'read_dataset_event' retrieved from /home/airflow/.local/lib/python3.12/site-packages/airflow/example_dags/example_inlet_event_extra.py
[2026-08-12T04:43:37.288+0000] {logging_mixin.py:190} INFO - [2026-08-12T04:43:37.288+0000] {dag.py:3211} INFO - Sync 2 DAGs
[2026-08-12T04:43:37.320+0000] {logging_mixin.py:190} INFO - [2026-08-12T04:43:37.320+0000] {dag.py:4138} INFO - Setting next_dagrun for read_dataset_event to 2026-08-11 00:00:00+00:00, run_after=2026-08-12 00:00:00+00:00
[2026-08-12T04:43:37.327+0000] {logging_mixin.py:190} INFO - [2026-08-12T04:43:37.327+0000] {dag.py:4138} INFO - Setting next_dagrun for read_dataset_event_from_classic to 2026-08-11 00:00:00+00:00, run_after=2026-08-12 00:00:00+00:00
[2026-08-12T04:43:37.353+0000] {processor.py:208} INFO - Processing /home/airflow/.local/lib/python3.12/site-packages/airflow/example_dags/example_inlet_event_extra.py took 0.300 seconds
[2026-08-12T04:44:08.307+0000] {processor.py:186} INFO - Started process (PID=1078) to work on /home/airflow/.local/lib/python3.12/site-packages/airflow/example_dags/example_inlet_event_extra.py
[2026-08-12T04:44:08.309+0000] {processor.py:914} INFO - Processing file /home/airflow/.local/lib/python3.12/site-packages/airflow/example_dags/example_inlet_event_extra.py for tasks to queue
[2026-08-12T04:44:08.317+0000] {logging_mixin.py:190} INFO - [2026-08-12T04:44:08.316+0000] {dagbag.py:587} INFO - Filling up the DagBag from /home/airflow/.local/lib/python3.12/site-packages/airflow/example_dags/example_inlet_event_extra.py
[2026-08-12T04:44:08.514+0000] {processor.py:925} INFO - DAG(s) 'read_dataset_event', 'read_dataset_event_from_classic' retrieved from /home/airflow/.local/lib/python3.12/site-packages/airflow/example_dags/example_inlet_event_extra.py
[2026-08-12T04:44:08.563+0000] {logging_mixin.py:190} INFO - [2026-08-12T04:44:08.563+0000] {dag.py:3211} INFO - Sync 2 DAGs
[2026-08-12T04:44:08.594+0000] {logging_mixin.py:190} INFO - [2026-08-12T04:44:08.594+0000] {dag.py:4138} INFO - Setting next_dagrun for read_dataset_event to 2026-08-11 00:00:00+00:00, run_after=2026-08-12 00:00:00+00:00
[2026-08-12T04:44:08.600+0000] {logging_mixin.py:190} INFO - [2026-08-12T04:44:08.600+0000] {dag.py:4138} INFO - Setting next_dagrun for read_dataset_event_from_classic to 2026-08-11 00:00:00+00:00, run_after=2026-08-12 00:00:00+00:00
[2026-08-12T04:44:08.637+0000] {processor.py:208} INFO - Processing /home/airflow/.local/lib/python3.12/site-packages/airflow/example_dags/example_inlet_event_extra.py took 0.340 seconds
[2026-08-12T04:44:39.150+0000] {processor.py:186} INFO - Started process (PID=1140) to work on /home/airflow/.local/lib/python3.12/site-packages/airflow/example_dags/example_inlet_event_extra.py
[2026-08-12T04:44:39.152+0000] {processor.py:914} INFO - Processing file /home/airflow/.local/lib/python3.12/site-packages/airflow/example_dags/example_inlet_event_extra.py for tasks to queue
[2026-08-12T04:44:39.162+0000] {logging_mixin.py:190} INFO - [2026-08-12T04:44:39.161+0000] {dagbag.py:587} INFO - Filling up the DagBag from /home/airflow/.local/lib/python3.12/site-packages/airflow/example_dags/example_inlet_event_extra.py
[2026-08-12T04:44:39.425+0000] {processor.py:925} INFO - DAG(s) 'read_dataset_event', 'read_dataset_event_from_classic' retrieved from /home/airflow/.local/lib/python3.12/site-packages/airflow/example_dags/example_inlet_event_extra.py
[2026-08-12T04:44:39.489+0000] {logging_mixin.py:190} INFO - [2026-08-12T04:44:39.489+0000] {dag.py:3211} INFO - Sync 2 DAGs
[2026-08-12T04:44:39.529+0000] {logging_mixin.py:190} INFO - [2026-08-12T04:44:39.528+0000] {dag.py:4138} INFO - Setting next_dagrun for read_dataset_event to 2026-08-11 00:00:00+00:00, run_after=2026-08-12 00:00:00+00:00
[2026-08-12T04:44:39.536+0000] {logging_mixin.py:190} INFO - [2026-08-12T04:44:39.536+0000] {dag.py:4138} INFO - Setting next_dagrun for read_dataset_event_from_classic to 2026-08-11 00:00:00+00:00, run_after=2026-08-12 00:00:00+00:00
[2026-08-12T04:44:39.568+0000] {processor.py:208} INFO - Processing /home/airflow/.local/lib/python3.12/site-packages/airflow/example_dags/example_inlet_event_extra.py took 0.433 seconds
[2026-08-12T04:45:09.934+0000] {processor.py:186} INFO - Started process (PID=1203) to work on /home/airflow/.local/lib/python3.12/site-packages/airflow/example_dags/example_inlet_event_extra.py
[2026-08-12T04:45:09.936+0000] {processor.py:914} INFO - Processing file /home/airflow/.local/lib/python3.12/site-packages/airflow/example_dags/example_inlet_event_extra.py for tasks to queue
[2026-08-12T04:45:09.941+0000] {logging_mixin.py:190} INFO - [2026-08-12T04:45:09.940+0000] {dagbag.py:587} INFO - Filling up the DagBag from /home/airflow/.local/lib/python3.12/site-packages/airflow/example_dags/example_inlet_event_extra.py
[2026-08-12T04:45:10.141+0000] {processor.py:925} INFO - DAG(s) 'read_dataset_event_from_classic', 'read_dataset_event' retrieved from /home/airflow/.local/lib/python3.12/site-packages/airflow/example_dags/example_inlet_event_extra.py
[2026-08-12T04:45:10.177+0000] {logging_mixin.py:190} INFO - [2026-08-12T04:45:10.177+0000] {dag.py:3211} INFO - Sync 2 DAGs
[2026-08-12T04:45:10.235+0000] {logging_mixin.py:190} INFO - [2026-08-12T04:45:10.235+0000] {dag.py:4138} INFO - Setting next_dagrun for read_dataset_event to 2026-08-11 00:00:00+00:00, run_after=2026-08-12 00:00:00+00:00
[2026-08-12T04:45:10.242+0000] {logging_mixin.py:190} INFO - [2026-08-12T04:45:10.242+0000] {dag.py:4138} INFO - Setting next_dagrun for read_dataset_event_from_classic to 2026-08-11 00:00:00+00:00, run_after=2026-08-12 00:00:00+00:00
[2026-08-12T04:45:10.268+0000] {processor.py:208} INFO - Processing /home/airflow/.local/lib/python3.12/site-packages/airflow/example_dags/example_inlet_event_extra.py took 0.343 seconds
[2026-08-12T04:45:41.279+0000] {processor.py:186} INFO - Started process (PID=1265) to work on /home/airflow/.local/lib/python3.12/site-packages/airflow/example_dags/example_inlet_event_extra.py
[2026-08-12T04:45:41.281+0000] {processor.py:914} INFO - Processing file /home/airflow/.local/lib/python3.12/site-packages/airflow/example_dags/example_inlet_event_extra.py for tasks to queue
[2026-08-12T04:45:41.285+0000] {logging_mixin.py:190} INFO - [2026-08-12T04:45:41.285+0000] {dagbag.py:587} INFO - Filling up the DagBag from /home/airflow/.local/lib/python3.12/site-packages/airflow/example_dags/example_inlet_event_extra.py
[2026-08-12T04:45:41.464+0000] {processor.py:925} INFO - DAG(s) 'read_dataset_event_from_classic', 'read_dataset_event' retrieved from /home/airflow/.local/lib/python3.12/site-packages/airflow/example_dags/example_inlet_event_extra.py
[2026-08-12T04:45:41.494+0000] {logging_mixin.py:190} INFO - [2026-08-12T04:45:41.493+0000] {dag.py:3211} INFO - Sync 2 DAGs
[2026-08-12T04:45:41.531+0000] {logging_mixin.py:190} INFO - [2026-08-12T04:45:41.530+0000] {dag.py:4138} INFO - Setting next_dagrun for read_dataset_event to 2026-08-11 00:00:00+00:00, run_after=2026-08-12 00:00:00+00:00
[2026-08-12T04:45:41.537+0000] {logging_mixin.py:190} INFO - [2026-08-12T04:45:41.537+0000] {dag.py:4138} INFO - Setting next_dagrun for read_dataset_event_from_classic to 2026-08-11 00:00:00+00:00, run_after=2026-08-12 00:00:00+00:00
[2026-08-12T04:45:41.569+0000] {processor.py:208} INFO - Processing /home/airflow/.local/lib/python3.12/site-packages/airflow/example_dags/example_inlet_event_extra.py took 0.299 seconds
[2026-08-12T04:46:11.757+0000] {processor.py:186} INFO - Started process (PID=1326) to work on /home/airflow/.local/lib/python3.12/site-packages/airflow/example_dags/example_inlet_event_extra.py
[2026-08-12T04:46:11.793+0000] {processor.py:914} INFO - Processing file /home/airflow/.local/lib/python3.12/site-packages/airflow/example_dags/example_inlet_event_extra.py for tasks to queue
[2026-08-12T04:46:11.800+0000] {logging_mixin.py:190} INFO - [2026-08-12T04:46:11.799+0000] {dagbag.py:587} INFO - Filling up the DagBag from /home/airflow/.local/lib/python3.12/site-packages/airflow/example_dags/example_inlet_event_extra.py
[2026-08-12T04:46:11.975+0000] {processor.py:925} INFO - DAG(s) 'read_dataset_event_from_classic', 'read_dataset_event' retrieved from /home/airflow/.local/lib/python3.12/site-packages/airflow/example_dags/example_inlet_event_extra.py
[2026-08-12T04:46:12.015+0000] {logging_mixin.py:190} INFO - [2026-08-12T04:46:12.015+0000] {dag.py:3211} INFO - Sync 2 DAGs
[2026-08-12T04:46:12.053+0000] {logging_mixin.py:190} INFO - [2026-08-12T04:46:12.053+0000] {dag.py:4138} INFO - Setting next_dagrun for read_dataset_event to 2026-08-11 00:00:00+00:00, run_after=2026-08-12 00:00:00+00:00
[2026-08-12T04:46:12.059+0000] {logging_mixin.py:190} INFO - [2026-08-12T04:46:12.058+0000] {dag.py:4138} INFO - Setting next_dagrun for read_dataset_event_from_classic to 2026-08-11 00:00:00+00:00, run_after=2026-08-12 00:00:00+00:00
[2026-08-12T04:46:12.090+0000] {processor.py:208} INFO - Processing /home/airflow/.local/lib/python3.12/site-packages/airflow/example_dags/example_inlet_event_extra.py took 0.343 seconds
[2026-08-12T04:46:42.274+0000] {processor.py:186} INFO - Started process (PID=1395) to work on /home/airflow/.local/lib/python3.12/site-packages/airflow/example_dags/example_inlet_event_extra.py
[2026-08-12T04:46:42.276+0000] {processor.py:914} INFO - Processing file /home/airflow/.local/lib/python3.12/site-packages/airflow/example_dags/example_inlet_event_extra.py for tasks to queue
[2026-08-12T04:46:42.281+0000] {logging_mixin.py:190} INFO - [2026-08-12T04:46:42.280+0000] {dagbag.py:587} INFO - Filling up the DagBag from /home/airflow/.local/lib/python3.12/site-packages/airflow/example_dags/example_inlet_event_extra.py
[2026-08-12T04:46:42.462+0000] {processor.py:925} INFO - DAG(s) 'read_dataset_event', 'read_dataset_event_from_classic' retrieved from /home/airflow/.local/lib/python3.12/site-packages/airflow/example_dags/example_inlet_event_extra.py
[2026-08-12T04:46:42.491+0000] {logging_mixin.py:190} INFO - [2026-08-12T04:46:42.491+0000] {dag.py:3211} INFO - Sync 2 DAGs
[2026-08-12T04:46:42.520+0000] {logging_mixin.py:190} INFO - [2026-08-12T04:46:42.520+0000] {dag.py:4138} INFO - Setting next_dagrun for read_dataset_event to 2026-08-11 00:00:00+00:00, run_after=2026-08-12 00:00:00+00:00
[2026-08-12T04:46:42.526+0000] {logging_mixin.py:190} INFO - [2026-08-12T04:46:42.526+0000] {dag.py:4138} INFO - Setting next_dagrun for read_dataset_event_from_classic to 2026-08-11 00:00:00+00:00, run_after=2026-08-12 00:00:00+00:00
[2026-08-12T04:46:42.544+0000] {processor.py:208} INFO - Processing /home/airflow/.local/lib/python3.12/site-packages/airflow/example_dags/example_inlet_event_extra.py took 0.278 seconds
[2026-08-12T04:47:12.606+0000] {processor.py:186} INFO - Started process (PID=1455) to work on /home/airflow/.local/lib/python3.12/site-packages/airflow/example_dags/example_inlet_event_extra.py
[2026-08-12T04:47:12.607+0000] {processor.py:914} INFO - Processing file /home/airflow/.local/lib/python3.12/site-packages/airflow/example_dags/example_inlet_event_extra.py for tasks to queue
[2026-08-12T04:47:12.611+0000] {logging_mixin.py:190} INFO - [2026-08-12T04:47:12.610+0000] {dagbag.py:587} INFO - Filling up the DagBag from /home/airflow/.local/lib/python3.12/site-packages/airflow/example_dags/example_inlet_event_extra.py
[2026-08-12T04:47:12.762+0000] {processor.py:925} INFO - DAG(s) 'read_dataset_event', 'read_dataset_event_from_classic' retrieved from /home/airflow/.local/lib/python3.12/site-packages/airflow/example_dags/example_inlet_event_extra.py
[2026-08-12T04:47:12.791+0000] {logging_mixin.py:190} INFO - [2026-08-12T04:47:12.791+0000] {dag.py:3211} INFO - Sync 2 DAGs
[2026-08-12T04:47:12.823+0000] {logging_mixin.py:190} INFO - [2026-08-12T04:47:12.823+0000] {dag.py:4138} INFO - Setting next_dagrun for read_dataset_event to 2026-08-11 00:00:00+00:00, run_after=2026-08-12 00:00:00+00:00
[2026-08-12T04:47:12.831+0000] {logging_mixin.py:190} INFO - [2026-08-12T04:47:12.830+0000] {dag.py:4138} INFO - Setting next_dagrun for read_dataset_event_from_classic to 2026-08-11 00:00:00+00:00, run_after=2026-08-12 00:00:00+00:00
[2026-08-12T04:47:12.861+0000] {processor.py:208} INFO - Processing /home/airflow/.local/lib/python3.12/site-packages/airflow/example_dags/example_inlet_event_extra.py took 0.263 seconds
[2026-08-12T04:47:42.915+0000] {processor.py:186} INFO - Started process (PID=1517) to work on /home/airflow/.local/lib/python3.12/site-packages/airflow/example_dags/example_inlet_event_extra.py
[2026-08-12T04:47:42.916+0000] {processor.py:914} INFO - Processing file /home/airflow/.local/lib/python3.12/site-packages/airflow/example_dags/example_inlet_event_extra.py for tasks to queue
[2026-08-12T04:47:42.920+0000] {logging_mixin.py:190} INFO - [2026-08-12T04:47:42.920+0000] {dagbag.py:587} INFO - Filling up the DagBag from /home/airflow/.local/lib/python3.12/site-packages/airflow/example_dags/example_inlet_event_extra.py
[2026-08-12T04:47:43.071+0000] {processor.py:925} INFO - DAG(s) 'read_dataset_event_from_classic', 'read_dataset_event' retrieved from /home/airflow/.local/lib/python3.12/site-packages/airflow/example_dags/example_inlet_event_extra.py
[2026-08-12T04:47:43.097+0000] {logging_mixin.py:190} INFO - [2026-08-12T04:47:43.096+0000] {dag.py:3211} INFO - Sync 2 DAGs
[2026-08-12T04:47:43.122+0000] {logging_mixin.py:190} INFO - [2026-08-12T04:47:43.122+0000] {dag.py:4138} INFO - Setting next_dagrun for read_dataset_event to 2026-08-11 00:00:00+00:00, run_after=2026-08-12 00:00:00+00:00
[2026-08-12T04:47:43.127+0000] {logging_mixin.py:190} INFO - [2026-08-12T04:47:43.127+0000] {dag.py:4138} INFO - Setting next_dagrun for read_dataset_event_from_classic to 2026-08-11 00:00:00+00:00, run_after=2026-08-12 00:00:00+00:00
[2026-08-12T04:47:43.147+0000] {processor.py:208} INFO - Processing /home/airflow/.local/lib/python3.12/site-packages/airflow/example_dags/example_inlet_event_extra.py took 0.241 seconds
