[2026-08-12T04:31:50.458+0000] {processor.py:186} INFO - Started process (PID=77) to work on /home/airflow/.local/lib/python3.12/site-packages/airflow/example_dags/example_branch_datetime_operator.py
[2026-08-12T04:31:50.462+0000] {processor.py:914} INFO - Processing file /home/airflow/.local/lib/python3.12/site-packages/airflow/example_dags/example_branch_datetime_operator.py for tasks to queue
[2026-08-12T04:31:50.470+0000] {logging_mixin.py:190} INFO - [2026-08-12T04:31:50.469+0000] {dagbag.py:587} INFO - Filling up the DagBag from /home/airflow/.local/lib/python3.12/site-packages/airflow/example_dags/example_branch_datetime_operator.py
[2026-08-12T04:31:50.500+0000] {processor.py:925} INFO - DAG(s) 'example_branch_datetime_operator_3', 'example_branch_datetime_operator_2', 'example_branch_datetime_operator' retrieved from /home/airflow/.local/lib/python3.12/site-packages/airflow/example_dags/example_branch_datetime_operator.py
[2026-08-12T04:31:50.731+0000] {logging_mixin.py:190} INFO - [2026-08-12T04:31:50.729+0000] {override.py:1858} INFO - Created Permission View: can edit on DAG:example_branch_datetime_operator_3
[2026-08-12T04:31:50.748+0000] {logging_mixin.py:190} INFO - [2026-08-12T04:31:50.747+0000] {override.py:1858} INFO - Created Permission View: can read on DAG:example_branch_datetime_operator_3
[2026-08-12T04:31:50.762+0000] {logging_mixin.py:190} INFO - [2026-08-12T04:31:50.761+0000] {override.py:1858} INFO - Created Permission View: can delete on DAG:example_branch_datetime_operator_3
[2026-08-12T04:31:50.787+0000] {logging_mixin.py:190} INFO - [2026-08-12T04:31:50.787+0000] {override.py:1858} INFO - Created Permission View: can edit on DAG:example_branch_datetime_operator_2
[2026-08-12T04:31:50.800+0000] {logging_mixin.py:190} INFO - [2026-08-12T04:31:50.800+0000] {override.py:1858} INFO - Created Permission View: can read on DAG:example_branch_datetime_operator_2
[2026-08-12T04:31:50.811+0000] {logging_mixin.py:190} INFO - [2026-08-12T04:31:50.811+0000] {override.py:1858} INFO - Created Permission View: can delete on DAG:example_branch_datetime_operator_2
[2026-08-12T04:31:50.834+0000] {logging_mixin.py:190} INFO - [2026-08-12T04:31:50.834+0000] {override.py:1858} INFO - Created Permission View: can edit on DAG:example_branch_datetime_operator
[2026-08-12T04:31:50.844+0000] {logging_mixin.py:190} INFO - [2026-08-12T04:31:50.843+0000] {override.py:1858} INFO - Created Permission View: can read on DAG:example_branch_datetime_operator
[2026-08-12T04:31:50.860+0000] {logging_mixin.py:190} INFO - [2026-08-12T04:31:50.859+0000] {override.py:1858} INFO - Created Permission View: can delete on DAG:example_branch_datetime_operator
[2026-08-12T04:31:50.861+0000] {logging_mixin.py:190} INFO - [2026-08-12T04:31:50.861+0000] {dag.py:3211} INFO - Sync 3 DAGs
[2026-08-12T04:31:50.884+0000] {logging_mixin.py:190} INFO - [2026-08-12T04:31:50.883+0000] {dag.py:3234} INFO - Creating ORM DAG for example_branch_datetime_operator
[2026-08-12T04:31:50.886+0000] {logging_mixin.py:190} INFO - [2026-08-12T04:31:50.885+0000] {dag.py:3234} INFO - Creating ORM DAG for example_branch_datetime_operator_3
[2026-08-12T04:31:50.888+0000] {logging_mixin.py:190} INFO - [2026-08-12T04:31:50.888+0000] {dag.py:3234} INFO - Creating ORM DAG for example_branch_datetime_operator_2
[2026-08-12T04:31:50.907+0000] {logging_mixin.py:190} INFO - [2026-08-12T04:31:50.906+0000] {dag.py:4138} INFO - Setting next_dagrun for example_branch_datetime_operator to 2026-08-11 00:00:00+00:00, run_after=2026-08-12 00:00:00+00:00
[2026-08-12T04:31:50.911+0000] {logging_mixin.py:190} INFO - [2026-08-12T04:31:50.911+0000] {dag.py:4138} INFO - Setting next_dagrun for example_branch_datetime_operator_2 to 2026-08-11 00:00:00+00:00, run_after=2026-08-12 00:00:00+00:00
[2026-08-12T04:31:50.917+0000] {logging_mixin.py:190} INFO - [2026-08-12T04:31:50.916+0000] {dag.py:4138} INFO - Setting next_dagrun for example_branch_datetime_operator_3 to 2026-08-11 00:00:00+00:00, run_after=2026-08-12 00:00:00+00:00
[2026-08-12T04:31:50.950+0000] {processor.py:208} INFO - Processing /home/airflow/.local/lib/python3.12/site-packages/airflow/example_dags/example_branch_datetime_operator.py took 0.505 seconds
[2026-08-12T04:32:21.711+0000] {processor.py:186} INFO - Started process (PID=140) to work on /home/airflow/.local/lib/python3.12/site-packages/airflow/example_dags/example_branch_datetime_operator.py
[2026-08-12T04:32:21.714+0000] {processor.py:914} INFO - Processing file /home/airflow/.local/lib/python3.12/site-packages/airflow/example_dags/example_branch_datetime_operator.py for tasks to queue
[2026-08-12T04:32:21.719+0000] {logging_mixin.py:190} INFO - [2026-08-12T04:32:21.719+0000] {dagbag.py:587} INFO - Filling up the DagBag from /home/airflow/.local/lib/python3.12/site-packages/airflow/example_dags/example_branch_datetime_operator.py
[2026-08-12T04:32:21.738+0000] {processor.py:925} INFO - DAG(s) 'example_branch_datetime_operator_3', 'example_branch_datetime_operator', 'example_branch_datetime_operator_2' retrieved from /home/airflow/.local/lib/python3.12/site-packages/airflow/example_dags/example_branch_datetime_operator.py
[2026-08-12T04:32:21.778+0000] {logging_mixin.py:190} INFO - [2026-08-12T04:32:21.778+0000] {dag.py:3211} INFO - Sync 3 DAGs
[2026-08-12T04:32:21.813+0000] {logging_mixin.py:190} INFO - [2026-08-12T04:32:21.813+0000] {dag.py:4138} INFO - Setting next_dagrun for example_branch_datetime_operator to 2026-08-11 00:00:00+00:00, run_after=2026-08-12 00:00:00+00:00
[2026-08-12T04:32:21.821+0000] {logging_mixin.py:190} INFO - [2026-08-12T04:32:21.820+0000] {dag.py:4138} INFO - Setting next_dagrun for example_branch_datetime_operator_2 to 2026-08-11 00:00:00+00:00, run_after=2026-08-12 00:00:00+00:00
[2026-08-12T04:32:21.824+0000] {logging_mixin.py:190} INFO - [2026-08-12T04:32:21.824+0000] {dag.py:4138} INFO - Setting next_dagrun for example_branch_datetime_operator_3 to 2026-08-11 00:00:00+00:00, run_after=2026-08-12 00:00:00+00:00
[2026-08-12T04:32:21.850+0000] {processor.py:208} INFO - Processing /home/airflow/.local/lib/python3.12/site-packages/airflow/example_dags/example_branch_datetime_operator.py took 0.146 seconds
[2026-08-12T04:32:52.062+0000] {processor.py:186} INFO - Started process (PID=203) to work on /home/airflow/.local/lib/python3.12/site-packages/airflow/example_dags/example_branch_datetime_operator.py
[2026-08-12T04:32:52.065+0000] {processor.py:914} INFO - Processing file /home/airflow/.local/lib/python3.12/site-packages/airflow/example_dags/example_branch_datetime_operator.py for tasks to queue
[2026-08-12T04:32:52.069+0000] {logging_mixin.py:190} INFO - [2026-08-12T04:32:52.068+0000] {dagbag.py:587} INFO - Filling up the DagBag from /home/airflow/.local/lib/python3.12/site-packages/airflow/example_dags/example_branch_datetime_operator.py
[2026-08-12T04:32:52.086+0000] {processor.py:925} INFO - DAG(s) 'example_branch_datetime_operator', 'example_branch_datetime_operator_3', 'example_branch_datetime_operator_2' retrieved from /home/airflow/.local/lib/python3.12/site-packages/airflow/example_dags/example_branch_datetime_operator.py
[2026-08-12T04:32:52.129+0000] {logging_mixin.py:190} INFO - [2026-08-12T04:32:52.128+0000] {dag.py:3211} INFO - Sync 3 DAGs
[2026-08-12T04:32:52.162+0000] {logging_mixin.py:190} INFO - [2026-08-12T04:32:52.162+0000] {dag.py:4138} INFO - Setting next_dagrun for example_branch_datetime_operator to 2026-08-11 00:00:00+00:00, run_after=2026-08-12 00:00:00+00:00
[2026-08-12T04:32:52.169+0000] {logging_mixin.py:190} INFO - [2026-08-12T04:32:52.169+0000] {dag.py:4138} INFO - Setting next_dagrun for example_branch_datetime_operator_2 to 2026-08-11 00:00:00+00:00, run_after=2026-08-12 00:00:00+00:00
[2026-08-12T04:32:52.174+0000] {logging_mixin.py:190} INFO - [2026-08-12T04:32:52.173+0000] {dag.py:4138} INFO - Setting next_dagrun for example_branch_datetime_operator_3 to 2026-08-11 00:00:00+00:00, run_after=2026-08-12 00:00:00+00:00
[2026-08-12T04:32:52.201+0000] {processor.py:208} INFO - Processing /home/airflow/.local/lib/python3.12/site-packages/airflow/example_dags/example_branch_datetime_operator.py took 0.147 seconds
[2026-08-12T04:33:22.319+0000] {processor.py:186} INFO - Started process (PID=265) to work on /home/airflow/.local/lib/python3.12/site-packages/airflow/example_dags/example_branch_datetime_operator.py
[2026-08-12T04:33:22.321+0000] {processor.py:914} INFO - Processing file /home/airflow/.local/lib/python3.12/site-packages/airflow/example_dags/example_branch_datetime_operator.py for tasks to queue
[2026-08-12T04:33:22.325+0000] {logging_mixin.py:190} INFO - [2026-08-12T04:33:22.325+0000] {dagbag.py:587} INFO - Filling up the DagBag from /home/airflow/.local/lib/python3.12/site-packages/airflow/example_dags/example_branch_datetime_operator.py
[2026-08-12T04:33:22.342+0000] {processor.py:925} INFO - DAG(s) 'example_branch_datetime_operator_3', 'example_branch_datetime_operator', 'example_branch_datetime_operator_2' retrieved from /home/airflow/.local/lib/python3.12/site-packages/airflow/example_dags/example_branch_datetime_operator.py
[2026-08-12T04:33:22.394+0000] {logging_mixin.py:190} INFO - [2026-08-12T04:33:22.394+0000] {dag.py:3211} INFO - Sync 3 DAGs
[2026-08-12T04:33:22.435+0000] {logging_mixin.py:190} INFO - [2026-08-12T04:33:22.434+0000] {dag.py:4138} INFO - Setting next_dagrun for example_branch_datetime_operator to 2026-08-11 00:00:00+00:00, run_after=2026-08-12 00:00:00+00:00
[2026-08-12T04:33:22.441+0000] {logging_mixin.py:190} INFO - [2026-08-12T04:33:22.441+0000] {dag.py:4138} INFO - Setting next_dagrun for example_branch_datetime_operator_2 to 2026-08-11 00:00:00+00:00, run_after=2026-08-12 00:00:00+00:00
[2026-08-12T04:33:22.448+0000] {logging_mixin.py:190} INFO - [2026-08-12T04:33:22.448+0000] {dag.py:4138} INFO - Setting next_dagrun for example_branch_datetime_operator_3 to 2026-08-11 00:00:00+00:00, run_after=2026-08-12 00:00:00+00:00
[2026-08-12T04:33:22.473+0000] {processor.py:208} INFO - Processing /home/airflow/.local/lib/python3.12/site-packages/airflow/example_dags/example_branch_datetime_operator.py took 0.167 seconds
[2026-08-12T04:33:52.605+0000] {processor.py:186} INFO - Started process (PID=327) to work on /home/airflow/.local/lib/python3.12/site-packages/airflow/example_dags/example_branch_datetime_operator.py
[2026-08-12T04:33:52.607+0000] {processor.py:914} INFO - Processing file /home/airflow/.local/lib/python3.12/site-packages/airflow/example_dags/example_branch_datetime_operator.py for tasks to queue
[2026-08-12T04:33:52.611+0000] {logging_mixin.py:190} INFO - [2026-08-12T04:33:52.610+0000] {dagbag.py:587} INFO - Filling up the DagBag from /home/airflow/.local/lib/python3.12/site-packages/airflow/example_dags/example_branch_datetime_operator.py
[2026-08-12T04:33:52.634+0000] {processor.py:925} INFO - DAG(s) 'example_branch_datetime_operator', 'example_branch_datetime_operator_3', 'example_branch_datetime_operator_2' retrieved from /home/airflow/.local/lib/python3.12/site-packages/airflow/example_dags/example_branch_datetime_operator.py
[2026-08-12T04:33:52.678+0000] {logging_mixin.py:190} INFO - [2026-08-12T04:33:52.677+0000] {dag.py:3211} INFO - Sync 3 DAGs
[2026-08-12T04:33:52.724+0000] {logging_mixin.py:190} INFO - [2026-08-12T04:33:52.724+0000] {dag.py:4138} INFO - Setting next_dagrun for example_branch_datetime_operator to 2026-08-11 00:00:00+00:00, run_after=2026-08-12 00:00:00+00:00
[2026-08-12T04:33:52.731+0000] {logging_mixin.py:190} INFO - [2026-08-12T04:33:52.730+0000] {dag.py:4138} INFO - Setting next_dagrun for example_branch_datetime_operator_2 to 2026-08-11 00:00:00+00:00, run_after=2026-08-12 00:00:00+00:00
[2026-08-12T04:33:52.738+0000] {logging_mixin.py:190} INFO - [2026-08-12T04:33:52.738+0000] {dag.py:4138} INFO - Setting next_dagrun for example_branch_datetime_operator_3 to 2026-08-11 00:00:00+00:00, run_after=2026-08-12 00:00:00+00:00
[2026-08-12T04:33:52.772+0000] {processor.py:208} INFO - Processing /home/airflow/.local/lib/python3.12/site-packages/airflow/example_dags/example_branch_datetime_operator.py took 0.177 seconds
[2026-08-12T04:34:23.477+0000] {processor.py:186} INFO - Started process (PID=389) to work on /home/airflow/.local/lib/python3.12/site-packages/airflow/example_dags/example_branch_datetime_operator.py
[2026-08-12T04:34:23.480+0000] {processor.py:914} INFO - Processing file /home/airflow/.local/lib/python3.12/site-packages/airflow/example_dags/example_branch_datetime_operator.py for tasks to queue
[2026-08-12T04:34:23.486+0000] {logging_mixin.py:190} INFO - [2026-08-12T04:34:23.485+0000] {dagbag.py:587} INFO - Filling up the DagBag from /home/airflow/.local/lib/python3.12/site-packages/airflow/example_dags/example_branch_datetime_operator.py
[2026-08-12T04:34:23.505+0000] {processor.py:925} INFO - DAG(s) 'example_branch_datetime_operator_2', 'example_branch_datetime_operator_3', 'example_branch_datetime_operator' retrieved from /home/airflow/.local/lib/python3.12/site-packages/airflow/example_dags/example_branch_datetime_operator.py
[2026-08-12T04:34:23.553+0000] {logging_mixin.py:190} INFO - [2026-08-12T04:34:23.552+0000] {dag.py:3211} INFO - Sync 3 DAGs
[2026-08-12T04:34:23.611+0000] {logging_mixin.py:190} INFO - [2026-08-12T04:34:23.611+0000] {dag.py:4138} INFO - Setting next_dagrun for example_branch_datetime_operator to 2026-08-11 00:00:00+00:00, run_after=2026-08-12 00:00:00+00:00
[2026-08-12T04:34:23.621+0000] {logging_mixin.py:190} INFO - [2026-08-12T04:34:23.620+0000] {dag.py:4138} INFO - Setting next_dagrun for example_branch_datetime_operator_2 to 2026-08-11 00:00:00+00:00, run_after=2026-08-12 00:00:00+00:00
[2026-08-12T04:34:23.626+0000] {logging_mixin.py:190} INFO - [2026-08-12T04:34:23.625+0000] {dag.py:4138} INFO - Setting next_dagrun for example_branch_datetime_operator_3 to 2026-08-11 00:00:00+00:00, run_after=2026-08-12 00:00:00+00:00
[2026-08-12T04:34:23.653+0000] {processor.py:208} INFO - Processing /home/airflow/.local/lib/python3.12/site-packages/airflow/example_dags/example_branch_datetime_operator.py took 0.186 seconds
[2026-08-12T04:35:54.423+0000] {processor.py:186} INFO - Started process (PID=77) to work on /home/airflow/.local/lib/python3.12/site-packages/airflow/example_dags/example_branch_datetime_operator.py
[2026-08-12T04:35:54.428+0000] {processor.py:914} INFO - Processing file /home/airflow/.local/lib/python3.12/site-packages/airflow/example_dags/example_branch_datetime_operator.py for tasks to queue
[2026-08-12T04:35:54.437+0000] {logging_mixin.py:190} INFO - [2026-08-12T04:35:54.436+0000] {dagbag.py:587} INFO - Filling up the DagBag from /home/airflow/.local/lib/python3.12/site-packages/airflow/example_dags/example_branch_datetime_operator.py
[2026-08-12T04:35:54.490+0000] {processor.py:925} INFO - DAG(s) 'example_branch_datetime_operator', 'example_branch_datetime_operator_3', 'example_branch_datetime_operator_2' retrieved from /home/airflow/.local/lib/python3.12/site-packages/airflow/example_dags/example_branch_datetime_operator.py
[2026-08-12T04:35:54.555+0000] {logging_mixin.py:190} INFO - [2026-08-12T04:35:54.555+0000] {dag.py:3211} INFO - Sync 3 DAGs
[2026-08-12T04:35:54.606+0000] {logging_mixin.py:190} INFO - [2026-08-12T04:35:54.606+0000] {dag.py:4138} INFO - Setting next_dagrun for example_branch_datetime_operator to 2026-08-11 00:00:00+00:00, run_after=2026-08-12 00:00:00+00:00
[2026-08-12T04:35:54.623+0000] {logging_mixin.py:190} INFO - [2026-08-12T04:35:54.622+0000] {dag.py:4138} INFO - Setting next_dagrun for example_branch_datetime_operator_2 to 2026-08-11 00:00:00+00:00, run_after=2026-08-12 00:00:00+00:00
[2026-08-12T04:35:54.630+0000] {logging_mixin.py:190} INFO - [2026-08-12T04:35:54.630+0000] {dag.py:4138} INFO - Setting next_dagrun for example_branch_datetime_operator_3 to 2026-08-11 00:00:00+00:00, run_after=2026-08-12 00:00:00+00:00
[2026-08-12T04:35:54.680+0000] {processor.py:208} INFO - Processing /home/airflow/.local/lib/python3.12/site-packages/airflow/example_dags/example_branch_datetime_operator.py took 0.274 seconds
[2026-08-12T04:36:25.213+0000] {processor.py:186} INFO - Started process (PID=139) to work on /home/airflow/.local/lib/python3.12/site-packages/airflow/example_dags/example_branch_datetime_operator.py
[2026-08-12T04:36:25.215+0000] {processor.py:914} INFO - Processing file /home/airflow/.local/lib/python3.12/site-packages/airflow/example_dags/example_branch_datetime_operator.py for tasks to queue
[2026-08-12T04:36:25.219+0000] {logging_mixin.py:190} INFO - [2026-08-12T04:36:25.219+0000] {dagbag.py:587} INFO - Filling up the DagBag from /home/airflow/.local/lib/python3.12/site-packages/airflow/example_dags/example_branch_datetime_operator.py
[2026-08-12T04:36:25.233+0000] {processor.py:925} INFO - DAG(s) 'example_branch_datetime_operator', 'example_branch_datetime_operator_2', 'example_branch_datetime_operator_3' retrieved from /home/airflow/.local/lib/python3.12/site-packages/airflow/example_dags/example_branch_datetime_operator.py
[2026-08-12T04:36:25.265+0000] {logging_mixin.py:190} INFO - [2026-08-12T04:36:25.264+0000] {dag.py:3211} INFO - Sync 3 DAGs
[2026-08-12T04:36:25.291+0000] {logging_mixin.py:190} INFO - [2026-08-12T04:36:25.291+0000] {dag.py:4138} INFO - Setting next_dagrun for example_branch_datetime_operator to 2026-08-11 00:00:00+00:00, run_after=2026-08-12 00:00:00+00:00
[2026-08-12T04:36:25.297+0000] {logging_mixin.py:190} INFO - [2026-08-12T04:36:25.296+0000] {dag.py:4138} INFO - Setting next_dagrun for example_branch_datetime_operator_2 to 2026-08-11 00:00:00+00:00, run_after=2026-08-12 00:00:00+00:00
[2026-08-12T04:36:25.300+0000] {logging_mixin.py:190} INFO - [2026-08-12T04:36:25.300+0000] {dag.py:4138} INFO - Setting next_dagrun for example_branch_datetime_operator_3 to 2026-08-11 00:00:00+00:00, run_after=2026-08-12 00:00:00+00:00
[2026-08-12T04:36:25.324+0000] {processor.py:208} INFO - Processing /home/airflow/.local/lib/python3.12/site-packages/airflow/example_dags/example_branch_datetime_operator.py took 0.118 seconds
[2026-08-12T04:36:55.958+0000] {processor.py:186} INFO - Started process (PID=201) to work on /home/airflow/.local/lib/python3.12/site-packages/airflow/example_dags/example_branch_datetime_operator.py
[2026-08-12T04:36:55.959+0000] {processor.py:914} INFO - Processing file /home/airflow/.local/lib/python3.12/site-packages/airflow/example_dags/example_branch_datetime_operator.py for tasks to queue
[2026-08-12T04:36:55.963+0000] {logging_mixin.py:190} INFO - [2026-08-12T04:36:55.962+0000] {dagbag.py:587} INFO - Filling up the DagBag from /home/airflow/.local/lib/python3.12/site-packages/airflow/example_dags/example_branch_datetime_operator.py
[2026-08-12T04:36:55.978+0000] {processor.py:925} INFO - DAG(s) 'example_branch_datetime_operator_3', 'example_branch_datetime_operator_2', 'example_branch_datetime_operator' retrieved from /home/airflow/.local/lib/python3.12/site-packages/airflow/example_dags/example_branch_datetime_operator.py
[2026-08-12T04:36:56.021+0000] {logging_mixin.py:190} INFO - [2026-08-12T04:36:56.020+0000] {dag.py:3211} INFO - Sync 3 DAGs
[2026-08-12T04:36:56.055+0000] {logging_mixin.py:190} INFO - [2026-08-12T04:36:56.054+0000] {dag.py:4138} INFO - Setting next_dagrun for example_branch_datetime_operator to 2026-08-11 00:00:00+00:00, run_after=2026-08-12 00:00:00+00:00
[2026-08-12T04:36:56.061+0000] {logging_mixin.py:190} INFO - [2026-08-12T04:36:56.061+0000] {dag.py:4138} INFO - Setting next_dagrun for example_branch_datetime_operator_2 to 2026-08-11 00:00:00+00:00, run_after=2026-08-12 00:00:00+00:00
[2026-08-12T04:36:56.065+0000] {logging_mixin.py:190} INFO - [2026-08-12T04:36:56.065+0000] {dag.py:4138} INFO - Setting next_dagrun for example_branch_datetime_operator_3 to 2026-08-11 00:00:00+00:00, run_after=2026-08-12 00:00:00+00:00
[2026-08-12T04:36:56.096+0000] {processor.py:208} INFO - Processing /home/airflow/.local/lib/python3.12/site-packages/airflow/example_dags/example_branch_datetime_operator.py took 0.145 seconds
[2026-08-12T04:37:26.388+0000] {processor.py:186} INFO - Started process (PID=263) to work on /home/airflow/.local/lib/python3.12/site-packages/airflow/example_dags/example_branch_datetime_operator.py
[2026-08-12T04:37:26.390+0000] {processor.py:914} INFO - Processing file /home/airflow/.local/lib/python3.12/site-packages/airflow/example_dags/example_branch_datetime_operator.py for tasks to queue
[2026-08-12T04:37:26.393+0000] {logging_mixin.py:190} INFO - [2026-08-12T04:37:26.393+0000] {dagbag.py:587} INFO - Filling up the DagBag from /home/airflow/.local/lib/python3.12/site-packages/airflow/example_dags/example_branch_datetime_operator.py
[2026-08-12T04:37:26.429+0000] {processor.py:925} INFO - DAG(s) 'example_branch_datetime_operator_3', 'example_branch_datetime_operator', 'example_branch_datetime_operator_2' retrieved from /home/airflow/.local/lib/python3.12/site-packages/airflow/example_dags/example_branch_datetime_operator.py
[2026-08-12T04:37:26.490+0000] {logging_mixin.py:190} INFO - [2026-08-12T04:37:26.489+0000] {dag.py:3211} INFO - Sync 3 DAGs
[2026-08-12T04:37:26.529+0000] {logging_mixin.py:190} INFO - [2026-08-12T04:37:26.529+0000] {dag.py:4138} INFO - Setting next_dagrun for example_branch_datetime_operator to 2026-08-11 00:00:00+00:00, run_after=2026-08-12 00:00:00+00:00
[2026-08-12T04:37:26.539+0000] {logging_mixin.py:190} INFO - [2026-08-12T04:37:26.539+0000] {dag.py:4138} INFO - Setting next_dagrun for example_branch_datetime_operator_2 to 2026-08-11 00:00:00+00:00, run_after=2026-08-12 00:00:00+00:00
[2026-08-12T04:37:26.544+0000] {logging_mixin.py:190} INFO - [2026-08-12T04:37:26.544+0000] {dag.py:4138} INFO - Setting next_dagrun for example_branch_datetime_operator_3 to 2026-08-11 00:00:00+00:00, run_after=2026-08-12 00:00:00+00:00
[2026-08-12T04:37:26.574+0000] {processor.py:208} INFO - Processing /home/airflow/.local/lib/python3.12/site-packages/airflow/example_dags/example_branch_datetime_operator.py took 0.195 seconds
[2026-08-12T04:37:56.858+0000] {processor.py:186} INFO - Started process (PID=325) to work on /home/airflow/.local/lib/python3.12/site-packages/airflow/example_dags/example_branch_datetime_operator.py
[2026-08-12T04:37:56.859+0000] {processor.py:914} INFO - Processing file /home/airflow/.local/lib/python3.12/site-packages/airflow/example_dags/example_branch_datetime_operator.py for tasks to queue
[2026-08-12T04:37:56.864+0000] {logging_mixin.py:190} INFO - [2026-08-12T04:37:56.863+0000] {dagbag.py:587} INFO - Filling up the DagBag from /home/airflow/.local/lib/python3.12/site-packages/airflow/example_dags/example_branch_datetime_operator.py
[2026-08-12T04:37:56.881+0000] {processor.py:925} INFO - DAG(s) 'example_branch_datetime_operator_3', 'example_branch_datetime_operator', 'example_branch_datetime_operator_2' retrieved from /home/airflow/.local/lib/python3.12/site-packages/airflow/example_dags/example_branch_datetime_operator.py
[2026-08-12T04:37:56.927+0000] {logging_mixin.py:190} INFO - [2026-08-12T04:37:56.927+0000] {dag.py:3211} INFO - Sync 3 DAGs
[2026-08-12T04:37:56.968+0000] {logging_mixin.py:190} INFO - [2026-08-12T04:37:56.968+0000] {dag.py:4138} INFO - Setting next_dagrun for example_branch_datetime_operator to 2026-08-11 00:00:00+00:00, run_after=2026-08-12 00:00:00+00:00
[2026-08-12T04:37:56.976+0000] {logging_mixin.py:190} INFO - [2026-08-12T04:37:56.976+0000] {dag.py:4138} INFO - Setting next_dagrun for example_branch_datetime_operator_2 to 2026-08-11 00:00:00+00:00, run_after=2026-08-12 00:00:00+00:00
[2026-08-12T04:37:56.981+0000] {logging_mixin.py:190} INFO - [2026-08-12T04:37:56.981+0000] {dag.py:4138} INFO - Setting next_dagrun for example_branch_datetime_operator_3 to 2026-08-11 00:00:00+00:00, run_after=2026-08-12 00:00:00+00:00
[2026-08-12T04:37:57.007+0000] {processor.py:208} INFO - Processing /home/airflow/.local/lib/python3.12/site-packages/airflow/example_dags/example_branch_datetime_operator.py took 0.157 seconds
[2026-08-12T04:38:27.474+0000] {processor.py:186} INFO - Started process (PID=387) to work on /home/airflow/.local/lib/python3.12/site-packages/airflow/example_dags/example_branch_datetime_operator.py
[2026-08-12T04:38:27.477+0000] {processor.py:914} INFO - Processing file /home/airflow/.local/lib/python3.12/site-packages/airflow/example_dags/example_branch_datetime_operator.py for tasks to queue
[2026-08-12T04:38:27.482+0000] {logging_mixin.py:190} INFO - [2026-08-12T04:38:27.481+0000] {dagbag.py:587} INFO - Filling up the DagBag from /home/airflow/.local/lib/python3.12/site-packages/airflow/example_dags/example_branch_datetime_operator.py
[2026-08-12T04:38:27.503+0000] {processor.py:925} INFO - DAG(s) 'example_branch_datetime_operator', 'example_branch_datetime_operator_2', 'example_branch_datetime_operator_3' retrieved from /home/airflow/.local/lib/python3.12/site-packages/airflow/example_dags/example_branch_datetime_operator.py
[2026-08-12T04:38:27.545+0000] {logging_mixin.py:190} INFO - [2026-08-12T04:38:27.545+0000] {dag.py:3211} INFO - Sync 3 DAGs
[2026-08-12T04:38:27.589+0000] {logging_mixin.py:190} INFO - [2026-08-12T04:38:27.589+0000] {dag.py:4138} INFO - Setting next_dagrun for example_branch_datetime_operator to 2026-08-11 00:00:00+00:00, run_after=2026-08-12 00:00:00+00:00
[2026-08-12T04:38:27.596+0000] {logging_mixin.py:190} INFO - [2026-08-12T04:38:27.595+0000] {dag.py:4138} INFO - Setting next_dagrun for example_branch_datetime_operator_2 to 2026-08-11 00:00:00+00:00, run_after=2026-08-12 00:00:00+00:00
[2026-08-12T04:38:27.600+0000] {logging_mixin.py:190} INFO - [2026-08-12T04:38:27.599+0000] {dag.py:4138} INFO - Setting next_dagrun for example_branch_datetime_operator_3 to 2026-08-11 00:00:00+00:00, run_after=2026-08-12 00:00:00+00:00
[2026-08-12T04:38:27.625+0000] {processor.py:208} INFO - Processing /home/airflow/.local/lib/python3.12/site-packages/airflow/example_dags/example_branch_datetime_operator.py took 0.161 seconds
[2026-08-12T04:38:58.677+0000] {processor.py:186} INFO - Started process (PID=449) to work on /home/airflow/.local/lib/python3.12/site-packages/airflow/example_dags/example_branch_datetime_operator.py
[2026-08-12T04:38:58.679+0000] {processor.py:914} INFO - Processing file /home/airflow/.local/lib/python3.12/site-packages/airflow/example_dags/example_branch_datetime_operator.py for tasks to queue
[2026-08-12T04:38:58.683+0000] {logging_mixin.py:190} INFO - [2026-08-12T04:38:58.682+0000] {dagbag.py:587} INFO - Filling up the DagBag from /home/airflow/.local/lib/python3.12/site-packages/airflow/example_dags/example_branch_datetime_operator.py
[2026-08-12T04:38:58.701+0000] {processor.py:925} INFO - DAG(s) 'example_branch_datetime_operator', 'example_branch_datetime_operator_2', 'example_branch_datetime_operator_3' retrieved from /home/airflow/.local/lib/python3.12/site-packages/airflow/example_dags/example_branch_datetime_operator.py
[2026-08-12T04:38:58.767+0000] {logging_mixin.py:190} INFO - [2026-08-12T04:38:58.767+0000] {dag.py:3211} INFO - Sync 3 DAGs
[2026-08-12T04:38:58.806+0000] {logging_mixin.py:190} INFO - [2026-08-12T04:38:58.805+0000] {dag.py:4138} INFO - Setting next_dagrun for example_branch_datetime_operator to 2026-08-11 00:00:00+00:00, run_after=2026-08-12 00:00:00+00:00
[2026-08-12T04:38:58.813+0000] {logging_mixin.py:190} INFO - [2026-08-12T04:38:58.812+0000] {dag.py:4138} INFO - Setting next_dagrun for example_branch_datetime_operator_2 to 2026-08-11 00:00:00+00:00, run_after=2026-08-12 00:00:00+00:00
[2026-08-12T04:38:58.816+0000] {logging_mixin.py:190} INFO - [2026-08-12T04:38:58.816+0000] {dag.py:4138} INFO - Setting next_dagrun for example_branch_datetime_operator_3 to 2026-08-11 00:00:00+00:00, run_after=2026-08-12 00:00:00+00:00
[2026-08-12T04:38:58.847+0000] {processor.py:208} INFO - Processing /home/airflow/.local/lib/python3.12/site-packages/airflow/example_dags/example_branch_datetime_operator.py took 0.184 seconds
[2026-08-12T04:39:28.990+0000] {processor.py:186} INFO - Started process (PID=511) to work on /home/airflow/.local/lib/python3.12/site-packages/airflow/example_dags/example_branch_datetime_operator.py
[2026-08-12T04:39:28.992+0000] {processor.py:914} INFO - Processing file /home/airflow/.local/lib/python3.12/site-packages/airflow/example_dags/example_branch_datetime_operator.py for tasks to queue
[2026-08-12T04:39:28.996+0000] {logging_mixin.py:190} INFO - [2026-08-12T04:39:28.995+0000] {dagbag.py:587} INFO - Filling up the DagBag from /home/airflow/.local/lib/python3.12/site-packages/airflow/example_dags/example_branch_datetime_operator.py
[2026-08-12T04:39:29.016+0000] {processor.py:925} INFO - DAG(s) 'example_branch_datetime_operator', 'example_branch_datetime_operator_3', 'example_branch_datetime_operator_2' retrieved from /home/airflow/.local/lib/python3.12/site-packages/airflow/example_dags/example_branch_datetime_operator.py
[2026-08-12T04:39:29.069+0000] {logging_mixin.py:190} INFO - [2026-08-12T04:39:29.069+0000] {dag.py:3211} INFO - Sync 3 DAGs
[2026-08-12T04:39:29.114+0000] {logging_mixin.py:190} INFO - [2026-08-12T04:39:29.113+0000] {dag.py:4138} INFO - Setting next_dagrun for example_branch_datetime_operator to 2026-08-11 00:00:00+00:00, run_after=2026-08-12 00:00:00+00:00
[2026-08-12T04:39:29.124+0000] {logging_mixin.py:190} INFO - [2026-08-12T04:39:29.123+0000] {dag.py:4138} INFO - Setting next_dagrun for example_branch_datetime_operator_2 to 2026-08-11 00:00:00+00:00, run_after=2026-08-12 00:00:00+00:00
[2026-08-12T04:39:29.130+0000] {logging_mixin.py:190} INFO - [2026-08-12T04:39:29.129+0000] {dag.py:4138} INFO - Setting next_dagrun for example_branch_datetime_operator_3 to 2026-08-11 00:00:00+00:00, run_after=2026-08-12 00:00:00+00:00
[2026-08-12T04:39:29.162+0000] {processor.py:208} INFO - Processing /home/airflow/.local/lib/python3.12/site-packages/airflow/example_dags/example_branch_datetime_operator.py took 0.180 seconds
[2026-08-12T04:39:59.389+0000] {processor.py:186} INFO - Started process (PID=573) to work on /home/airflow/.local/lib/python3.12/site-packages/airflow/example_dags/example_branch_datetime_operator.py
[2026-08-12T04:39:59.394+0000] {processor.py:914} INFO - Processing file /home/airflow/.local/lib/python3.12/site-packages/airflow/example_dags/example_branch_datetime_operator.py for tasks to queue
[2026-08-12T04:39:59.398+0000] {logging_mixin.py:190} INFO - [2026-08-12T04:39:59.398+0000] {dagbag.py:587} INFO - Filling up the DagBag from /home/airflow/.local/lib/python3.12/site-packages/airflow/example_dags/example_branch_datetime_operator.py
[2026-08-12T04:39:59.417+0000] {processor.py:925} INFO - DAG(s) 'example_branch_datetime_operator_3', 'example_branch_datetime_operator', 'example_branch_datetime_operator_2' retrieved from /home/airflow/.local/lib/python3.12/site-packages/airflow/example_dags/example_branch_datetime_operator.py
[2026-08-12T04:39:59.462+0000] {logging_mixin.py:190} INFO - [2026-08-12T04:39:59.461+0000] {dag.py:3211} INFO - Sync 3 DAGs
[2026-08-12T04:39:59.500+0000] {logging_mixin.py:190} INFO - [2026-08-12T04:39:59.499+0000] {dag.py:4138} INFO - Setting next_dagrun for example_branch_datetime_operator to 2026-08-11 00:00:00+00:00, run_after=2026-08-12 00:00:00+00:00
[2026-08-12T04:39:59.511+0000] {logging_mixin.py:190} INFO - [2026-08-12T04:39:59.511+0000] {dag.py:4138} INFO - Setting next_dagrun for example_branch_datetime_operator_2 to 2026-08-11 00:00:00+00:00, run_after=2026-08-12 00:00:00+00:00
[2026-08-12T04:39:59.515+0000] {logging_mixin.py:190} INFO - [2026-08-12T04:39:59.514+0000] {dag.py:4138} INFO - Setting next_dagrun for example_branch_datetime_operator_3 to 2026-08-11 00:00:00+00:00, run_after=2026-08-12 00:00:00+00:00
[2026-08-12T04:39:59.553+0000] {processor.py:208} INFO - Processing /home/airflow/.local/lib/python3.12/site-packages/airflow/example_dags/example_branch_datetime_operator.py took 0.172 seconds
[2026-08-12T04:40:30.161+0000] {processor.py:186} INFO - Started process (PID=635) to work on /home/airflow/.local/lib/python3.12/site-packages/airflow/example_dags/example_branch_datetime_operator.py
[2026-08-12T04:40:30.164+0000] {processor.py:914} INFO - Processing file /home/airflow/.local/lib/python3.12/site-packages/airflow/example_dags/example_branch_datetime_operator.py for tasks to queue
[2026-08-12T04:40:30.169+0000] {logging_mixin.py:190} INFO - [2026-08-12T04:40:30.168+0000] {dagbag.py:587} INFO - Filling up the DagBag from /home/airflow/.local/lib/python3.12/site-packages/airflow/example_dags/example_branch_datetime_operator.py
[2026-08-12T04:40:30.210+0000] {processor.py:925} INFO - DAG(s) 'example_branch_datetime_operator', 'example_branch_datetime_operator_3', 'example_branch_datetime_operator_2' retrieved from /home/airflow/.local/lib/python3.12/site-packages/airflow/example_dags/example_branch_datetime_operator.py
[2026-08-12T04:40:30.251+0000] {logging_mixin.py:190} INFO - [2026-08-12T04:40:30.251+0000] {dag.py:3211} INFO - Sync 3 DAGs
[2026-08-12T04:40:30.306+0000] {logging_mixin.py:190} INFO - [2026-08-12T04:40:30.306+0000] {dag.py:4138} INFO - Setting next_dagrun for example_branch_datetime_operator to 2026-08-11 00:00:00+00:00, run_after=2026-08-12 00:00:00+00:00
[2026-08-12T04:40:30.313+0000] {logging_mixin.py:190} INFO - [2026-08-12T04:40:30.312+0000] {dag.py:4138} INFO - Setting next_dagrun for example_branch_datetime_operator_2 to 2026-08-11 00:00:00+00:00, run_after=2026-08-12 00:00:00+00:00
[2026-08-12T04:40:30.316+0000] {logging_mixin.py:190} INFO - [2026-08-12T04:40:30.316+0000] {dag.py:4138} INFO - Setting next_dagrun for example_branch_datetime_operator_3 to 2026-08-11 00:00:00+00:00, run_after=2026-08-12 00:00:00+00:00
[2026-08-12T04:40:30.374+0000] {processor.py:208} INFO - Processing /home/airflow/.local/lib/python3.12/site-packages/airflow/example_dags/example_branch_datetime_operator.py took 0.223 seconds
[2026-08-12T04:41:00.569+0000] {processor.py:186} INFO - Started process (PID=697) to work on /home/airflow/.local/lib/python3.12/site-packages/airflow/example_dags/example_branch_datetime_operator.py
[2026-08-12T04:41:00.572+0000] {processor.py:914} INFO - Processing file /home/airflow/.local/lib/python3.12/site-packages/airflow/example_dags/example_branch_datetime_operator.py for tasks to queue
[2026-08-12T04:41:00.578+0000] {logging_mixin.py:190} INFO - [2026-08-12T04:41:00.578+0000] {dagbag.py:587} INFO - Filling up the DagBag from /home/airflow/.local/lib/python3.12/site-packages/airflow/example_dags/example_branch_datetime_operator.py
[2026-08-12T04:41:00.599+0000] {processor.py:925} INFO - DAG(s) 'example_branch_datetime_operator_2', 'example_branch_datetime_operator_3', 'example_branch_datetime_operator' retrieved from /home/airflow/.local/lib/python3.12/site-packages/airflow/example_dags/example_branch_datetime_operator.py
[2026-08-12T04:41:00.653+0000] {logging_mixin.py:190} INFO - [2026-08-12T04:41:00.652+0000] {dag.py:3211} INFO - Sync 3 DAGs
[2026-08-12T04:41:00.712+0000] {logging_mixin.py:190} INFO - [2026-08-12T04:41:00.712+0000] {dag.py:4138} INFO - Setting next_dagrun for example_branch_datetime_operator to 2026-08-11 00:00:00+00:00, run_after=2026-08-12 00:00:00+00:00
[2026-08-12T04:41:00.719+0000] {logging_mixin.py:190} INFO - [2026-08-12T04:41:00.719+0000] {dag.py:4138} INFO - Setting next_dagrun for example_branch_datetime_operator_2 to 2026-08-11 00:00:00+00:00, run_after=2026-08-12 00:00:00+00:00
[2026-08-12T04:41:00.729+0000] {logging_mixin.py:190} INFO - [2026-08-12T04:41:00.729+0000] {dag.py:4138} INFO - Setting next_dagrun for example_branch_datetime_operator_3 to 2026-08-11 00:00:00+00:00, run_after=2026-08-12 00:00:00+00:00
[2026-08-12T04:41:00.771+0000] {processor.py:208} INFO - Processing /home/airflow/.local/lib/python3.12/site-packages/airflow/example_dags/example_branch_datetime_operator.py took 0.218 seconds
[2026-08-12T04:41:31.144+0000] {processor.py:186} INFO - Started process (PID=758) to work on /home/airflow/.local/lib/python3.12/site-packages/airflow/example_dags/example_branch_datetime_operator.py
[2026-08-12T04:41:31.146+0000] {processor.py:914} INFO - Processing file /home/airflow/.local/lib/python3.12/site-packages/airflow/example_dags/example_branch_datetime_operator.py for tasks to queue
[2026-08-12T04:41:31.148+0000] {logging_mixin.py:190} INFO - [2026-08-12T04:41:31.148+0000] {dagbag.py:587} INFO - Filling up the DagBag from /home/airflow/.local/lib/python3.12/site-packages/airflow/example_dags/example_branch_datetime_operator.py
[2026-08-12T04:41:31.164+0000] {processor.py:925} INFO - DAG(s) 'example_branch_datetime_operator_3', 'example_branch_datetime_operator_2', 'example_branch_datetime_operator' retrieved from /home/airflow/.local/lib/python3.12/site-packages/airflow/example_dags/example_branch_datetime_operator.py
[2026-08-12T04:41:31.200+0000] {logging_mixin.py:190} INFO - [2026-08-12T04:41:31.200+0000] {dag.py:3211} INFO - Sync 3 DAGs
[2026-08-12T04:41:31.231+0000] {logging_mixin.py:190} INFO - [2026-08-12T04:41:31.231+0000] {dag.py:4138} INFO - Setting next_dagrun for example_branch_datetime_operator to 2026-08-11 00:00:00+00:00, run_after=2026-08-12 00:00:00+00:00
[2026-08-12T04:41:31.238+0000] {logging_mixin.py:190} INFO - [2026-08-12T04:41:31.237+0000] {dag.py:4138} INFO - Setting next_dagrun for example_branch_datetime_operator_2 to 2026-08-11 00:00:00+00:00, run_after=2026-08-12 00:00:00+00:00
[2026-08-12T04:41:31.242+0000] {logging_mixin.py:190} INFO - [2026-08-12T04:41:31.241+0000] {dag.py:4138} INFO - Setting next_dagrun for example_branch_datetime_operator_3 to 2026-08-11 00:00:00+00:00, run_after=2026-08-12 00:00:00+00:00
[2026-08-12T04:41:31.268+0000] {processor.py:208} INFO - Processing /home/airflow/.local/lib/python3.12/site-packages/airflow/example_dags/example_branch_datetime_operator.py took 0.131 seconds
[2026-08-12T04:42:01.700+0000] {processor.py:186} INFO - Started process (PID=820) to work on /home/airflow/.local/lib/python3.12/site-packages/airflow/example_dags/example_branch_datetime_operator.py
[2026-08-12T04:42:01.702+0000] {processor.py:914} INFO - Processing file /home/airflow/.local/lib/python3.12/site-packages/airflow/example_dags/example_branch_datetime_operator.py for tasks to queue
[2026-08-12T04:42:01.705+0000] {logging_mixin.py:190} INFO - [2026-08-12T04:42:01.705+0000] {dagbag.py:587} INFO - Filling up the DagBag from /home/airflow/.local/lib/python3.12/site-packages/airflow/example_dags/example_branch_datetime_operator.py
[2026-08-12T04:42:01.723+0000] {processor.py:925} INFO - DAG(s) 'example_branch_datetime_operator_2', 'example_branch_datetime_operator_3', 'example_branch_datetime_operator' retrieved from /home/airflow/.local/lib/python3.12/site-packages/airflow/example_dags/example_branch_datetime_operator.py
[2026-08-12T04:42:01.755+0000] {logging_mixin.py:190} INFO - [2026-08-12T04:42:01.755+0000] {dag.py:3211} INFO - Sync 3 DAGs
[2026-08-12T04:42:01.785+0000] {logging_mixin.py:190} INFO - [2026-08-12T04:42:01.785+0000] {dag.py:4138} INFO - Setting next_dagrun for example_branch_datetime_operator to 2026-08-11 00:00:00+00:00, run_after=2026-08-12 00:00:00+00:00
[2026-08-12T04:42:01.792+0000] {logging_mixin.py:190} INFO - [2026-08-12T04:42:01.792+0000] {dag.py:4138} INFO - Setting next_dagrun for example_branch_datetime_operator_2 to 2026-08-11 00:00:00+00:00, run_after=2026-08-12 00:00:00+00:00
[2026-08-12T04:42:01.799+0000] {logging_mixin.py:190} INFO - [2026-08-12T04:42:01.798+0000] {dag.py:4138} INFO - Setting next_dagrun for example_branch_datetime_operator_3 to 2026-08-11 00:00:00+00:00, run_after=2026-08-12 00:00:00+00:00
[2026-08-12T04:42:01.825+0000] {processor.py:208} INFO - Processing /home/airflow/.local/lib/python3.12/site-packages/airflow/example_dags/example_branch_datetime_operator.py took 0.132 seconds
[2026-08-12T04:42:32.928+0000] {processor.py:186} INFO - Started process (PID=883) to work on /home/airflow/.local/lib/python3.12/site-packages/airflow/example_dags/example_branch_datetime_operator.py
[2026-08-12T04:42:32.931+0000] {processor.py:914} INFO - Processing file /home/airflow/.local/lib/python3.12/site-packages/airflow/example_dags/example_branch_datetime_operator.py for tasks to queue
[2026-08-12T04:42:32.937+0000] {logging_mixin.py:190} INFO - [2026-08-12T04:42:32.937+0000] {dagbag.py:587} INFO - Filling up the DagBag from /home/airflow/.local/lib/python3.12/site-packages/airflow/example_dags/example_branch_datetime_operator.py
[2026-08-12T04:42:32.966+0000] {processor.py:925} INFO - DAG(s) 'example_branch_datetime_operator_2', 'example_branch_datetime_operator_3', 'example_branch_datetime_operator' retrieved from /home/airflow/.local/lib/python3.12/site-packages/airflow/example_dags/example_branch_datetime_operator.py
[2026-08-12T04:42:33.017+0000] {logging_mixin.py:190} INFO - [2026-08-12T04:42:33.016+0000] {dag.py:3211} INFO - Sync 3 DAGs
[2026-08-12T04:42:33.080+0000] {logging_mixin.py:190} INFO - [2026-08-12T04:42:33.079+0000] {dag.py:4138} INFO - Setting next_dagrun for example_branch_datetime_operator to 2026-08-11 00:00:00+00:00, run_after=2026-08-12 00:00:00+00:00
[2026-08-12T04:42:33.092+0000] {logging_mixin.py:190} INFO - [2026-08-12T04:42:33.091+0000] {dag.py:4138} INFO - Setting next_dagrun for example_branch_datetime_operator_2 to 2026-08-11 00:00:00+00:00, run_after=2026-08-12 00:00:00+00:00
[2026-08-12T04:42:33.101+0000] {logging_mixin.py:190} INFO - [2026-08-12T04:42:33.100+0000] {dag.py:4138} INFO - Setting next_dagrun for example_branch_datetime_operator_3 to 2026-08-11 00:00:00+00:00, run_after=2026-08-12 00:00:00+00:00
[2026-08-12T04:42:33.141+0000] {processor.py:208} INFO - Processing /home/airflow/.local/lib/python3.12/site-packages/airflow/example_dags/example_branch_datetime_operator.py took 0.226 seconds
[2026-08-12T04:43:04.067+0000] {processor.py:186} INFO - Started process (PID=945) to work on /home/airflow/.local/lib/python3.12/site-packages/airflow/example_dags/example_branch_datetime_operator.py
[2026-08-12T04:43:04.069+0000] {processor.py:914} INFO - Processing file /home/airflow/.local/lib/python3.12/site-packages/airflow/example_dags/example_branch_datetime_operator.py for tasks to queue
[2026-08-12T04:43:04.073+0000] {logging_mixin.py:190} INFO - [2026-08-12T04:43:04.073+0000] {dagbag.py:587} INFO - Filling up the DagBag from /home/airflow/.local/lib/python3.12/site-packages/airflow/example_dags/example_branch_datetime_operator.py
[2026-08-12T04:43:04.089+0000] {processor.py:925} INFO - DAG(s) 'example_branch_datetime_operator', 'example_branch_datetime_operator_3', 'example_branch_datetime_operator_2' retrieved from /home/airflow/.local/lib/python3.12/site-packages/airflow/example_dags/example_branch_datetime_operator.py
[2026-08-12T04:43:04.147+0000] {logging_mixin.py:190} INFO - [2026-08-12T04:43:04.147+0000] {dag.py:3211} INFO - Sync 3 DAGs
[2026-08-12T04:43:04.181+0000] {logging_mixin.py:190} INFO - [2026-08-12T04:43:04.180+0000] {dag.py:4138} INFO - Setting next_dagrun for example_branch_datetime_operator to 2026-08-11 00:00:00+00:00, run_after=2026-08-12 00:00:00+00:00
[2026-08-12T04:43:04.187+0000] {logging_mixin.py:190} INFO - [2026-08-12T04:43:04.187+0000] {dag.py:4138} INFO - Setting next_dagrun for example_branch_datetime_operator_2 to 2026-08-11 00:00:00+00:00, run_after=2026-08-12 00:00:00+00:00
[2026-08-12T04:43:04.191+0000] {logging_mixin.py:190} INFO - [2026-08-12T04:43:04.191+0000] {dag.py:4138} INFO - Setting next_dagrun for example_branch_datetime_operator_3 to 2026-08-11 00:00:00+00:00, run_after=2026-08-12 00:00:00+00:00
[2026-08-12T04:43:04.214+0000] {processor.py:208} INFO - Processing /home/airflow/.local/lib/python3.12/site-packages/airflow/example_dags/example_branch_datetime_operator.py took 0.156 seconds
[2026-08-12T04:43:34.407+0000] {processor.py:186} INFO - Started process (PID=1007) to work on /home/airflow/.local/lib/python3.12/site-packages/airflow/example_dags/example_branch_datetime_operator.py
[2026-08-12T04:43:34.409+0000] {processor.py:914} INFO - Processing file /home/airflow/.local/lib/python3.12/site-packages/airflow/example_dags/example_branch_datetime_operator.py for tasks to queue
[2026-08-12T04:43:34.413+0000] {logging_mixin.py:190} INFO - [2026-08-12T04:43:34.412+0000] {dagbag.py:587} INFO - Filling up the DagBag from /home/airflow/.local/lib/python3.12/site-packages/airflow/example_dags/example_branch_datetime_operator.py
[2026-08-12T04:43:34.427+0000] {processor.py:925} INFO - DAG(s) 'example_branch_datetime_operator', 'example_branch_datetime_operator_3', 'example_branch_datetime_operator_2' retrieved from /home/airflow/.local/lib/python3.12/site-packages/airflow/example_dags/example_branch_datetime_operator.py
[2026-08-12T04:43:34.462+0000] {logging_mixin.py:190} INFO - [2026-08-12T04:43:34.462+0000] {dag.py:3211} INFO - Sync 3 DAGs
[2026-08-12T04:43:34.494+0000] {logging_mixin.py:190} INFO - [2026-08-12T04:43:34.494+0000] {dag.py:4138} INFO - Setting next_dagrun for example_branch_datetime_operator to 2026-08-11 00:00:00+00:00, run_after=2026-08-12 00:00:00+00:00
[2026-08-12T04:43:34.502+0000] {logging_mixin.py:190} INFO - [2026-08-12T04:43:34.502+0000] {dag.py:4138} INFO - Setting next_dagrun for example_branch_datetime_operator_2 to 2026-08-11 00:00:00+00:00, run_after=2026-08-12 00:00:00+00:00
[2026-08-12T04:43:34.507+0000] {logging_mixin.py:190} INFO - [2026-08-12T04:43:34.507+0000] {dag.py:4138} INFO - Setting next_dagrun for example_branch_datetime_operator_3 to 2026-08-11 00:00:00+00:00, run_after=2026-08-12 00:00:00+00:00
[2026-08-12T04:43:34.537+0000] {processor.py:208} INFO - Processing /home/airflow/.local/lib/python3.12/site-packages/airflow/example_dags/example_branch_datetime_operator.py took 0.137 seconds
[2026-08-12T04:44:04.613+0000] {processor.py:186} INFO - Started process (PID=1069) to work on /home/airflow/.local/lib/python3.12/site-packages/airflow/example_dags/example_branch_datetime_operator.py
[2026-08-12T04:44:04.615+0000] {processor.py:914} INFO - Processing file /home/airflow/.local/lib/python3.12/site-packages/airflow/example_dags/example_branch_datetime_operator.py for tasks to queue
[2026-08-12T04:44:04.619+0000] {logging_mixin.py:190} INFO - [2026-08-12T04:44:04.618+0000] {dagbag.py:587} INFO - Filling up the DagBag from /home/airflow/.local/lib/python3.12/site-packages/airflow/example_dags/example_branch_datetime_operator.py
[2026-08-12T04:44:04.639+0000] {processor.py:925} INFO - DAG(s) 'example_branch_datetime_operator_2', 'example_branch_datetime_operator', 'example_branch_datetime_operator_3' retrieved from /home/airflow/.local/lib/python3.12/site-packages/airflow/example_dags/example_branch_datetime_operator.py
[2026-08-12T04:44:04.694+0000] {logging_mixin.py:190} INFO - [2026-08-12T04:44:04.693+0000] {dag.py:3211} INFO - Sync 3 DAGs
[2026-08-12T04:44:04.729+0000] {logging_mixin.py:190} INFO - [2026-08-12T04:44:04.728+0000] {dag.py:4138} INFO - Setting next_dagrun for example_branch_datetime_operator to 2026-08-11 00:00:00+00:00, run_after=2026-08-12 00:00:00+00:00
[2026-08-12T04:44:04.738+0000] {logging_mixin.py:190} INFO - [2026-08-12T04:44:04.738+0000] {dag.py:4138} INFO - Setting next_dagrun for example_branch_datetime_operator_2 to 2026-08-11 00:00:00+00:00, run_after=2026-08-12 00:00:00+00:00
[2026-08-12T04:44:04.745+0000] {logging_mixin.py:190} INFO - [2026-08-12T04:44:04.744+0000] {dag.py:4138} INFO - Setting next_dagrun for example_branch_datetime_operator_3 to 2026-08-11 00:00:00+00:00, run_after=2026-08-12 00:00:00+00:00
[2026-08-12T04:44:04.772+0000] {processor.py:208} INFO - Processing /home/airflow/.local/lib/python3.12/site-packages/airflow/example_dags/example_branch_datetime_operator.py took 0.169 seconds
[2026-08-12T04:44:34.958+0000] {processor.py:186} INFO - Started process (PID=1131) to work on /home/airflow/.local/lib/python3.12/site-packages/airflow/example_dags/example_branch_datetime_operator.py
[2026-08-12T04:44:34.960+0000] {processor.py:914} INFO - Processing file /home/airflow/.local/lib/python3.12/site-packages/airflow/example_dags/example_branch_datetime_operator.py for tasks to queue
[2026-08-12T04:44:34.965+0000] {logging_mixin.py:190} INFO - [2026-08-12T04:44:34.964+0000] {dagbag.py:587} INFO - Filling up the DagBag from /home/airflow/.local/lib/python3.12/site-packages/airflow/example_dags/example_branch_datetime_operator.py
[2026-08-12T04:44:34.981+0000] {processor.py:925} INFO - DAG(s) 'example_branch_datetime_operator_2', 'example_branch_datetime_operator', 'example_branch_datetime_operator_3' retrieved from /home/airflow/.local/lib/python3.12/site-packages/airflow/example_dags/example_branch_datetime_operator.py
[2026-08-12T04:44:35.018+0000] {logging_mixin.py:190} INFO - [2026-08-12T04:44:35.017+0000] {dag.py:3211} INFO - Sync 3 DAGs
[2026-08-12T04:44:35.053+0000] {logging_mixin.py:190} INFO - [2026-08-12T04:44:35.053+0000] {dag.py:4138} INFO - Setting next_dagrun for example_branch_datetime_operator to 2026-08-11 00:00:00+00:00, run_after=2026-08-12 00:00:00+00:00
[2026-08-12T04:44:35.061+0000] {logging_mixin.py:190} INFO - [2026-08-12T04:44:35.061+0000] {dag.py:4138} INFO - Setting next_dagrun for example_branch_datetime_operator_2 to 2026-08-11 00:00:00+00:00, run_after=2026-08-12 00:00:00+00:00
[2026-08-12T04:44:35.067+0000] {logging_mixin.py:190} INFO - [2026-08-12T04:44:35.067+0000] {dag.py:4138} INFO - Setting next_dagrun for example_branch_datetime_operator_3 to 2026-08-11 00:00:00+00:00, run_after=2026-08-12 00:00:00+00:00
[2026-08-12T04:44:35.096+0000] {processor.py:208} INFO - Processing /home/airflow/.local/lib/python3.12/site-packages/airflow/example_dags/example_branch_datetime_operator.py took 0.146 seconds
[2026-08-12T04:45:05.843+0000] {processor.py:186} INFO - Started process (PID=1194) to work on /home/airflow/.local/lib/python3.12/site-packages/airflow/example_dags/example_branch_datetime_operator.py
[2026-08-12T04:45:05.847+0000] {processor.py:914} INFO - Processing file /home/airflow/.local/lib/python3.12/site-packages/airflow/example_dags/example_branch_datetime_operator.py for tasks to queue
[2026-08-12T04:45:05.851+0000] {logging_mixin.py:190} INFO - [2026-08-12T04:45:05.851+0000] {dagbag.py:587} INFO - Filling up the DagBag from /home/airflow/.local/lib/python3.12/site-packages/airflow/example_dags/example_branch_datetime_operator.py
[2026-08-12T04:45:05.872+0000] {processor.py:925} INFO - DAG(s) 'example_branch_datetime_operator', 'example_branch_datetime_operator_2', 'example_branch_datetime_operator_3' retrieved from /home/airflow/.local/lib/python3.12/site-packages/airflow/example_dags/example_branch_datetime_operator.py
[2026-08-12T04:45:05.914+0000] {logging_mixin.py:190} INFO - [2026-08-12T04:45:05.914+0000] {dag.py:3211} INFO - Sync 3 DAGs
[2026-08-12T04:45:05.951+0000] {logging_mixin.py:190} INFO - [2026-08-12T04:45:05.950+0000] {dag.py:4138} INFO - Setting next_dagrun for example_branch_datetime_operator to 2026-08-11 00:00:00+00:00, run_after=2026-08-12 00:00:00+00:00
[2026-08-12T04:45:05.963+0000] {logging_mixin.py:190} INFO - [2026-08-12T04:45:05.963+0000] {dag.py:4138} INFO - Setting next_dagrun for example_branch_datetime_operator_2 to 2026-08-11 00:00:00+00:00, run_after=2026-08-12 00:00:00+00:00
[2026-08-12T04:45:05.969+0000] {logging_mixin.py:190} INFO - [2026-08-12T04:45:05.969+0000] {dag.py:4138} INFO - Setting next_dagrun for example_branch_datetime_operator_3 to 2026-08-11 00:00:00+00:00, run_after=2026-08-12 00:00:00+00:00
[2026-08-12T04:45:06.000+0000] {processor.py:208} INFO - Processing /home/airflow/.local/lib/python3.12/site-packages/airflow/example_dags/example_branch_datetime_operator.py took 0.164 seconds
[2026-08-12T04:45:36.075+0000] {processor.py:186} INFO - Started process (PID=1255) to work on /home/airflow/.local/lib/python3.12/site-packages/airflow/example_dags/example_branch_datetime_operator.py
[2026-08-12T04:45:36.079+0000] {processor.py:914} INFO - Processing file /home/airflow/.local/lib/python3.12/site-packages/airflow/example_dags/example_branch_datetime_operator.py for tasks to queue
[2026-08-12T04:45:36.084+0000] {logging_mixin.py:190} INFO - [2026-08-12T04:45:36.083+0000] {dagbag.py:587} INFO - Filling up the DagBag from /home/airflow/.local/lib/python3.12/site-packages/airflow/example_dags/example_branch_datetime_operator.py
[2026-08-12T04:45:36.103+0000] {processor.py:925} INFO - DAG(s) 'example_branch_datetime_operator_2', 'example_branch_datetime_operator', 'example_branch_datetime_operator_3' retrieved from /home/airflow/.local/lib/python3.12/site-packages/airflow/example_dags/example_branch_datetime_operator.py
[2026-08-12T04:45:36.140+0000] {logging_mixin.py:190} INFO - [2026-08-12T04:45:36.140+0000] {dag.py:3211} INFO - Sync 3 DAGs
[2026-08-12T04:45:36.172+0000] {logging_mixin.py:190} INFO - [2026-08-12T04:45:36.172+0000] {dag.py:4138} INFO - Setting next_dagrun for example_branch_datetime_operator to 2026-08-11 00:00:00+00:00, run_after=2026-08-12 00:00:00+00:00
[2026-08-12T04:45:36.180+0000] {logging_mixin.py:190} INFO - [2026-08-12T04:45:36.180+0000] {dag.py:4138} INFO - Setting next_dagrun for example_branch_datetime_operator_2 to 2026-08-11 00:00:00+00:00, run_after=2026-08-12 00:00:00+00:00
[2026-08-12T04:45:36.183+0000] {logging_mixin.py:190} INFO - [2026-08-12T04:45:36.183+0000] {dag.py:4138} INFO - Setting next_dagrun for example_branch_datetime_operator_3 to 2026-08-11 00:00:00+00:00, run_after=2026-08-12 00:00:00+00:00
[2026-08-12T04:45:36.215+0000] {processor.py:208} INFO - Processing /home/airflow/.local/lib/python3.12/site-packages/airflow/example_dags/example_branch_datetime_operator.py took 0.149 seconds
[2026-08-12T04:46:07.105+0000] {processor.py:186} INFO - Started process (PID=1318) to work on /home/airflow/.local/lib/python3.12/site-packages/airflow/example_dags/example_branch_datetime_operator.py
[2026-08-12T04:46:07.107+0000] {processor.py:914} INFO - Processing file /home/airflow/.local/lib/python3.12/site-packages/airflow/example_dags/example_branch_datetime_operator.py for tasks to queue
[2026-08-12T04:46:07.111+0000] {logging_mixin.py:190} INFO - [2026-08-12T04:46:07.111+0000] {dagbag.py:587} INFO - Filling up the DagBag from /home/airflow/.local/lib/python3.12/site-packages/airflow/example_dags/example_branch_datetime_operator.py
[2026-08-12T04:46:07.129+0000] {processor.py:925} INFO - DAG(s) 'example_branch_datetime_operator_3', 'example_branch_datetime_operator', 'example_branch_datetime_operator_2' retrieved from /home/airflow/.local/lib/python3.12/site-packages/airflow/example_dags/example_branch_datetime_operator.py
[2026-08-12T04:46:07.172+0000] {logging_mixin.py:190} INFO - [2026-08-12T04:46:07.171+0000] {dag.py:3211} INFO - Sync 3 DAGs
[2026-08-12T04:46:07.207+0000] {logging_mixin.py:190} INFO - [2026-08-12T04:46:07.207+0000] {dag.py:4138} INFO - Setting next_dagrun for example_branch_datetime_operator to 2026-08-11 00:00:00+00:00, run_after=2026-08-12 00:00:00+00:00
[2026-08-12T04:46:07.216+0000] {logging_mixin.py:190} INFO - [2026-08-12T04:46:07.215+0000] {dag.py:4138} INFO - Setting next_dagrun for example_branch_datetime_operator_2 to 2026-08-11 00:00:00+00:00, run_after=2026-08-12 00:00:00+00:00
[2026-08-12T04:46:07.220+0000] {logging_mixin.py:190} INFO - [2026-08-12T04:46:07.219+0000] {dag.py:4138} INFO - Setting next_dagrun for example_branch_datetime_operator_3 to 2026-08-11 00:00:00+00:00, run_after=2026-08-12 00:00:00+00:00
[2026-08-12T04:46:07.248+0000] {processor.py:208} INFO - Processing /home/airflow/.local/lib/python3.12/site-packages/airflow/example_dags/example_branch_datetime_operator.py took 0.152 seconds
[2026-08-12T04:46:37.678+0000] {processor.py:186} INFO - Started process (PID=1380) to work on /home/airflow/.local/lib/python3.12/site-packages/airflow/example_dags/example_branch_datetime_operator.py
[2026-08-12T04:46:37.680+0000] {processor.py:914} INFO - Processing file /home/airflow/.local/lib/python3.12/site-packages/airflow/example_dags/example_branch_datetime_operator.py for tasks to queue
[2026-08-12T04:46:37.684+0000] {logging_mixin.py:190} INFO - [2026-08-12T04:46:37.684+0000] {dagbag.py:587} INFO - Filling up the DagBag from /home/airflow/.local/lib/python3.12/site-packages/airflow/example_dags/example_branch_datetime_operator.py
[2026-08-12T04:46:37.697+0000] {processor.py:925} INFO - DAG(s) 'example_branch_datetime_operator_2', 'example_branch_datetime_operator', 'example_branch_datetime_operator_3' retrieved from /home/airflow/.local/lib/python3.12/site-packages/airflow/example_dags/example_branch_datetime_operator.py
[2026-08-12T04:46:37.736+0000] {logging_mixin.py:190} INFO - [2026-08-12T04:46:37.736+0000] {dag.py:3211} INFO - Sync 3 DAGs
[2026-08-12T04:46:37.769+0000] {logging_mixin.py:190} INFO - [2026-08-12T04:46:37.769+0000] {dag.py:4138} INFO - Setting next_dagrun for example_branch_datetime_operator to 2026-08-11 00:00:00+00:00, run_after=2026-08-12 00:00:00+00:00
[2026-08-12T04:46:37.776+0000] {logging_mixin.py:190} INFO - [2026-08-12T04:46:37.775+0000] {dag.py:4138} INFO - Setting next_dagrun for example_branch_datetime_operator_2 to 2026-08-11 00:00:00+00:00, run_after=2026-08-12 00:00:00+00:00
[2026-08-12T04:46:37.781+0000] {logging_mixin.py:190} INFO - [2026-08-12T04:46:37.780+0000] {dag.py:4138} INFO - Setting next_dagrun for example_branch_datetime_operator_3 to 2026-08-11 00:00:00+00:00, run_after=2026-08-12 00:00:00+00:00
[2026-08-12T04:46:37.801+0000] {processor.py:208} INFO - Processing /home/airflow/.local/lib/python3.12/site-packages/airflow/example_dags/example_branch_datetime_operator.py took 0.131 seconds
[2026-08-12T04:47:08.642+0000] {processor.py:186} INFO - Started process (PID=1442) to work on /home/airflow/.local/lib/python3.12/site-packages/airflow/example_dags/example_branch_datetime_operator.py
[2026-08-12T04:47:08.644+0000] {processor.py:914} INFO - Processing file /home/airflow/.local/lib/python3.12/site-packages/airflow/example_dags/example_branch_datetime_operator.py for tasks to queue
[2026-08-12T04:47:08.648+0000] {logging_mixin.py:190} INFO - [2026-08-12T04:47:08.648+0000] {dagbag.py:587} INFO - Filling up the DagBag from /home/airflow/.local/lib/python3.12/site-packages/airflow/example_dags/example_branch_datetime_operator.py
[2026-08-12T04:47:08.666+0000] {processor.py:925} INFO - DAG(s) 'example_branch_datetime_operator', 'example_branch_datetime_operator_3', 'example_branch_datetime_operator_2' retrieved from /home/airflow/.local/lib/python3.12/site-packages/airflow/example_dags/example_branch_datetime_operator.py
[2026-08-12T04:47:08.700+0000] {logging_mixin.py:190} INFO - [2026-08-12T04:47:08.700+0000] {dag.py:3211} INFO - Sync 3 DAGs
[2026-08-12T04:47:08.729+0000] {logging_mixin.py:190} INFO - [2026-08-12T04:47:08.729+0000] {dag.py:4138} INFO - Setting next_dagrun for example_branch_datetime_operator to 2026-08-11 00:00:00+00:00, run_after=2026-08-12 00:00:00+00:00
[2026-08-12T04:47:08.735+0000] {logging_mixin.py:190} INFO - [2026-08-12T04:47:08.735+0000] {dag.py:4138} INFO - Setting next_dagrun for example_branch_datetime_operator_2 to 2026-08-11 00:00:00+00:00, run_after=2026-08-12 00:00:00+00:00
[2026-08-12T04:47:08.738+0000] {logging_mixin.py:190} INFO - [2026-08-12T04:47:08.738+0000] {dag.py:4138} INFO - Setting next_dagrun for example_branch_datetime_operator_3 to 2026-08-11 00:00:00+00:00, run_after=2026-08-12 00:00:00+00:00
[2026-08-12T04:47:08.759+0000] {processor.py:208} INFO - Processing /home/airflow/.local/lib/python3.12/site-packages/airflow/example_dags/example_branch_datetime_operator.py took 0.126 seconds
