[2026-08-12T04:31:47.563+0000] {processor.py:186} INFO - Started process (PID=70) to work on /home/airflow/.local/lib/python3.12/site-packages/airflow/example_dags/example_external_task_marker_dag.py
[2026-08-12T04:31:47.566+0000] {processor.py:914} INFO - Processing file /home/airflow/.local/lib/python3.12/site-packages/airflow/example_dags/example_external_task_marker_dag.py for tasks to queue
[2026-08-12T04:31:47.570+0000] {logging_mixin.py:190} INFO - [2026-08-12T04:31:47.570+0000] {dagbag.py:587} INFO - Filling up the DagBag from /home/airflow/.local/lib/python3.12/site-packages/airflow/example_dags/example_external_task_marker_dag.py
[2026-08-12T04:31:47.589+0000] {processor.py:925} INFO - DAG(s) 'example_external_task_marker_child', 'example_external_task_marker_parent' retrieved from /home/airflow/.local/lib/python3.12/site-packages/airflow/example_dags/example_external_task_marker_dag.py
[2026-08-12T04:31:47.815+0000] {logging_mixin.py:190} INFO - [2026-08-12T04:31:47.813+0000] {override.py:1858} INFO - Created Permission View: can edit on DAG:example_external_task_marker_child
[2026-08-12T04:31:47.834+0000] {logging_mixin.py:190} INFO - [2026-08-12T04:31:47.834+0000] {override.py:1858} INFO - Created Permission View: can read on DAG:example_external_task_marker_child
[2026-08-12T04:31:47.850+0000] {logging_mixin.py:190} INFO - [2026-08-12T04:31:47.849+0000] {override.py:1858} INFO - Created Permission View: can delete on DAG:example_external_task_marker_child
[2026-08-12T04:31:47.873+0000] {logging_mixin.py:190} INFO - [2026-08-12T04:31:47.873+0000] {override.py:1858} INFO - Created Permission View: can edit on DAG:example_external_task_marker_parent
[2026-08-12T04:31:47.889+0000] {logging_mixin.py:190} INFO - [2026-08-12T04:31:47.888+0000] {override.py:1858} INFO - Created Permission View: can read on DAG:example_external_task_marker_parent
[2026-08-12T04:31:47.902+0000] {logging_mixin.py:190} INFO - [2026-08-12T04:31:47.902+0000] {override.py:1858} INFO - Created Permission View: can delete on DAG:example_external_task_marker_parent
[2026-08-12T04:31:47.904+0000] {logging_mixin.py:190} INFO - [2026-08-12T04:31:47.904+0000] {dag.py:3211} INFO - Sync 2 DAGs
[2026-08-12T04:31:47.927+0000] {logging_mixin.py:190} INFO - [2026-08-12T04:31:47.927+0000] {dag.py:3234} INFO - Creating ORM DAG for example_external_task_marker_parent
[2026-08-12T04:31:47.931+0000] {logging_mixin.py:190} INFO - [2026-08-12T04:31:47.930+0000] {dag.py:3234} INFO - Creating ORM DAG for example_external_task_marker_child
[2026-08-12T04:31:47.933+0000] {logging_mixin.py:190} INFO - [2026-08-12T04:31:47.933+0000] {dag.py:4138} INFO - Setting next_dagrun for example_external_task_marker_child to None, run_after=None
[2026-08-12T04:31:47.936+0000] {logging_mixin.py:190} INFO - [2026-08-12T04:31:47.935+0000] {dag.py:4138} INFO - Setting next_dagrun for example_external_task_marker_parent to None, run_after=None
[2026-08-12T04:31:47.970+0000] {processor.py:208} INFO - Processing /home/airflow/.local/lib/python3.12/site-packages/airflow/example_dags/example_external_task_marker_dag.py took 0.416 seconds
[2026-08-12T04:32:18.071+0000] {processor.py:186} INFO - Started process (PID=133) to work on /home/airflow/.local/lib/python3.12/site-packages/airflow/example_dags/example_external_task_marker_dag.py
[2026-08-12T04:32:18.072+0000] {processor.py:914} INFO - Processing file /home/airflow/.local/lib/python3.12/site-packages/airflow/example_dags/example_external_task_marker_dag.py for tasks to queue
[2026-08-12T04:32:18.077+0000] {logging_mixin.py:190} INFO - [2026-08-12T04:32:18.077+0000] {dagbag.py:587} INFO - Filling up the DagBag from /home/airflow/.local/lib/python3.12/site-packages/airflow/example_dags/example_external_task_marker_dag.py
[2026-08-12T04:32:18.090+0000] {processor.py:925} INFO - DAG(s) 'example_external_task_marker_parent', 'example_external_task_marker_child' retrieved from /home/airflow/.local/lib/python3.12/site-packages/airflow/example_dags/example_external_task_marker_dag.py
[2026-08-12T04:32:18.124+0000] {logging_mixin.py:190} INFO - [2026-08-12T04:32:18.123+0000] {dag.py:3211} INFO - Sync 2 DAGs
[2026-08-12T04:32:18.140+0000] {logging_mixin.py:190} INFO - [2026-08-12T04:32:18.139+0000] {dag.py:4138} INFO - Setting next_dagrun for example_external_task_marker_child to None, run_after=None
[2026-08-12T04:32:18.149+0000] {logging_mixin.py:190} INFO - [2026-08-12T04:32:18.148+0000] {dag.py:4138} INFO - Setting next_dagrun for example_external_task_marker_parent to None, run_after=None
[2026-08-12T04:32:18.171+0000] {processor.py:208} INFO - Processing /home/airflow/.local/lib/python3.12/site-packages/airflow/example_dags/example_external_task_marker_dag.py took 0.107 seconds
[2026-08-12T04:32:48.309+0000] {processor.py:186} INFO - Started process (PID=196) to work on /home/airflow/.local/lib/python3.12/site-packages/airflow/example_dags/example_external_task_marker_dag.py
[2026-08-12T04:32:48.312+0000] {processor.py:914} INFO - Processing file /home/airflow/.local/lib/python3.12/site-packages/airflow/example_dags/example_external_task_marker_dag.py for tasks to queue
[2026-08-12T04:32:48.316+0000] {logging_mixin.py:190} INFO - [2026-08-12T04:32:48.316+0000] {dagbag.py:587} INFO - Filling up the DagBag from /home/airflow/.local/lib/python3.12/site-packages/airflow/example_dags/example_external_task_marker_dag.py
[2026-08-12T04:32:48.329+0000] {processor.py:925} INFO - DAG(s) 'example_external_task_marker_child', 'example_external_task_marker_parent' retrieved from /home/airflow/.local/lib/python3.12/site-packages/airflow/example_dags/example_external_task_marker_dag.py
[2026-08-12T04:32:48.359+0000] {logging_mixin.py:190} INFO - [2026-08-12T04:32:48.359+0000] {dag.py:3211} INFO - Sync 2 DAGs
[2026-08-12T04:32:48.381+0000] {logging_mixin.py:190} INFO - [2026-08-12T04:32:48.380+0000] {dag.py:4138} INFO - Setting next_dagrun for example_external_task_marker_child to None, run_after=None
[2026-08-12T04:32:48.387+0000] {logging_mixin.py:190} INFO - [2026-08-12T04:32:48.386+0000] {dag.py:4138} INFO - Setting next_dagrun for example_external_task_marker_parent to None, run_after=None
[2026-08-12T04:32:48.411+0000] {processor.py:208} INFO - Processing /home/airflow/.local/lib/python3.12/site-packages/airflow/example_dags/example_external_task_marker_dag.py took 0.109 seconds
[2026-08-12T04:33:19.443+0000] {processor.py:186} INFO - Started process (PID=258) to work on /home/airflow/.local/lib/python3.12/site-packages/airflow/example_dags/example_external_task_marker_dag.py
[2026-08-12T04:33:19.448+0000] {processor.py:914} INFO - Processing file /home/airflow/.local/lib/python3.12/site-packages/airflow/example_dags/example_external_task_marker_dag.py for tasks to queue
[2026-08-12T04:33:19.454+0000] {logging_mixin.py:190} INFO - [2026-08-12T04:33:19.454+0000] {dagbag.py:587} INFO - Filling up the DagBag from /home/airflow/.local/lib/python3.12/site-packages/airflow/example_dags/example_external_task_marker_dag.py
[2026-08-12T04:33:19.469+0000] {processor.py:925} INFO - DAG(s) 'example_external_task_marker_child', 'example_external_task_marker_parent' retrieved from /home/airflow/.local/lib/python3.12/site-packages/airflow/example_dags/example_external_task_marker_dag.py
[2026-08-12T04:33:19.515+0000] {logging_mixin.py:190} INFO - [2026-08-12T04:33:19.514+0000] {dag.py:3211} INFO - Sync 2 DAGs
[2026-08-12T04:33:19.547+0000] {logging_mixin.py:190} INFO - [2026-08-12T04:33:19.546+0000] {dag.py:4138} INFO - Setting next_dagrun for example_external_task_marker_child to None, run_after=None
[2026-08-12T04:33:19.555+0000] {logging_mixin.py:190} INFO - [2026-08-12T04:33:19.554+0000] {dag.py:4138} INFO - Setting next_dagrun for example_external_task_marker_parent to None, run_after=None
[2026-08-12T04:33:19.594+0000] {processor.py:208} INFO - Processing /home/airflow/.local/lib/python3.12/site-packages/airflow/example_dags/example_external_task_marker_dag.py took 0.161 seconds
[2026-08-12T04:33:49.743+0000] {processor.py:186} INFO - Started process (PID=320) to work on /home/airflow/.local/lib/python3.12/site-packages/airflow/example_dags/example_external_task_marker_dag.py
[2026-08-12T04:33:49.746+0000] {processor.py:914} INFO - Processing file /home/airflow/.local/lib/python3.12/site-packages/airflow/example_dags/example_external_task_marker_dag.py for tasks to queue
[2026-08-12T04:33:49.752+0000] {logging_mixin.py:190} INFO - [2026-08-12T04:33:49.751+0000] {dagbag.py:587} INFO - Filling up the DagBag from /home/airflow/.local/lib/python3.12/site-packages/airflow/example_dags/example_external_task_marker_dag.py
[2026-08-12T04:33:49.765+0000] {processor.py:925} INFO - DAG(s) 'example_external_task_marker_child', 'example_external_task_marker_parent' retrieved from /home/airflow/.local/lib/python3.12/site-packages/airflow/example_dags/example_external_task_marker_dag.py
[2026-08-12T04:33:49.802+0000] {logging_mixin.py:190} INFO - [2026-08-12T04:33:49.802+0000] {dag.py:3211} INFO - Sync 2 DAGs
[2026-08-12T04:33:49.824+0000] {logging_mixin.py:190} INFO - [2026-08-12T04:33:49.823+0000] {dag.py:4138} INFO - Setting next_dagrun for example_external_task_marker_child to None, run_after=None
[2026-08-12T04:33:49.829+0000] {logging_mixin.py:190} INFO - [2026-08-12T04:33:49.829+0000] {dag.py:4138} INFO - Setting next_dagrun for example_external_task_marker_parent to None, run_after=None
[2026-08-12T04:33:49.859+0000] {processor.py:208} INFO - Processing /home/airflow/.local/lib/python3.12/site-packages/airflow/example_dags/example_external_task_marker_dag.py took 0.122 seconds
[2026-08-12T04:34:20.638+0000] {processor.py:186} INFO - Started process (PID=382) to work on /home/airflow/.local/lib/python3.12/site-packages/airflow/example_dags/example_external_task_marker_dag.py
[2026-08-12T04:34:20.640+0000] {processor.py:914} INFO - Processing file /home/airflow/.local/lib/python3.12/site-packages/airflow/example_dags/example_external_task_marker_dag.py for tasks to queue
[2026-08-12T04:34:20.644+0000] {logging_mixin.py:190} INFO - [2026-08-12T04:34:20.644+0000] {dagbag.py:587} INFO - Filling up the DagBag from /home/airflow/.local/lib/python3.12/site-packages/airflow/example_dags/example_external_task_marker_dag.py
[2026-08-12T04:34:20.659+0000] {processor.py:925} INFO - DAG(s) 'example_external_task_marker_parent', 'example_external_task_marker_child' retrieved from /home/airflow/.local/lib/python3.12/site-packages/airflow/example_dags/example_external_task_marker_dag.py
[2026-08-12T04:34:20.693+0000] {logging_mixin.py:190} INFO - [2026-08-12T04:34:20.692+0000] {dag.py:3211} INFO - Sync 2 DAGs
[2026-08-12T04:34:20.713+0000] {logging_mixin.py:190} INFO - [2026-08-12T04:34:20.713+0000] {dag.py:4138} INFO - Setting next_dagrun for example_external_task_marker_child to None, run_after=None
[2026-08-12T04:34:20.722+0000] {logging_mixin.py:190} INFO - [2026-08-12T04:34:20.722+0000] {dag.py:4138} INFO - Setting next_dagrun for example_external_task_marker_parent to None, run_after=None
[2026-08-12T04:34:20.747+0000] {processor.py:208} INFO - Processing /home/airflow/.local/lib/python3.12/site-packages/airflow/example_dags/example_external_task_marker_dag.py took 0.117 seconds
[2026-08-12T04:35:52.915+0000] {processor.py:186} INFO - Started process (PID=70) to work on /home/airflow/.local/lib/python3.12/site-packages/airflow/example_dags/example_external_task_marker_dag.py
[2026-08-12T04:35:52.932+0000] {processor.py:914} INFO - Processing file /home/airflow/.local/lib/python3.12/site-packages/airflow/example_dags/example_external_task_marker_dag.py for tasks to queue
[2026-08-12T04:35:52.941+0000] {logging_mixin.py:190} INFO - [2026-08-12T04:35:52.940+0000] {dagbag.py:587} INFO - Filling up the DagBag from /home/airflow/.local/lib/python3.12/site-packages/airflow/example_dags/example_external_task_marker_dag.py
[2026-08-12T04:35:53.011+0000] {processor.py:925} INFO - DAG(s) 'example_external_task_marker_child', 'example_external_task_marker_parent' retrieved from /home/airflow/.local/lib/python3.12/site-packages/airflow/example_dags/example_external_task_marker_dag.py
[2026-08-12T04:35:53.107+0000] {logging_mixin.py:190} INFO - [2026-08-12T04:35:53.106+0000] {dag.py:3211} INFO - Sync 2 DAGs
[2026-08-12T04:35:53.174+0000] {logging_mixin.py:190} INFO - [2026-08-12T04:35:53.173+0000] {dag.py:4138} INFO - Setting next_dagrun for example_external_task_marker_child to None, run_after=None
[2026-08-12T04:35:53.186+0000] {logging_mixin.py:190} INFO - [2026-08-12T04:35:53.185+0000] {dag.py:4138} INFO - Setting next_dagrun for example_external_task_marker_parent to None, run_after=None
[2026-08-12T04:35:53.234+0000] {processor.py:208} INFO - Processing /home/airflow/.local/lib/python3.12/site-packages/airflow/example_dags/example_external_task_marker_dag.py took 0.338 seconds
[2026-08-12T04:36:23.357+0000] {processor.py:186} INFO - Started process (PID=132) to work on /home/airflow/.local/lib/python3.12/site-packages/airflow/example_dags/example_external_task_marker_dag.py
[2026-08-12T04:36:23.359+0000] {processor.py:914} INFO - Processing file /home/airflow/.local/lib/python3.12/site-packages/airflow/example_dags/example_external_task_marker_dag.py for tasks to queue
[2026-08-12T04:36:23.363+0000] {logging_mixin.py:190} INFO - [2026-08-12T04:36:23.362+0000] {dagbag.py:587} INFO - Filling up the DagBag from /home/airflow/.local/lib/python3.12/site-packages/airflow/example_dags/example_external_task_marker_dag.py
[2026-08-12T04:36:23.382+0000] {processor.py:925} INFO - DAG(s) 'example_external_task_marker_child', 'example_external_task_marker_parent' retrieved from /home/airflow/.local/lib/python3.12/site-packages/airflow/example_dags/example_external_task_marker_dag.py
[2026-08-12T04:36:23.417+0000] {logging_mixin.py:190} INFO - [2026-08-12T04:36:23.417+0000] {dag.py:3211} INFO - Sync 2 DAGs
[2026-08-12T04:36:23.452+0000] {logging_mixin.py:190} INFO - [2026-08-12T04:36:23.451+0000] {dag.py:4138} INFO - Setting next_dagrun for example_external_task_marker_child to None, run_after=None
[2026-08-12T04:36:23.458+0000] {logging_mixin.py:190} INFO - [2026-08-12T04:36:23.458+0000] {dag.py:4138} INFO - Setting next_dagrun for example_external_task_marker_parent to None, run_after=None
[2026-08-12T04:36:23.483+0000] {processor.py:208} INFO - Processing /home/airflow/.local/lib/python3.12/site-packages/airflow/example_dags/example_external_task_marker_dag.py took 0.137 seconds
[2026-08-12T04:36:53.992+0000] {processor.py:186} INFO - Started process (PID=194) to work on /home/airflow/.local/lib/python3.12/site-packages/airflow/example_dags/example_external_task_marker_dag.py
[2026-08-12T04:36:53.994+0000] {processor.py:914} INFO - Processing file /home/airflow/.local/lib/python3.12/site-packages/airflow/example_dags/example_external_task_marker_dag.py for tasks to queue
[2026-08-12T04:36:53.996+0000] {logging_mixin.py:190} INFO - [2026-08-12T04:36:53.996+0000] {dagbag.py:587} INFO - Filling up the DagBag from /home/airflow/.local/lib/python3.12/site-packages/airflow/example_dags/example_external_task_marker_dag.py
[2026-08-12T04:36:54.011+0000] {processor.py:925} INFO - DAG(s) 'example_external_task_marker_parent', 'example_external_task_marker_child' retrieved from /home/airflow/.local/lib/python3.12/site-packages/airflow/example_dags/example_external_task_marker_dag.py
[2026-08-12T04:36:54.045+0000] {logging_mixin.py:190} INFO - [2026-08-12T04:36:54.044+0000] {dag.py:3211} INFO - Sync 2 DAGs
[2026-08-12T04:36:54.062+0000] {logging_mixin.py:190} INFO - [2026-08-12T04:36:54.062+0000] {dag.py:4138} INFO - Setting next_dagrun for example_external_task_marker_child to None, run_after=None
[2026-08-12T04:36:54.071+0000] {logging_mixin.py:190} INFO - [2026-08-12T04:36:54.071+0000] {dag.py:4138} INFO - Setting next_dagrun for example_external_task_marker_parent to None, run_after=None
[2026-08-12T04:36:54.099+0000] {processor.py:208} INFO - Processing /home/airflow/.local/lib/python3.12/site-packages/airflow/example_dags/example_external_task_marker_dag.py took 0.114 seconds
[2026-08-12T04:37:24.272+0000] {processor.py:186} INFO - Started process (PID=256) to work on /home/airflow/.local/lib/python3.12/site-packages/airflow/example_dags/example_external_task_marker_dag.py
[2026-08-12T04:37:24.274+0000] {processor.py:914} INFO - Processing file /home/airflow/.local/lib/python3.12/site-packages/airflow/example_dags/example_external_task_marker_dag.py for tasks to queue
[2026-08-12T04:37:24.280+0000] {logging_mixin.py:190} INFO - [2026-08-12T04:37:24.280+0000] {dagbag.py:587} INFO - Filling up the DagBag from /home/airflow/.local/lib/python3.12/site-packages/airflow/example_dags/example_external_task_marker_dag.py
[2026-08-12T04:37:24.292+0000] {processor.py:925} INFO - DAG(s) 'example_external_task_marker_child', 'example_external_task_marker_parent' retrieved from /home/airflow/.local/lib/python3.12/site-packages/airflow/example_dags/example_external_task_marker_dag.py
[2026-08-12T04:37:24.330+0000] {logging_mixin.py:190} INFO - [2026-08-12T04:37:24.329+0000] {dag.py:3211} INFO - Sync 2 DAGs
[2026-08-12T04:37:24.359+0000] {logging_mixin.py:190} INFO - [2026-08-12T04:37:24.358+0000] {dag.py:4138} INFO - Setting next_dagrun for example_external_task_marker_child to None, run_after=None
[2026-08-12T04:37:24.365+0000] {logging_mixin.py:190} INFO - [2026-08-12T04:37:24.365+0000] {dag.py:4138} INFO - Setting next_dagrun for example_external_task_marker_parent to None, run_after=None
[2026-08-12T04:37:24.397+0000] {processor.py:208} INFO - Processing /home/airflow/.local/lib/python3.12/site-packages/airflow/example_dags/example_external_task_marker_dag.py took 0.137 seconds
[2026-08-12T04:37:54.707+0000] {processor.py:186} INFO - Started process (PID=318) to work on /home/airflow/.local/lib/python3.12/site-packages/airflow/example_dags/example_external_task_marker_dag.py
[2026-08-12T04:37:54.709+0000] {processor.py:914} INFO - Processing file /home/airflow/.local/lib/python3.12/site-packages/airflow/example_dags/example_external_task_marker_dag.py for tasks to queue
[2026-08-12T04:37:54.715+0000] {logging_mixin.py:190} INFO - [2026-08-12T04:37:54.714+0000] {dagbag.py:587} INFO - Filling up the DagBag from /home/airflow/.local/lib/python3.12/site-packages/airflow/example_dags/example_external_task_marker_dag.py
[2026-08-12T04:37:54.728+0000] {processor.py:925} INFO - DAG(s) 'example_external_task_marker_parent', 'example_external_task_marker_child' retrieved from /home/airflow/.local/lib/python3.12/site-packages/airflow/example_dags/example_external_task_marker_dag.py
[2026-08-12T04:37:54.763+0000] {logging_mixin.py:190} INFO - [2026-08-12T04:37:54.762+0000] {dag.py:3211} INFO - Sync 2 DAGs
[2026-08-12T04:37:54.792+0000] {logging_mixin.py:190} INFO - [2026-08-12T04:37:54.792+0000] {dag.py:4138} INFO - Setting next_dagrun for example_external_task_marker_child to None, run_after=None
[2026-08-12T04:37:54.798+0000] {logging_mixin.py:190} INFO - [2026-08-12T04:37:54.797+0000] {dag.py:4138} INFO - Setting next_dagrun for example_external_task_marker_parent to None, run_after=None
[2026-08-12T04:37:54.829+0000] {processor.py:208} INFO - Processing /home/airflow/.local/lib/python3.12/site-packages/airflow/example_dags/example_external_task_marker_dag.py took 0.131 seconds
[2026-08-12T04:38:25.717+0000] {processor.py:186} INFO - Started process (PID=380) to work on /home/airflow/.local/lib/python3.12/site-packages/airflow/example_dags/example_external_task_marker_dag.py
[2026-08-12T04:38:25.718+0000] {processor.py:914} INFO - Processing file /home/airflow/.local/lib/python3.12/site-packages/airflow/example_dags/example_external_task_marker_dag.py for tasks to queue
[2026-08-12T04:38:25.724+0000] {logging_mixin.py:190} INFO - [2026-08-12T04:38:25.724+0000] {dagbag.py:587} INFO - Filling up the DagBag from /home/airflow/.local/lib/python3.12/site-packages/airflow/example_dags/example_external_task_marker_dag.py
[2026-08-12T04:38:25.735+0000] {processor.py:925} INFO - DAG(s) 'example_external_task_marker_parent', 'example_external_task_marker_child' retrieved from /home/airflow/.local/lib/python3.12/site-packages/airflow/example_dags/example_external_task_marker_dag.py
[2026-08-12T04:38:25.769+0000] {logging_mixin.py:190} INFO - [2026-08-12T04:38:25.769+0000] {dag.py:3211} INFO - Sync 2 DAGs
[2026-08-12T04:38:25.786+0000] {logging_mixin.py:190} INFO - [2026-08-12T04:38:25.785+0000] {dag.py:4138} INFO - Setting next_dagrun for example_external_task_marker_child to None, run_after=None
[2026-08-12T04:38:25.792+0000] {logging_mixin.py:190} INFO - [2026-08-12T04:38:25.792+0000] {dag.py:4138} INFO - Setting next_dagrun for example_external_task_marker_parent to None, run_after=None
[2026-08-12T04:38:25.815+0000] {processor.py:208} INFO - Processing /home/airflow/.local/lib/python3.12/site-packages/airflow/example_dags/example_external_task_marker_dag.py took 0.104 seconds
[2026-08-12T04:38:56.817+0000] {processor.py:186} INFO - Started process (PID=442) to work on /home/airflow/.local/lib/python3.12/site-packages/airflow/example_dags/example_external_task_marker_dag.py
[2026-08-12T04:38:56.821+0000] {processor.py:914} INFO - Processing file /home/airflow/.local/lib/python3.12/site-packages/airflow/example_dags/example_external_task_marker_dag.py for tasks to queue
[2026-08-12T04:38:56.825+0000] {logging_mixin.py:190} INFO - [2026-08-12T04:38:56.825+0000] {dagbag.py:587} INFO - Filling up the DagBag from /home/airflow/.local/lib/python3.12/site-packages/airflow/example_dags/example_external_task_marker_dag.py
[2026-08-12T04:38:56.838+0000] {processor.py:925} INFO - DAG(s) 'example_external_task_marker_child', 'example_external_task_marker_parent' retrieved from /home/airflow/.local/lib/python3.12/site-packages/airflow/example_dags/example_external_task_marker_dag.py
[2026-08-12T04:38:56.878+0000] {logging_mixin.py:190} INFO - [2026-08-12T04:38:56.878+0000] {dag.py:3211} INFO - Sync 2 DAGs
[2026-08-12T04:38:56.900+0000] {logging_mixin.py:190} INFO - [2026-08-12T04:38:56.900+0000] {dag.py:4138} INFO - Setting next_dagrun for example_external_task_marker_child to None, run_after=None
[2026-08-12T04:38:56.910+0000] {logging_mixin.py:190} INFO - [2026-08-12T04:38:56.909+0000] {dag.py:4138} INFO - Setting next_dagrun for example_external_task_marker_parent to None, run_after=None
[2026-08-12T04:38:56.945+0000] {processor.py:208} INFO - Processing /home/airflow/.local/lib/python3.12/site-packages/airflow/example_dags/example_external_task_marker_dag.py took 0.136 seconds
[2026-08-12T04:39:27.831+0000] {processor.py:186} INFO - Started process (PID=504) to work on /home/airflow/.local/lib/python3.12/site-packages/airflow/example_dags/example_external_task_marker_dag.py
[2026-08-12T04:39:27.833+0000] {processor.py:914} INFO - Processing file /home/airflow/.local/lib/python3.12/site-packages/airflow/example_dags/example_external_task_marker_dag.py for tasks to queue
[2026-08-12T04:39:27.837+0000] {logging_mixin.py:190} INFO - [2026-08-12T04:39:27.836+0000] {dagbag.py:587} INFO - Filling up the DagBag from /home/airflow/.local/lib/python3.12/site-packages/airflow/example_dags/example_external_task_marker_dag.py
[2026-08-12T04:39:27.858+0000] {processor.py:925} INFO - DAG(s) 'example_external_task_marker_parent', 'example_external_task_marker_child' retrieved from /home/airflow/.local/lib/python3.12/site-packages/airflow/example_dags/example_external_task_marker_dag.py
[2026-08-12T04:39:27.906+0000] {logging_mixin.py:190} INFO - [2026-08-12T04:39:27.906+0000] {dag.py:3211} INFO - Sync 2 DAGs
[2026-08-12T04:39:27.935+0000] {logging_mixin.py:190} INFO - [2026-08-12T04:39:27.935+0000] {dag.py:4138} INFO - Setting next_dagrun for example_external_task_marker_child to None, run_after=None
[2026-08-12T04:39:27.946+0000] {logging_mixin.py:190} INFO - [2026-08-12T04:39:27.945+0000] {dag.py:4138} INFO - Setting next_dagrun for example_external_task_marker_parent to None, run_after=None
[2026-08-12T04:39:27.993+0000] {processor.py:208} INFO - Processing /home/airflow/.local/lib/python3.12/site-packages/airflow/example_dags/example_external_task_marker_dag.py took 0.175 seconds
[2026-08-12T04:39:58.267+0000] {processor.py:186} INFO - Started process (PID=566) to work on /home/airflow/.local/lib/python3.12/site-packages/airflow/example_dags/example_external_task_marker_dag.py
[2026-08-12T04:39:58.270+0000] {processor.py:914} INFO - Processing file /home/airflow/.local/lib/python3.12/site-packages/airflow/example_dags/example_external_task_marker_dag.py for tasks to queue
[2026-08-12T04:39:58.277+0000] {logging_mixin.py:190} INFO - [2026-08-12T04:39:58.276+0000] {dagbag.py:587} INFO - Filling up the DagBag from /home/airflow/.local/lib/python3.12/site-packages/airflow/example_dags/example_external_task_marker_dag.py
[2026-08-12T04:39:58.291+0000] {processor.py:925} INFO - DAG(s) 'example_external_task_marker_parent', 'example_external_task_marker_child' retrieved from /home/airflow/.local/lib/python3.12/site-packages/airflow/example_dags/example_external_task_marker_dag.py
[2026-08-12T04:39:58.322+0000] {logging_mixin.py:190} INFO - [2026-08-12T04:39:58.322+0000] {dag.py:3211} INFO - Sync 2 DAGs
[2026-08-12T04:39:58.348+0000] {logging_mixin.py:190} INFO - [2026-08-12T04:39:58.348+0000] {dag.py:4138} INFO - Setting next_dagrun for example_external_task_marker_child to None, run_after=None
[2026-08-12T04:39:58.358+0000] {logging_mixin.py:190} INFO - [2026-08-12T04:39:58.357+0000] {dag.py:4138} INFO - Setting next_dagrun for example_external_task_marker_parent to None, run_after=None
[2026-08-12T04:39:58.386+0000] {processor.py:208} INFO - Processing /home/airflow/.local/lib/python3.12/site-packages/airflow/example_dags/example_external_task_marker_dag.py took 0.126 seconds
[2026-08-12T04:40:29.026+0000] {processor.py:186} INFO - Started process (PID=628) to work on /home/airflow/.local/lib/python3.12/site-packages/airflow/example_dags/example_external_task_marker_dag.py
[2026-08-12T04:40:29.028+0000] {processor.py:914} INFO - Processing file /home/airflow/.local/lib/python3.12/site-packages/airflow/example_dags/example_external_task_marker_dag.py for tasks to queue
[2026-08-12T04:40:29.032+0000] {logging_mixin.py:190} INFO - [2026-08-12T04:40:29.032+0000] {dagbag.py:587} INFO - Filling up the DagBag from /home/airflow/.local/lib/python3.12/site-packages/airflow/example_dags/example_external_task_marker_dag.py
[2026-08-12T04:40:29.044+0000] {processor.py:925} INFO - DAG(s) 'example_external_task_marker_child', 'example_external_task_marker_parent' retrieved from /home/airflow/.local/lib/python3.12/site-packages/airflow/example_dags/example_external_task_marker_dag.py
[2026-08-12T04:40:29.080+0000] {logging_mixin.py:190} INFO - [2026-08-12T04:40:29.080+0000] {dag.py:3211} INFO - Sync 2 DAGs
[2026-08-12T04:40:29.101+0000] {logging_mixin.py:190} INFO - [2026-08-12T04:40:29.101+0000] {dag.py:4138} INFO - Setting next_dagrun for example_external_task_marker_child to None, run_after=None
[2026-08-12T04:40:29.109+0000] {logging_mixin.py:190} INFO - [2026-08-12T04:40:29.109+0000] {dag.py:4138} INFO - Setting next_dagrun for example_external_task_marker_parent to None, run_after=None
[2026-08-12T04:40:29.139+0000] {processor.py:208} INFO - Processing /home/airflow/.local/lib/python3.12/site-packages/airflow/example_dags/example_external_task_marker_dag.py took 0.122 seconds
[2026-08-12T04:40:59.471+0000] {processor.py:186} INFO - Started process (PID=690) to work on /home/airflow/.local/lib/python3.12/site-packages/airflow/example_dags/example_external_task_marker_dag.py
[2026-08-12T04:40:59.473+0000] {processor.py:914} INFO - Processing file /home/airflow/.local/lib/python3.12/site-packages/airflow/example_dags/example_external_task_marker_dag.py for tasks to queue
[2026-08-12T04:40:59.478+0000] {logging_mixin.py:190} INFO - [2026-08-12T04:40:59.478+0000] {dagbag.py:587} INFO - Filling up the DagBag from /home/airflow/.local/lib/python3.12/site-packages/airflow/example_dags/example_external_task_marker_dag.py
[2026-08-12T04:40:59.488+0000] {processor.py:925} INFO - DAG(s) 'example_external_task_marker_child', 'example_external_task_marker_parent' retrieved from /home/airflow/.local/lib/python3.12/site-packages/airflow/example_dags/example_external_task_marker_dag.py
[2026-08-12T04:40:59.521+0000] {logging_mixin.py:190} INFO - [2026-08-12T04:40:59.521+0000] {dag.py:3211} INFO - Sync 2 DAGs
[2026-08-12T04:40:59.581+0000] {logging_mixin.py:190} INFO - [2026-08-12T04:40:59.581+0000] {dag.py:4138} INFO - Setting next_dagrun for example_external_task_marker_child to None, run_after=None
[2026-08-12T04:40:59.588+0000] {logging_mixin.py:190} INFO - [2026-08-12T04:40:59.587+0000] {dag.py:4138} INFO - Setting next_dagrun for example_external_task_marker_parent to None, run_after=None
[2026-08-12T04:40:59.626+0000] {processor.py:208} INFO - Processing /home/airflow/.local/lib/python3.12/site-packages/airflow/example_dags/example_external_task_marker_dag.py took 0.163 seconds
[2026-08-12T04:41:30.402+0000] {processor.py:186} INFO - Started process (PID=752) to work on /home/airflow/.local/lib/python3.12/site-packages/airflow/example_dags/example_external_task_marker_dag.py
[2026-08-12T04:41:30.404+0000] {processor.py:914} INFO - Processing file /home/airflow/.local/lib/python3.12/site-packages/airflow/example_dags/example_external_task_marker_dag.py for tasks to queue
[2026-08-12T04:41:30.411+0000] {logging_mixin.py:190} INFO - [2026-08-12T04:41:30.410+0000] {dagbag.py:587} INFO - Filling up the DagBag from /home/airflow/.local/lib/python3.12/site-packages/airflow/example_dags/example_external_task_marker_dag.py
[2026-08-12T04:41:30.421+0000] {processor.py:925} INFO - DAG(s) 'example_external_task_marker_parent', 'example_external_task_marker_child' retrieved from /home/airflow/.local/lib/python3.12/site-packages/airflow/example_dags/example_external_task_marker_dag.py
[2026-08-12T04:41:30.457+0000] {logging_mixin.py:190} INFO - [2026-08-12T04:41:30.456+0000] {dag.py:3211} INFO - Sync 2 DAGs
[2026-08-12T04:41:30.483+0000] {logging_mixin.py:190} INFO - [2026-08-12T04:41:30.483+0000] {dag.py:4138} INFO - Setting next_dagrun for example_external_task_marker_child to None, run_after=None
[2026-08-12T04:41:30.490+0000] {logging_mixin.py:190} INFO - [2026-08-12T04:41:30.490+0000] {dag.py:4138} INFO - Setting next_dagrun for example_external_task_marker_parent to None, run_after=None
[2026-08-12T04:41:30.516+0000] {processor.py:208} INFO - Processing /home/airflow/.local/lib/python3.12/site-packages/airflow/example_dags/example_external_task_marker_dag.py took 0.122 seconds
[2026-08-12T04:42:01.051+0000] {processor.py:186} INFO - Started process (PID=814) to work on /home/airflow/.local/lib/python3.12/site-packages/airflow/example_dags/example_external_task_marker_dag.py
[2026-08-12T04:42:01.052+0000] {processor.py:914} INFO - Processing file /home/airflow/.local/lib/python3.12/site-packages/airflow/example_dags/example_external_task_marker_dag.py for tasks to queue
[2026-08-12T04:42:01.056+0000] {logging_mixin.py:190} INFO - [2026-08-12T04:42:01.055+0000] {dagbag.py:587} INFO - Filling up the DagBag from /home/airflow/.local/lib/python3.12/site-packages/airflow/example_dags/example_external_task_marker_dag.py
[2026-08-12T04:42:01.066+0000] {processor.py:925} INFO - DAG(s) 'example_external_task_marker_parent', 'example_external_task_marker_child' retrieved from /home/airflow/.local/lib/python3.12/site-packages/airflow/example_dags/example_external_task_marker_dag.py
[2026-08-12T04:42:01.092+0000] {logging_mixin.py:190} INFO - [2026-08-12T04:42:01.092+0000] {dag.py:3211} INFO - Sync 2 DAGs
[2026-08-12T04:42:01.108+0000] {logging_mixin.py:190} INFO - [2026-08-12T04:42:01.107+0000] {dag.py:4138} INFO - Setting next_dagrun for example_external_task_marker_child to None, run_after=None
[2026-08-12T04:42:01.113+0000] {logging_mixin.py:190} INFO - [2026-08-12T04:42:01.113+0000] {dag.py:4138} INFO - Setting next_dagrun for example_external_task_marker_parent to None, run_after=None
[2026-08-12T04:42:01.133+0000] {processor.py:208} INFO - Processing /home/airflow/.local/lib/python3.12/site-packages/airflow/example_dags/example_external_task_marker_dag.py took 0.088 seconds
[2026-08-12T04:42:31.914+0000] {processor.py:186} INFO - Started process (PID=876) to work on /home/airflow/.local/lib/python3.12/site-packages/airflow/example_dags/example_external_task_marker_dag.py
[2026-08-12T04:42:31.916+0000] {processor.py:914} INFO - Processing file /home/airflow/.local/lib/python3.12/site-packages/airflow/example_dags/example_external_task_marker_dag.py for tasks to queue
[2026-08-12T04:42:31.919+0000] {logging_mixin.py:190} INFO - [2026-08-12T04:42:31.919+0000] {dagbag.py:587} INFO - Filling up the DagBag from /home/airflow/.local/lib/python3.12/site-packages/airflow/example_dags/example_external_task_marker_dag.py
[2026-08-12T04:42:31.928+0000] {processor.py:925} INFO - DAG(s) 'example_external_task_marker_child', 'example_external_task_marker_parent' retrieved from /home/airflow/.local/lib/python3.12/site-packages/airflow/example_dags/example_external_task_marker_dag.py
[2026-08-12T04:42:31.954+0000] {logging_mixin.py:190} INFO - [2026-08-12T04:42:31.954+0000] {dag.py:3211} INFO - Sync 2 DAGs
[2026-08-12T04:42:31.973+0000] {logging_mixin.py:190} INFO - [2026-08-12T04:42:31.973+0000] {dag.py:4138} INFO - Setting next_dagrun for example_external_task_marker_child to None, run_after=None
[2026-08-12T04:42:31.978+0000] {logging_mixin.py:190} INFO - [2026-08-12T04:42:31.978+0000] {dag.py:4138} INFO - Setting next_dagrun for example_external_task_marker_parent to None, run_after=None
[2026-08-12T04:42:31.996+0000] {processor.py:208} INFO - Processing /home/airflow/.local/lib/python3.12/site-packages/airflow/example_dags/example_external_task_marker_dag.py took 0.089 seconds
[2026-08-12T04:43:02.117+0000] {processor.py:186} INFO - Started process (PID=938) to work on /home/airflow/.local/lib/python3.12/site-packages/airflow/example_dags/example_external_task_marker_dag.py
[2026-08-12T04:43:02.120+0000] {processor.py:914} INFO - Processing file /home/airflow/.local/lib/python3.12/site-packages/airflow/example_dags/example_external_task_marker_dag.py for tasks to queue
[2026-08-12T04:43:02.125+0000] {logging_mixin.py:190} INFO - [2026-08-12T04:43:02.125+0000] {dagbag.py:587} INFO - Filling up the DagBag from /home/airflow/.local/lib/python3.12/site-packages/airflow/example_dags/example_external_task_marker_dag.py
[2026-08-12T04:43:02.139+0000] {processor.py:925} INFO - DAG(s) 'example_external_task_marker_child', 'example_external_task_marker_parent' retrieved from /home/airflow/.local/lib/python3.12/site-packages/airflow/example_dags/example_external_task_marker_dag.py
[2026-08-12T04:43:02.187+0000] {logging_mixin.py:190} INFO - [2026-08-12T04:43:02.186+0000] {dag.py:3211} INFO - Sync 2 DAGs
[2026-08-12T04:43:02.237+0000] {logging_mixin.py:190} INFO - [2026-08-12T04:43:02.237+0000] {dag.py:4138} INFO - Setting next_dagrun for example_external_task_marker_child to None, run_after=None
[2026-08-12T04:43:02.255+0000] {logging_mixin.py:190} INFO - [2026-08-12T04:43:02.255+0000] {dag.py:4138} INFO - Setting next_dagrun for example_external_task_marker_parent to None, run_after=None
[2026-08-12T04:43:02.289+0000] {processor.py:208} INFO - Processing /home/airflow/.local/lib/python3.12/site-packages/airflow/example_dags/example_external_task_marker_dag.py took 0.177 seconds
[2026-08-12T04:43:32.493+0000] {processor.py:186} INFO - Started process (PID=1000) to work on /home/airflow/.local/lib/python3.12/site-packages/airflow/example_dags/example_external_task_marker_dag.py
[2026-08-12T04:43:32.495+0000] {processor.py:914} INFO - Processing file /home/airflow/.local/lib/python3.12/site-packages/airflow/example_dags/example_external_task_marker_dag.py for tasks to queue
[2026-08-12T04:43:32.498+0000] {logging_mixin.py:190} INFO - [2026-08-12T04:43:32.498+0000] {dagbag.py:587} INFO - Filling up the DagBag from /home/airflow/.local/lib/python3.12/site-packages/airflow/example_dags/example_external_task_marker_dag.py
[2026-08-12T04:43:32.507+0000] {processor.py:925} INFO - DAG(s) 'example_external_task_marker_child', 'example_external_task_marker_parent' retrieved from /home/airflow/.local/lib/python3.12/site-packages/airflow/example_dags/example_external_task_marker_dag.py
[2026-08-12T04:43:32.550+0000] {logging_mixin.py:190} INFO - [2026-08-12T04:43:32.549+0000] {dag.py:3211} INFO - Sync 2 DAGs
[2026-08-12T04:43:32.565+0000] {logging_mixin.py:190} INFO - [2026-08-12T04:43:32.565+0000] {dag.py:4138} INFO - Setting next_dagrun for example_external_task_marker_child to None, run_after=None
[2026-08-12T04:43:32.570+0000] {logging_mixin.py:190} INFO - [2026-08-12T04:43:32.569+0000] {dag.py:4138} INFO - Setting next_dagrun for example_external_task_marker_parent to None, run_after=None
[2026-08-12T04:43:32.591+0000] {processor.py:208} INFO - Processing /home/airflow/.local/lib/python3.12/site-packages/airflow/example_dags/example_external_task_marker_dag.py took 0.105 seconds
[2026-08-12T04:44:02.737+0000] {processor.py:186} INFO - Started process (PID=1062) to work on /home/airflow/.local/lib/python3.12/site-packages/airflow/example_dags/example_external_task_marker_dag.py
[2026-08-12T04:44:02.739+0000] {processor.py:914} INFO - Processing file /home/airflow/.local/lib/python3.12/site-packages/airflow/example_dags/example_external_task_marker_dag.py for tasks to queue
[2026-08-12T04:44:02.743+0000] {logging_mixin.py:190} INFO - [2026-08-12T04:44:02.743+0000] {dagbag.py:587} INFO - Filling up the DagBag from /home/airflow/.local/lib/python3.12/site-packages/airflow/example_dags/example_external_task_marker_dag.py
[2026-08-12T04:44:02.759+0000] {processor.py:925} INFO - DAG(s) 'example_external_task_marker_child', 'example_external_task_marker_parent' retrieved from /home/airflow/.local/lib/python3.12/site-packages/airflow/example_dags/example_external_task_marker_dag.py
[2026-08-12T04:44:02.791+0000] {logging_mixin.py:190} INFO - [2026-08-12T04:44:02.791+0000] {dag.py:3211} INFO - Sync 2 DAGs
[2026-08-12T04:44:02.812+0000] {logging_mixin.py:190} INFO - [2026-08-12T04:44:02.812+0000] {dag.py:4138} INFO - Setting next_dagrun for example_external_task_marker_child to None, run_after=None
[2026-08-12T04:44:02.819+0000] {logging_mixin.py:190} INFO - [2026-08-12T04:44:02.818+0000] {dag.py:4138} INFO - Setting next_dagrun for example_external_task_marker_parent to None, run_after=None
[2026-08-12T04:44:02.847+0000] {processor.py:208} INFO - Processing /home/airflow/.local/lib/python3.12/site-packages/airflow/example_dags/example_external_task_marker_dag.py took 0.119 seconds
[2026-08-12T04:44:33.387+0000] {processor.py:186} INFO - Started process (PID=1124) to work on /home/airflow/.local/lib/python3.12/site-packages/airflow/example_dags/example_external_task_marker_dag.py
[2026-08-12T04:44:33.390+0000] {processor.py:914} INFO - Processing file /home/airflow/.local/lib/python3.12/site-packages/airflow/example_dags/example_external_task_marker_dag.py for tasks to queue
[2026-08-12T04:44:33.394+0000] {logging_mixin.py:190} INFO - [2026-08-12T04:44:33.394+0000] {dagbag.py:587} INFO - Filling up the DagBag from /home/airflow/.local/lib/python3.12/site-packages/airflow/example_dags/example_external_task_marker_dag.py
[2026-08-12T04:44:33.407+0000] {processor.py:925} INFO - DAG(s) 'example_external_task_marker_parent', 'example_external_task_marker_child' retrieved from /home/airflow/.local/lib/python3.12/site-packages/airflow/example_dags/example_external_task_marker_dag.py
[2026-08-12T04:44:33.445+0000] {logging_mixin.py:190} INFO - [2026-08-12T04:44:33.445+0000] {dag.py:3211} INFO - Sync 2 DAGs
[2026-08-12T04:44:33.465+0000] {logging_mixin.py:190} INFO - [2026-08-12T04:44:33.465+0000] {dag.py:4138} INFO - Setting next_dagrun for example_external_task_marker_child to None, run_after=None
[2026-08-12T04:44:33.471+0000] {logging_mixin.py:190} INFO - [2026-08-12T04:44:33.470+0000] {dag.py:4138} INFO - Setting next_dagrun for example_external_task_marker_parent to None, run_after=None
[2026-08-12T04:44:33.496+0000] {processor.py:208} INFO - Processing /home/airflow/.local/lib/python3.12/site-packages/airflow/example_dags/example_external_task_marker_dag.py took 0.115 seconds
[2026-08-12T04:45:04.582+0000] {processor.py:186} INFO - Started process (PID=1187) to work on /home/airflow/.local/lib/python3.12/site-packages/airflow/example_dags/example_external_task_marker_dag.py
[2026-08-12T04:45:04.584+0000] {processor.py:914} INFO - Processing file /home/airflow/.local/lib/python3.12/site-packages/airflow/example_dags/example_external_task_marker_dag.py for tasks to queue
[2026-08-12T04:45:04.589+0000] {logging_mixin.py:190} INFO - [2026-08-12T04:45:04.588+0000] {dagbag.py:587} INFO - Filling up the DagBag from /home/airflow/.local/lib/python3.12/site-packages/airflow/example_dags/example_external_task_marker_dag.py
[2026-08-12T04:45:04.613+0000] {processor.py:925} INFO - DAG(s) 'example_external_task_marker_parent', 'example_external_task_marker_child' retrieved from /home/airflow/.local/lib/python3.12/site-packages/airflow/example_dags/example_external_task_marker_dag.py
[2026-08-12T04:45:04.655+0000] {logging_mixin.py:190} INFO - [2026-08-12T04:45:04.655+0000] {dag.py:3211} INFO - Sync 2 DAGs
[2026-08-12T04:45:04.679+0000] {logging_mixin.py:190} INFO - [2026-08-12T04:45:04.679+0000] {dag.py:4138} INFO - Setting next_dagrun for example_external_task_marker_child to None, run_after=None
[2026-08-12T04:45:04.686+0000] {logging_mixin.py:190} INFO - [2026-08-12T04:45:04.685+0000] {dag.py:4138} INFO - Setting next_dagrun for example_external_task_marker_parent to None, run_after=None
[2026-08-12T04:45:04.731+0000] {processor.py:208} INFO - Processing /home/airflow/.local/lib/python3.12/site-packages/airflow/example_dags/example_external_task_marker_dag.py took 0.161 seconds
[2026-08-12T04:45:35.129+0000] {processor.py:186} INFO - Started process (PID=1250) to work on /home/airflow/.local/lib/python3.12/site-packages/airflow/example_dags/example_external_task_marker_dag.py
[2026-08-12T04:45:35.132+0000] {processor.py:914} INFO - Processing file /home/airflow/.local/lib/python3.12/site-packages/airflow/example_dags/example_external_task_marker_dag.py for tasks to queue
[2026-08-12T04:45:35.137+0000] {logging_mixin.py:190} INFO - [2026-08-12T04:45:35.136+0000] {dagbag.py:587} INFO - Filling up the DagBag from /home/airflow/.local/lib/python3.12/site-packages/airflow/example_dags/example_external_task_marker_dag.py
[2026-08-12T04:45:35.148+0000] {processor.py:925} INFO - DAG(s) 'example_external_task_marker_parent', 'example_external_task_marker_child' retrieved from /home/airflow/.local/lib/python3.12/site-packages/airflow/example_dags/example_external_task_marker_dag.py
[2026-08-12T04:45:35.176+0000] {logging_mixin.py:190} INFO - [2026-08-12T04:45:35.176+0000] {dag.py:3211} INFO - Sync 2 DAGs
[2026-08-12T04:45:35.201+0000] {logging_mixin.py:190} INFO - [2026-08-12T04:45:35.200+0000] {dag.py:4138} INFO - Setting next_dagrun for example_external_task_marker_child to None, run_after=None
[2026-08-12T04:45:35.206+0000] {logging_mixin.py:190} INFO - [2026-08-12T04:45:35.206+0000] {dag.py:4138} INFO - Setting next_dagrun for example_external_task_marker_parent to None, run_after=None
[2026-08-12T04:45:35.233+0000] {processor.py:208} INFO - Processing /home/airflow/.local/lib/python3.12/site-packages/airflow/example_dags/example_external_task_marker_dag.py took 0.113 seconds
[2026-08-12T04:46:06.212+0000] {processor.py:186} INFO - Started process (PID=1311) to work on /home/airflow/.local/lib/python3.12/site-packages/airflow/example_dags/example_external_task_marker_dag.py
[2026-08-12T04:46:06.214+0000] {processor.py:914} INFO - Processing file /home/airflow/.local/lib/python3.12/site-packages/airflow/example_dags/example_external_task_marker_dag.py for tasks to queue
[2026-08-12T04:46:06.218+0000] {logging_mixin.py:190} INFO - [2026-08-12T04:46:06.218+0000] {dagbag.py:587} INFO - Filling up the DagBag from /home/airflow/.local/lib/python3.12/site-packages/airflow/example_dags/example_external_task_marker_dag.py
[2026-08-12T04:46:06.231+0000] {processor.py:925} INFO - DAG(s) 'example_external_task_marker_child', 'example_external_task_marker_parent' retrieved from /home/airflow/.local/lib/python3.12/site-packages/airflow/example_dags/example_external_task_marker_dag.py
[2026-08-12T04:46:06.265+0000] {logging_mixin.py:190} INFO - [2026-08-12T04:46:06.265+0000] {dag.py:3211} INFO - Sync 2 DAGs
[2026-08-12T04:46:06.285+0000] {logging_mixin.py:190} INFO - [2026-08-12T04:46:06.284+0000] {dag.py:4138} INFO - Setting next_dagrun for example_external_task_marker_child to None, run_after=None
[2026-08-12T04:46:06.290+0000] {logging_mixin.py:190} INFO - [2026-08-12T04:46:06.290+0000] {dag.py:4138} INFO - Setting next_dagrun for example_external_task_marker_parent to None, run_after=None
[2026-08-12T04:46:06.314+0000] {processor.py:208} INFO - Processing /home/airflow/.local/lib/python3.12/site-packages/airflow/example_dags/example_external_task_marker_dag.py took 0.110 seconds
[2026-08-12T04:46:36.664+0000] {processor.py:186} INFO - Started process (PID=1373) to work on /home/airflow/.local/lib/python3.12/site-packages/airflow/example_dags/example_external_task_marker_dag.py
[2026-08-12T04:46:36.666+0000] {processor.py:914} INFO - Processing file /home/airflow/.local/lib/python3.12/site-packages/airflow/example_dags/example_external_task_marker_dag.py for tasks to queue
[2026-08-12T04:46:36.669+0000] {logging_mixin.py:190} INFO - [2026-08-12T04:46:36.668+0000] {dagbag.py:587} INFO - Filling up the DagBag from /home/airflow/.local/lib/python3.12/site-packages/airflow/example_dags/example_external_task_marker_dag.py
[2026-08-12T04:46:36.678+0000] {processor.py:925} INFO - DAG(s) 'example_external_task_marker_parent', 'example_external_task_marker_child' retrieved from /home/airflow/.local/lib/python3.12/site-packages/airflow/example_dags/example_external_task_marker_dag.py
[2026-08-12T04:46:36.707+0000] {logging_mixin.py:190} INFO - [2026-08-12T04:46:36.706+0000] {dag.py:3211} INFO - Sync 2 DAGs
[2026-08-12T04:46:36.722+0000] {logging_mixin.py:190} INFO - [2026-08-12T04:46:36.722+0000] {dag.py:4138} INFO - Setting next_dagrun for example_external_task_marker_child to None, run_after=None
[2026-08-12T04:46:36.727+0000] {logging_mixin.py:190} INFO - [2026-08-12T04:46:36.726+0000] {dag.py:4138} INFO - Setting next_dagrun for example_external_task_marker_parent to None, run_after=None
[2026-08-12T04:46:36.747+0000] {processor.py:208} INFO - Processing /home/airflow/.local/lib/python3.12/site-packages/airflow/example_dags/example_external_task_marker_dag.py took 0.088 seconds
