[2026-08-12T04:31:59.921+0000] {processor.py:186} INFO - Started process (PID=110) to work on /home/airflow/.local/lib/python3.12/site-packages/airflow/example_dags/example_dynamic_task_mapping.py
[2026-08-12T04:31:59.926+0000] {processor.py:914} INFO - Processing file /home/airflow/.local/lib/python3.12/site-packages/airflow/example_dags/example_dynamic_task_mapping.py for tasks to queue
[2026-08-12T04:31:59.934+0000] {logging_mixin.py:190} INFO - [2026-08-12T04:31:59.932+0000] {dagbag.py:587} INFO - Filling up the DagBag from /home/airflow/.local/lib/python3.12/site-packages/airflow/example_dags/example_dynamic_task_mapping.py
[2026-08-12T04:31:59.960+0000] {processor.py:925} INFO - DAG(s) 'example_dynamic_task_mapping' retrieved from /home/airflow/.local/lib/python3.12/site-packages/airflow/example_dags/example_dynamic_task_mapping.py
[2026-08-12T04:32:00.256+0000] {logging_mixin.py:190} INFO - [2026-08-12T04:32:00.255+0000] {override.py:1858} INFO - Created Permission View: can edit on DAG:example_dynamic_task_mapping
[2026-08-12T04:32:00.290+0000] {logging_mixin.py:190} INFO - [2026-08-12T04:32:00.290+0000] {override.py:1858} INFO - Created Permission View: can read on DAG:example_dynamic_task_mapping
[2026-08-12T04:32:00.320+0000] {logging_mixin.py:190} INFO - [2026-08-12T04:32:00.319+0000] {override.py:1858} INFO - Created Permission View: can delete on DAG:example_dynamic_task_mapping
[2026-08-12T04:32:00.324+0000] {logging_mixin.py:190} INFO - [2026-08-12T04:32:00.323+0000] {dag.py:3211} INFO - Sync 1 DAGs
[2026-08-12T04:32:00.361+0000] {logging_mixin.py:190} INFO - [2026-08-12T04:32:00.361+0000] {dag.py:3234} INFO - Creating ORM DAG for example_dynamic_task_mapping
[2026-08-12T04:32:00.407+0000] {logging_mixin.py:190} INFO - [2026-08-12T04:32:00.407+0000] {dag.py:4138} INFO - Setting next_dagrun for example_dynamic_task_mapping to 2022-03-04 00:00:00+00:00, run_after=2022-03-05 00:00:00+00:00
[2026-08-12T04:32:00.486+0000] {processor.py:208} INFO - Processing /home/airflow/.local/lib/python3.12/site-packages/airflow/example_dags/example_dynamic_task_mapping.py took 0.580 seconds
[2026-08-12T04:32:30.928+0000] {processor.py:186} INFO - Started process (PID=173) to work on /home/airflow/.local/lib/python3.12/site-packages/airflow/example_dags/example_dynamic_task_mapping.py
[2026-08-12T04:32:30.930+0000] {processor.py:914} INFO - Processing file /home/airflow/.local/lib/python3.12/site-packages/airflow/example_dags/example_dynamic_task_mapping.py for tasks to queue
[2026-08-12T04:32:30.934+0000] {logging_mixin.py:190} INFO - [2026-08-12T04:32:30.933+0000] {dagbag.py:587} INFO - Filling up the DagBag from /home/airflow/.local/lib/python3.12/site-packages/airflow/example_dags/example_dynamic_task_mapping.py
[2026-08-12T04:32:30.944+0000] {processor.py:925} INFO - DAG(s) 'example_dynamic_task_mapping' retrieved from /home/airflow/.local/lib/python3.12/site-packages/airflow/example_dags/example_dynamic_task_mapping.py
[2026-08-12T04:32:30.973+0000] {logging_mixin.py:190} INFO - [2026-08-12T04:32:30.973+0000] {dag.py:3211} INFO - Sync 1 DAGs
[2026-08-12T04:32:31.005+0000] {logging_mixin.py:190} INFO - [2026-08-12T04:32:31.005+0000] {dag.py:4138} INFO - Setting next_dagrun for example_dynamic_task_mapping to 2022-03-04 00:00:00+00:00, run_after=2022-03-05 00:00:00+00:00
[2026-08-12T04:32:31.039+0000] {processor.py:208} INFO - Processing /home/airflow/.local/lib/python3.12/site-packages/airflow/example_dags/example_dynamic_task_mapping.py took 0.118 seconds
[2026-08-12T04:33:01.346+0000] {processor.py:186} INFO - Started process (PID=235) to work on /home/airflow/.local/lib/python3.12/site-packages/airflow/example_dags/example_dynamic_task_mapping.py
[2026-08-12T04:33:01.347+0000] {processor.py:914} INFO - Processing file /home/airflow/.local/lib/python3.12/site-packages/airflow/example_dags/example_dynamic_task_mapping.py for tasks to queue
[2026-08-12T04:33:01.351+0000] {logging_mixin.py:190} INFO - [2026-08-12T04:33:01.351+0000] {dagbag.py:587} INFO - Filling up the DagBag from /home/airflow/.local/lib/python3.12/site-packages/airflow/example_dags/example_dynamic_task_mapping.py
[2026-08-12T04:33:01.363+0000] {processor.py:925} INFO - DAG(s) 'example_dynamic_task_mapping' retrieved from /home/airflow/.local/lib/python3.12/site-packages/airflow/example_dags/example_dynamic_task_mapping.py
[2026-08-12T04:33:01.393+0000] {logging_mixin.py:190} INFO - [2026-08-12T04:33:01.392+0000] {dag.py:3211} INFO - Sync 1 DAGs
[2026-08-12T04:33:01.426+0000] {logging_mixin.py:190} INFO - [2026-08-12T04:33:01.426+0000] {dag.py:4138} INFO - Setting next_dagrun for example_dynamic_task_mapping to 2022-03-04 00:00:00+00:00, run_after=2022-03-05 00:00:00+00:00
[2026-08-12T04:33:01.457+0000] {processor.py:208} INFO - Processing /home/airflow/.local/lib/python3.12/site-packages/airflow/example_dags/example_dynamic_task_mapping.py took 0.118 seconds
[2026-08-12T04:33:31.907+0000] {processor.py:186} INFO - Started process (PID=297) to work on /home/airflow/.local/lib/python3.12/site-packages/airflow/example_dags/example_dynamic_task_mapping.py
[2026-08-12T04:33:31.909+0000] {processor.py:914} INFO - Processing file /home/airflow/.local/lib/python3.12/site-packages/airflow/example_dags/example_dynamic_task_mapping.py for tasks to queue
[2026-08-12T04:33:31.915+0000] {logging_mixin.py:190} INFO - [2026-08-12T04:33:31.914+0000] {dagbag.py:587} INFO - Filling up the DagBag from /home/airflow/.local/lib/python3.12/site-packages/airflow/example_dags/example_dynamic_task_mapping.py
[2026-08-12T04:33:31.929+0000] {processor.py:925} INFO - DAG(s) 'example_dynamic_task_mapping' retrieved from /home/airflow/.local/lib/python3.12/site-packages/airflow/example_dags/example_dynamic_task_mapping.py
[2026-08-12T04:33:31.954+0000] {logging_mixin.py:190} INFO - [2026-08-12T04:33:31.954+0000] {dag.py:3211} INFO - Sync 1 DAGs
[2026-08-12T04:33:31.983+0000] {logging_mixin.py:190} INFO - [2026-08-12T04:33:31.982+0000] {dag.py:4138} INFO - Setting next_dagrun for example_dynamic_task_mapping to 2022-03-04 00:00:00+00:00, run_after=2022-03-05 00:00:00+00:00
[2026-08-12T04:33:32.011+0000] {processor.py:208} INFO - Processing /home/airflow/.local/lib/python3.12/site-packages/airflow/example_dags/example_dynamic_task_mapping.py took 0.111 seconds
[2026-08-12T04:34:02.617+0000] {processor.py:186} INFO - Started process (PID=359) to work on /home/airflow/.local/lib/python3.12/site-packages/airflow/example_dags/example_dynamic_task_mapping.py
[2026-08-12T04:34:02.619+0000] {processor.py:914} INFO - Processing file /home/airflow/.local/lib/python3.12/site-packages/airflow/example_dags/example_dynamic_task_mapping.py for tasks to queue
[2026-08-12T04:34:02.625+0000] {logging_mixin.py:190} INFO - [2026-08-12T04:34:02.625+0000] {dagbag.py:587} INFO - Filling up the DagBag from /home/airflow/.local/lib/python3.12/site-packages/airflow/example_dags/example_dynamic_task_mapping.py
[2026-08-12T04:34:02.638+0000] {processor.py:925} INFO - DAG(s) 'example_dynamic_task_mapping' retrieved from /home/airflow/.local/lib/python3.12/site-packages/airflow/example_dags/example_dynamic_task_mapping.py
[2026-08-12T04:34:02.669+0000] {logging_mixin.py:190} INFO - [2026-08-12T04:34:02.669+0000] {dag.py:3211} INFO - Sync 1 DAGs
[2026-08-12T04:34:02.697+0000] {logging_mixin.py:190} INFO - [2026-08-12T04:34:02.697+0000] {dag.py:4138} INFO - Setting next_dagrun for example_dynamic_task_mapping to 2022-03-04 00:00:00+00:00, run_after=2022-03-05 00:00:00+00:00
[2026-08-12T04:34:02.723+0000] {processor.py:208} INFO - Processing /home/airflow/.local/lib/python3.12/site-packages/airflow/example_dags/example_dynamic_task_mapping.py took 0.116 seconds
[2026-08-12T04:36:00.629+0000] {processor.py:186} INFO - Started process (PID=103) to work on /home/airflow/.local/lib/python3.12/site-packages/airflow/example_dags/example_dynamic_task_mapping.py
[2026-08-12T04:36:00.632+0000] {processor.py:914} INFO - Processing file /home/airflow/.local/lib/python3.12/site-packages/airflow/example_dags/example_dynamic_task_mapping.py for tasks to queue
[2026-08-12T04:36:00.639+0000] {logging_mixin.py:190} INFO - [2026-08-12T04:36:00.639+0000] {dagbag.py:587} INFO - Filling up the DagBag from /home/airflow/.local/lib/python3.12/site-packages/airflow/example_dags/example_dynamic_task_mapping.py
[2026-08-12T04:36:00.661+0000] {processor.py:925} INFO - DAG(s) 'example_dynamic_task_mapping' retrieved from /home/airflow/.local/lib/python3.12/site-packages/airflow/example_dags/example_dynamic_task_mapping.py
[2026-08-12T04:36:00.699+0000] {logging_mixin.py:190} INFO - [2026-08-12T04:36:00.698+0000] {dag.py:3211} INFO - Sync 1 DAGs
[2026-08-12T04:36:00.740+0000] {logging_mixin.py:190} INFO - [2026-08-12T04:36:00.740+0000] {dag.py:4138} INFO - Setting next_dagrun for example_dynamic_task_mapping to 2022-03-04 00:00:00+00:00, run_after=2022-03-05 00:00:00+00:00
[2026-08-12T04:36:00.787+0000] {processor.py:208} INFO - Processing /home/airflow/.local/lib/python3.12/site-packages/airflow/example_dags/example_dynamic_task_mapping.py took 0.170 seconds
[2026-08-12T04:36:31.124+0000] {processor.py:186} INFO - Started process (PID=164) to work on /home/airflow/.local/lib/python3.12/site-packages/airflow/example_dags/example_dynamic_task_mapping.py
[2026-08-12T04:36:31.126+0000] {processor.py:914} INFO - Processing file /home/airflow/.local/lib/python3.12/site-packages/airflow/example_dags/example_dynamic_task_mapping.py for tasks to queue
[2026-08-12T04:36:31.131+0000] {logging_mixin.py:190} INFO - [2026-08-12T04:36:31.130+0000] {dagbag.py:587} INFO - Filling up the DagBag from /home/airflow/.local/lib/python3.12/site-packages/airflow/example_dags/example_dynamic_task_mapping.py
[2026-08-12T04:36:31.150+0000] {processor.py:925} INFO - DAG(s) 'example_dynamic_task_mapping' retrieved from /home/airflow/.local/lib/python3.12/site-packages/airflow/example_dags/example_dynamic_task_mapping.py
[2026-08-12T04:36:31.186+0000] {logging_mixin.py:190} INFO - [2026-08-12T04:36:31.185+0000] {dag.py:3211} INFO - Sync 1 DAGs
[2026-08-12T04:36:31.219+0000] {logging_mixin.py:190} INFO - [2026-08-12T04:36:31.218+0000] {dag.py:4138} INFO - Setting next_dagrun for example_dynamic_task_mapping to 2022-03-04 00:00:00+00:00, run_after=2022-03-05 00:00:00+00:00
[2026-08-12T04:36:31.248+0000] {processor.py:208} INFO - Processing /home/airflow/.local/lib/python3.12/site-packages/airflow/example_dags/example_dynamic_task_mapping.py took 0.136 seconds
[2026-08-12T04:37:01.785+0000] {processor.py:186} INFO - Started process (PID=226) to work on /home/airflow/.local/lib/python3.12/site-packages/airflow/example_dags/example_dynamic_task_mapping.py
[2026-08-12T04:37:01.789+0000] {processor.py:914} INFO - Processing file /home/airflow/.local/lib/python3.12/site-packages/airflow/example_dags/example_dynamic_task_mapping.py for tasks to queue
[2026-08-12T04:37:01.793+0000] {logging_mixin.py:190} INFO - [2026-08-12T04:37:01.792+0000] {dagbag.py:587} INFO - Filling up the DagBag from /home/airflow/.local/lib/python3.12/site-packages/airflow/example_dags/example_dynamic_task_mapping.py
[2026-08-12T04:37:01.817+0000] {processor.py:925} INFO - DAG(s) 'example_dynamic_task_mapping' retrieved from /home/airflow/.local/lib/python3.12/site-packages/airflow/example_dags/example_dynamic_task_mapping.py
[2026-08-12T04:37:01.846+0000] {logging_mixin.py:190} INFO - [2026-08-12T04:37:01.846+0000] {dag.py:3211} INFO - Sync 1 DAGs
[2026-08-12T04:37:01.875+0000] {logging_mixin.py:190} INFO - [2026-08-12T04:37:01.875+0000] {dag.py:4138} INFO - Setting next_dagrun for example_dynamic_task_mapping to 2022-03-04 00:00:00+00:00, run_after=2022-03-05 00:00:00+00:00
[2026-08-12T04:37:01.901+0000] {processor.py:208} INFO - Processing /home/airflow/.local/lib/python3.12/site-packages/airflow/example_dags/example_dynamic_task_mapping.py took 0.122 seconds
[2026-08-12T04:37:32.460+0000] {processor.py:186} INFO - Started process (PID=289) to work on /home/airflow/.local/lib/python3.12/site-packages/airflow/example_dags/example_dynamic_task_mapping.py
[2026-08-12T04:37:32.462+0000] {processor.py:914} INFO - Processing file /home/airflow/.local/lib/python3.12/site-packages/airflow/example_dags/example_dynamic_task_mapping.py for tasks to queue
[2026-08-12T04:37:32.466+0000] {logging_mixin.py:190} INFO - [2026-08-12T04:37:32.466+0000] {dagbag.py:587} INFO - Filling up the DagBag from /home/airflow/.local/lib/python3.12/site-packages/airflow/example_dags/example_dynamic_task_mapping.py
[2026-08-12T04:37:32.482+0000] {processor.py:925} INFO - DAG(s) 'example_dynamic_task_mapping' retrieved from /home/airflow/.local/lib/python3.12/site-packages/airflow/example_dags/example_dynamic_task_mapping.py
[2026-08-12T04:37:32.509+0000] {logging_mixin.py:190} INFO - [2026-08-12T04:37:32.508+0000] {dag.py:3211} INFO - Sync 1 DAGs
[2026-08-12T04:37:32.536+0000] {logging_mixin.py:190} INFO - [2026-08-12T04:37:32.535+0000] {dag.py:4138} INFO - Setting next_dagrun for example_dynamic_task_mapping to 2022-03-04 00:00:00+00:00, run_after=2022-03-05 00:00:00+00:00
[2026-08-12T04:37:32.563+0000] {processor.py:208} INFO - Processing /home/airflow/.local/lib/python3.12/site-packages/airflow/example_dags/example_dynamic_task_mapping.py took 0.109 seconds
[2026-08-12T04:38:02.630+0000] {processor.py:186} INFO - Started process (PID=351) to work on /home/airflow/.local/lib/python3.12/site-packages/airflow/example_dags/example_dynamic_task_mapping.py
[2026-08-12T04:38:02.633+0000] {processor.py:914} INFO - Processing file /home/airflow/.local/lib/python3.12/site-packages/airflow/example_dags/example_dynamic_task_mapping.py for tasks to queue
[2026-08-12T04:38:02.639+0000] {logging_mixin.py:190} INFO - [2026-08-12T04:38:02.638+0000] {dagbag.py:587} INFO - Filling up the DagBag from /home/airflow/.local/lib/python3.12/site-packages/airflow/example_dags/example_dynamic_task_mapping.py
[2026-08-12T04:38:02.657+0000] {processor.py:925} INFO - DAG(s) 'example_dynamic_task_mapping' retrieved from /home/airflow/.local/lib/python3.12/site-packages/airflow/example_dags/example_dynamic_task_mapping.py
[2026-08-12T04:38:02.684+0000] {logging_mixin.py:190} INFO - [2026-08-12T04:38:02.684+0000] {dag.py:3211} INFO - Sync 1 DAGs
[2026-08-12T04:38:02.709+0000] {logging_mixin.py:190} INFO - [2026-08-12T04:38:02.709+0000] {dag.py:4138} INFO - Setting next_dagrun for example_dynamic_task_mapping to 2022-03-04 00:00:00+00:00, run_after=2022-03-05 00:00:00+00:00
[2026-08-12T04:38:02.735+0000] {processor.py:208} INFO - Processing /home/airflow/.local/lib/python3.12/site-packages/airflow/example_dags/example_dynamic_task_mapping.py took 0.113 seconds
[2026-08-12T04:38:33.892+0000] {processor.py:186} INFO - Started process (PID=413) to work on /home/airflow/.local/lib/python3.12/site-packages/airflow/example_dags/example_dynamic_task_mapping.py
[2026-08-12T04:38:33.894+0000] {processor.py:914} INFO - Processing file /home/airflow/.local/lib/python3.12/site-packages/airflow/example_dags/example_dynamic_task_mapping.py for tasks to queue
[2026-08-12T04:38:33.898+0000] {logging_mixin.py:190} INFO - [2026-08-12T04:38:33.897+0000] {dagbag.py:587} INFO - Filling up the DagBag from /home/airflow/.local/lib/python3.12/site-packages/airflow/example_dags/example_dynamic_task_mapping.py
[2026-08-12T04:38:33.909+0000] {processor.py:925} INFO - DAG(s) 'example_dynamic_task_mapping' retrieved from /home/airflow/.local/lib/python3.12/site-packages/airflow/example_dags/example_dynamic_task_mapping.py
[2026-08-12T04:38:33.933+0000] {logging_mixin.py:190} INFO - [2026-08-12T04:38:33.933+0000] {dag.py:3211} INFO - Sync 1 DAGs
[2026-08-12T04:38:33.958+0000] {logging_mixin.py:190} INFO - [2026-08-12T04:38:33.958+0000] {dag.py:4138} INFO - Setting next_dagrun for example_dynamic_task_mapping to 2022-03-04 00:00:00+00:00, run_after=2022-03-05 00:00:00+00:00
[2026-08-12T04:38:33.983+0000] {processor.py:208} INFO - Processing /home/airflow/.local/lib/python3.12/site-packages/airflow/example_dags/example_dynamic_task_mapping.py took 0.099 seconds
[2026-08-12T04:39:05.160+0000] {processor.py:186} INFO - Started process (PID=475) to work on /home/airflow/.local/lib/python3.12/site-packages/airflow/example_dags/example_dynamic_task_mapping.py
[2026-08-12T04:39:05.163+0000] {processor.py:914} INFO - Processing file /home/airflow/.local/lib/python3.12/site-packages/airflow/example_dags/example_dynamic_task_mapping.py for tasks to queue
[2026-08-12T04:39:05.169+0000] {logging_mixin.py:190} INFO - [2026-08-12T04:39:05.168+0000] {dagbag.py:587} INFO - Filling up the DagBag from /home/airflow/.local/lib/python3.12/site-packages/airflow/example_dags/example_dynamic_task_mapping.py
[2026-08-12T04:39:05.191+0000] {processor.py:925} INFO - DAG(s) 'example_dynamic_task_mapping' retrieved from /home/airflow/.local/lib/python3.12/site-packages/airflow/example_dags/example_dynamic_task_mapping.py
[2026-08-12T04:39:05.243+0000] {logging_mixin.py:190} INFO - [2026-08-12T04:39:05.243+0000] {dag.py:3211} INFO - Sync 1 DAGs
[2026-08-12T04:39:05.320+0000] {logging_mixin.py:190} INFO - [2026-08-12T04:39:05.319+0000] {dag.py:4138} INFO - Setting next_dagrun for example_dynamic_task_mapping to 2022-03-04 00:00:00+00:00, run_after=2022-03-05 00:00:00+00:00
[2026-08-12T04:39:05.379+0000] {processor.py:208} INFO - Processing /home/airflow/.local/lib/python3.12/site-packages/airflow/example_dags/example_dynamic_task_mapping.py took 0.229 seconds
[2026-08-12T04:39:36.734+0000] {processor.py:186} INFO - Started process (PID=537) to work on /home/airflow/.local/lib/python3.12/site-packages/airflow/example_dags/example_dynamic_task_mapping.py
[2026-08-12T04:39:36.736+0000] {processor.py:914} INFO - Processing file /home/airflow/.local/lib/python3.12/site-packages/airflow/example_dags/example_dynamic_task_mapping.py for tasks to queue
[2026-08-12T04:39:36.745+0000] {logging_mixin.py:190} INFO - [2026-08-12T04:39:36.744+0000] {dagbag.py:587} INFO - Filling up the DagBag from /home/airflow/.local/lib/python3.12/site-packages/airflow/example_dags/example_dynamic_task_mapping.py
[2026-08-12T04:39:36.766+0000] {processor.py:925} INFO - DAG(s) 'example_dynamic_task_mapping' retrieved from /home/airflow/.local/lib/python3.12/site-packages/airflow/example_dags/example_dynamic_task_mapping.py
[2026-08-12T04:39:36.803+0000] {logging_mixin.py:190} INFO - [2026-08-12T04:39:36.802+0000] {dag.py:3211} INFO - Sync 1 DAGs
[2026-08-12T04:39:36.853+0000] {logging_mixin.py:190} INFO - [2026-08-12T04:39:36.853+0000] {dag.py:4138} INFO - Setting next_dagrun for example_dynamic_task_mapping to 2022-03-04 00:00:00+00:00, run_after=2022-03-05 00:00:00+00:00
[2026-08-12T04:39:36.897+0000] {processor.py:208} INFO - Processing /home/airflow/.local/lib/python3.12/site-packages/airflow/example_dags/example_dynamic_task_mapping.py took 0.176 seconds
[2026-08-12T04:40:08.428+0000] {processor.py:186} INFO - Started process (PID=599) to work on /home/airflow/.local/lib/python3.12/site-packages/airflow/example_dags/example_dynamic_task_mapping.py
[2026-08-12T04:40:08.430+0000] {processor.py:914} INFO - Processing file /home/airflow/.local/lib/python3.12/site-packages/airflow/example_dags/example_dynamic_task_mapping.py for tasks to queue
[2026-08-12T04:40:08.436+0000] {logging_mixin.py:190} INFO - [2026-08-12T04:40:08.435+0000] {dagbag.py:587} INFO - Filling up the DagBag from /home/airflow/.local/lib/python3.12/site-packages/airflow/example_dags/example_dynamic_task_mapping.py
[2026-08-12T04:40:08.458+0000] {processor.py:925} INFO - DAG(s) 'example_dynamic_task_mapping' retrieved from /home/airflow/.local/lib/python3.12/site-packages/airflow/example_dags/example_dynamic_task_mapping.py
[2026-08-12T04:40:08.498+0000] {logging_mixin.py:190} INFO - [2026-08-12T04:40:08.497+0000] {dag.py:3211} INFO - Sync 1 DAGs
[2026-08-12T04:40:08.530+0000] {logging_mixin.py:190} INFO - [2026-08-12T04:40:08.530+0000] {dag.py:4138} INFO - Setting next_dagrun for example_dynamic_task_mapping to 2022-03-04 00:00:00+00:00, run_after=2022-03-05 00:00:00+00:00
[2026-08-12T04:40:08.561+0000] {processor.py:208} INFO - Processing /home/airflow/.local/lib/python3.12/site-packages/airflow/example_dags/example_dynamic_task_mapping.py took 0.145 seconds
[2026-08-12T04:40:38.714+0000] {processor.py:186} INFO - Started process (PID=661) to work on /home/airflow/.local/lib/python3.12/site-packages/airflow/example_dags/example_dynamic_task_mapping.py
[2026-08-12T04:40:38.716+0000] {processor.py:914} INFO - Processing file /home/airflow/.local/lib/python3.12/site-packages/airflow/example_dags/example_dynamic_task_mapping.py for tasks to queue
[2026-08-12T04:40:38.720+0000] {logging_mixin.py:190} INFO - [2026-08-12T04:40:38.719+0000] {dagbag.py:587} INFO - Filling up the DagBag from /home/airflow/.local/lib/python3.12/site-packages/airflow/example_dags/example_dynamic_task_mapping.py
[2026-08-12T04:40:38.732+0000] {processor.py:925} INFO - DAG(s) 'example_dynamic_task_mapping' retrieved from /home/airflow/.local/lib/python3.12/site-packages/airflow/example_dags/example_dynamic_task_mapping.py
[2026-08-12T04:40:38.765+0000] {logging_mixin.py:190} INFO - [2026-08-12T04:40:38.765+0000] {dag.py:3211} INFO - Sync 1 DAGs
[2026-08-12T04:40:38.802+0000] {logging_mixin.py:190} INFO - [2026-08-12T04:40:38.802+0000] {dag.py:4138} INFO - Setting next_dagrun for example_dynamic_task_mapping to 2022-03-04 00:00:00+00:00, run_after=2022-03-05 00:00:00+00:00
[2026-08-12T04:40:38.831+0000] {processor.py:208} INFO - Processing /home/airflow/.local/lib/python3.12/site-packages/airflow/example_dags/example_dynamic_task_mapping.py took 0.127 seconds
[2026-08-12T04:41:08.940+0000] {processor.py:186} INFO - Started process (PID=723) to work on /home/airflow/.local/lib/python3.12/site-packages/airflow/example_dags/example_dynamic_task_mapping.py
[2026-08-12T04:41:08.943+0000] {processor.py:914} INFO - Processing file /home/airflow/.local/lib/python3.12/site-packages/airflow/example_dags/example_dynamic_task_mapping.py for tasks to queue
[2026-08-12T04:41:08.946+0000] {logging_mixin.py:190} INFO - [2026-08-12T04:41:08.946+0000] {dagbag.py:587} INFO - Filling up the DagBag from /home/airflow/.local/lib/python3.12/site-packages/airflow/example_dags/example_dynamic_task_mapping.py
[2026-08-12T04:41:08.961+0000] {processor.py:925} INFO - DAG(s) 'example_dynamic_task_mapping' retrieved from /home/airflow/.local/lib/python3.12/site-packages/airflow/example_dags/example_dynamic_task_mapping.py
[2026-08-12T04:41:08.988+0000] {logging_mixin.py:190} INFO - [2026-08-12T04:41:08.988+0000] {dag.py:3211} INFO - Sync 1 DAGs
[2026-08-12T04:41:09.054+0000] {logging_mixin.py:190} INFO - [2026-08-12T04:41:09.053+0000] {dag.py:4138} INFO - Setting next_dagrun for example_dynamic_task_mapping to 2022-03-04 00:00:00+00:00, run_after=2022-03-05 00:00:00+00:00
[2026-08-12T04:41:09.097+0000] {processor.py:208} INFO - Processing /home/airflow/.local/lib/python3.12/site-packages/airflow/example_dags/example_dynamic_task_mapping.py took 0.167 seconds
[2026-08-12T04:41:39.490+0000] {processor.py:186} INFO - Started process (PID=785) to work on /home/airflow/.local/lib/python3.12/site-packages/airflow/example_dags/example_dynamic_task_mapping.py
[2026-08-12T04:41:39.493+0000] {processor.py:914} INFO - Processing file /home/airflow/.local/lib/python3.12/site-packages/airflow/example_dags/example_dynamic_task_mapping.py for tasks to queue
[2026-08-12T04:41:39.497+0000] {logging_mixin.py:190} INFO - [2026-08-12T04:41:39.497+0000] {dagbag.py:587} INFO - Filling up the DagBag from /home/airflow/.local/lib/python3.12/site-packages/airflow/example_dags/example_dynamic_task_mapping.py
[2026-08-12T04:41:39.511+0000] {processor.py:925} INFO - DAG(s) 'example_dynamic_task_mapping' retrieved from /home/airflow/.local/lib/python3.12/site-packages/airflow/example_dags/example_dynamic_task_mapping.py
[2026-08-12T04:41:39.538+0000] {logging_mixin.py:190} INFO - [2026-08-12T04:41:39.538+0000] {dag.py:3211} INFO - Sync 1 DAGs
[2026-08-12T04:41:39.573+0000] {logging_mixin.py:190} INFO - [2026-08-12T04:41:39.573+0000] {dag.py:4138} INFO - Setting next_dagrun for example_dynamic_task_mapping to 2022-03-04 00:00:00+00:00, run_after=2022-03-05 00:00:00+00:00
[2026-08-12T04:41:39.605+0000] {processor.py:208} INFO - Processing /home/airflow/.local/lib/python3.12/site-packages/airflow/example_dags/example_dynamic_task_mapping.py took 0.122 seconds
[2026-08-12T04:42:10.031+0000] {processor.py:186} INFO - Started process (PID=847) to work on /home/airflow/.local/lib/python3.12/site-packages/airflow/example_dags/example_dynamic_task_mapping.py
[2026-08-12T04:42:10.035+0000] {processor.py:914} INFO - Processing file /home/airflow/.local/lib/python3.12/site-packages/airflow/example_dags/example_dynamic_task_mapping.py for tasks to queue
[2026-08-12T04:42:10.039+0000] {logging_mixin.py:190} INFO - [2026-08-12T04:42:10.038+0000] {dagbag.py:587} INFO - Filling up the DagBag from /home/airflow/.local/lib/python3.12/site-packages/airflow/example_dags/example_dynamic_task_mapping.py
[2026-08-12T04:42:10.052+0000] {processor.py:925} INFO - DAG(s) 'example_dynamic_task_mapping' retrieved from /home/airflow/.local/lib/python3.12/site-packages/airflow/example_dags/example_dynamic_task_mapping.py
[2026-08-12T04:42:10.076+0000] {logging_mixin.py:190} INFO - [2026-08-12T04:42:10.075+0000] {dag.py:3211} INFO - Sync 1 DAGs
[2026-08-12T04:42:10.107+0000] {logging_mixin.py:190} INFO - [2026-08-12T04:42:10.107+0000] {dag.py:4138} INFO - Setting next_dagrun for example_dynamic_task_mapping to 2022-03-04 00:00:00+00:00, run_after=2022-03-05 00:00:00+00:00
[2026-08-12T04:42:10.138+0000] {processor.py:208} INFO - Processing /home/airflow/.local/lib/python3.12/site-packages/airflow/example_dags/example_dynamic_task_mapping.py took 0.122 seconds
[2026-08-12T04:42:40.578+0000] {processor.py:186} INFO - Started process (PID=909) to work on /home/airflow/.local/lib/python3.12/site-packages/airflow/example_dags/example_dynamic_task_mapping.py
[2026-08-12T04:42:40.579+0000] {processor.py:914} INFO - Processing file /home/airflow/.local/lib/python3.12/site-packages/airflow/example_dags/example_dynamic_task_mapping.py for tasks to queue
[2026-08-12T04:42:40.583+0000] {logging_mixin.py:190} INFO - [2026-08-12T04:42:40.583+0000] {dagbag.py:587} INFO - Filling up the DagBag from /home/airflow/.local/lib/python3.12/site-packages/airflow/example_dags/example_dynamic_task_mapping.py
[2026-08-12T04:42:40.597+0000] {processor.py:925} INFO - DAG(s) 'example_dynamic_task_mapping' retrieved from /home/airflow/.local/lib/python3.12/site-packages/airflow/example_dags/example_dynamic_task_mapping.py
[2026-08-12T04:42:40.620+0000] {logging_mixin.py:190} INFO - [2026-08-12T04:42:40.620+0000] {dag.py:3211} INFO - Sync 1 DAGs
[2026-08-12T04:42:40.646+0000] {logging_mixin.py:190} INFO - [2026-08-12T04:42:40.646+0000] {dag.py:4138} INFO - Setting next_dagrun for example_dynamic_task_mapping to 2022-03-04 00:00:00+00:00, run_after=2022-03-05 00:00:00+00:00
[2026-08-12T04:42:40.668+0000] {processor.py:208} INFO - Processing /home/airflow/.local/lib/python3.12/site-packages/airflow/example_dags/example_dynamic_task_mapping.py took 0.098 seconds
[2026-08-12T04:43:10.835+0000] {processor.py:186} INFO - Started process (PID=971) to work on /home/airflow/.local/lib/python3.12/site-packages/airflow/example_dags/example_dynamic_task_mapping.py
[2026-08-12T04:43:10.837+0000] {processor.py:914} INFO - Processing file /home/airflow/.local/lib/python3.12/site-packages/airflow/example_dags/example_dynamic_task_mapping.py for tasks to queue
[2026-08-12T04:43:10.840+0000] {logging_mixin.py:190} INFO - [2026-08-12T04:43:10.840+0000] {dagbag.py:587} INFO - Filling up the DagBag from /home/airflow/.local/lib/python3.12/site-packages/airflow/example_dags/example_dynamic_task_mapping.py
[2026-08-12T04:43:10.850+0000] {processor.py:925} INFO - DAG(s) 'example_dynamic_task_mapping' retrieved from /home/airflow/.local/lib/python3.12/site-packages/airflow/example_dags/example_dynamic_task_mapping.py
[2026-08-12T04:43:10.872+0000] {logging_mixin.py:190} INFO - [2026-08-12T04:43:10.871+0000] {dag.py:3211} INFO - Sync 1 DAGs
[2026-08-12T04:43:10.897+0000] {logging_mixin.py:190} INFO - [2026-08-12T04:43:10.897+0000] {dag.py:4138} INFO - Setting next_dagrun for example_dynamic_task_mapping to 2022-03-04 00:00:00+00:00, run_after=2022-03-05 00:00:00+00:00
[2026-08-12T04:43:10.919+0000] {processor.py:208} INFO - Processing /home/airflow/.local/lib/python3.12/site-packages/airflow/example_dags/example_dynamic_task_mapping.py took 0.089 seconds
[2026-08-12T04:43:41.850+0000] {processor.py:186} INFO - Started process (PID=1039) to work on /home/airflow/.local/lib/python3.12/site-packages/airflow/example_dags/example_dynamic_task_mapping.py
[2026-08-12T04:43:41.852+0000] {processor.py:914} INFO - Processing file /home/airflow/.local/lib/python3.12/site-packages/airflow/example_dags/example_dynamic_task_mapping.py for tasks to queue
[2026-08-12T04:43:41.855+0000] {logging_mixin.py:190} INFO - [2026-08-12T04:43:41.855+0000] {dagbag.py:587} INFO - Filling up the DagBag from /home/airflow/.local/lib/python3.12/site-packages/airflow/example_dags/example_dynamic_task_mapping.py
[2026-08-12T04:43:41.868+0000] {processor.py:925} INFO - DAG(s) 'example_dynamic_task_mapping' retrieved from /home/airflow/.local/lib/python3.12/site-packages/airflow/example_dags/example_dynamic_task_mapping.py
[2026-08-12T04:43:41.894+0000] {logging_mixin.py:190} INFO - [2026-08-12T04:43:41.893+0000] {dag.py:3211} INFO - Sync 1 DAGs
[2026-08-12T04:43:41.920+0000] {logging_mixin.py:190} INFO - [2026-08-12T04:43:41.920+0000] {dag.py:4138} INFO - Setting next_dagrun for example_dynamic_task_mapping to 2022-03-04 00:00:00+00:00, run_after=2022-03-05 00:00:00+00:00
[2026-08-12T04:43:41.940+0000] {processor.py:208} INFO - Processing /home/airflow/.local/lib/python3.12/site-packages/airflow/example_dags/example_dynamic_task_mapping.py took 0.099 seconds
[2026-08-12T04:44:12.916+0000] {processor.py:186} INFO - Started process (PID=1101) to work on /home/airflow/.local/lib/python3.12/site-packages/airflow/example_dags/example_dynamic_task_mapping.py
[2026-08-12T04:44:12.919+0000] {processor.py:914} INFO - Processing file /home/airflow/.local/lib/python3.12/site-packages/airflow/example_dags/example_dynamic_task_mapping.py for tasks to queue
[2026-08-12T04:44:12.926+0000] {logging_mixin.py:190} INFO - [2026-08-12T04:44:12.925+0000] {dagbag.py:587} INFO - Filling up the DagBag from /home/airflow/.local/lib/python3.12/site-packages/airflow/example_dags/example_dynamic_task_mapping.py
[2026-08-12T04:44:12.942+0000] {processor.py:925} INFO - DAG(s) 'example_dynamic_task_mapping' retrieved from /home/airflow/.local/lib/python3.12/site-packages/airflow/example_dags/example_dynamic_task_mapping.py
[2026-08-12T04:44:12.996+0000] {logging_mixin.py:190} INFO - [2026-08-12T04:44:12.996+0000] {dag.py:3211} INFO - Sync 1 DAGs
[2026-08-12T04:44:13.059+0000] {logging_mixin.py:190} INFO - [2026-08-12T04:44:13.058+0000] {dag.py:4138} INFO - Setting next_dagrun for example_dynamic_task_mapping to 2022-03-04 00:00:00+00:00, run_after=2022-03-05 00:00:00+00:00
[2026-08-12T04:44:13.109+0000] {processor.py:208} INFO - Processing /home/airflow/.local/lib/python3.12/site-packages/airflow/example_dags/example_dynamic_task_mapping.py took 0.201 seconds
[2026-08-12T04:44:43.192+0000] {processor.py:186} INFO - Started process (PID=1164) to work on /home/airflow/.local/lib/python3.12/site-packages/airflow/example_dags/example_dynamic_task_mapping.py
[2026-08-12T04:44:43.194+0000] {processor.py:914} INFO - Processing file /home/airflow/.local/lib/python3.12/site-packages/airflow/example_dags/example_dynamic_task_mapping.py for tasks to queue
[2026-08-12T04:44:43.198+0000] {logging_mixin.py:190} INFO - [2026-08-12T04:44:43.197+0000] {dagbag.py:587} INFO - Filling up the DagBag from /home/airflow/.local/lib/python3.12/site-packages/airflow/example_dags/example_dynamic_task_mapping.py
[2026-08-12T04:44:43.208+0000] {processor.py:925} INFO - DAG(s) 'example_dynamic_task_mapping' retrieved from /home/airflow/.local/lib/python3.12/site-packages/airflow/example_dags/example_dynamic_task_mapping.py
[2026-08-12T04:44:43.230+0000] {logging_mixin.py:190} INFO - [2026-08-12T04:44:43.230+0000] {dag.py:3211} INFO - Sync 1 DAGs
[2026-08-12T04:44:43.253+0000] {logging_mixin.py:190} INFO - [2026-08-12T04:44:43.253+0000] {dag.py:4138} INFO - Setting next_dagrun for example_dynamic_task_mapping to 2022-03-04 00:00:00+00:00, run_after=2022-03-05 00:00:00+00:00
[2026-08-12T04:44:43.272+0000] {processor.py:208} INFO - Processing /home/airflow/.local/lib/python3.12/site-packages/airflow/example_dags/example_dynamic_task_mapping.py took 0.086 seconds
[2026-08-12T04:45:14.532+0000] {processor.py:186} INFO - Started process (PID=1226) to work on /home/airflow/.local/lib/python3.12/site-packages/airflow/example_dags/example_dynamic_task_mapping.py
[2026-08-12T04:45:14.536+0000] {processor.py:914} INFO - Processing file /home/airflow/.local/lib/python3.12/site-packages/airflow/example_dags/example_dynamic_task_mapping.py for tasks to queue
[2026-08-12T04:45:14.542+0000] {logging_mixin.py:190} INFO - [2026-08-12T04:45:14.541+0000] {dagbag.py:587} INFO - Filling up the DagBag from /home/airflow/.local/lib/python3.12/site-packages/airflow/example_dags/example_dynamic_task_mapping.py
[2026-08-12T04:45:14.562+0000] {processor.py:925} INFO - DAG(s) 'example_dynamic_task_mapping' retrieved from /home/airflow/.local/lib/python3.12/site-packages/airflow/example_dags/example_dynamic_task_mapping.py
[2026-08-12T04:45:14.597+0000] {logging_mixin.py:190} INFO - [2026-08-12T04:45:14.597+0000] {dag.py:3211} INFO - Sync 1 DAGs
[2026-08-12T04:45:14.641+0000] {logging_mixin.py:190} INFO - [2026-08-12T04:45:14.641+0000] {dag.py:4138} INFO - Setting next_dagrun for example_dynamic_task_mapping to 2022-03-04 00:00:00+00:00, run_after=2022-03-05 00:00:00+00:00
[2026-08-12T04:45:14.668+0000] {processor.py:208} INFO - Processing /home/airflow/.local/lib/python3.12/site-packages/airflow/example_dags/example_dynamic_task_mapping.py took 0.151 seconds
[2026-08-12T04:45:45.690+0000] {processor.py:186} INFO - Started process (PID=1288) to work on /home/airflow/.local/lib/python3.12/site-packages/airflow/example_dags/example_dynamic_task_mapping.py
[2026-08-12T04:45:45.704+0000] {processor.py:914} INFO - Processing file /home/airflow/.local/lib/python3.12/site-packages/airflow/example_dags/example_dynamic_task_mapping.py for tasks to queue
[2026-08-12T04:45:45.715+0000] {logging_mixin.py:190} INFO - [2026-08-12T04:45:45.714+0000] {dagbag.py:587} INFO - Filling up the DagBag from /home/airflow/.local/lib/python3.12/site-packages/airflow/example_dags/example_dynamic_task_mapping.py
[2026-08-12T04:45:45.742+0000] {processor.py:925} INFO - DAG(s) 'example_dynamic_task_mapping' retrieved from /home/airflow/.local/lib/python3.12/site-packages/airflow/example_dags/example_dynamic_task_mapping.py
[2026-08-12T04:45:45.782+0000] {logging_mixin.py:190} INFO - [2026-08-12T04:45:45.782+0000] {dag.py:3211} INFO - Sync 1 DAGs
[2026-08-12T04:45:45.816+0000] {logging_mixin.py:190} INFO - [2026-08-12T04:45:45.816+0000] {dag.py:4138} INFO - Setting next_dagrun for example_dynamic_task_mapping to 2022-03-04 00:00:00+00:00, run_after=2022-03-05 00:00:00+00:00
[2026-08-12T04:45:45.847+0000] {processor.py:208} INFO - Processing /home/airflow/.local/lib/python3.12/site-packages/airflow/example_dags/example_dynamic_task_mapping.py took 0.190 seconds
[2026-08-12T04:46:15.969+0000] {processor.py:186} INFO - Started process (PID=1350) to work on /home/airflow/.local/lib/python3.12/site-packages/airflow/example_dags/example_dynamic_task_mapping.py
[2026-08-12T04:46:15.971+0000] {processor.py:914} INFO - Processing file /home/airflow/.local/lib/python3.12/site-packages/airflow/example_dags/example_dynamic_task_mapping.py for tasks to queue
[2026-08-12T04:46:15.974+0000] {logging_mixin.py:190} INFO - [2026-08-12T04:46:15.974+0000] {dagbag.py:587} INFO - Filling up the DagBag from /home/airflow/.local/lib/python3.12/site-packages/airflow/example_dags/example_dynamic_task_mapping.py
[2026-08-12T04:46:15.989+0000] {processor.py:925} INFO - DAG(s) 'example_dynamic_task_mapping' retrieved from /home/airflow/.local/lib/python3.12/site-packages/airflow/example_dags/example_dynamic_task_mapping.py
[2026-08-12T04:46:16.036+0000] {logging_mixin.py:190} INFO - [2026-08-12T04:46:16.036+0000] {dag.py:3211} INFO - Sync 1 DAGs
[2026-08-12T04:46:16.068+0000] {logging_mixin.py:190} INFO - [2026-08-12T04:46:16.067+0000] {dag.py:4138} INFO - Setting next_dagrun for example_dynamic_task_mapping to 2022-03-04 00:00:00+00:00, run_after=2022-03-05 00:00:00+00:00
[2026-08-12T04:46:16.109+0000] {processor.py:208} INFO - Processing /home/airflow/.local/lib/python3.12/site-packages/airflow/example_dags/example_dynamic_task_mapping.py took 0.148 seconds
[2026-08-12T04:46:46.198+0000] {processor.py:186} INFO - Started process (PID=1412) to work on /home/airflow/.local/lib/python3.12/site-packages/airflow/example_dags/example_dynamic_task_mapping.py
[2026-08-12T04:46:46.200+0000] {processor.py:914} INFO - Processing file /home/airflow/.local/lib/python3.12/site-packages/airflow/example_dags/example_dynamic_task_mapping.py for tasks to queue
[2026-08-12T04:46:46.205+0000] {logging_mixin.py:190} INFO - [2026-08-12T04:46:46.204+0000] {dagbag.py:587} INFO - Filling up the DagBag from /home/airflow/.local/lib/python3.12/site-packages/airflow/example_dags/example_dynamic_task_mapping.py
[2026-08-12T04:46:46.220+0000] {processor.py:925} INFO - DAG(s) 'example_dynamic_task_mapping' retrieved from /home/airflow/.local/lib/python3.12/site-packages/airflow/example_dags/example_dynamic_task_mapping.py
[2026-08-12T04:46:46.246+0000] {logging_mixin.py:190} INFO - [2026-08-12T04:46:46.245+0000] {dag.py:3211} INFO - Sync 1 DAGs
[2026-08-12T04:46:46.273+0000] {logging_mixin.py:190} INFO - [2026-08-12T04:46:46.273+0000] {dag.py:4138} INFO - Setting next_dagrun for example_dynamic_task_mapping to 2022-03-04 00:00:00+00:00, run_after=2022-03-05 00:00:00+00:00
[2026-08-12T04:46:46.304+0000] {processor.py:208} INFO - Processing /home/airflow/.local/lib/python3.12/site-packages/airflow/example_dags/example_dynamic_task_mapping.py took 0.115 seconds
[2026-08-12T04:47:16.842+0000] {processor.py:186} INFO - Started process (PID=1473) to work on /home/airflow/.local/lib/python3.12/site-packages/airflow/example_dags/example_dynamic_task_mapping.py
[2026-08-12T04:47:16.844+0000] {processor.py:914} INFO - Processing file /home/airflow/.local/lib/python3.12/site-packages/airflow/example_dags/example_dynamic_task_mapping.py for tasks to queue
[2026-08-12T04:47:16.849+0000] {logging_mixin.py:190} INFO - [2026-08-12T04:47:16.848+0000] {dagbag.py:587} INFO - Filling up the DagBag from /home/airflow/.local/lib/python3.12/site-packages/airflow/example_dags/example_dynamic_task_mapping.py
[2026-08-12T04:47:16.861+0000] {processor.py:925} INFO - DAG(s) 'example_dynamic_task_mapping' retrieved from /home/airflow/.local/lib/python3.12/site-packages/airflow/example_dags/example_dynamic_task_mapping.py
[2026-08-12T04:47:16.885+0000] {logging_mixin.py:190} INFO - [2026-08-12T04:47:16.884+0000] {dag.py:3211} INFO - Sync 1 DAGs
[2026-08-12T04:47:16.908+0000] {logging_mixin.py:190} INFO - [2026-08-12T04:47:16.908+0000] {dag.py:4138} INFO - Setting next_dagrun for example_dynamic_task_mapping to 2022-03-04 00:00:00+00:00, run_after=2022-03-05 00:00:00+00:00
[2026-08-12T04:47:16.931+0000] {processor.py:208} INFO - Processing /home/airflow/.local/lib/python3.12/site-packages/airflow/example_dags/example_dynamic_task_mapping.py took 0.096 seconds
