[2026-08-12T04:31:52.773+0000] {processor.py:186} INFO - Started process (PID=84) to work on /home/airflow/.local/lib/python3.12/site-packages/airflow/example_dags/example_short_circuit_operator.py
[2026-08-12T04:31:52.776+0000] {processor.py:914} INFO - Processing file /home/airflow/.local/lib/python3.12/site-packages/airflow/example_dags/example_short_circuit_operator.py for tasks to queue
[2026-08-12T04:31:52.783+0000] {logging_mixin.py:190} INFO - [2026-08-12T04:31:52.782+0000] {dagbag.py:587} INFO - Filling up the DagBag from /home/airflow/.local/lib/python3.12/site-packages/airflow/example_dags/example_short_circuit_operator.py
[2026-08-12T04:31:52.806+0000] {processor.py:925} INFO - DAG(s) 'example_short_circuit_operator' retrieved from /home/airflow/.local/lib/python3.12/site-packages/airflow/example_dags/example_short_circuit_operator.py
[2026-08-12T04:31:53.059+0000] {logging_mixin.py:190} INFO - [2026-08-12T04:31:53.057+0000] {override.py:1858} INFO - Created Permission View: can edit on DAG:example_short_circuit_operator
[2026-08-12T04:31:53.121+0000] {logging_mixin.py:190} INFO - [2026-08-12T04:31:53.121+0000] {override.py:1858} INFO - Created Permission View: can read on DAG:example_short_circuit_operator
[2026-08-12T04:31:53.188+0000] {logging_mixin.py:190} INFO - [2026-08-12T04:31:53.187+0000] {override.py:1858} INFO - Created Permission View: can delete on DAG:example_short_circuit_operator
[2026-08-12T04:31:53.194+0000] {logging_mixin.py:190} INFO - [2026-08-12T04:31:53.193+0000] {dag.py:3211} INFO - Sync 1 DAGs
[2026-08-12T04:31:53.229+0000] {logging_mixin.py:190} INFO - [2026-08-12T04:31:53.228+0000] {dag.py:3234} INFO - Creating ORM DAG for example_short_circuit_operator
[2026-08-12T04:31:53.259+0000] {logging_mixin.py:190} INFO - [2026-08-12T04:31:53.259+0000] {dag.py:4138} INFO - Setting next_dagrun for example_short_circuit_operator to 2026-08-11 00:00:00+00:00, run_after=2026-08-12 00:00:00+00:00
[2026-08-12T04:31:53.306+0000] {processor.py:208} INFO - Processing /home/airflow/.local/lib/python3.12/site-packages/airflow/example_dags/example_short_circuit_operator.py took 0.544 seconds
[2026-08-12T04:32:23.723+0000] {processor.py:186} INFO - Started process (PID=147) to work on /home/airflow/.local/lib/python3.12/site-packages/airflow/example_dags/example_short_circuit_operator.py
[2026-08-12T04:32:23.725+0000] {processor.py:914} INFO - Processing file /home/airflow/.local/lib/python3.12/site-packages/airflow/example_dags/example_short_circuit_operator.py for tasks to queue
[2026-08-12T04:32:23.739+0000] {logging_mixin.py:190} INFO - [2026-08-12T04:32:23.738+0000] {dagbag.py:587} INFO - Filling up the DagBag from /home/airflow/.local/lib/python3.12/site-packages/airflow/example_dags/example_short_circuit_operator.py
[2026-08-12T04:32:23.765+0000] {processor.py:925} INFO - DAG(s) 'example_short_circuit_operator' retrieved from /home/airflow/.local/lib/python3.12/site-packages/airflow/example_dags/example_short_circuit_operator.py
[2026-08-12T04:32:23.849+0000] {logging_mixin.py:190} INFO - [2026-08-12T04:32:23.848+0000] {dag.py:3211} INFO - Sync 1 DAGs
[2026-08-12T04:32:23.905+0000] {logging_mixin.py:190} INFO - [2026-08-12T04:32:23.905+0000] {dag.py:4138} INFO - Setting next_dagrun for example_short_circuit_operator to 2026-08-11 00:00:00+00:00, run_after=2026-08-12 00:00:00+00:00
[2026-08-12T04:32:23.950+0000] {processor.py:208} INFO - Processing /home/airflow/.local/lib/python3.12/site-packages/airflow/example_dags/example_short_circuit_operator.py took 0.244 seconds
[2026-08-12T04:32:54.029+0000] {processor.py:186} INFO - Started process (PID=210) to work on /home/airflow/.local/lib/python3.12/site-packages/airflow/example_dags/example_short_circuit_operator.py
[2026-08-12T04:32:54.031+0000] {processor.py:914} INFO - Processing file /home/airflow/.local/lib/python3.12/site-packages/airflow/example_dags/example_short_circuit_operator.py for tasks to queue
[2026-08-12T04:32:54.035+0000] {logging_mixin.py:190} INFO - [2026-08-12T04:32:54.034+0000] {dagbag.py:587} INFO - Filling up the DagBag from /home/airflow/.local/lib/python3.12/site-packages/airflow/example_dags/example_short_circuit_operator.py
[2026-08-12T04:32:54.046+0000] {processor.py:925} INFO - DAG(s) 'example_short_circuit_operator' retrieved from /home/airflow/.local/lib/python3.12/site-packages/airflow/example_dags/example_short_circuit_operator.py
[2026-08-12T04:32:54.077+0000] {logging_mixin.py:190} INFO - [2026-08-12T04:32:54.076+0000] {dag.py:3211} INFO - Sync 1 DAGs
[2026-08-12T04:32:54.108+0000] {logging_mixin.py:190} INFO - [2026-08-12T04:32:54.107+0000] {dag.py:4138} INFO - Setting next_dagrun for example_short_circuit_operator to 2026-08-11 00:00:00+00:00, run_after=2026-08-12 00:00:00+00:00
[2026-08-12T04:32:54.139+0000] {processor.py:208} INFO - Processing /home/airflow/.local/lib/python3.12/site-packages/airflow/example_dags/example_short_circuit_operator.py took 0.116 seconds
[2026-08-12T04:33:24.344+0000] {processor.py:186} INFO - Started process (PID=271) to work on /home/airflow/.local/lib/python3.12/site-packages/airflow/example_dags/example_short_circuit_operator.py
[2026-08-12T04:33:24.351+0000] {processor.py:914} INFO - Processing file /home/airflow/.local/lib/python3.12/site-packages/airflow/example_dags/example_short_circuit_operator.py for tasks to queue
[2026-08-12T04:33:24.358+0000] {logging_mixin.py:190} INFO - [2026-08-12T04:33:24.357+0000] {dagbag.py:587} INFO - Filling up the DagBag from /home/airflow/.local/lib/python3.12/site-packages/airflow/example_dags/example_short_circuit_operator.py
[2026-08-12T04:33:24.378+0000] {processor.py:925} INFO - DAG(s) 'example_short_circuit_operator' retrieved from /home/airflow/.local/lib/python3.12/site-packages/airflow/example_dags/example_short_circuit_operator.py
[2026-08-12T04:33:24.418+0000] {logging_mixin.py:190} INFO - [2026-08-12T04:33:24.418+0000] {dag.py:3211} INFO - Sync 1 DAGs
[2026-08-12T04:33:24.465+0000] {logging_mixin.py:190} INFO - [2026-08-12T04:33:24.464+0000] {dag.py:4138} INFO - Setting next_dagrun for example_short_circuit_operator to 2026-08-11 00:00:00+00:00, run_after=2026-08-12 00:00:00+00:00
[2026-08-12T04:33:24.497+0000] {processor.py:208} INFO - Processing /home/airflow/.local/lib/python3.12/site-packages/airflow/example_dags/example_short_circuit_operator.py took 0.168 seconds
[2026-08-12T04:33:55.705+0000] {processor.py:186} INFO - Started process (PID=340) to work on /home/airflow/.local/lib/python3.12/site-packages/airflow/example_dags/example_short_circuit_operator.py
[2026-08-12T04:33:55.707+0000] {processor.py:914} INFO - Processing file /home/airflow/.local/lib/python3.12/site-packages/airflow/example_dags/example_short_circuit_operator.py for tasks to queue
[2026-08-12T04:33:55.712+0000] {logging_mixin.py:190} INFO - [2026-08-12T04:33:55.711+0000] {dagbag.py:587} INFO - Filling up the DagBag from /home/airflow/.local/lib/python3.12/site-packages/airflow/example_dags/example_short_circuit_operator.py
[2026-08-12T04:33:55.724+0000] {processor.py:925} INFO - DAG(s) 'example_short_circuit_operator' retrieved from /home/airflow/.local/lib/python3.12/site-packages/airflow/example_dags/example_short_circuit_operator.py
[2026-08-12T04:33:55.758+0000] {logging_mixin.py:190} INFO - [2026-08-12T04:33:55.757+0000] {dag.py:3211} INFO - Sync 1 DAGs
[2026-08-12T04:33:55.793+0000] {logging_mixin.py:190} INFO - [2026-08-12T04:33:55.793+0000] {dag.py:4138} INFO - Setting next_dagrun for example_short_circuit_operator to 2026-08-11 00:00:00+00:00, run_after=2026-08-12 00:00:00+00:00
[2026-08-12T04:33:55.823+0000] {processor.py:208} INFO - Processing /home/airflow/.local/lib/python3.12/site-packages/airflow/example_dags/example_short_circuit_operator.py took 0.128 seconds
[2026-08-12T04:34:26.561+0000] {processor.py:186} INFO - Started process (PID=402) to work on /home/airflow/.local/lib/python3.12/site-packages/airflow/example_dags/example_short_circuit_operator.py
[2026-08-12T04:34:26.564+0000] {processor.py:914} INFO - Processing file /home/airflow/.local/lib/python3.12/site-packages/airflow/example_dags/example_short_circuit_operator.py for tasks to queue
[2026-08-12T04:34:26.572+0000] {logging_mixin.py:190} INFO - [2026-08-12T04:34:26.571+0000] {dagbag.py:587} INFO - Filling up the DagBag from /home/airflow/.local/lib/python3.12/site-packages/airflow/example_dags/example_short_circuit_operator.py
[2026-08-12T04:34:26.593+0000] {processor.py:925} INFO - DAG(s) 'example_short_circuit_operator' retrieved from /home/airflow/.local/lib/python3.12/site-packages/airflow/example_dags/example_short_circuit_operator.py
[2026-08-12T04:34:26.643+0000] {logging_mixin.py:190} INFO - [2026-08-12T04:34:26.643+0000] {dag.py:3211} INFO - Sync 1 DAGs
[2026-08-12T04:34:26.685+0000] {logging_mixin.py:190} INFO - [2026-08-12T04:34:26.684+0000] {dag.py:4138} INFO - Setting next_dagrun for example_short_circuit_operator to 2026-08-11 00:00:00+00:00, run_after=2026-08-12 00:00:00+00:00
[2026-08-12T04:34:26.745+0000] {processor.py:208} INFO - Processing /home/airflow/.local/lib/python3.12/site-packages/airflow/example_dags/example_short_circuit_operator.py took 0.196 seconds
[2026-08-12T04:35:56.162+0000] {processor.py:186} INFO - Started process (PID=84) to work on /home/airflow/.local/lib/python3.12/site-packages/airflow/example_dags/example_short_circuit_operator.py
[2026-08-12T04:35:56.165+0000] {processor.py:914} INFO - Processing file /home/airflow/.local/lib/python3.12/site-packages/airflow/example_dags/example_short_circuit_operator.py for tasks to queue
[2026-08-12T04:35:56.173+0000] {logging_mixin.py:190} INFO - [2026-08-12T04:35:56.172+0000] {dagbag.py:587} INFO - Filling up the DagBag from /home/airflow/.local/lib/python3.12/site-packages/airflow/example_dags/example_short_circuit_operator.py
[2026-08-12T04:35:56.200+0000] {processor.py:925} INFO - DAG(s) 'example_short_circuit_operator' retrieved from /home/airflow/.local/lib/python3.12/site-packages/airflow/example_dags/example_short_circuit_operator.py
[2026-08-12T04:35:56.308+0000] {logging_mixin.py:190} INFO - [2026-08-12T04:35:56.306+0000] {dag.py:3211} INFO - Sync 1 DAGs
[2026-08-12T04:35:56.425+0000] {logging_mixin.py:190} INFO - [2026-08-12T04:35:56.425+0000] {dag.py:4138} INFO - Setting next_dagrun for example_short_circuit_operator to 2026-08-11 00:00:00+00:00, run_after=2026-08-12 00:00:00+00:00
[2026-08-12T04:35:56.522+0000] {processor.py:208} INFO - Processing /home/airflow/.local/lib/python3.12/site-packages/airflow/example_dags/example_short_circuit_operator.py took 0.376 seconds
[2026-08-12T04:36:27.128+0000] {processor.py:186} INFO - Started process (PID=146) to work on /home/airflow/.local/lib/python3.12/site-packages/airflow/example_dags/example_short_circuit_operator.py
[2026-08-12T04:36:27.130+0000] {processor.py:914} INFO - Processing file /home/airflow/.local/lib/python3.12/site-packages/airflow/example_dags/example_short_circuit_operator.py for tasks to queue
[2026-08-12T04:36:27.134+0000] {logging_mixin.py:190} INFO - [2026-08-12T04:36:27.134+0000] {dagbag.py:587} INFO - Filling up the DagBag from /home/airflow/.local/lib/python3.12/site-packages/airflow/example_dags/example_short_circuit_operator.py
[2026-08-12T04:36:27.158+0000] {processor.py:925} INFO - DAG(s) 'example_short_circuit_operator' retrieved from /home/airflow/.local/lib/python3.12/site-packages/airflow/example_dags/example_short_circuit_operator.py
[2026-08-12T04:36:27.184+0000] {logging_mixin.py:190} INFO - [2026-08-12T04:36:27.184+0000] {dag.py:3211} INFO - Sync 1 DAGs
[2026-08-12T04:36:27.219+0000] {logging_mixin.py:190} INFO - [2026-08-12T04:36:27.218+0000] {dag.py:4138} INFO - Setting next_dagrun for example_short_circuit_operator to 2026-08-11 00:00:00+00:00, run_after=2026-08-12 00:00:00+00:00
[2026-08-12T04:36:27.249+0000] {processor.py:208} INFO - Processing /home/airflow/.local/lib/python3.12/site-packages/airflow/example_dags/example_short_circuit_operator.py took 0.126 seconds
[2026-08-12T04:36:57.966+0000] {processor.py:186} INFO - Started process (PID=208) to work on /home/airflow/.local/lib/python3.12/site-packages/airflow/example_dags/example_short_circuit_operator.py
[2026-08-12T04:36:57.969+0000] {processor.py:914} INFO - Processing file /home/airflow/.local/lib/python3.12/site-packages/airflow/example_dags/example_short_circuit_operator.py for tasks to queue
[2026-08-12T04:36:57.973+0000] {logging_mixin.py:190} INFO - [2026-08-12T04:36:57.972+0000] {dagbag.py:587} INFO - Filling up the DagBag from /home/airflow/.local/lib/python3.12/site-packages/airflow/example_dags/example_short_circuit_operator.py
[2026-08-12T04:36:57.988+0000] {processor.py:925} INFO - DAG(s) 'example_short_circuit_operator' retrieved from /home/airflow/.local/lib/python3.12/site-packages/airflow/example_dags/example_short_circuit_operator.py
[2026-08-12T04:36:58.018+0000] {logging_mixin.py:190} INFO - [2026-08-12T04:36:58.017+0000] {dag.py:3211} INFO - Sync 1 DAGs
[2026-08-12T04:36:58.061+0000] {logging_mixin.py:190} INFO - [2026-08-12T04:36:58.061+0000] {dag.py:4138} INFO - Setting next_dagrun for example_short_circuit_operator to 2026-08-11 00:00:00+00:00, run_after=2026-08-12 00:00:00+00:00
[2026-08-12T04:36:58.094+0000] {processor.py:208} INFO - Processing /home/airflow/.local/lib/python3.12/site-packages/airflow/example_dags/example_short_circuit_operator.py took 0.149 seconds
[2026-08-12T04:37:28.396+0000] {processor.py:186} INFO - Started process (PID=270) to work on /home/airflow/.local/lib/python3.12/site-packages/airflow/example_dags/example_short_circuit_operator.py
[2026-08-12T04:37:28.400+0000] {processor.py:914} INFO - Processing file /home/airflow/.local/lib/python3.12/site-packages/airflow/example_dags/example_short_circuit_operator.py for tasks to queue
[2026-08-12T04:37:28.408+0000] {logging_mixin.py:190} INFO - [2026-08-12T04:37:28.407+0000] {dagbag.py:587} INFO - Filling up the DagBag from /home/airflow/.local/lib/python3.12/site-packages/airflow/example_dags/example_short_circuit_operator.py
[2026-08-12T04:37:28.431+0000] {processor.py:925} INFO - DAG(s) 'example_short_circuit_operator' retrieved from /home/airflow/.local/lib/python3.12/site-packages/airflow/example_dags/example_short_circuit_operator.py
[2026-08-12T04:37:28.478+0000] {logging_mixin.py:190} INFO - [2026-08-12T04:37:28.478+0000] {dag.py:3211} INFO - Sync 1 DAGs
[2026-08-12T04:37:28.524+0000] {logging_mixin.py:190} INFO - [2026-08-12T04:37:28.524+0000] {dag.py:4138} INFO - Setting next_dagrun for example_short_circuit_operator to 2026-08-11 00:00:00+00:00, run_after=2026-08-12 00:00:00+00:00
[2026-08-12T04:37:28.599+0000] {processor.py:208} INFO - Processing /home/airflow/.local/lib/python3.12/site-packages/airflow/example_dags/example_short_circuit_operator.py took 0.218 seconds
[2026-08-12T04:37:58.700+0000] {processor.py:186} INFO - Started process (PID=331) to work on /home/airflow/.local/lib/python3.12/site-packages/airflow/example_dags/example_short_circuit_operator.py
[2026-08-12T04:37:58.703+0000] {processor.py:914} INFO - Processing file /home/airflow/.local/lib/python3.12/site-packages/airflow/example_dags/example_short_circuit_operator.py for tasks to queue
[2026-08-12T04:37:58.707+0000] {logging_mixin.py:190} INFO - [2026-08-12T04:37:58.706+0000] {dagbag.py:587} INFO - Filling up the DagBag from /home/airflow/.local/lib/python3.12/site-packages/airflow/example_dags/example_short_circuit_operator.py
[2026-08-12T04:37:58.717+0000] {processor.py:925} INFO - DAG(s) 'example_short_circuit_operator' retrieved from /home/airflow/.local/lib/python3.12/site-packages/airflow/example_dags/example_short_circuit_operator.py
[2026-08-12T04:37:58.743+0000] {logging_mixin.py:190} INFO - [2026-08-12T04:37:58.742+0000] {dag.py:3211} INFO - Sync 1 DAGs
[2026-08-12T04:37:58.778+0000] {logging_mixin.py:190} INFO - [2026-08-12T04:37:58.778+0000] {dag.py:4138} INFO - Setting next_dagrun for example_short_circuit_operator to 2026-08-11 00:00:00+00:00, run_after=2026-08-12 00:00:00+00:00
[2026-08-12T04:37:58.807+0000] {processor.py:208} INFO - Processing /home/airflow/.local/lib/python3.12/site-packages/airflow/example_dags/example_short_circuit_operator.py took 0.113 seconds
[2026-08-12T04:38:29.266+0000] {processor.py:186} INFO - Started process (PID=393) to work on /home/airflow/.local/lib/python3.12/site-packages/airflow/example_dags/example_short_circuit_operator.py
[2026-08-12T04:38:29.268+0000] {processor.py:914} INFO - Processing file /home/airflow/.local/lib/python3.12/site-packages/airflow/example_dags/example_short_circuit_operator.py for tasks to queue
[2026-08-12T04:38:29.272+0000] {logging_mixin.py:190} INFO - [2026-08-12T04:38:29.272+0000] {dagbag.py:587} INFO - Filling up the DagBag from /home/airflow/.local/lib/python3.12/site-packages/airflow/example_dags/example_short_circuit_operator.py
[2026-08-12T04:38:29.287+0000] {processor.py:925} INFO - DAG(s) 'example_short_circuit_operator' retrieved from /home/airflow/.local/lib/python3.12/site-packages/airflow/example_dags/example_short_circuit_operator.py
[2026-08-12T04:38:29.330+0000] {logging_mixin.py:190} INFO - [2026-08-12T04:38:29.329+0000] {dag.py:3211} INFO - Sync 1 DAGs
[2026-08-12T04:38:29.386+0000] {logging_mixin.py:190} INFO - [2026-08-12T04:38:29.385+0000] {dag.py:4138} INFO - Setting next_dagrun for example_short_circuit_operator to 2026-08-11 00:00:00+00:00, run_after=2026-08-12 00:00:00+00:00
[2026-08-12T04:38:29.419+0000] {processor.py:208} INFO - Processing /home/airflow/.local/lib/python3.12/site-packages/airflow/example_dags/example_short_circuit_operator.py took 0.159 seconds
[2026-08-12T04:39:00.332+0000] {processor.py:186} INFO - Started process (PID=455) to work on /home/airflow/.local/lib/python3.12/site-packages/airflow/example_dags/example_short_circuit_operator.py
[2026-08-12T04:39:00.334+0000] {processor.py:914} INFO - Processing file /home/airflow/.local/lib/python3.12/site-packages/airflow/example_dags/example_short_circuit_operator.py for tasks to queue
[2026-08-12T04:39:00.339+0000] {logging_mixin.py:190} INFO - [2026-08-12T04:39:00.339+0000] {dagbag.py:587} INFO - Filling up the DagBag from /home/airflow/.local/lib/python3.12/site-packages/airflow/example_dags/example_short_circuit_operator.py
[2026-08-12T04:39:00.371+0000] {processor.py:925} INFO - DAG(s) 'example_short_circuit_operator' retrieved from /home/airflow/.local/lib/python3.12/site-packages/airflow/example_dags/example_short_circuit_operator.py
[2026-08-12T04:39:00.410+0000] {logging_mixin.py:190} INFO - [2026-08-12T04:39:00.409+0000] {dag.py:3211} INFO - Sync 1 DAGs
[2026-08-12T04:39:00.444+0000] {logging_mixin.py:190} INFO - [2026-08-12T04:39:00.444+0000] {dag.py:4138} INFO - Setting next_dagrun for example_short_circuit_operator to 2026-08-11 00:00:00+00:00, run_after=2026-08-12 00:00:00+00:00
[2026-08-12T04:39:00.472+0000] {processor.py:208} INFO - Processing /home/airflow/.local/lib/python3.12/site-packages/airflow/example_dags/example_short_circuit_operator.py took 0.149 seconds
[2026-08-12T04:39:30.576+0000] {processor.py:186} INFO - Started process (PID=516) to work on /home/airflow/.local/lib/python3.12/site-packages/airflow/example_dags/example_short_circuit_operator.py
[2026-08-12T04:39:30.578+0000] {processor.py:914} INFO - Processing file /home/airflow/.local/lib/python3.12/site-packages/airflow/example_dags/example_short_circuit_operator.py for tasks to queue
[2026-08-12T04:39:30.581+0000] {logging_mixin.py:190} INFO - [2026-08-12T04:39:30.581+0000] {dagbag.py:587} INFO - Filling up the DagBag from /home/airflow/.local/lib/python3.12/site-packages/airflow/example_dags/example_short_circuit_operator.py
[2026-08-12T04:39:30.594+0000] {processor.py:925} INFO - DAG(s) 'example_short_circuit_operator' retrieved from /home/airflow/.local/lib/python3.12/site-packages/airflow/example_dags/example_short_circuit_operator.py
[2026-08-12T04:39:30.626+0000] {logging_mixin.py:190} INFO - [2026-08-12T04:39:30.626+0000] {dag.py:3211} INFO - Sync 1 DAGs
[2026-08-12T04:39:30.653+0000] {logging_mixin.py:190} INFO - [2026-08-12T04:39:30.652+0000] {dag.py:4138} INFO - Setting next_dagrun for example_short_circuit_operator to 2026-08-11 00:00:00+00:00, run_after=2026-08-12 00:00:00+00:00
[2026-08-12T04:39:30.684+0000] {processor.py:208} INFO - Processing /home/airflow/.local/lib/python3.12/site-packages/airflow/example_dags/example_short_circuit_operator.py took 0.118 seconds
[2026-08-12T04:40:00.883+0000] {processor.py:186} INFO - Started process (PID=578) to work on /home/airflow/.local/lib/python3.12/site-packages/airflow/example_dags/example_short_circuit_operator.py
[2026-08-12T04:40:00.885+0000] {processor.py:914} INFO - Processing file /home/airflow/.local/lib/python3.12/site-packages/airflow/example_dags/example_short_circuit_operator.py for tasks to queue
[2026-08-12T04:40:00.894+0000] {logging_mixin.py:190} INFO - [2026-08-12T04:40:00.894+0000] {dagbag.py:587} INFO - Filling up the DagBag from /home/airflow/.local/lib/python3.12/site-packages/airflow/example_dags/example_short_circuit_operator.py
[2026-08-12T04:40:00.911+0000] {processor.py:925} INFO - DAG(s) 'example_short_circuit_operator' retrieved from /home/airflow/.local/lib/python3.12/site-packages/airflow/example_dags/example_short_circuit_operator.py
[2026-08-12T04:40:00.946+0000] {logging_mixin.py:190} INFO - [2026-08-12T04:40:00.946+0000] {dag.py:3211} INFO - Sync 1 DAGs
[2026-08-12T04:40:00.982+0000] {logging_mixin.py:190} INFO - [2026-08-12T04:40:00.982+0000] {dag.py:4138} INFO - Setting next_dagrun for example_short_circuit_operator to 2026-08-11 00:00:00+00:00, run_after=2026-08-12 00:00:00+00:00
[2026-08-12T04:40:01.017+0000] {processor.py:208} INFO - Processing /home/airflow/.local/lib/python3.12/site-packages/airflow/example_dags/example_short_circuit_operator.py took 0.140 seconds
[2026-08-12T04:40:31.845+0000] {processor.py:186} INFO - Started process (PID=640) to work on /home/airflow/.local/lib/python3.12/site-packages/airflow/example_dags/example_short_circuit_operator.py
[2026-08-12T04:40:31.849+0000] {processor.py:914} INFO - Processing file /home/airflow/.local/lib/python3.12/site-packages/airflow/example_dags/example_short_circuit_operator.py for tasks to queue
[2026-08-12T04:40:31.853+0000] {logging_mixin.py:190} INFO - [2026-08-12T04:40:31.853+0000] {dagbag.py:587} INFO - Filling up the DagBag from /home/airflow/.local/lib/python3.12/site-packages/airflow/example_dags/example_short_circuit_operator.py
[2026-08-12T04:40:31.867+0000] {processor.py:925} INFO - DAG(s) 'example_short_circuit_operator' retrieved from /home/airflow/.local/lib/python3.12/site-packages/airflow/example_dags/example_short_circuit_operator.py
[2026-08-12T04:40:31.903+0000] {logging_mixin.py:190} INFO - [2026-08-12T04:40:31.903+0000] {dag.py:3211} INFO - Sync 1 DAGs
[2026-08-12T04:40:31.943+0000] {logging_mixin.py:190} INFO - [2026-08-12T04:40:31.943+0000] {dag.py:4138} INFO - Setting next_dagrun for example_short_circuit_operator to 2026-08-11 00:00:00+00:00, run_after=2026-08-12 00:00:00+00:00
[2026-08-12T04:40:31.970+0000] {processor.py:208} INFO - Processing /home/airflow/.local/lib/python3.12/site-packages/airflow/example_dags/example_short_circuit_operator.py took 0.136 seconds
[2026-08-12T04:41:02.213+0000] {processor.py:186} INFO - Started process (PID=702) to work on /home/airflow/.local/lib/python3.12/site-packages/airflow/example_dags/example_short_circuit_operator.py
[2026-08-12T04:41:02.215+0000] {processor.py:914} INFO - Processing file /home/airflow/.local/lib/python3.12/site-packages/airflow/example_dags/example_short_circuit_operator.py for tasks to queue
[2026-08-12T04:41:02.223+0000] {logging_mixin.py:190} INFO - [2026-08-12T04:41:02.222+0000] {dagbag.py:587} INFO - Filling up the DagBag from /home/airflow/.local/lib/python3.12/site-packages/airflow/example_dags/example_short_circuit_operator.py
[2026-08-12T04:41:02.247+0000] {processor.py:925} INFO - DAG(s) 'example_short_circuit_operator' retrieved from /home/airflow/.local/lib/python3.12/site-packages/airflow/example_dags/example_short_circuit_operator.py
[2026-08-12T04:41:02.286+0000] {logging_mixin.py:190} INFO - [2026-08-12T04:41:02.285+0000] {dag.py:3211} INFO - Sync 1 DAGs
[2026-08-12T04:41:02.321+0000] {logging_mixin.py:190} INFO - [2026-08-12T04:41:02.320+0000] {dag.py:4138} INFO - Setting next_dagrun for example_short_circuit_operator to 2026-08-11 00:00:00+00:00, run_after=2026-08-12 00:00:00+00:00
[2026-08-12T04:41:02.351+0000] {processor.py:208} INFO - Processing /home/airflow/.local/lib/python3.12/site-packages/airflow/example_dags/example_short_circuit_operator.py took 0.155 seconds
[2026-08-12T04:41:32.761+0000] {processor.py:186} INFO - Started process (PID=764) to work on /home/airflow/.local/lib/python3.12/site-packages/airflow/example_dags/example_short_circuit_operator.py
[2026-08-12T04:41:32.765+0000] {processor.py:914} INFO - Processing file /home/airflow/.local/lib/python3.12/site-packages/airflow/example_dags/example_short_circuit_operator.py for tasks to queue
[2026-08-12T04:41:32.772+0000] {logging_mixin.py:190} INFO - [2026-08-12T04:41:32.771+0000] {dagbag.py:587} INFO - Filling up the DagBag from /home/airflow/.local/lib/python3.12/site-packages/airflow/example_dags/example_short_circuit_operator.py
[2026-08-12T04:41:32.788+0000] {processor.py:925} INFO - DAG(s) 'example_short_circuit_operator' retrieved from /home/airflow/.local/lib/python3.12/site-packages/airflow/example_dags/example_short_circuit_operator.py
[2026-08-12T04:41:32.829+0000] {logging_mixin.py:190} INFO - [2026-08-12T04:41:32.828+0000] {dag.py:3211} INFO - Sync 1 DAGs
[2026-08-12T04:41:32.869+0000] {logging_mixin.py:190} INFO - [2026-08-12T04:41:32.869+0000] {dag.py:4138} INFO - Setting next_dagrun for example_short_circuit_operator to 2026-08-11 00:00:00+00:00, run_after=2026-08-12 00:00:00+00:00
[2026-08-12T04:41:32.935+0000] {processor.py:208} INFO - Processing /home/airflow/.local/lib/python3.12/site-packages/airflow/example_dags/example_short_circuit_operator.py took 0.184 seconds
[2026-08-12T04:42:03.183+0000] {processor.py:186} INFO - Started process (PID=826) to work on /home/airflow/.local/lib/python3.12/site-packages/airflow/example_dags/example_short_circuit_operator.py
[2026-08-12T04:42:03.185+0000] {processor.py:914} INFO - Processing file /home/airflow/.local/lib/python3.12/site-packages/airflow/example_dags/example_short_circuit_operator.py for tasks to queue
[2026-08-12T04:42:03.188+0000] {logging_mixin.py:190} INFO - [2026-08-12T04:42:03.188+0000] {dagbag.py:587} INFO - Filling up the DagBag from /home/airflow/.local/lib/python3.12/site-packages/airflow/example_dags/example_short_circuit_operator.py
[2026-08-12T04:42:03.198+0000] {processor.py:925} INFO - DAG(s) 'example_short_circuit_operator' retrieved from /home/airflow/.local/lib/python3.12/site-packages/airflow/example_dags/example_short_circuit_operator.py
[2026-08-12T04:42:03.223+0000] {logging_mixin.py:190} INFO - [2026-08-12T04:42:03.222+0000] {dag.py:3211} INFO - Sync 1 DAGs
[2026-08-12T04:42:03.253+0000] {logging_mixin.py:190} INFO - [2026-08-12T04:42:03.253+0000] {dag.py:4138} INFO - Setting next_dagrun for example_short_circuit_operator to 2026-08-11 00:00:00+00:00, run_after=2026-08-12 00:00:00+00:00
[2026-08-12T04:42:03.275+0000] {processor.py:208} INFO - Processing /home/airflow/.local/lib/python3.12/site-packages/airflow/example_dags/example_short_circuit_operator.py took 0.099 seconds
[2026-08-12T04:42:33.408+0000] {processor.py:186} INFO - Started process (PID=888) to work on /home/airflow/.local/lib/python3.12/site-packages/airflow/example_dags/example_short_circuit_operator.py
[2026-08-12T04:42:33.410+0000] {processor.py:914} INFO - Processing file /home/airflow/.local/lib/python3.12/site-packages/airflow/example_dags/example_short_circuit_operator.py for tasks to queue
[2026-08-12T04:42:33.414+0000] {logging_mixin.py:190} INFO - [2026-08-12T04:42:33.413+0000] {dagbag.py:587} INFO - Filling up the DagBag from /home/airflow/.local/lib/python3.12/site-packages/airflow/example_dags/example_short_circuit_operator.py
[2026-08-12T04:42:33.426+0000] {processor.py:925} INFO - DAG(s) 'example_short_circuit_operator' retrieved from /home/airflow/.local/lib/python3.12/site-packages/airflow/example_dags/example_short_circuit_operator.py
[2026-08-12T04:42:33.452+0000] {logging_mixin.py:190} INFO - [2026-08-12T04:42:33.452+0000] {dag.py:3211} INFO - Sync 1 DAGs
[2026-08-12T04:42:33.487+0000] {logging_mixin.py:190} INFO - [2026-08-12T04:42:33.486+0000] {dag.py:4138} INFO - Setting next_dagrun for example_short_circuit_operator to 2026-08-11 00:00:00+00:00, run_after=2026-08-12 00:00:00+00:00
[2026-08-12T04:42:33.514+0000] {processor.py:208} INFO - Processing /home/airflow/.local/lib/python3.12/site-packages/airflow/example_dags/example_short_circuit_operator.py took 0.114 seconds
[2026-08-12T04:43:04.594+0000] {processor.py:186} INFO - Started process (PID=950) to work on /home/airflow/.local/lib/python3.12/site-packages/airflow/example_dags/example_short_circuit_operator.py
[2026-08-12T04:43:04.598+0000] {processor.py:914} INFO - Processing file /home/airflow/.local/lib/python3.12/site-packages/airflow/example_dags/example_short_circuit_operator.py for tasks to queue
[2026-08-12T04:43:04.602+0000] {logging_mixin.py:190} INFO - [2026-08-12T04:43:04.602+0000] {dagbag.py:587} INFO - Filling up the DagBag from /home/airflow/.local/lib/python3.12/site-packages/airflow/example_dags/example_short_circuit_operator.py
[2026-08-12T04:43:04.619+0000] {processor.py:925} INFO - DAG(s) 'example_short_circuit_operator' retrieved from /home/airflow/.local/lib/python3.12/site-packages/airflow/example_dags/example_short_circuit_operator.py
[2026-08-12T04:43:04.655+0000] {logging_mixin.py:190} INFO - [2026-08-12T04:43:04.655+0000] {dag.py:3211} INFO - Sync 1 DAGs
[2026-08-12T04:43:04.683+0000] {logging_mixin.py:190} INFO - [2026-08-12T04:43:04.683+0000] {dag.py:4138} INFO - Setting next_dagrun for example_short_circuit_operator to 2026-08-11 00:00:00+00:00, run_after=2026-08-12 00:00:00+00:00
[2026-08-12T04:43:04.717+0000] {processor.py:208} INFO - Processing /home/airflow/.local/lib/python3.12/site-packages/airflow/example_dags/example_short_circuit_operator.py took 0.134 seconds
[2026-08-12T04:43:34.777+0000] {processor.py:186} INFO - Started process (PID=1012) to work on /home/airflow/.local/lib/python3.12/site-packages/airflow/example_dags/example_short_circuit_operator.py
[2026-08-12T04:43:34.779+0000] {processor.py:914} INFO - Processing file /home/airflow/.local/lib/python3.12/site-packages/airflow/example_dags/example_short_circuit_operator.py for tasks to queue
[2026-08-12T04:43:34.785+0000] {logging_mixin.py:190} INFO - [2026-08-12T04:43:34.785+0000] {dagbag.py:587} INFO - Filling up the DagBag from /home/airflow/.local/lib/python3.12/site-packages/airflow/example_dags/example_short_circuit_operator.py
[2026-08-12T04:43:34.800+0000] {processor.py:925} INFO - DAG(s) 'example_short_circuit_operator' retrieved from /home/airflow/.local/lib/python3.12/site-packages/airflow/example_dags/example_short_circuit_operator.py
[2026-08-12T04:43:34.834+0000] {logging_mixin.py:190} INFO - [2026-08-12T04:43:34.833+0000] {dag.py:3211} INFO - Sync 1 DAGs
[2026-08-12T04:43:34.869+0000] {logging_mixin.py:190} INFO - [2026-08-12T04:43:34.869+0000] {dag.py:4138} INFO - Setting next_dagrun for example_short_circuit_operator to 2026-08-11 00:00:00+00:00, run_after=2026-08-12 00:00:00+00:00
[2026-08-12T04:43:34.896+0000] {processor.py:208} INFO - Processing /home/airflow/.local/lib/python3.12/site-packages/airflow/example_dags/example_short_circuit_operator.py took 0.126 seconds
[2026-08-12T04:44:05.011+0000] {processor.py:186} INFO - Started process (PID=1074) to work on /home/airflow/.local/lib/python3.12/site-packages/airflow/example_dags/example_short_circuit_operator.py
[2026-08-12T04:44:05.012+0000] {processor.py:914} INFO - Processing file /home/airflow/.local/lib/python3.12/site-packages/airflow/example_dags/example_short_circuit_operator.py for tasks to queue
[2026-08-12T04:44:05.015+0000] {logging_mixin.py:190} INFO - [2026-08-12T04:44:05.015+0000] {dagbag.py:587} INFO - Filling up the DagBag from /home/airflow/.local/lib/python3.12/site-packages/airflow/example_dags/example_short_circuit_operator.py
[2026-08-12T04:44:05.025+0000] {processor.py:925} INFO - DAG(s) 'example_short_circuit_operator' retrieved from /home/airflow/.local/lib/python3.12/site-packages/airflow/example_dags/example_short_circuit_operator.py
[2026-08-12T04:44:05.056+0000] {logging_mixin.py:190} INFO - [2026-08-12T04:44:05.056+0000] {dag.py:3211} INFO - Sync 1 DAGs
[2026-08-12T04:44:05.084+0000] {logging_mixin.py:190} INFO - [2026-08-12T04:44:05.084+0000] {dag.py:4138} INFO - Setting next_dagrun for example_short_circuit_operator to 2026-08-11 00:00:00+00:00, run_after=2026-08-12 00:00:00+00:00
[2026-08-12T04:44:05.106+0000] {processor.py:208} INFO - Processing /home/airflow/.local/lib/python3.12/site-packages/airflow/example_dags/example_short_circuit_operator.py took 0.102 seconds
[2026-08-12T04:44:35.904+0000] {processor.py:186} INFO - Started process (PID=1136) to work on /home/airflow/.local/lib/python3.12/site-packages/airflow/example_dags/example_short_circuit_operator.py
[2026-08-12T04:44:35.906+0000] {processor.py:914} INFO - Processing file /home/airflow/.local/lib/python3.12/site-packages/airflow/example_dags/example_short_circuit_operator.py for tasks to queue
[2026-08-12T04:44:35.912+0000] {logging_mixin.py:190} INFO - [2026-08-12T04:44:35.911+0000] {dagbag.py:587} INFO - Filling up the DagBag from /home/airflow/.local/lib/python3.12/site-packages/airflow/example_dags/example_short_circuit_operator.py
[2026-08-12T04:44:35.928+0000] {processor.py:925} INFO - DAG(s) 'example_short_circuit_operator' retrieved from /home/airflow/.local/lib/python3.12/site-packages/airflow/example_dags/example_short_circuit_operator.py
[2026-08-12T04:44:35.966+0000] {logging_mixin.py:190} INFO - [2026-08-12T04:44:35.966+0000] {dag.py:3211} INFO - Sync 1 DAGs
[2026-08-12T04:44:36.002+0000] {logging_mixin.py:190} INFO - [2026-08-12T04:44:36.002+0000] {dag.py:4138} INFO - Setting next_dagrun for example_short_circuit_operator to 2026-08-11 00:00:00+00:00, run_after=2026-08-12 00:00:00+00:00
[2026-08-12T04:44:36.032+0000] {processor.py:208} INFO - Processing /home/airflow/.local/lib/python3.12/site-packages/airflow/example_dags/example_short_circuit_operator.py took 0.134 seconds
[2026-08-12T04:45:06.608+0000] {processor.py:186} INFO - Started process (PID=1199) to work on /home/airflow/.local/lib/python3.12/site-packages/airflow/example_dags/example_short_circuit_operator.py
[2026-08-12T04:45:06.611+0000] {processor.py:914} INFO - Processing file /home/airflow/.local/lib/python3.12/site-packages/airflow/example_dags/example_short_circuit_operator.py for tasks to queue
[2026-08-12T04:45:06.618+0000] {logging_mixin.py:190} INFO - [2026-08-12T04:45:06.617+0000] {dagbag.py:587} INFO - Filling up the DagBag from /home/airflow/.local/lib/python3.12/site-packages/airflow/example_dags/example_short_circuit_operator.py
[2026-08-12T04:45:06.636+0000] {processor.py:925} INFO - DAG(s) 'example_short_circuit_operator' retrieved from /home/airflow/.local/lib/python3.12/site-packages/airflow/example_dags/example_short_circuit_operator.py
[2026-08-12T04:45:06.688+0000] {logging_mixin.py:190} INFO - [2026-08-12T04:45:06.688+0000] {dag.py:3211} INFO - Sync 1 DAGs
[2026-08-12T04:45:06.745+0000] {logging_mixin.py:190} INFO - [2026-08-12T04:45:06.745+0000] {dag.py:4138} INFO - Setting next_dagrun for example_short_circuit_operator to 2026-08-11 00:00:00+00:00, run_after=2026-08-12 00:00:00+00:00
[2026-08-12T04:45:06.803+0000] {processor.py:208} INFO - Processing /home/airflow/.local/lib/python3.12/site-packages/airflow/example_dags/example_short_circuit_operator.py took 0.201 seconds
[2026-08-12T04:45:37.054+0000] {processor.py:186} INFO - Started process (PID=1261) to work on /home/airflow/.local/lib/python3.12/site-packages/airflow/example_dags/example_short_circuit_operator.py
[2026-08-12T04:45:37.056+0000] {processor.py:914} INFO - Processing file /home/airflow/.local/lib/python3.12/site-packages/airflow/example_dags/example_short_circuit_operator.py for tasks to queue
[2026-08-12T04:45:37.062+0000] {logging_mixin.py:190} INFO - [2026-08-12T04:45:37.061+0000] {dagbag.py:587} INFO - Filling up the DagBag from /home/airflow/.local/lib/python3.12/site-packages/airflow/example_dags/example_short_circuit_operator.py
[2026-08-12T04:45:37.075+0000] {processor.py:925} INFO - DAG(s) 'example_short_circuit_operator' retrieved from /home/airflow/.local/lib/python3.12/site-packages/airflow/example_dags/example_short_circuit_operator.py
[2026-08-12T04:45:37.112+0000] {logging_mixin.py:190} INFO - [2026-08-12T04:45:37.112+0000] {dag.py:3211} INFO - Sync 1 DAGs
[2026-08-12T04:45:37.145+0000] {logging_mixin.py:190} INFO - [2026-08-12T04:45:37.144+0000] {dag.py:4138} INFO - Setting next_dagrun for example_short_circuit_operator to 2026-08-11 00:00:00+00:00, run_after=2026-08-12 00:00:00+00:00
[2026-08-12T04:45:37.174+0000] {processor.py:208} INFO - Processing /home/airflow/.local/lib/python3.12/site-packages/airflow/example_dags/example_short_circuit_operator.py took 0.127 seconds
[2026-08-12T04:46:07.462+0000] {processor.py:186} INFO - Started process (PID=1323) to work on /home/airflow/.local/lib/python3.12/site-packages/airflow/example_dags/example_short_circuit_operator.py
[2026-08-12T04:46:07.464+0000] {processor.py:914} INFO - Processing file /home/airflow/.local/lib/python3.12/site-packages/airflow/example_dags/example_short_circuit_operator.py for tasks to queue
[2026-08-12T04:46:07.467+0000] {logging_mixin.py:190} INFO - [2026-08-12T04:46:07.467+0000] {dagbag.py:587} INFO - Filling up the DagBag from /home/airflow/.local/lib/python3.12/site-packages/airflow/example_dags/example_short_circuit_operator.py
[2026-08-12T04:46:07.477+0000] {processor.py:925} INFO - DAG(s) 'example_short_circuit_operator' retrieved from /home/airflow/.local/lib/python3.12/site-packages/airflow/example_dags/example_short_circuit_operator.py
[2026-08-12T04:46:07.505+0000] {logging_mixin.py:190} INFO - [2026-08-12T04:46:07.505+0000] {dag.py:3211} INFO - Sync 1 DAGs
[2026-08-12T04:46:07.535+0000] {logging_mixin.py:190} INFO - [2026-08-12T04:46:07.535+0000] {dag.py:4138} INFO - Setting next_dagrun for example_short_circuit_operator to 2026-08-11 00:00:00+00:00, run_after=2026-08-12 00:00:00+00:00
[2026-08-12T04:46:07.558+0000] {processor.py:208} INFO - Processing /home/airflow/.local/lib/python3.12/site-packages/airflow/example_dags/example_short_circuit_operator.py took 0.102 seconds
[2026-08-12T04:46:38.005+0000] {processor.py:186} INFO - Started process (PID=1385) to work on /home/airflow/.local/lib/python3.12/site-packages/airflow/example_dags/example_short_circuit_operator.py
[2026-08-12T04:46:38.007+0000] {processor.py:914} INFO - Processing file /home/airflow/.local/lib/python3.12/site-packages/airflow/example_dags/example_short_circuit_operator.py for tasks to queue
[2026-08-12T04:46:38.011+0000] {logging_mixin.py:190} INFO - [2026-08-12T04:46:38.010+0000] {dagbag.py:587} INFO - Filling up the DagBag from /home/airflow/.local/lib/python3.12/site-packages/airflow/example_dags/example_short_circuit_operator.py
[2026-08-12T04:46:38.020+0000] {processor.py:925} INFO - DAG(s) 'example_short_circuit_operator' retrieved from /home/airflow/.local/lib/python3.12/site-packages/airflow/example_dags/example_short_circuit_operator.py
[2026-08-12T04:46:38.044+0000] {logging_mixin.py:190} INFO - [2026-08-12T04:46:38.043+0000] {dag.py:3211} INFO - Sync 1 DAGs
[2026-08-12T04:46:38.066+0000] {logging_mixin.py:190} INFO - [2026-08-12T04:46:38.066+0000] {dag.py:4138} INFO - Setting next_dagrun for example_short_circuit_operator to 2026-08-11 00:00:00+00:00, run_after=2026-08-12 00:00:00+00:00
[2026-08-12T04:46:38.092+0000] {processor.py:208} INFO - Processing /home/airflow/.local/lib/python3.12/site-packages/airflow/example_dags/example_short_circuit_operator.py took 0.093 seconds
[2026-08-12T04:47:09.222+0000] {processor.py:186} INFO - Started process (PID=1447) to work on /home/airflow/.local/lib/python3.12/site-packages/airflow/example_dags/example_short_circuit_operator.py
[2026-08-12T04:47:09.224+0000] {processor.py:914} INFO - Processing file /home/airflow/.local/lib/python3.12/site-packages/airflow/example_dags/example_short_circuit_operator.py for tasks to queue
[2026-08-12T04:47:09.230+0000] {logging_mixin.py:190} INFO - [2026-08-12T04:47:09.229+0000] {dagbag.py:587} INFO - Filling up the DagBag from /home/airflow/.local/lib/python3.12/site-packages/airflow/example_dags/example_short_circuit_operator.py
[2026-08-12T04:47:09.243+0000] {processor.py:925} INFO - DAG(s) 'example_short_circuit_operator' retrieved from /home/airflow/.local/lib/python3.12/site-packages/airflow/example_dags/example_short_circuit_operator.py
[2026-08-12T04:47:09.276+0000] {logging_mixin.py:190} INFO - [2026-08-12T04:47:09.276+0000] {dag.py:3211} INFO - Sync 1 DAGs
[2026-08-12T04:47:09.323+0000] {logging_mixin.py:190} INFO - [2026-08-12T04:47:09.322+0000] {dag.py:4138} INFO - Setting next_dagrun for example_short_circuit_operator to 2026-08-11 00:00:00+00:00, run_after=2026-08-12 00:00:00+00:00
[2026-08-12T04:47:09.373+0000] {processor.py:208} INFO - Processing /home/airflow/.local/lib/python3.12/site-packages/airflow/example_dags/example_short_circuit_operator.py took 0.161 seconds
[2026-08-12T04:47:39.735+0000] {processor.py:186} INFO - Started process (PID=1508) to work on /home/airflow/.local/lib/python3.12/site-packages/airflow/example_dags/example_short_circuit_operator.py
[2026-08-12T04:47:39.736+0000] {processor.py:914} INFO - Processing file /home/airflow/.local/lib/python3.12/site-packages/airflow/example_dags/example_short_circuit_operator.py for tasks to queue
[2026-08-12T04:47:39.741+0000] {logging_mixin.py:190} INFO - [2026-08-12T04:47:39.740+0000] {dagbag.py:587} INFO - Filling up the DagBag from /home/airflow/.local/lib/python3.12/site-packages/airflow/example_dags/example_short_circuit_operator.py
[2026-08-12T04:47:39.753+0000] {processor.py:925} INFO - DAG(s) 'example_short_circuit_operator' retrieved from /home/airflow/.local/lib/python3.12/site-packages/airflow/example_dags/example_short_circuit_operator.py
[2026-08-12T04:47:39.778+0000] {logging_mixin.py:190} INFO - [2026-08-12T04:47:39.778+0000] {dag.py:3211} INFO - Sync 1 DAGs
[2026-08-12T04:47:39.818+0000] {logging_mixin.py:190} INFO - [2026-08-12T04:47:39.817+0000] {dag.py:4138} INFO - Setting next_dagrun for example_short_circuit_operator to 2026-08-11 00:00:00+00:00, run_after=2026-08-12 00:00:00+00:00
[2026-08-12T04:47:39.841+0000] {processor.py:208} INFO - Processing /home/airflow/.local/lib/python3.12/site-packages/airflow/example_dags/example_short_circuit_operator.py took 0.115 seconds
