[2026-08-12T04:31:51.850+0000] {processor.py:186} INFO - Started process (PID=81) to work on /home/airflow/.local/lib/python3.12/site-packages/airflow/example_dags/example_xcomargs.py
[2026-08-12T04:31:51.853+0000] {processor.py:914} INFO - Processing file /home/airflow/.local/lib/python3.12/site-packages/airflow/example_dags/example_xcomargs.py for tasks to queue
[2026-08-12T04:31:51.860+0000] {logging_mixin.py:190} INFO - [2026-08-12T04:31:51.860+0000] {dagbag.py:587} INFO - Filling up the DagBag from /home/airflow/.local/lib/python3.12/site-packages/airflow/example_dags/example_xcomargs.py
[2026-08-12T04:31:51.892+0000] {processor.py:925} INFO - DAG(s) 'example_xcom_args_with_operators', 'example_xcom_args' retrieved from /home/airflow/.local/lib/python3.12/site-packages/airflow/example_dags/example_xcomargs.py
[2026-08-12T04:31:52.099+0000] {logging_mixin.py:190} INFO - [2026-08-12T04:31:52.097+0000] {override.py:1858} INFO - Created Permission View: can edit on DAG:example_xcom_args_with_operators
[2026-08-12T04:31:52.116+0000] {logging_mixin.py:190} INFO - [2026-08-12T04:31:52.116+0000] {override.py:1858} INFO - Created Permission View: can read on DAG:example_xcom_args_with_operators
[2026-08-12T04:31:52.129+0000] {logging_mixin.py:190} INFO - [2026-08-12T04:31:52.129+0000] {override.py:1858} INFO - Created Permission View: can delete on DAG:example_xcom_args_with_operators
[2026-08-12T04:31:52.153+0000] {logging_mixin.py:190} INFO - [2026-08-12T04:31:52.153+0000] {override.py:1858} INFO - Created Permission View: can edit on DAG:example_xcom_args
[2026-08-12T04:31:52.167+0000] {logging_mixin.py:190} INFO - [2026-08-12T04:31:52.166+0000] {override.py:1858} INFO - Created Permission View: can read on DAG:example_xcom_args
[2026-08-12T04:31:52.176+0000] {logging_mixin.py:190} INFO - [2026-08-12T04:31:52.176+0000] {override.py:1858} INFO - Created Permission View: can delete on DAG:example_xcom_args
[2026-08-12T04:31:52.178+0000] {logging_mixin.py:190} INFO - [2026-08-12T04:31:52.178+0000] {dag.py:3211} INFO - Sync 2 DAGs
[2026-08-12T04:31:52.200+0000] {logging_mixin.py:190} INFO - [2026-08-12T04:31:52.200+0000] {dag.py:3234} INFO - Creating ORM DAG for example_xcom_args
[2026-08-12T04:31:52.202+0000] {logging_mixin.py:190} INFO - [2026-08-12T04:31:52.202+0000] {dag.py:3234} INFO - Creating ORM DAG for example_xcom_args_with_operators
[2026-08-12T04:31:52.204+0000] {logging_mixin.py:190} INFO - [2026-08-12T04:31:52.204+0000] {dag.py:4138} INFO - Setting next_dagrun for example_xcom_args to None, run_after=None
[2026-08-12T04:31:52.207+0000] {logging_mixin.py:190} INFO - [2026-08-12T04:31:52.206+0000] {dag.py:4138} INFO - Setting next_dagrun for example_xcom_args_with_operators to None, run_after=None
[2026-08-12T04:31:52.255+0000] {processor.py:208} INFO - Processing /home/airflow/.local/lib/python3.12/site-packages/airflow/example_dags/example_xcomargs.py took 0.418 seconds
[2026-08-12T04:32:22.473+0000] {processor.py:186} INFO - Started process (PID=144) to work on /home/airflow/.local/lib/python3.12/site-packages/airflow/example_dags/example_xcomargs.py
[2026-08-12T04:32:22.475+0000] {processor.py:914} INFO - Processing file /home/airflow/.local/lib/python3.12/site-packages/airflow/example_dags/example_xcomargs.py for tasks to queue
[2026-08-12T04:32:22.482+0000] {logging_mixin.py:190} INFO - [2026-08-12T04:32:22.481+0000] {dagbag.py:587} INFO - Filling up the DagBag from /home/airflow/.local/lib/python3.12/site-packages/airflow/example_dags/example_xcomargs.py
[2026-08-12T04:32:22.499+0000] {processor.py:925} INFO - DAG(s) 'example_xcom_args', 'example_xcom_args_with_operators' retrieved from /home/airflow/.local/lib/python3.12/site-packages/airflow/example_dags/example_xcomargs.py
[2026-08-12T04:32:22.558+0000] {logging_mixin.py:190} INFO - [2026-08-12T04:32:22.558+0000] {dag.py:3211} INFO - Sync 2 DAGs
[2026-08-12T04:32:22.595+0000] {logging_mixin.py:190} INFO - [2026-08-12T04:32:22.595+0000] {dag.py:4138} INFO - Setting next_dagrun for example_xcom_args to None, run_after=None
[2026-08-12T04:32:22.603+0000] {logging_mixin.py:190} INFO - [2026-08-12T04:32:22.603+0000] {dag.py:4138} INFO - Setting next_dagrun for example_xcom_args_with_operators to None, run_after=None
[2026-08-12T04:32:22.674+0000] {processor.py:208} INFO - Processing /home/airflow/.local/lib/python3.12/site-packages/airflow/example_dags/example_xcomargs.py took 0.208 seconds
[2026-08-12T04:32:53.432+0000] {processor.py:186} INFO - Started process (PID=207) to work on /home/airflow/.local/lib/python3.12/site-packages/airflow/example_dags/example_xcomargs.py
[2026-08-12T04:32:53.434+0000] {processor.py:914} INFO - Processing file /home/airflow/.local/lib/python3.12/site-packages/airflow/example_dags/example_xcomargs.py for tasks to queue
[2026-08-12T04:32:53.437+0000] {logging_mixin.py:190} INFO - [2026-08-12T04:32:53.437+0000] {dagbag.py:587} INFO - Filling up the DagBag from /home/airflow/.local/lib/python3.12/site-packages/airflow/example_dags/example_xcomargs.py
[2026-08-12T04:32:53.452+0000] {processor.py:925} INFO - DAG(s) 'example_xcom_args', 'example_xcom_args_with_operators' retrieved from /home/airflow/.local/lib/python3.12/site-packages/airflow/example_dags/example_xcomargs.py
[2026-08-12T04:32:53.490+0000] {logging_mixin.py:190} INFO - [2026-08-12T04:32:53.489+0000] {dag.py:3211} INFO - Sync 2 DAGs
[2026-08-12T04:32:53.507+0000] {logging_mixin.py:190} INFO - [2026-08-12T04:32:53.507+0000] {dag.py:4138} INFO - Setting next_dagrun for example_xcom_args to None, run_after=None
[2026-08-12T04:32:53.515+0000] {logging_mixin.py:190} INFO - [2026-08-12T04:32:53.515+0000] {dag.py:4138} INFO - Setting next_dagrun for example_xcom_args_with_operators to None, run_after=None
[2026-08-12T04:32:53.543+0000] {processor.py:208} INFO - Processing /home/airflow/.local/lib/python3.12/site-packages/airflow/example_dags/example_xcomargs.py took 0.119 seconds
[2026-08-12T04:33:23.835+0000] {processor.py:186} INFO - Started process (PID=268) to work on /home/airflow/.local/lib/python3.12/site-packages/airflow/example_dags/example_xcomargs.py
[2026-08-12T04:33:23.838+0000] {processor.py:914} INFO - Processing file /home/airflow/.local/lib/python3.12/site-packages/airflow/example_dags/example_xcomargs.py for tasks to queue
[2026-08-12T04:33:23.845+0000] {logging_mixin.py:190} INFO - [2026-08-12T04:33:23.844+0000] {dagbag.py:587} INFO - Filling up the DagBag from /home/airflow/.local/lib/python3.12/site-packages/airflow/example_dags/example_xcomargs.py
[2026-08-12T04:33:23.872+0000] {processor.py:925} INFO - DAG(s) 'example_xcom_args', 'example_xcom_args_with_operators' retrieved from /home/airflow/.local/lib/python3.12/site-packages/airflow/example_dags/example_xcomargs.py
[2026-08-12T04:33:23.946+0000] {logging_mixin.py:190} INFO - [2026-08-12T04:33:23.945+0000] {dag.py:3211} INFO - Sync 2 DAGs
[2026-08-12T04:33:23.981+0000] {logging_mixin.py:190} INFO - [2026-08-12T04:33:23.981+0000] {dag.py:4138} INFO - Setting next_dagrun for example_xcom_args to None, run_after=None
[2026-08-12T04:33:23.994+0000] {logging_mixin.py:190} INFO - [2026-08-12T04:33:23.994+0000] {dag.py:4138} INFO - Setting next_dagrun for example_xcom_args_with_operators to None, run_after=None
[2026-08-12T04:33:24.042+0000] {processor.py:208} INFO - Processing /home/airflow/.local/lib/python3.12/site-packages/airflow/example_dags/example_xcomargs.py took 0.224 seconds
[2026-08-12T04:33:54.124+0000] {processor.py:186} INFO - Started process (PID=330) to work on /home/airflow/.local/lib/python3.12/site-packages/airflow/example_dags/example_xcomargs.py
[2026-08-12T04:33:54.126+0000] {processor.py:914} INFO - Processing file /home/airflow/.local/lib/python3.12/site-packages/airflow/example_dags/example_xcomargs.py for tasks to queue
[2026-08-12T04:33:54.129+0000] {logging_mixin.py:190} INFO - [2026-08-12T04:33:54.129+0000] {dagbag.py:587} INFO - Filling up the DagBag from /home/airflow/.local/lib/python3.12/site-packages/airflow/example_dags/example_xcomargs.py
[2026-08-12T04:33:54.144+0000] {processor.py:925} INFO - DAG(s) 'example_xcom_args_with_operators', 'example_xcom_args' retrieved from /home/airflow/.local/lib/python3.12/site-packages/airflow/example_dags/example_xcomargs.py
[2026-08-12T04:33:54.198+0000] {logging_mixin.py:190} INFO - [2026-08-12T04:33:54.197+0000] {dag.py:3211} INFO - Sync 2 DAGs
[2026-08-12T04:33:54.226+0000] {logging_mixin.py:190} INFO - [2026-08-12T04:33:54.226+0000] {dag.py:4138} INFO - Setting next_dagrun for example_xcom_args to None, run_after=None
[2026-08-12T04:33:54.235+0000] {logging_mixin.py:190} INFO - [2026-08-12T04:33:54.234+0000] {dag.py:4138} INFO - Setting next_dagrun for example_xcom_args_with_operators to None, run_after=None
[2026-08-12T04:33:54.270+0000] {processor.py:208} INFO - Processing /home/airflow/.local/lib/python3.12/site-packages/airflow/example_dags/example_xcomargs.py took 0.156 seconds
[2026-08-12T04:34:24.728+0000] {processor.py:186} INFO - Started process (PID=398) to work on /home/airflow/.local/lib/python3.12/site-packages/airflow/example_dags/example_xcomargs.py
[2026-08-12T04:34:24.757+0000] {processor.py:914} INFO - Processing file /home/airflow/.local/lib/python3.12/site-packages/airflow/example_dags/example_xcomargs.py for tasks to queue
[2026-08-12T04:34:24.766+0000] {logging_mixin.py:190} INFO - [2026-08-12T04:34:24.765+0000] {dagbag.py:587} INFO - Filling up the DagBag from /home/airflow/.local/lib/python3.12/site-packages/airflow/example_dags/example_xcomargs.py
[2026-08-12T04:34:24.842+0000] {processor.py:925} INFO - DAG(s) 'example_xcom_args', 'example_xcom_args_with_operators' retrieved from /home/airflow/.local/lib/python3.12/site-packages/airflow/example_dags/example_xcomargs.py
[2026-08-12T04:34:24.929+0000] {logging_mixin.py:190} INFO - [2026-08-12T04:34:24.929+0000] {dag.py:3211} INFO - Sync 2 DAGs
[2026-08-12T04:34:24.976+0000] {logging_mixin.py:190} INFO - [2026-08-12T04:34:24.975+0000] {dag.py:4138} INFO - Setting next_dagrun for example_xcom_args to None, run_after=None
[2026-08-12T04:34:24.987+0000] {logging_mixin.py:190} INFO - [2026-08-12T04:34:24.987+0000] {dag.py:4138} INFO - Setting next_dagrun for example_xcom_args_with_operators to None, run_after=None
[2026-08-12T04:34:25.030+0000] {processor.py:208} INFO - Processing /home/airflow/.local/lib/python3.12/site-packages/airflow/example_dags/example_xcomargs.py took 0.316 seconds
[2026-08-12T04:35:55.492+0000] {processor.py:186} INFO - Started process (PID=81) to work on /home/airflow/.local/lib/python3.12/site-packages/airflow/example_dags/example_xcomargs.py
[2026-08-12T04:35:55.495+0000] {processor.py:914} INFO - Processing file /home/airflow/.local/lib/python3.12/site-packages/airflow/example_dags/example_xcomargs.py for tasks to queue
[2026-08-12T04:35:55.506+0000] {logging_mixin.py:190} INFO - [2026-08-12T04:35:55.505+0000] {dagbag.py:587} INFO - Filling up the DagBag from /home/airflow/.local/lib/python3.12/site-packages/airflow/example_dags/example_xcomargs.py
[2026-08-12T04:35:55.536+0000] {processor.py:925} INFO - DAG(s) 'example_xcom_args_with_operators', 'example_xcom_args' retrieved from /home/airflow/.local/lib/python3.12/site-packages/airflow/example_dags/example_xcomargs.py
[2026-08-12T04:35:55.610+0000] {logging_mixin.py:190} INFO - [2026-08-12T04:35:55.610+0000] {dag.py:3211} INFO - Sync 2 DAGs
[2026-08-12T04:35:55.658+0000] {logging_mixin.py:190} INFO - [2026-08-12T04:35:55.657+0000] {dag.py:4138} INFO - Setting next_dagrun for example_xcom_args to None, run_after=None
[2026-08-12T04:35:55.668+0000] {logging_mixin.py:190} INFO - [2026-08-12T04:35:55.667+0000] {dag.py:4138} INFO - Setting next_dagrun for example_xcom_args_with_operators to None, run_after=None
[2026-08-12T04:35:55.716+0000] {processor.py:208} INFO - Processing /home/airflow/.local/lib/python3.12/site-packages/airflow/example_dags/example_xcomargs.py took 0.240 seconds
[2026-08-12T04:36:25.849+0000] {processor.py:186} INFO - Started process (PID=143) to work on /home/airflow/.local/lib/python3.12/site-packages/airflow/example_dags/example_xcomargs.py
[2026-08-12T04:36:25.851+0000] {processor.py:914} INFO - Processing file /home/airflow/.local/lib/python3.12/site-packages/airflow/example_dags/example_xcomargs.py for tasks to queue
[2026-08-12T04:36:25.856+0000] {logging_mixin.py:190} INFO - [2026-08-12T04:36:25.856+0000] {dagbag.py:587} INFO - Filling up the DagBag from /home/airflow/.local/lib/python3.12/site-packages/airflow/example_dags/example_xcomargs.py
[2026-08-12T04:36:25.873+0000] {processor.py:925} INFO - DAG(s) 'example_xcom_args', 'example_xcom_args_with_operators' retrieved from /home/airflow/.local/lib/python3.12/site-packages/airflow/example_dags/example_xcomargs.py
[2026-08-12T04:36:25.901+0000] {logging_mixin.py:190} INFO - [2026-08-12T04:36:25.901+0000] {dag.py:3211} INFO - Sync 2 DAGs
[2026-08-12T04:36:25.917+0000] {logging_mixin.py:190} INFO - [2026-08-12T04:36:25.917+0000] {dag.py:4138} INFO - Setting next_dagrun for example_xcom_args to None, run_after=None
[2026-08-12T04:36:25.923+0000] {logging_mixin.py:190} INFO - [2026-08-12T04:36:25.922+0000] {dag.py:4138} INFO - Setting next_dagrun for example_xcom_args_with_operators to None, run_after=None
[2026-08-12T04:36:25.946+0000] {processor.py:208} INFO - Processing /home/airflow/.local/lib/python3.12/site-packages/airflow/example_dags/example_xcomargs.py took 0.108 seconds
[2026-08-12T04:36:56.534+0000] {processor.py:186} INFO - Started process (PID=205) to work on /home/airflow/.local/lib/python3.12/site-packages/airflow/example_dags/example_xcomargs.py
[2026-08-12T04:36:56.538+0000] {processor.py:914} INFO - Processing file /home/airflow/.local/lib/python3.12/site-packages/airflow/example_dags/example_xcomargs.py for tasks to queue
[2026-08-12T04:36:56.542+0000] {logging_mixin.py:190} INFO - [2026-08-12T04:36:56.541+0000] {dagbag.py:587} INFO - Filling up the DagBag from /home/airflow/.local/lib/python3.12/site-packages/airflow/example_dags/example_xcomargs.py
[2026-08-12T04:36:56.559+0000] {processor.py:925} INFO - DAG(s) 'example_xcom_args', 'example_xcom_args_with_operators' retrieved from /home/airflow/.local/lib/python3.12/site-packages/airflow/example_dags/example_xcomargs.py
[2026-08-12T04:36:56.593+0000] {logging_mixin.py:190} INFO - [2026-08-12T04:36:56.593+0000] {dag.py:3211} INFO - Sync 2 DAGs
[2026-08-12T04:36:56.616+0000] {logging_mixin.py:190} INFO - [2026-08-12T04:36:56.616+0000] {dag.py:4138} INFO - Setting next_dagrun for example_xcom_args to None, run_after=None
[2026-08-12T04:36:56.623+0000] {logging_mixin.py:190} INFO - [2026-08-12T04:36:56.623+0000] {dag.py:4138} INFO - Setting next_dagrun for example_xcom_args_with_operators to None, run_after=None
[2026-08-12T04:36:56.649+0000] {processor.py:208} INFO - Processing /home/airflow/.local/lib/python3.12/site-packages/airflow/example_dags/example_xcomargs.py took 0.123 seconds
[2026-08-12T04:37:26.856+0000] {processor.py:186} INFO - Started process (PID=267) to work on /home/airflow/.local/lib/python3.12/site-packages/airflow/example_dags/example_xcomargs.py
[2026-08-12T04:37:26.858+0000] {processor.py:914} INFO - Processing file /home/airflow/.local/lib/python3.12/site-packages/airflow/example_dags/example_xcomargs.py for tasks to queue
[2026-08-12T04:37:26.861+0000] {logging_mixin.py:190} INFO - [2026-08-12T04:37:26.861+0000] {dagbag.py:587} INFO - Filling up the DagBag from /home/airflow/.local/lib/python3.12/site-packages/airflow/example_dags/example_xcomargs.py
[2026-08-12T04:37:26.880+0000] {processor.py:925} INFO - DAG(s) 'example_xcom_args_with_operators', 'example_xcom_args' retrieved from /home/airflow/.local/lib/python3.12/site-packages/airflow/example_dags/example_xcomargs.py
[2026-08-12T04:37:26.916+0000] {logging_mixin.py:190} INFO - [2026-08-12T04:37:26.916+0000] {dag.py:3211} INFO - Sync 2 DAGs
[2026-08-12T04:37:26.941+0000] {logging_mixin.py:190} INFO - [2026-08-12T04:37:26.941+0000] {dag.py:4138} INFO - Setting next_dagrun for example_xcom_args to None, run_after=None
[2026-08-12T04:37:26.950+0000] {logging_mixin.py:190} INFO - [2026-08-12T04:37:26.950+0000] {dag.py:4138} INFO - Setting next_dagrun for example_xcom_args_with_operators to None, run_after=None
[2026-08-12T04:37:26.998+0000] {processor.py:208} INFO - Processing /home/airflow/.local/lib/python3.12/site-packages/airflow/example_dags/example_xcomargs.py took 0.150 seconds
[2026-08-12T04:37:57.235+0000] {processor.py:186} INFO - Started process (PID=328) to work on /home/airflow/.local/lib/python3.12/site-packages/airflow/example_dags/example_xcomargs.py
[2026-08-12T04:37:57.237+0000] {processor.py:914} INFO - Processing file /home/airflow/.local/lib/python3.12/site-packages/airflow/example_dags/example_xcomargs.py for tasks to queue
[2026-08-12T04:37:57.243+0000] {logging_mixin.py:190} INFO - [2026-08-12T04:37:57.242+0000] {dagbag.py:587} INFO - Filling up the DagBag from /home/airflow/.local/lib/python3.12/site-packages/airflow/example_dags/example_xcomargs.py
[2026-08-12T04:37:57.273+0000] {processor.py:925} INFO - DAG(s) 'example_xcom_args', 'example_xcom_args_with_operators' retrieved from /home/airflow/.local/lib/python3.12/site-packages/airflow/example_dags/example_xcomargs.py
[2026-08-12T04:37:57.305+0000] {logging_mixin.py:190} INFO - [2026-08-12T04:37:57.305+0000] {dag.py:3211} INFO - Sync 2 DAGs
[2026-08-12T04:37:57.323+0000] {logging_mixin.py:190} INFO - [2026-08-12T04:37:57.323+0000] {dag.py:4138} INFO - Setting next_dagrun for example_xcom_args to None, run_after=None
[2026-08-12T04:37:57.329+0000] {logging_mixin.py:190} INFO - [2026-08-12T04:37:57.329+0000] {dag.py:4138} INFO - Setting next_dagrun for example_xcom_args_with_operators to None, run_after=None
[2026-08-12T04:37:57.356+0000] {processor.py:208} INFO - Processing /home/airflow/.local/lib/python3.12/site-packages/airflow/example_dags/example_xcomargs.py took 0.130 seconds
[2026-08-12T04:38:27.913+0000] {processor.py:186} INFO - Started process (PID=390) to work on /home/airflow/.local/lib/python3.12/site-packages/airflow/example_dags/example_xcomargs.py
[2026-08-12T04:38:27.915+0000] {processor.py:914} INFO - Processing file /home/airflow/.local/lib/python3.12/site-packages/airflow/example_dags/example_xcomargs.py for tasks to queue
[2026-08-12T04:38:27.922+0000] {logging_mixin.py:190} INFO - [2026-08-12T04:38:27.921+0000] {dagbag.py:587} INFO - Filling up the DagBag from /home/airflow/.local/lib/python3.12/site-packages/airflow/example_dags/example_xcomargs.py
[2026-08-12T04:38:27.939+0000] {processor.py:925} INFO - DAG(s) 'example_xcom_args', 'example_xcom_args_with_operators' retrieved from /home/airflow/.local/lib/python3.12/site-packages/airflow/example_dags/example_xcomargs.py
[2026-08-12T04:38:27.986+0000] {logging_mixin.py:190} INFO - [2026-08-12T04:38:27.985+0000] {dag.py:3211} INFO - Sync 2 DAGs
[2026-08-12T04:38:28.012+0000] {logging_mixin.py:190} INFO - [2026-08-12T04:38:28.012+0000] {dag.py:4138} INFO - Setting next_dagrun for example_xcom_args to None, run_after=None
[2026-08-12T04:38:28.022+0000] {logging_mixin.py:190} INFO - [2026-08-12T04:38:28.019+0000] {dag.py:4138} INFO - Setting next_dagrun for example_xcom_args_with_operators to None, run_after=None
[2026-08-12T04:38:28.054+0000] {processor.py:208} INFO - Processing /home/airflow/.local/lib/python3.12/site-packages/airflow/example_dags/example_xcomargs.py took 0.149 seconds
[2026-08-12T04:38:58.926+0000] {processor.py:186} INFO - Started process (PID=452) to work on /home/airflow/.local/lib/python3.12/site-packages/airflow/example_dags/example_xcomargs.py
[2026-08-12T04:38:58.928+0000] {processor.py:914} INFO - Processing file /home/airflow/.local/lib/python3.12/site-packages/airflow/example_dags/example_xcomargs.py for tasks to queue
[2026-08-12T04:38:58.935+0000] {logging_mixin.py:190} INFO - [2026-08-12T04:38:58.934+0000] {dagbag.py:587} INFO - Filling up the DagBag from /home/airflow/.local/lib/python3.12/site-packages/airflow/example_dags/example_xcomargs.py
[2026-08-12T04:38:58.954+0000] {processor.py:925} INFO - DAG(s) 'example_xcom_args', 'example_xcom_args_with_operators' retrieved from /home/airflow/.local/lib/python3.12/site-packages/airflow/example_dags/example_xcomargs.py
[2026-08-12T04:38:59.009+0000] {logging_mixin.py:190} INFO - [2026-08-12T04:38:59.007+0000] {dag.py:3211} INFO - Sync 2 DAGs
[2026-08-12T04:38:59.034+0000] {logging_mixin.py:190} INFO - [2026-08-12T04:38:59.033+0000] {dag.py:4138} INFO - Setting next_dagrun for example_xcom_args to None, run_after=None
[2026-08-12T04:38:59.044+0000] {logging_mixin.py:190} INFO - [2026-08-12T04:38:59.044+0000] {dag.py:4138} INFO - Setting next_dagrun for example_xcom_args_with_operators to None, run_after=None
[2026-08-12T04:38:59.068+0000] {processor.py:208} INFO - Processing /home/airflow/.local/lib/python3.12/site-packages/airflow/example_dags/example_xcomargs.py took 0.156 seconds
[2026-08-12T04:39:29.392+0000] {processor.py:186} INFO - Started process (PID=514) to work on /home/airflow/.local/lib/python3.12/site-packages/airflow/example_dags/example_xcomargs.py
[2026-08-12T04:39:29.394+0000] {processor.py:914} INFO - Processing file /home/airflow/.local/lib/python3.12/site-packages/airflow/example_dags/example_xcomargs.py for tasks to queue
[2026-08-12T04:39:29.399+0000] {logging_mixin.py:190} INFO - [2026-08-12T04:39:29.398+0000] {dagbag.py:587} INFO - Filling up the DagBag from /home/airflow/.local/lib/python3.12/site-packages/airflow/example_dags/example_xcomargs.py
[2026-08-12T04:39:29.412+0000] {processor.py:925} INFO - DAG(s) 'example_xcom_args_with_operators', 'example_xcom_args' retrieved from /home/airflow/.local/lib/python3.12/site-packages/airflow/example_dags/example_xcomargs.py
[2026-08-12T04:39:29.444+0000] {logging_mixin.py:190} INFO - [2026-08-12T04:39:29.444+0000] {dag.py:3211} INFO - Sync 2 DAGs
[2026-08-12T04:39:29.461+0000] {logging_mixin.py:190} INFO - [2026-08-12T04:39:29.460+0000] {dag.py:4138} INFO - Setting next_dagrun for example_xcom_args to None, run_after=None
[2026-08-12T04:39:29.466+0000] {logging_mixin.py:190} INFO - [2026-08-12T04:39:29.466+0000] {dag.py:4138} INFO - Setting next_dagrun for example_xcom_args_with_operators to None, run_after=None
[2026-08-12T04:39:29.510+0000] {processor.py:208} INFO - Processing /home/airflow/.local/lib/python3.12/site-packages/airflow/example_dags/example_xcomargs.py took 0.126 seconds
[2026-08-12T04:39:59.807+0000] {processor.py:186} INFO - Started process (PID=576) to work on /home/airflow/.local/lib/python3.12/site-packages/airflow/example_dags/example_xcomargs.py
[2026-08-12T04:39:59.811+0000] {processor.py:914} INFO - Processing file /home/airflow/.local/lib/python3.12/site-packages/airflow/example_dags/example_xcomargs.py for tasks to queue
[2026-08-12T04:39:59.817+0000] {logging_mixin.py:190} INFO - [2026-08-12T04:39:59.817+0000] {dagbag.py:587} INFO - Filling up the DagBag from /home/airflow/.local/lib/python3.12/site-packages/airflow/example_dags/example_xcomargs.py
[2026-08-12T04:39:59.831+0000] {processor.py:925} INFO - DAG(s) 'example_xcom_args', 'example_xcom_args_with_operators' retrieved from /home/airflow/.local/lib/python3.12/site-packages/airflow/example_dags/example_xcomargs.py
[2026-08-12T04:39:59.880+0000] {logging_mixin.py:190} INFO - [2026-08-12T04:39:59.880+0000] {dag.py:3211} INFO - Sync 2 DAGs
[2026-08-12T04:39:59.902+0000] {logging_mixin.py:190} INFO - [2026-08-12T04:39:59.901+0000] {dag.py:4138} INFO - Setting next_dagrun for example_xcom_args to None, run_after=None
[2026-08-12T04:39:59.910+0000] {logging_mixin.py:190} INFO - [2026-08-12T04:39:59.910+0000] {dag.py:4138} INFO - Setting next_dagrun for example_xcom_args_with_operators to None, run_after=None
[2026-08-12T04:39:59.934+0000] {processor.py:208} INFO - Processing /home/airflow/.local/lib/python3.12/site-packages/airflow/example_dags/example_xcomargs.py took 0.134 seconds
[2026-08-12T04:40:30.819+0000] {processor.py:186} INFO - Started process (PID=638) to work on /home/airflow/.local/lib/python3.12/site-packages/airflow/example_dags/example_xcomargs.py
[2026-08-12T04:40:30.823+0000] {processor.py:914} INFO - Processing file /home/airflow/.local/lib/python3.12/site-packages/airflow/example_dags/example_xcomargs.py for tasks to queue
[2026-08-12T04:40:30.827+0000] {logging_mixin.py:190} INFO - [2026-08-12T04:40:30.827+0000] {dagbag.py:587} INFO - Filling up the DagBag from /home/airflow/.local/lib/python3.12/site-packages/airflow/example_dags/example_xcomargs.py
[2026-08-12T04:40:30.844+0000] {processor.py:925} INFO - DAG(s) 'example_xcom_args', 'example_xcom_args_with_operators' retrieved from /home/airflow/.local/lib/python3.12/site-packages/airflow/example_dags/example_xcomargs.py
[2026-08-12T04:40:30.885+0000] {logging_mixin.py:190} INFO - [2026-08-12T04:40:30.884+0000] {dag.py:3211} INFO - Sync 2 DAGs
[2026-08-12T04:40:30.909+0000] {logging_mixin.py:190} INFO - [2026-08-12T04:40:30.909+0000] {dag.py:4138} INFO - Setting next_dagrun for example_xcom_args to None, run_after=None
[2026-08-12T04:40:30.916+0000] {logging_mixin.py:190} INFO - [2026-08-12T04:40:30.915+0000] {dag.py:4138} INFO - Setting next_dagrun for example_xcom_args_with_operators to None, run_after=None
[2026-08-12T04:40:30.946+0000] {processor.py:208} INFO - Processing /home/airflow/.local/lib/python3.12/site-packages/airflow/example_dags/example_xcomargs.py took 0.134 seconds
[2026-08-12T04:41:01.156+0000] {processor.py:186} INFO - Started process (PID=700) to work on /home/airflow/.local/lib/python3.12/site-packages/airflow/example_dags/example_xcomargs.py
[2026-08-12T04:41:01.160+0000] {processor.py:914} INFO - Processing file /home/airflow/.local/lib/python3.12/site-packages/airflow/example_dags/example_xcomargs.py for tasks to queue
[2026-08-12T04:41:01.165+0000] {logging_mixin.py:190} INFO - [2026-08-12T04:41:01.165+0000] {dagbag.py:587} INFO - Filling up the DagBag from /home/airflow/.local/lib/python3.12/site-packages/airflow/example_dags/example_xcomargs.py
[2026-08-12T04:41:01.182+0000] {processor.py:925} INFO - DAG(s) 'example_xcom_args_with_operators', 'example_xcom_args' retrieved from /home/airflow/.local/lib/python3.12/site-packages/airflow/example_dags/example_xcomargs.py
[2026-08-12T04:41:01.221+0000] {logging_mixin.py:190} INFO - [2026-08-12T04:41:01.221+0000] {dag.py:3211} INFO - Sync 2 DAGs
[2026-08-12T04:41:01.254+0000] {logging_mixin.py:190} INFO - [2026-08-12T04:41:01.253+0000] {dag.py:4138} INFO - Setting next_dagrun for example_xcom_args to None, run_after=None
[2026-08-12T04:41:01.261+0000] {logging_mixin.py:190} INFO - [2026-08-12T04:41:01.261+0000] {dag.py:4138} INFO - Setting next_dagrun for example_xcom_args_with_operators to None, run_after=None
[2026-08-12T04:41:01.285+0000] {processor.py:208} INFO - Processing /home/airflow/.local/lib/python3.12/site-packages/airflow/example_dags/example_xcomargs.py took 0.139 seconds
[2026-08-12T04:41:31.690+0000] {processor.py:186} INFO - Started process (PID=762) to work on /home/airflow/.local/lib/python3.12/site-packages/airflow/example_dags/example_xcomargs.py
[2026-08-12T04:41:31.693+0000] {processor.py:914} INFO - Processing file /home/airflow/.local/lib/python3.12/site-packages/airflow/example_dags/example_xcomargs.py for tasks to queue
[2026-08-12T04:41:31.696+0000] {logging_mixin.py:190} INFO - [2026-08-12T04:41:31.696+0000] {dagbag.py:587} INFO - Filling up the DagBag from /home/airflow/.local/lib/python3.12/site-packages/airflow/example_dags/example_xcomargs.py
[2026-08-12T04:41:31.710+0000] {processor.py:925} INFO - DAG(s) 'example_xcom_args', 'example_xcom_args_with_operators' retrieved from /home/airflow/.local/lib/python3.12/site-packages/airflow/example_dags/example_xcomargs.py
[2026-08-12T04:41:31.740+0000] {logging_mixin.py:190} INFO - [2026-08-12T04:41:31.740+0000] {dag.py:3211} INFO - Sync 2 DAGs
[2026-08-12T04:41:31.769+0000] {logging_mixin.py:190} INFO - [2026-08-12T04:41:31.768+0000] {dag.py:4138} INFO - Setting next_dagrun for example_xcom_args to None, run_after=None
[2026-08-12T04:41:31.779+0000] {logging_mixin.py:190} INFO - [2026-08-12T04:41:31.778+0000] {dag.py:4138} INFO - Setting next_dagrun for example_xcom_args_with_operators to None, run_after=None
[2026-08-12T04:41:31.811+0000] {processor.py:208} INFO - Processing /home/airflow/.local/lib/python3.12/site-packages/airflow/example_dags/example_xcomargs.py took 0.129 seconds
[2026-08-12T04:42:02.132+0000] {processor.py:186} INFO - Started process (PID=824) to work on /home/airflow/.local/lib/python3.12/site-packages/airflow/example_dags/example_xcomargs.py
[2026-08-12T04:42:02.134+0000] {processor.py:914} INFO - Processing file /home/airflow/.local/lib/python3.12/site-packages/airflow/example_dags/example_xcomargs.py for tasks to queue
[2026-08-12T04:42:02.139+0000] {logging_mixin.py:190} INFO - [2026-08-12T04:42:02.138+0000] {dagbag.py:587} INFO - Filling up the DagBag from /home/airflow/.local/lib/python3.12/site-packages/airflow/example_dags/example_xcomargs.py
[2026-08-12T04:42:02.157+0000] {processor.py:925} INFO - DAG(s) 'example_xcom_args', 'example_xcom_args_with_operators' retrieved from /home/airflow/.local/lib/python3.12/site-packages/airflow/example_dags/example_xcomargs.py
[2026-08-12T04:42:02.202+0000] {logging_mixin.py:190} INFO - [2026-08-12T04:42:02.202+0000] {dag.py:3211} INFO - Sync 2 DAGs
[2026-08-12T04:42:02.223+0000] {logging_mixin.py:190} INFO - [2026-08-12T04:42:02.223+0000] {dag.py:4138} INFO - Setting next_dagrun for example_xcom_args to None, run_after=None
[2026-08-12T04:42:02.229+0000] {logging_mixin.py:190} INFO - [2026-08-12T04:42:02.229+0000] {dag.py:4138} INFO - Setting next_dagrun for example_xcom_args_with_operators to None, run_after=None
[2026-08-12T04:42:02.259+0000] {processor.py:208} INFO - Processing /home/airflow/.local/lib/python3.12/site-packages/airflow/example_dags/example_xcomargs.py took 0.134 seconds
[2026-08-12T04:42:33.234+0000] {processor.py:186} INFO - Started process (PID=886) to work on /home/airflow/.local/lib/python3.12/site-packages/airflow/example_dags/example_xcomargs.py
[2026-08-12T04:42:33.238+0000] {processor.py:914} INFO - Processing file /home/airflow/.local/lib/python3.12/site-packages/airflow/example_dags/example_xcomargs.py for tasks to queue
[2026-08-12T04:42:33.244+0000] {logging_mixin.py:190} INFO - [2026-08-12T04:42:33.243+0000] {dagbag.py:587} INFO - Filling up the DagBag from /home/airflow/.local/lib/python3.12/site-packages/airflow/example_dags/example_xcomargs.py
[2026-08-12T04:42:33.269+0000] {processor.py:925} INFO - DAG(s) 'example_xcom_args', 'example_xcom_args_with_operators' retrieved from /home/airflow/.local/lib/python3.12/site-packages/airflow/example_dags/example_xcomargs.py
[2026-08-12T04:42:33.312+0000] {logging_mixin.py:190} INFO - [2026-08-12T04:42:33.311+0000] {dag.py:3211} INFO - Sync 2 DAGs
[2026-08-12T04:42:33.335+0000] {logging_mixin.py:190} INFO - [2026-08-12T04:42:33.335+0000] {dag.py:4138} INFO - Setting next_dagrun for example_xcom_args to None, run_after=None
[2026-08-12T04:42:33.340+0000] {logging_mixin.py:190} INFO - [2026-08-12T04:42:33.340+0000] {dag.py:4138} INFO - Setting next_dagrun for example_xcom_args_with_operators to None, run_after=None
[2026-08-12T04:42:33.362+0000] {processor.py:208} INFO - Processing /home/airflow/.local/lib/python3.12/site-packages/airflow/example_dags/example_xcomargs.py took 0.140 seconds
[2026-08-12T04:43:04.422+0000] {processor.py:186} INFO - Started process (PID=948) to work on /home/airflow/.local/lib/python3.12/site-packages/airflow/example_dags/example_xcomargs.py
[2026-08-12T04:43:04.425+0000] {processor.py:914} INFO - Processing file /home/airflow/.local/lib/python3.12/site-packages/airflow/example_dags/example_xcomargs.py for tasks to queue
[2026-08-12T04:43:04.431+0000] {logging_mixin.py:190} INFO - [2026-08-12T04:43:04.430+0000] {dagbag.py:587} INFO - Filling up the DagBag from /home/airflow/.local/lib/python3.12/site-packages/airflow/example_dags/example_xcomargs.py
[2026-08-12T04:43:04.449+0000] {processor.py:925} INFO - DAG(s) 'example_xcom_args', 'example_xcom_args_with_operators' retrieved from /home/airflow/.local/lib/python3.12/site-packages/airflow/example_dags/example_xcomargs.py
[2026-08-12T04:43:04.482+0000] {logging_mixin.py:190} INFO - [2026-08-12T04:43:04.481+0000] {dag.py:3211} INFO - Sync 2 DAGs
[2026-08-12T04:43:04.501+0000] {logging_mixin.py:190} INFO - [2026-08-12T04:43:04.501+0000] {dag.py:4138} INFO - Setting next_dagrun for example_xcom_args to None, run_after=None
[2026-08-12T04:43:04.508+0000] {logging_mixin.py:190} INFO - [2026-08-12T04:43:04.507+0000] {dag.py:4138} INFO - Setting next_dagrun for example_xcom_args_with_operators to None, run_after=None
[2026-08-12T04:43:04.536+0000] {processor.py:208} INFO - Processing /home/airflow/.local/lib/python3.12/site-packages/airflow/example_dags/example_xcomargs.py took 0.123 seconds
[2026-08-12T04:43:34.594+0000] {processor.py:186} INFO - Started process (PID=1010) to work on /home/airflow/.local/lib/python3.12/site-packages/airflow/example_dags/example_xcomargs.py
[2026-08-12T04:43:34.598+0000] {processor.py:914} INFO - Processing file /home/airflow/.local/lib/python3.12/site-packages/airflow/example_dags/example_xcomargs.py for tasks to queue
[2026-08-12T04:43:34.607+0000] {logging_mixin.py:190} INFO - [2026-08-12T04:43:34.606+0000] {dagbag.py:587} INFO - Filling up the DagBag from /home/airflow/.local/lib/python3.12/site-packages/airflow/example_dags/example_xcomargs.py
[2026-08-12T04:43:34.618+0000] {processor.py:925} INFO - DAG(s) 'example_xcom_args', 'example_xcom_args_with_operators' retrieved from /home/airflow/.local/lib/python3.12/site-packages/airflow/example_dags/example_xcomargs.py
[2026-08-12T04:43:34.649+0000] {logging_mixin.py:190} INFO - [2026-08-12T04:43:34.649+0000] {dag.py:3211} INFO - Sync 2 DAGs
[2026-08-12T04:43:34.669+0000] {logging_mixin.py:190} INFO - [2026-08-12T04:43:34.669+0000] {dag.py:4138} INFO - Setting next_dagrun for example_xcom_args to None, run_after=None
[2026-08-12T04:43:34.680+0000] {logging_mixin.py:190} INFO - [2026-08-12T04:43:34.679+0000] {dag.py:4138} INFO - Setting next_dagrun for example_xcom_args_with_operators to None, run_after=None
[2026-08-12T04:43:34.710+0000] {processor.py:208} INFO - Processing /home/airflow/.local/lib/python3.12/site-packages/airflow/example_dags/example_xcomargs.py took 0.125 seconds
[2026-08-12T04:44:04.828+0000] {processor.py:186} INFO - Started process (PID=1072) to work on /home/airflow/.local/lib/python3.12/site-packages/airflow/example_dags/example_xcomargs.py
[2026-08-12T04:44:04.830+0000] {processor.py:914} INFO - Processing file /home/airflow/.local/lib/python3.12/site-packages/airflow/example_dags/example_xcomargs.py for tasks to queue
[2026-08-12T04:44:04.836+0000] {logging_mixin.py:190} INFO - [2026-08-12T04:44:04.836+0000] {dagbag.py:587} INFO - Filling up the DagBag from /home/airflow/.local/lib/python3.12/site-packages/airflow/example_dags/example_xcomargs.py
[2026-08-12T04:44:04.854+0000] {processor.py:925} INFO - DAG(s) 'example_xcom_args', 'example_xcom_args_with_operators' retrieved from /home/airflow/.local/lib/python3.12/site-packages/airflow/example_dags/example_xcomargs.py
[2026-08-12T04:44:04.892+0000] {logging_mixin.py:190} INFO - [2026-08-12T04:44:04.891+0000] {dag.py:3211} INFO - Sync 2 DAGs
[2026-08-12T04:44:04.920+0000] {logging_mixin.py:190} INFO - [2026-08-12T04:44:04.920+0000] {dag.py:4138} INFO - Setting next_dagrun for example_xcom_args to None, run_after=None
[2026-08-12T04:44:04.929+0000] {logging_mixin.py:190} INFO - [2026-08-12T04:44:04.928+0000] {dag.py:4138} INFO - Setting next_dagrun for example_xcom_args_with_operators to None, run_after=None
[2026-08-12T04:44:04.958+0000] {processor.py:208} INFO - Processing /home/airflow/.local/lib/python3.12/site-packages/airflow/example_dags/example_xcomargs.py took 0.140 seconds
[2026-08-12T04:44:35.421+0000] {processor.py:186} INFO - Started process (PID=1134) to work on /home/airflow/.local/lib/python3.12/site-packages/airflow/example_dags/example_xcomargs.py
[2026-08-12T04:44:35.429+0000] {processor.py:914} INFO - Processing file /home/airflow/.local/lib/python3.12/site-packages/airflow/example_dags/example_xcomargs.py for tasks to queue
[2026-08-12T04:44:35.437+0000] {logging_mixin.py:190} INFO - [2026-08-12T04:44:35.436+0000] {dagbag.py:587} INFO - Filling up the DagBag from /home/airflow/.local/lib/python3.12/site-packages/airflow/example_dags/example_xcomargs.py
[2026-08-12T04:44:35.464+0000] {processor.py:925} INFO - DAG(s) 'example_xcom_args', 'example_xcom_args_with_operators' retrieved from /home/airflow/.local/lib/python3.12/site-packages/airflow/example_dags/example_xcomargs.py
[2026-08-12T04:44:35.542+0000] {logging_mixin.py:190} INFO - [2026-08-12T04:44:35.540+0000] {dag.py:3211} INFO - Sync 2 DAGs
[2026-08-12T04:44:35.584+0000] {logging_mixin.py:190} INFO - [2026-08-12T04:44:35.584+0000] {dag.py:4138} INFO - Setting next_dagrun for example_xcom_args to None, run_after=None
[2026-08-12T04:44:35.602+0000] {logging_mixin.py:190} INFO - [2026-08-12T04:44:35.601+0000] {dag.py:4138} INFO - Setting next_dagrun for example_xcom_args_with_operators to None, run_after=None
[2026-08-12T04:44:35.651+0000] {processor.py:208} INFO - Processing /home/airflow/.local/lib/python3.12/site-packages/airflow/example_dags/example_xcomargs.py took 0.247 seconds
[2026-08-12T04:45:06.256+0000] {processor.py:186} INFO - Started process (PID=1197) to work on /home/airflow/.local/lib/python3.12/site-packages/airflow/example_dags/example_xcomargs.py
[2026-08-12T04:45:06.258+0000] {processor.py:914} INFO - Processing file /home/airflow/.local/lib/python3.12/site-packages/airflow/example_dags/example_xcomargs.py for tasks to queue
[2026-08-12T04:45:06.263+0000] {logging_mixin.py:190} INFO - [2026-08-12T04:45:06.263+0000] {dagbag.py:587} INFO - Filling up the DagBag from /home/airflow/.local/lib/python3.12/site-packages/airflow/example_dags/example_xcomargs.py
[2026-08-12T04:45:06.278+0000] {processor.py:925} INFO - DAG(s) 'example_xcom_args_with_operators', 'example_xcom_args' retrieved from /home/airflow/.local/lib/python3.12/site-packages/airflow/example_dags/example_xcomargs.py
[2026-08-12T04:45:06.312+0000] {logging_mixin.py:190} INFO - [2026-08-12T04:45:06.312+0000] {dag.py:3211} INFO - Sync 2 DAGs
[2026-08-12T04:45:06.334+0000] {logging_mixin.py:190} INFO - [2026-08-12T04:45:06.334+0000] {dag.py:4138} INFO - Setting next_dagrun for example_xcom_args to None, run_after=None
[2026-08-12T04:45:06.342+0000] {logging_mixin.py:190} INFO - [2026-08-12T04:45:06.341+0000] {dag.py:4138} INFO - Setting next_dagrun for example_xcom_args_with_operators to None, run_after=None
[2026-08-12T04:45:06.374+0000] {processor.py:208} INFO - Processing /home/airflow/.local/lib/python3.12/site-packages/airflow/example_dags/example_xcomargs.py took 0.126 seconds
[2026-08-12T04:45:36.709+0000] {processor.py:186} INFO - Started process (PID=1259) to work on /home/airflow/.local/lib/python3.12/site-packages/airflow/example_dags/example_xcomargs.py
[2026-08-12T04:45:36.711+0000] {processor.py:914} INFO - Processing file /home/airflow/.local/lib/python3.12/site-packages/airflow/example_dags/example_xcomargs.py for tasks to queue
[2026-08-12T04:45:36.716+0000] {logging_mixin.py:190} INFO - [2026-08-12T04:45:36.715+0000] {dagbag.py:587} INFO - Filling up the DagBag from /home/airflow/.local/lib/python3.12/site-packages/airflow/example_dags/example_xcomargs.py
[2026-08-12T04:45:36.731+0000] {processor.py:925} INFO - DAG(s) 'example_xcom_args_with_operators', 'example_xcom_args' retrieved from /home/airflow/.local/lib/python3.12/site-packages/airflow/example_dags/example_xcomargs.py
[2026-08-12T04:45:36.765+0000] {logging_mixin.py:190} INFO - [2026-08-12T04:45:36.764+0000] {dag.py:3211} INFO - Sync 2 DAGs
[2026-08-12T04:45:36.784+0000] {logging_mixin.py:190} INFO - [2026-08-12T04:45:36.784+0000] {dag.py:4138} INFO - Setting next_dagrun for example_xcom_args to None, run_after=None
[2026-08-12T04:45:36.791+0000] {logging_mixin.py:190} INFO - [2026-08-12T04:45:36.791+0000] {dag.py:4138} INFO - Setting next_dagrun for example_xcom_args_with_operators to None, run_after=None
[2026-08-12T04:45:36.827+0000] {processor.py:208} INFO - Processing /home/airflow/.local/lib/python3.12/site-packages/airflow/example_dags/example_xcomargs.py took 0.127 seconds
[2026-08-12T04:46:07.341+0000] {processor.py:186} INFO - Started process (PID=1321) to work on /home/airflow/.local/lib/python3.12/site-packages/airflow/example_dags/example_xcomargs.py
[2026-08-12T04:46:07.343+0000] {processor.py:914} INFO - Processing file /home/airflow/.local/lib/python3.12/site-packages/airflow/example_dags/example_xcomargs.py for tasks to queue
[2026-08-12T04:46:07.347+0000] {logging_mixin.py:190} INFO - [2026-08-12T04:46:07.346+0000] {dagbag.py:587} INFO - Filling up the DagBag from /home/airflow/.local/lib/python3.12/site-packages/airflow/example_dags/example_xcomargs.py
[2026-08-12T04:46:07.356+0000] {processor.py:925} INFO - DAG(s) 'example_xcom_args_with_operators', 'example_xcom_args' retrieved from /home/airflow/.local/lib/python3.12/site-packages/airflow/example_dags/example_xcomargs.py
[2026-08-12T04:46:07.381+0000] {logging_mixin.py:190} INFO - [2026-08-12T04:46:07.381+0000] {dag.py:3211} INFO - Sync 2 DAGs
[2026-08-12T04:46:07.398+0000] {logging_mixin.py:190} INFO - [2026-08-12T04:46:07.398+0000] {dag.py:4138} INFO - Setting next_dagrun for example_xcom_args to None, run_after=None
[2026-08-12T04:46:07.403+0000] {logging_mixin.py:190} INFO - [2026-08-12T04:46:07.403+0000] {dag.py:4138} INFO - Setting next_dagrun for example_xcom_args_with_operators to None, run_after=None
[2026-08-12T04:46:07.423+0000] {processor.py:208} INFO - Processing /home/airflow/.local/lib/python3.12/site-packages/airflow/example_dags/example_xcomargs.py took 0.087 seconds
[2026-08-12T04:46:37.850+0000] {processor.py:186} INFO - Started process (PID=1383) to work on /home/airflow/.local/lib/python3.12/site-packages/airflow/example_dags/example_xcomargs.py
[2026-08-12T04:46:37.852+0000] {processor.py:914} INFO - Processing file /home/airflow/.local/lib/python3.12/site-packages/airflow/example_dags/example_xcomargs.py for tasks to queue
[2026-08-12T04:46:37.855+0000] {logging_mixin.py:190} INFO - [2026-08-12T04:46:37.855+0000] {dagbag.py:587} INFO - Filling up the DagBag from /home/airflow/.local/lib/python3.12/site-packages/airflow/example_dags/example_xcomargs.py
[2026-08-12T04:46:37.866+0000] {processor.py:925} INFO - DAG(s) 'example_xcom_args', 'example_xcom_args_with_operators' retrieved from /home/airflow/.local/lib/python3.12/site-packages/airflow/example_dags/example_xcomargs.py
[2026-08-12T04:46:37.901+0000] {logging_mixin.py:190} INFO - [2026-08-12T04:46:37.900+0000] {dag.py:3211} INFO - Sync 2 DAGs
[2026-08-12T04:46:37.938+0000] {logging_mixin.py:190} INFO - [2026-08-12T04:46:37.938+0000] {dag.py:4138} INFO - Setting next_dagrun for example_xcom_args to None, run_after=None
[2026-08-12T04:46:37.945+0000] {logging_mixin.py:190} INFO - [2026-08-12T04:46:37.944+0000] {dag.py:4138} INFO - Setting next_dagrun for example_xcom_args_with_operators to None, run_after=None
[2026-08-12T04:46:37.965+0000] {processor.py:208} INFO - Processing /home/airflow/.local/lib/python3.12/site-packages/airflow/example_dags/example_xcomargs.py took 0.124 seconds
[2026-08-12T04:47:08.919+0000] {processor.py:186} INFO - Started process (PID=1445) to work on /home/airflow/.local/lib/python3.12/site-packages/airflow/example_dags/example_xcomargs.py
[2026-08-12T04:47:08.921+0000] {processor.py:914} INFO - Processing file /home/airflow/.local/lib/python3.12/site-packages/airflow/example_dags/example_xcomargs.py for tasks to queue
[2026-08-12T04:47:08.924+0000] {logging_mixin.py:190} INFO - [2026-08-12T04:47:08.924+0000] {dagbag.py:587} INFO - Filling up the DagBag from /home/airflow/.local/lib/python3.12/site-packages/airflow/example_dags/example_xcomargs.py
[2026-08-12T04:47:08.935+0000] {processor.py:925} INFO - DAG(s) 'example_xcom_args_with_operators', 'example_xcom_args' retrieved from /home/airflow/.local/lib/python3.12/site-packages/airflow/example_dags/example_xcomargs.py
[2026-08-12T04:47:08.965+0000] {logging_mixin.py:190} INFO - [2026-08-12T04:47:08.965+0000] {dag.py:3211} INFO - Sync 2 DAGs
[2026-08-12T04:47:08.989+0000] {logging_mixin.py:190} INFO - [2026-08-12T04:47:08.988+0000] {dag.py:4138} INFO - Setting next_dagrun for example_xcom_args to None, run_after=None
[2026-08-12T04:47:08.994+0000] {logging_mixin.py:190} INFO - [2026-08-12T04:47:08.994+0000] {dag.py:4138} INFO - Setting next_dagrun for example_xcom_args_with_operators to None, run_after=None
[2026-08-12T04:47:09.018+0000] {processor.py:208} INFO - Processing /home/airflow/.local/lib/python3.12/site-packages/airflow/example_dags/example_xcomargs.py took 0.105 seconds
[2026-08-12T04:47:39.445+0000] {processor.py:186} INFO - Started process (PID=1506) to work on /home/airflow/.local/lib/python3.12/site-packages/airflow/example_dags/example_xcomargs.py
[2026-08-12T04:47:39.447+0000] {processor.py:914} INFO - Processing file /home/airflow/.local/lib/python3.12/site-packages/airflow/example_dags/example_xcomargs.py for tasks to queue
[2026-08-12T04:47:39.453+0000] {logging_mixin.py:190} INFO - [2026-08-12T04:47:39.452+0000] {dagbag.py:587} INFO - Filling up the DagBag from /home/airflow/.local/lib/python3.12/site-packages/airflow/example_dags/example_xcomargs.py
[2026-08-12T04:47:39.471+0000] {processor.py:925} INFO - DAG(s) 'example_xcom_args', 'example_xcom_args_with_operators' retrieved from /home/airflow/.local/lib/python3.12/site-packages/airflow/example_dags/example_xcomargs.py
[2026-08-12T04:47:39.505+0000] {logging_mixin.py:190} INFO - [2026-08-12T04:47:39.505+0000] {dag.py:3211} INFO - Sync 2 DAGs
[2026-08-12T04:47:39.523+0000] {logging_mixin.py:190} INFO - [2026-08-12T04:47:39.523+0000] {dag.py:4138} INFO - Setting next_dagrun for example_xcom_args to None, run_after=None
[2026-08-12T04:47:39.528+0000] {logging_mixin.py:190} INFO - [2026-08-12T04:47:39.528+0000] {dag.py:4138} INFO - Setting next_dagrun for example_xcom_args_with_operators to None, run_after=None
[2026-08-12T04:47:39.549+0000] {processor.py:208} INFO - Processing /home/airflow/.local/lib/python3.12/site-packages/airflow/example_dags/example_xcomargs.py took 0.113 seconds
