[2026-08-12T04:31:55.296+0000] {processor.py:186} INFO - Started process (PID=97) to work on /home/airflow/.local/lib/python3.12/site-packages/airflow/example_dags/tutorial_taskflow_api.py
[2026-08-12T04:31:55.303+0000] {processor.py:914} INFO - Processing file /home/airflow/.local/lib/python3.12/site-packages/airflow/example_dags/tutorial_taskflow_api.py for tasks to queue
[2026-08-12T04:31:55.314+0000] {logging_mixin.py:190} INFO - [2026-08-12T04:31:55.312+0000] {dagbag.py:587} INFO - Filling up the DagBag from /home/airflow/.local/lib/python3.12/site-packages/airflow/example_dags/tutorial_taskflow_api.py
[2026-08-12T04:31:55.362+0000] {processor.py:925} INFO - DAG(s) 'tutorial_taskflow_api' retrieved from /home/airflow/.local/lib/python3.12/site-packages/airflow/example_dags/tutorial_taskflow_api.py
[2026-08-12T04:31:55.680+0000] {logging_mixin.py:190} INFO - [2026-08-12T04:31:55.678+0000] {override.py:1858} INFO - Created Permission View: can edit on DAG:tutorial_taskflow_api
[2026-08-12T04:31:55.705+0000] {logging_mixin.py:190} INFO - [2026-08-12T04:31:55.704+0000] {override.py:1858} INFO - Created Permission View: can read on DAG:tutorial_taskflow_api
[2026-08-12T04:31:55.723+0000] {logging_mixin.py:190} INFO - [2026-08-12T04:31:55.722+0000] {override.py:1858} INFO - Created Permission View: can delete on DAG:tutorial_taskflow_api
[2026-08-12T04:31:55.728+0000] {logging_mixin.py:190} INFO - [2026-08-12T04:31:55.728+0000] {dag.py:3211} INFO - Sync 1 DAGs
[2026-08-12T04:31:55.761+0000] {logging_mixin.py:190} INFO - [2026-08-12T04:31:55.761+0000] {dag.py:3234} INFO - Creating ORM DAG for tutorial_taskflow_api
[2026-08-12T04:31:55.766+0000] {logging_mixin.py:190} INFO - [2026-08-12T04:31:55.765+0000] {dag.py:4138} INFO - Setting next_dagrun for tutorial_taskflow_api to None, run_after=None
[2026-08-12T04:31:55.804+0000] {processor.py:208} INFO - Processing /home/airflow/.local/lib/python3.12/site-packages/airflow/example_dags/tutorial_taskflow_api.py took 0.531 seconds
[2026-08-12T04:32:26.271+0000] {processor.py:186} INFO - Started process (PID=160) to work on /home/airflow/.local/lib/python3.12/site-packages/airflow/example_dags/tutorial_taskflow_api.py
[2026-08-12T04:32:26.274+0000] {processor.py:914} INFO - Processing file /home/airflow/.local/lib/python3.12/site-packages/airflow/example_dags/tutorial_taskflow_api.py for tasks to queue
[2026-08-12T04:32:26.278+0000] {logging_mixin.py:190} INFO - [2026-08-12T04:32:26.278+0000] {dagbag.py:587} INFO - Filling up the DagBag from /home/airflow/.local/lib/python3.12/site-packages/airflow/example_dags/tutorial_taskflow_api.py
[2026-08-12T04:32:26.292+0000] {processor.py:925} INFO - DAG(s) 'tutorial_taskflow_api' retrieved from /home/airflow/.local/lib/python3.12/site-packages/airflow/example_dags/tutorial_taskflow_api.py
[2026-08-12T04:32:26.350+0000] {logging_mixin.py:190} INFO - [2026-08-12T04:32:26.350+0000] {dag.py:3211} INFO - Sync 1 DAGs
[2026-08-12T04:32:26.372+0000] {logging_mixin.py:190} INFO - [2026-08-12T04:32:26.372+0000] {dag.py:4138} INFO - Setting next_dagrun for tutorial_taskflow_api to None, run_after=None
[2026-08-12T04:32:26.407+0000] {processor.py:208} INFO - Processing /home/airflow/.local/lib/python3.12/site-packages/airflow/example_dags/tutorial_taskflow_api.py took 0.144 seconds
[2026-08-12T04:32:56.693+0000] {processor.py:186} INFO - Started process (PID=221) to work on /home/airflow/.local/lib/python3.12/site-packages/airflow/example_dags/tutorial_taskflow_api.py
[2026-08-12T04:32:56.695+0000] {processor.py:914} INFO - Processing file /home/airflow/.local/lib/python3.12/site-packages/airflow/example_dags/tutorial_taskflow_api.py for tasks to queue
[2026-08-12T04:32:56.700+0000] {logging_mixin.py:190} INFO - [2026-08-12T04:32:56.699+0000] {dagbag.py:587} INFO - Filling up the DagBag from /home/airflow/.local/lib/python3.12/site-packages/airflow/example_dags/tutorial_taskflow_api.py
[2026-08-12T04:32:56.710+0000] {processor.py:925} INFO - DAG(s) 'tutorial_taskflow_api' retrieved from /home/airflow/.local/lib/python3.12/site-packages/airflow/example_dags/tutorial_taskflow_api.py
[2026-08-12T04:32:56.736+0000] {logging_mixin.py:190} INFO - [2026-08-12T04:32:56.736+0000] {dag.py:3211} INFO - Sync 1 DAGs
[2026-08-12T04:32:56.754+0000] {logging_mixin.py:190} INFO - [2026-08-12T04:32:56.753+0000] {dag.py:4138} INFO - Setting next_dagrun for tutorial_taskflow_api to None, run_after=None
[2026-08-12T04:32:56.794+0000] {processor.py:208} INFO - Processing /home/airflow/.local/lib/python3.12/site-packages/airflow/example_dags/tutorial_taskflow_api.py took 0.107 seconds
[2026-08-12T04:33:27.270+0000] {processor.py:186} INFO - Started process (PID=284) to work on /home/airflow/.local/lib/python3.12/site-packages/airflow/example_dags/tutorial_taskflow_api.py
[2026-08-12T04:33:27.272+0000] {processor.py:914} INFO - Processing file /home/airflow/.local/lib/python3.12/site-packages/airflow/example_dags/tutorial_taskflow_api.py for tasks to queue
[2026-08-12T04:33:27.276+0000] {logging_mixin.py:190} INFO - [2026-08-12T04:33:27.275+0000] {dagbag.py:587} INFO - Filling up the DagBag from /home/airflow/.local/lib/python3.12/site-packages/airflow/example_dags/tutorial_taskflow_api.py
[2026-08-12T04:33:27.289+0000] {processor.py:925} INFO - DAG(s) 'tutorial_taskflow_api' retrieved from /home/airflow/.local/lib/python3.12/site-packages/airflow/example_dags/tutorial_taskflow_api.py
[2026-08-12T04:33:27.321+0000] {logging_mixin.py:190} INFO - [2026-08-12T04:33:27.321+0000] {dag.py:3211} INFO - Sync 1 DAGs
[2026-08-12T04:33:27.343+0000] {logging_mixin.py:190} INFO - [2026-08-12T04:33:27.342+0000] {dag.py:4138} INFO - Setting next_dagrun for tutorial_taskflow_api to None, run_after=None
[2026-08-12T04:33:27.392+0000] {processor.py:208} INFO - Processing /home/airflow/.local/lib/python3.12/site-packages/airflow/example_dags/tutorial_taskflow_api.py took 0.130 seconds
[2026-08-12T04:33:58.155+0000] {processor.py:186} INFO - Started process (PID=346) to work on /home/airflow/.local/lib/python3.12/site-packages/airflow/example_dags/tutorial_taskflow_api.py
[2026-08-12T04:33:58.157+0000] {processor.py:914} INFO - Processing file /home/airflow/.local/lib/python3.12/site-packages/airflow/example_dags/tutorial_taskflow_api.py for tasks to queue
[2026-08-12T04:33:58.161+0000] {logging_mixin.py:190} INFO - [2026-08-12T04:33:58.161+0000] {dagbag.py:587} INFO - Filling up the DagBag from /home/airflow/.local/lib/python3.12/site-packages/airflow/example_dags/tutorial_taskflow_api.py
[2026-08-12T04:33:58.174+0000] {processor.py:925} INFO - DAG(s) 'tutorial_taskflow_api' retrieved from /home/airflow/.local/lib/python3.12/site-packages/airflow/example_dags/tutorial_taskflow_api.py
[2026-08-12T04:33:58.206+0000] {logging_mixin.py:190} INFO - [2026-08-12T04:33:58.206+0000] {dag.py:3211} INFO - Sync 1 DAGs
[2026-08-12T04:33:58.227+0000] {logging_mixin.py:190} INFO - [2026-08-12T04:33:58.227+0000] {dag.py:4138} INFO - Setting next_dagrun for tutorial_taskflow_api to None, run_after=None
[2026-08-12T04:33:58.270+0000] {processor.py:208} INFO - Processing /home/airflow/.local/lib/python3.12/site-packages/airflow/example_dags/tutorial_taskflow_api.py took 0.127 seconds
[2026-08-12T04:34:29.018+0000] {processor.py:186} INFO - Started process (PID=408) to work on /home/airflow/.local/lib/python3.12/site-packages/airflow/example_dags/tutorial_taskflow_api.py
[2026-08-12T04:34:29.021+0000] {processor.py:914} INFO - Processing file /home/airflow/.local/lib/python3.12/site-packages/airflow/example_dags/tutorial_taskflow_api.py for tasks to queue
[2026-08-12T04:34:29.026+0000] {logging_mixin.py:190} INFO - [2026-08-12T04:34:29.026+0000] {dagbag.py:587} INFO - Filling up the DagBag from /home/airflow/.local/lib/python3.12/site-packages/airflow/example_dags/tutorial_taskflow_api.py
[2026-08-12T04:34:29.037+0000] {processor.py:925} INFO - DAG(s) 'tutorial_taskflow_api' retrieved from /home/airflow/.local/lib/python3.12/site-packages/airflow/example_dags/tutorial_taskflow_api.py
[2026-08-12T04:34:29.062+0000] {logging_mixin.py:190} INFO - [2026-08-12T04:34:29.062+0000] {dag.py:3211} INFO - Sync 1 DAGs
[2026-08-12T04:34:29.086+0000] {logging_mixin.py:190} INFO - [2026-08-12T04:34:29.086+0000] {dag.py:4138} INFO - Setting next_dagrun for tutorial_taskflow_api to None, run_after=None
[2026-08-12T04:34:29.114+0000] {processor.py:208} INFO - Processing /home/airflow/.local/lib/python3.12/site-packages/airflow/example_dags/tutorial_taskflow_api.py took 0.102 seconds
[2026-08-12T04:35:57.583+0000] {processor.py:186} INFO - Started process (PID=90) to work on /home/airflow/.local/lib/python3.12/site-packages/airflow/example_dags/tutorial_taskflow_api.py
[2026-08-12T04:35:57.589+0000] {processor.py:914} INFO - Processing file /home/airflow/.local/lib/python3.12/site-packages/airflow/example_dags/tutorial_taskflow_api.py for tasks to queue
[2026-08-12T04:35:57.595+0000] {logging_mixin.py:190} INFO - [2026-08-12T04:35:57.595+0000] {dagbag.py:587} INFO - Filling up the DagBag from /home/airflow/.local/lib/python3.12/site-packages/airflow/example_dags/tutorial_taskflow_api.py
[2026-08-12T04:35:57.629+0000] {processor.py:925} INFO - DAG(s) 'tutorial_taskflow_api' retrieved from /home/airflow/.local/lib/python3.12/site-packages/airflow/example_dags/tutorial_taskflow_api.py
[2026-08-12T04:35:57.794+0000] {logging_mixin.py:190} INFO - [2026-08-12T04:35:57.794+0000] {dag.py:3211} INFO - Sync 1 DAGs
[2026-08-12T04:35:57.928+0000] {logging_mixin.py:190} INFO - [2026-08-12T04:35:57.928+0000] {dag.py:4138} INFO - Setting next_dagrun for tutorial_taskflow_api to None, run_after=None
[2026-08-12T04:35:58.020+0000] {processor.py:208} INFO - Processing /home/airflow/.local/lib/python3.12/site-packages/airflow/example_dags/tutorial_taskflow_api.py took 0.445 seconds
[2026-08-12T04:36:28.644+0000] {processor.py:186} INFO - Started process (PID=152) to work on /home/airflow/.local/lib/python3.12/site-packages/airflow/example_dags/tutorial_taskflow_api.py
[2026-08-12T04:36:28.646+0000] {processor.py:914} INFO - Processing file /home/airflow/.local/lib/python3.12/site-packages/airflow/example_dags/tutorial_taskflow_api.py for tasks to queue
[2026-08-12T04:36:28.650+0000] {logging_mixin.py:190} INFO - [2026-08-12T04:36:28.649+0000] {dagbag.py:587} INFO - Filling up the DagBag from /home/airflow/.local/lib/python3.12/site-packages/airflow/example_dags/tutorial_taskflow_api.py
[2026-08-12T04:36:28.662+0000] {processor.py:925} INFO - DAG(s) 'tutorial_taskflow_api' retrieved from /home/airflow/.local/lib/python3.12/site-packages/airflow/example_dags/tutorial_taskflow_api.py
[2026-08-12T04:36:28.691+0000] {logging_mixin.py:190} INFO - [2026-08-12T04:36:28.691+0000] {dag.py:3211} INFO - Sync 1 DAGs
[2026-08-12T04:36:28.708+0000] {logging_mixin.py:190} INFO - [2026-08-12T04:36:28.708+0000] {dag.py:4138} INFO - Setting next_dagrun for tutorial_taskflow_api to None, run_after=None
[2026-08-12T04:36:28.738+0000] {processor.py:208} INFO - Processing /home/airflow/.local/lib/python3.12/site-packages/airflow/example_dags/tutorial_taskflow_api.py took 0.099 seconds
[2026-08-12T04:36:58.899+0000] {processor.py:186} INFO - Started process (PID=213) to work on /home/airflow/.local/lib/python3.12/site-packages/airflow/example_dags/tutorial_taskflow_api.py
[2026-08-12T04:36:58.901+0000] {processor.py:914} INFO - Processing file /home/airflow/.local/lib/python3.12/site-packages/airflow/example_dags/tutorial_taskflow_api.py for tasks to queue
[2026-08-12T04:36:58.907+0000] {logging_mixin.py:190} INFO - [2026-08-12T04:36:58.907+0000] {dagbag.py:587} INFO - Filling up the DagBag from /home/airflow/.local/lib/python3.12/site-packages/airflow/example_dags/tutorial_taskflow_api.py
[2026-08-12T04:36:58.923+0000] {processor.py:925} INFO - DAG(s) 'tutorial_taskflow_api' retrieved from /home/airflow/.local/lib/python3.12/site-packages/airflow/example_dags/tutorial_taskflow_api.py
[2026-08-12T04:36:58.955+0000] {logging_mixin.py:190} INFO - [2026-08-12T04:36:58.954+0000] {dag.py:3211} INFO - Sync 1 DAGs
[2026-08-12T04:36:58.973+0000] {logging_mixin.py:190} INFO - [2026-08-12T04:36:58.973+0000] {dag.py:4138} INFO - Setting next_dagrun for tutorial_taskflow_api to None, run_after=None
[2026-08-12T04:36:58.999+0000] {processor.py:208} INFO - Processing /home/airflow/.local/lib/python3.12/site-packages/airflow/example_dags/tutorial_taskflow_api.py took 0.108 seconds
[2026-08-12T04:37:29.330+0000] {processor.py:186} INFO - Started process (PID=275) to work on /home/airflow/.local/lib/python3.12/site-packages/airflow/example_dags/tutorial_taskflow_api.py
[2026-08-12T04:37:29.333+0000] {processor.py:914} INFO - Processing file /home/airflow/.local/lib/python3.12/site-packages/airflow/example_dags/tutorial_taskflow_api.py for tasks to queue
[2026-08-12T04:37:29.340+0000] {logging_mixin.py:190} INFO - [2026-08-12T04:37:29.339+0000] {dagbag.py:587} INFO - Filling up the DagBag from /home/airflow/.local/lib/python3.12/site-packages/airflow/example_dags/tutorial_taskflow_api.py
[2026-08-12T04:37:29.357+0000] {processor.py:925} INFO - DAG(s) 'tutorial_taskflow_api' retrieved from /home/airflow/.local/lib/python3.12/site-packages/airflow/example_dags/tutorial_taskflow_api.py
[2026-08-12T04:37:29.385+0000] {logging_mixin.py:190} INFO - [2026-08-12T04:37:29.385+0000] {dag.py:3211} INFO - Sync 1 DAGs
[2026-08-12T04:37:29.412+0000] {logging_mixin.py:190} INFO - [2026-08-12T04:37:29.411+0000] {dag.py:4138} INFO - Setting next_dagrun for tutorial_taskflow_api to None, run_after=None
[2026-08-12T04:37:29.441+0000] {processor.py:208} INFO - Processing /home/airflow/.local/lib/python3.12/site-packages/airflow/example_dags/tutorial_taskflow_api.py took 0.120 seconds
[2026-08-12T04:38:00.221+0000] {processor.py:186} INFO - Started process (PID=337) to work on /home/airflow/.local/lib/python3.12/site-packages/airflow/example_dags/tutorial_taskflow_api.py
[2026-08-12T04:38:00.224+0000] {processor.py:914} INFO - Processing file /home/airflow/.local/lib/python3.12/site-packages/airflow/example_dags/tutorial_taskflow_api.py for tasks to queue
[2026-08-12T04:38:00.228+0000] {logging_mixin.py:190} INFO - [2026-08-12T04:38:00.228+0000] {dagbag.py:587} INFO - Filling up the DagBag from /home/airflow/.local/lib/python3.12/site-packages/airflow/example_dags/tutorial_taskflow_api.py
[2026-08-12T04:38:00.238+0000] {processor.py:925} INFO - DAG(s) 'tutorial_taskflow_api' retrieved from /home/airflow/.local/lib/python3.12/site-packages/airflow/example_dags/tutorial_taskflow_api.py
[2026-08-12T04:38:00.257+0000] {logging_mixin.py:190} INFO - [2026-08-12T04:38:00.257+0000] {dag.py:3211} INFO - Sync 1 DAGs
[2026-08-12T04:38:00.272+0000] {logging_mixin.py:190} INFO - [2026-08-12T04:38:00.271+0000] {dag.py:4138} INFO - Setting next_dagrun for tutorial_taskflow_api to None, run_after=None
[2026-08-12T04:38:00.291+0000] {processor.py:208} INFO - Processing /home/airflow/.local/lib/python3.12/site-packages/airflow/example_dags/tutorial_taskflow_api.py took 0.077 seconds
[2026-08-12T04:38:31.296+0000] {processor.py:186} INFO - Started process (PID=399) to work on /home/airflow/.local/lib/python3.12/site-packages/airflow/example_dags/tutorial_taskflow_api.py
[2026-08-12T04:38:31.297+0000] {processor.py:914} INFO - Processing file /home/airflow/.local/lib/python3.12/site-packages/airflow/example_dags/tutorial_taskflow_api.py for tasks to queue
[2026-08-12T04:38:31.301+0000] {logging_mixin.py:190} INFO - [2026-08-12T04:38:31.300+0000] {dagbag.py:587} INFO - Filling up the DagBag from /home/airflow/.local/lib/python3.12/site-packages/airflow/example_dags/tutorial_taskflow_api.py
[2026-08-12T04:38:31.310+0000] {processor.py:925} INFO - DAG(s) 'tutorial_taskflow_api' retrieved from /home/airflow/.local/lib/python3.12/site-packages/airflow/example_dags/tutorial_taskflow_api.py
[2026-08-12T04:38:31.333+0000] {logging_mixin.py:190} INFO - [2026-08-12T04:38:31.333+0000] {dag.py:3211} INFO - Sync 1 DAGs
[2026-08-12T04:38:31.350+0000] {logging_mixin.py:190} INFO - [2026-08-12T04:38:31.350+0000] {dag.py:4138} INFO - Setting next_dagrun for tutorial_taskflow_api to None, run_after=None
[2026-08-12T04:38:31.379+0000] {processor.py:208} INFO - Processing /home/airflow/.local/lib/python3.12/site-packages/airflow/example_dags/tutorial_taskflow_api.py took 0.089 seconds
[2026-08-12T04:39:02.266+0000] {processor.py:186} INFO - Started process (PID=461) to work on /home/airflow/.local/lib/python3.12/site-packages/airflow/example_dags/tutorial_taskflow_api.py
[2026-08-12T04:39:02.268+0000] {processor.py:914} INFO - Processing file /home/airflow/.local/lib/python3.12/site-packages/airflow/example_dags/tutorial_taskflow_api.py for tasks to queue
[2026-08-12T04:39:02.274+0000] {logging_mixin.py:190} INFO - [2026-08-12T04:39:02.273+0000] {dagbag.py:587} INFO - Filling up the DagBag from /home/airflow/.local/lib/python3.12/site-packages/airflow/example_dags/tutorial_taskflow_api.py
[2026-08-12T04:39:02.290+0000] {processor.py:925} INFO - DAG(s) 'tutorial_taskflow_api' retrieved from /home/airflow/.local/lib/python3.12/site-packages/airflow/example_dags/tutorial_taskflow_api.py
[2026-08-12T04:39:02.317+0000] {logging_mixin.py:190} INFO - [2026-08-12T04:39:02.317+0000] {dag.py:3211} INFO - Sync 1 DAGs
[2026-08-12T04:39:02.339+0000] {logging_mixin.py:190} INFO - [2026-08-12T04:39:02.338+0000] {dag.py:4138} INFO - Setting next_dagrun for tutorial_taskflow_api to None, run_after=None
[2026-08-12T04:39:02.367+0000] {processor.py:208} INFO - Processing /home/airflow/.local/lib/python3.12/site-packages/airflow/example_dags/tutorial_taskflow_api.py took 0.115 seconds
[2026-08-12T04:39:32.696+0000] {processor.py:186} INFO - Started process (PID=523) to work on /home/airflow/.local/lib/python3.12/site-packages/airflow/example_dags/tutorial_taskflow_api.py
[2026-08-12T04:39:32.698+0000] {processor.py:914} INFO - Processing file /home/airflow/.local/lib/python3.12/site-packages/airflow/example_dags/tutorial_taskflow_api.py for tasks to queue
[2026-08-12T04:39:32.701+0000] {logging_mixin.py:190} INFO - [2026-08-12T04:39:32.701+0000] {dagbag.py:587} INFO - Filling up the DagBag from /home/airflow/.local/lib/python3.12/site-packages/airflow/example_dags/tutorial_taskflow_api.py
[2026-08-12T04:39:32.712+0000] {processor.py:925} INFO - DAG(s) 'tutorial_taskflow_api' retrieved from /home/airflow/.local/lib/python3.12/site-packages/airflow/example_dags/tutorial_taskflow_api.py
[2026-08-12T04:39:32.734+0000] {logging_mixin.py:190} INFO - [2026-08-12T04:39:32.734+0000] {dag.py:3211} INFO - Sync 1 DAGs
[2026-08-12T04:39:32.749+0000] {logging_mixin.py:190} INFO - [2026-08-12T04:39:32.749+0000] {dag.py:4138} INFO - Setting next_dagrun for tutorial_taskflow_api to None, run_after=None
[2026-08-12T04:39:32.770+0000] {processor.py:208} INFO - Processing /home/airflow/.local/lib/python3.12/site-packages/airflow/example_dags/tutorial_taskflow_api.py took 0.080 seconds
[2026-08-12T04:40:02.928+0000] {processor.py:186} INFO - Started process (PID=585) to work on /home/airflow/.local/lib/python3.12/site-packages/airflow/example_dags/tutorial_taskflow_api.py
[2026-08-12T04:40:02.931+0000] {processor.py:914} INFO - Processing file /home/airflow/.local/lib/python3.12/site-packages/airflow/example_dags/tutorial_taskflow_api.py for tasks to queue
[2026-08-12T04:40:02.936+0000] {logging_mixin.py:190} INFO - [2026-08-12T04:40:02.935+0000] {dagbag.py:587} INFO - Filling up the DagBag from /home/airflow/.local/lib/python3.12/site-packages/airflow/example_dags/tutorial_taskflow_api.py
[2026-08-12T04:40:02.947+0000] {processor.py:925} INFO - DAG(s) 'tutorial_taskflow_api' retrieved from /home/airflow/.local/lib/python3.12/site-packages/airflow/example_dags/tutorial_taskflow_api.py
[2026-08-12T04:40:02.979+0000] {logging_mixin.py:190} INFO - [2026-08-12T04:40:02.978+0000] {dag.py:3211} INFO - Sync 1 DAGs
[2026-08-12T04:40:03.001+0000] {logging_mixin.py:190} INFO - [2026-08-12T04:40:03.000+0000] {dag.py:4138} INFO - Setting next_dagrun for tutorial_taskflow_api to None, run_after=None
[2026-08-12T04:40:03.027+0000] {processor.py:208} INFO - Processing /home/airflow/.local/lib/python3.12/site-packages/airflow/example_dags/tutorial_taskflow_api.py took 0.107 seconds
[2026-08-12T04:40:33.840+0000] {processor.py:186} INFO - Started process (PID=647) to work on /home/airflow/.local/lib/python3.12/site-packages/airflow/example_dags/tutorial_taskflow_api.py
[2026-08-12T04:40:33.843+0000] {processor.py:914} INFO - Processing file /home/airflow/.local/lib/python3.12/site-packages/airflow/example_dags/tutorial_taskflow_api.py for tasks to queue
[2026-08-12T04:40:33.847+0000] {logging_mixin.py:190} INFO - [2026-08-12T04:40:33.847+0000] {dagbag.py:587} INFO - Filling up the DagBag from /home/airflow/.local/lib/python3.12/site-packages/airflow/example_dags/tutorial_taskflow_api.py
[2026-08-12T04:40:33.859+0000] {processor.py:925} INFO - DAG(s) 'tutorial_taskflow_api' retrieved from /home/airflow/.local/lib/python3.12/site-packages/airflow/example_dags/tutorial_taskflow_api.py
[2026-08-12T04:40:33.886+0000] {logging_mixin.py:190} INFO - [2026-08-12T04:40:33.886+0000] {dag.py:3211} INFO - Sync 1 DAGs
[2026-08-12T04:40:33.909+0000] {logging_mixin.py:190} INFO - [2026-08-12T04:40:33.908+0000] {dag.py:4138} INFO - Setting next_dagrun for tutorial_taskflow_api to None, run_after=None
[2026-08-12T04:40:33.936+0000] {processor.py:208} INFO - Processing /home/airflow/.local/lib/python3.12/site-packages/airflow/example_dags/tutorial_taskflow_api.py took 0.103 seconds
[2026-08-12T04:41:04.343+0000] {processor.py:186} INFO - Started process (PID=709) to work on /home/airflow/.local/lib/python3.12/site-packages/airflow/example_dags/tutorial_taskflow_api.py
[2026-08-12T04:41:04.345+0000] {processor.py:914} INFO - Processing file /home/airflow/.local/lib/python3.12/site-packages/airflow/example_dags/tutorial_taskflow_api.py for tasks to queue
[2026-08-12T04:41:04.348+0000] {logging_mixin.py:190} INFO - [2026-08-12T04:41:04.348+0000] {dagbag.py:587} INFO - Filling up the DagBag from /home/airflow/.local/lib/python3.12/site-packages/airflow/example_dags/tutorial_taskflow_api.py
[2026-08-12T04:41:04.362+0000] {processor.py:925} INFO - DAG(s) 'tutorial_taskflow_api' retrieved from /home/airflow/.local/lib/python3.12/site-packages/airflow/example_dags/tutorial_taskflow_api.py
[2026-08-12T04:41:04.394+0000] {logging_mixin.py:190} INFO - [2026-08-12T04:41:04.393+0000] {dag.py:3211} INFO - Sync 1 DAGs
[2026-08-12T04:41:04.415+0000] {logging_mixin.py:190} INFO - [2026-08-12T04:41:04.415+0000] {dag.py:4138} INFO - Setting next_dagrun for tutorial_taskflow_api to None, run_after=None
[2026-08-12T04:41:04.447+0000] {processor.py:208} INFO - Processing /home/airflow/.local/lib/python3.12/site-packages/airflow/example_dags/tutorial_taskflow_api.py took 0.112 seconds
[2026-08-12T04:41:34.971+0000] {processor.py:186} INFO - Started process (PID=771) to work on /home/airflow/.local/lib/python3.12/site-packages/airflow/example_dags/tutorial_taskflow_api.py
[2026-08-12T04:41:34.974+0000] {processor.py:914} INFO - Processing file /home/airflow/.local/lib/python3.12/site-packages/airflow/example_dags/tutorial_taskflow_api.py for tasks to queue
[2026-08-12T04:41:34.978+0000] {logging_mixin.py:190} INFO - [2026-08-12T04:41:34.978+0000] {dagbag.py:587} INFO - Filling up the DagBag from /home/airflow/.local/lib/python3.12/site-packages/airflow/example_dags/tutorial_taskflow_api.py
[2026-08-12T04:41:34.986+0000] {processor.py:925} INFO - DAG(s) 'tutorial_taskflow_api' retrieved from /home/airflow/.local/lib/python3.12/site-packages/airflow/example_dags/tutorial_taskflow_api.py
[2026-08-12T04:41:35.017+0000] {logging_mixin.py:190} INFO - [2026-08-12T04:41:35.016+0000] {dag.py:3211} INFO - Sync 1 DAGs
[2026-08-12T04:41:35.047+0000] {logging_mixin.py:190} INFO - [2026-08-12T04:41:35.047+0000] {dag.py:4138} INFO - Setting next_dagrun for tutorial_taskflow_api to None, run_after=None
[2026-08-12T04:41:35.080+0000] {processor.py:208} INFO - Processing /home/airflow/.local/lib/python3.12/site-packages/airflow/example_dags/tutorial_taskflow_api.py took 0.117 seconds
[2026-08-12T04:42:05.874+0000] {processor.py:186} INFO - Started process (PID=833) to work on /home/airflow/.local/lib/python3.12/site-packages/airflow/example_dags/tutorial_taskflow_api.py
[2026-08-12T04:42:05.876+0000] {processor.py:914} INFO - Processing file /home/airflow/.local/lib/python3.12/site-packages/airflow/example_dags/tutorial_taskflow_api.py for tasks to queue
[2026-08-12T04:42:05.879+0000] {logging_mixin.py:190} INFO - [2026-08-12T04:42:05.879+0000] {dagbag.py:587} INFO - Filling up the DagBag from /home/airflow/.local/lib/python3.12/site-packages/airflow/example_dags/tutorial_taskflow_api.py
[2026-08-12T04:42:05.888+0000] {processor.py:925} INFO - DAG(s) 'tutorial_taskflow_api' retrieved from /home/airflow/.local/lib/python3.12/site-packages/airflow/example_dags/tutorial_taskflow_api.py
[2026-08-12T04:42:05.911+0000] {logging_mixin.py:190} INFO - [2026-08-12T04:42:05.911+0000] {dag.py:3211} INFO - Sync 1 DAGs
[2026-08-12T04:42:05.926+0000] {logging_mixin.py:190} INFO - [2026-08-12T04:42:05.926+0000] {dag.py:4138} INFO - Setting next_dagrun for tutorial_taskflow_api to None, run_after=None
[2026-08-12T04:42:05.945+0000] {processor.py:208} INFO - Processing /home/airflow/.local/lib/python3.12/site-packages/airflow/example_dags/tutorial_taskflow_api.py took 0.077 seconds
[2026-08-12T04:42:36.036+0000] {processor.py:186} INFO - Started process (PID=895) to work on /home/airflow/.local/lib/python3.12/site-packages/airflow/example_dags/tutorial_taskflow_api.py
[2026-08-12T04:42:36.038+0000] {processor.py:914} INFO - Processing file /home/airflow/.local/lib/python3.12/site-packages/airflow/example_dags/tutorial_taskflow_api.py for tasks to queue
[2026-08-12T04:42:36.041+0000] {logging_mixin.py:190} INFO - [2026-08-12T04:42:36.041+0000] {dagbag.py:587} INFO - Filling up the DagBag from /home/airflow/.local/lib/python3.12/site-packages/airflow/example_dags/tutorial_taskflow_api.py
[2026-08-12T04:42:36.051+0000] {processor.py:925} INFO - DAG(s) 'tutorial_taskflow_api' retrieved from /home/airflow/.local/lib/python3.12/site-packages/airflow/example_dags/tutorial_taskflow_api.py
[2026-08-12T04:42:36.075+0000] {logging_mixin.py:190} INFO - [2026-08-12T04:42:36.075+0000] {dag.py:3211} INFO - Sync 1 DAGs
[2026-08-12T04:42:36.090+0000] {logging_mixin.py:190} INFO - [2026-08-12T04:42:36.090+0000] {dag.py:4138} INFO - Setting next_dagrun for tutorial_taskflow_api to None, run_after=None
[2026-08-12T04:42:36.115+0000] {processor.py:208} INFO - Processing /home/airflow/.local/lib/python3.12/site-packages/airflow/example_dags/tutorial_taskflow_api.py took 0.086 seconds
[2026-08-12T04:43:06.307+0000] {processor.py:186} INFO - Started process (PID=956) to work on /home/airflow/.local/lib/python3.12/site-packages/airflow/example_dags/tutorial_taskflow_api.py
[2026-08-12T04:43:06.309+0000] {processor.py:914} INFO - Processing file /home/airflow/.local/lib/python3.12/site-packages/airflow/example_dags/tutorial_taskflow_api.py for tasks to queue
[2026-08-12T04:43:06.313+0000] {logging_mixin.py:190} INFO - [2026-08-12T04:43:06.312+0000] {dagbag.py:587} INFO - Filling up the DagBag from /home/airflow/.local/lib/python3.12/site-packages/airflow/example_dags/tutorial_taskflow_api.py
[2026-08-12T04:43:06.327+0000] {processor.py:925} INFO - DAG(s) 'tutorial_taskflow_api' retrieved from /home/airflow/.local/lib/python3.12/site-packages/airflow/example_dags/tutorial_taskflow_api.py
[2026-08-12T04:43:06.349+0000] {logging_mixin.py:190} INFO - [2026-08-12T04:43:06.349+0000] {dag.py:3211} INFO - Sync 1 DAGs
[2026-08-12T04:43:06.363+0000] {logging_mixin.py:190} INFO - [2026-08-12T04:43:06.363+0000] {dag.py:4138} INFO - Setting next_dagrun for tutorial_taskflow_api to None, run_after=None
[2026-08-12T04:43:06.382+0000] {processor.py:208} INFO - Processing /home/airflow/.local/lib/python3.12/site-packages/airflow/example_dags/tutorial_taskflow_api.py took 0.082 seconds
[2026-08-12T04:43:37.580+0000] {processor.py:186} INFO - Started process (PID=1019) to work on /home/airflow/.local/lib/python3.12/site-packages/airflow/example_dags/tutorial_taskflow_api.py
[2026-08-12T04:43:37.582+0000] {processor.py:914} INFO - Processing file /home/airflow/.local/lib/python3.12/site-packages/airflow/example_dags/tutorial_taskflow_api.py for tasks to queue
[2026-08-12T04:43:37.588+0000] {logging_mixin.py:190} INFO - [2026-08-12T04:43:37.587+0000] {dagbag.py:587} INFO - Filling up the DagBag from /home/airflow/.local/lib/python3.12/site-packages/airflow/example_dags/tutorial_taskflow_api.py
[2026-08-12T04:43:37.603+0000] {processor.py:925} INFO - DAG(s) 'tutorial_taskflow_api' retrieved from /home/airflow/.local/lib/python3.12/site-packages/airflow/example_dags/tutorial_taskflow_api.py
[2026-08-12T04:43:37.652+0000] {logging_mixin.py:190} INFO - [2026-08-12T04:43:37.652+0000] {dag.py:3211} INFO - Sync 1 DAGs
[2026-08-12T04:43:37.679+0000] {logging_mixin.py:190} INFO - [2026-08-12T04:43:37.678+0000] {dag.py:4138} INFO - Setting next_dagrun for tutorial_taskflow_api to None, run_after=None
[2026-08-12T04:43:37.718+0000] {processor.py:208} INFO - Processing /home/airflow/.local/lib/python3.12/site-packages/airflow/example_dags/tutorial_taskflow_api.py took 0.147 seconds
[2026-08-12T04:44:08.872+0000] {processor.py:186} INFO - Started process (PID=1081) to work on /home/airflow/.local/lib/python3.12/site-packages/airflow/example_dags/tutorial_taskflow_api.py
[2026-08-12T04:44:08.875+0000] {processor.py:914} INFO - Processing file /home/airflow/.local/lib/python3.12/site-packages/airflow/example_dags/tutorial_taskflow_api.py for tasks to queue
[2026-08-12T04:44:08.880+0000] {logging_mixin.py:190} INFO - [2026-08-12T04:44:08.880+0000] {dagbag.py:587} INFO - Filling up the DagBag from /home/airflow/.local/lib/python3.12/site-packages/airflow/example_dags/tutorial_taskflow_api.py
[2026-08-12T04:44:08.891+0000] {processor.py:925} INFO - DAG(s) 'tutorial_taskflow_api' retrieved from /home/airflow/.local/lib/python3.12/site-packages/airflow/example_dags/tutorial_taskflow_api.py
[2026-08-12T04:44:08.919+0000] {logging_mixin.py:190} INFO - [2026-08-12T04:44:08.919+0000] {dag.py:3211} INFO - Sync 1 DAGs
[2026-08-12T04:44:08.944+0000] {logging_mixin.py:190} INFO - [2026-08-12T04:44:08.942+0000] {dag.py:4138} INFO - Setting next_dagrun for tutorial_taskflow_api to None, run_after=None
[2026-08-12T04:44:08.973+0000] {processor.py:208} INFO - Processing /home/airflow/.local/lib/python3.12/site-packages/airflow/example_dags/tutorial_taskflow_api.py took 0.124 seconds
[2026-08-12T04:44:39.762+0000] {processor.py:186} INFO - Started process (PID=1143) to work on /home/airflow/.local/lib/python3.12/site-packages/airflow/example_dags/tutorial_taskflow_api.py
[2026-08-12T04:44:39.764+0000] {processor.py:914} INFO - Processing file /home/airflow/.local/lib/python3.12/site-packages/airflow/example_dags/tutorial_taskflow_api.py for tasks to queue
[2026-08-12T04:44:39.767+0000] {logging_mixin.py:190} INFO - [2026-08-12T04:44:39.767+0000] {dagbag.py:587} INFO - Filling up the DagBag from /home/airflow/.local/lib/python3.12/site-packages/airflow/example_dags/tutorial_taskflow_api.py
[2026-08-12T04:44:39.777+0000] {processor.py:925} INFO - DAG(s) 'tutorial_taskflow_api' retrieved from /home/airflow/.local/lib/python3.12/site-packages/airflow/example_dags/tutorial_taskflow_api.py
[2026-08-12T04:44:39.803+0000] {logging_mixin.py:190} INFO - [2026-08-12T04:44:39.802+0000] {dag.py:3211} INFO - Sync 1 DAGs
[2026-08-12T04:44:39.821+0000] {logging_mixin.py:190} INFO - [2026-08-12T04:44:39.821+0000] {dag.py:4138} INFO - Setting next_dagrun for tutorial_taskflow_api to None, run_after=None
[2026-08-12T04:44:39.845+0000] {processor.py:208} INFO - Processing /home/airflow/.local/lib/python3.12/site-packages/airflow/example_dags/tutorial_taskflow_api.py took 0.090 seconds
[2026-08-12T04:45:10.563+0000] {processor.py:186} INFO - Started process (PID=1206) to work on /home/airflow/.local/lib/python3.12/site-packages/airflow/example_dags/tutorial_taskflow_api.py
[2026-08-12T04:45:10.565+0000] {processor.py:914} INFO - Processing file /home/airflow/.local/lib/python3.12/site-packages/airflow/example_dags/tutorial_taskflow_api.py for tasks to queue
[2026-08-12T04:45:10.570+0000] {logging_mixin.py:190} INFO - [2026-08-12T04:45:10.569+0000] {dagbag.py:587} INFO - Filling up the DagBag from /home/airflow/.local/lib/python3.12/site-packages/airflow/example_dags/tutorial_taskflow_api.py
[2026-08-12T04:45:10.581+0000] {processor.py:925} INFO - DAG(s) 'tutorial_taskflow_api' retrieved from /home/airflow/.local/lib/python3.12/site-packages/airflow/example_dags/tutorial_taskflow_api.py
[2026-08-12T04:45:10.618+0000] {logging_mixin.py:190} INFO - [2026-08-12T04:45:10.617+0000] {dag.py:3211} INFO - Sync 1 DAGs
[2026-08-12T04:45:10.641+0000] {logging_mixin.py:190} INFO - [2026-08-12T04:45:10.640+0000] {dag.py:4138} INFO - Setting next_dagrun for tutorial_taskflow_api to None, run_after=None
[2026-08-12T04:45:10.674+0000] {processor.py:208} INFO - Processing /home/airflow/.local/lib/python3.12/site-packages/airflow/example_dags/tutorial_taskflow_api.py took 0.120 seconds
[2026-08-12T04:45:41.826+0000] {processor.py:186} INFO - Started process (PID=1268) to work on /home/airflow/.local/lib/python3.12/site-packages/airflow/example_dags/tutorial_taskflow_api.py
[2026-08-12T04:45:41.827+0000] {processor.py:914} INFO - Processing file /home/airflow/.local/lib/python3.12/site-packages/airflow/example_dags/tutorial_taskflow_api.py for tasks to queue
[2026-08-12T04:45:41.832+0000] {logging_mixin.py:190} INFO - [2026-08-12T04:45:41.831+0000] {dagbag.py:587} INFO - Filling up the DagBag from /home/airflow/.local/lib/python3.12/site-packages/airflow/example_dags/tutorial_taskflow_api.py
[2026-08-12T04:45:41.842+0000] {processor.py:925} INFO - DAG(s) 'tutorial_taskflow_api' retrieved from /home/airflow/.local/lib/python3.12/site-packages/airflow/example_dags/tutorial_taskflow_api.py
[2026-08-12T04:45:41.869+0000] {logging_mixin.py:190} INFO - [2026-08-12T04:45:41.869+0000] {dag.py:3211} INFO - Sync 1 DAGs
[2026-08-12T04:45:41.890+0000] {logging_mixin.py:190} INFO - [2026-08-12T04:45:41.889+0000] {dag.py:4138} INFO - Setting next_dagrun for tutorial_taskflow_api to None, run_after=None
[2026-08-12T04:45:41.927+0000] {processor.py:208} INFO - Processing /home/airflow/.local/lib/python3.12/site-packages/airflow/example_dags/tutorial_taskflow_api.py took 0.109 seconds
[2026-08-12T04:46:12.366+0000] {processor.py:186} INFO - Started process (PID=1336) to work on /home/airflow/.local/lib/python3.12/site-packages/airflow/example_dags/tutorial_taskflow_api.py
[2026-08-12T04:46:12.369+0000] {processor.py:914} INFO - Processing file /home/airflow/.local/lib/python3.12/site-packages/airflow/example_dags/tutorial_taskflow_api.py for tasks to queue
[2026-08-12T04:46:12.374+0000] {logging_mixin.py:190} INFO - [2026-08-12T04:46:12.373+0000] {dagbag.py:587} INFO - Filling up the DagBag from /home/airflow/.local/lib/python3.12/site-packages/airflow/example_dags/tutorial_taskflow_api.py
[2026-08-12T04:46:12.393+0000] {processor.py:925} INFO - DAG(s) 'tutorial_taskflow_api' retrieved from /home/airflow/.local/lib/python3.12/site-packages/airflow/example_dags/tutorial_taskflow_api.py
[2026-08-12T04:46:12.428+0000] {logging_mixin.py:190} INFO - [2026-08-12T04:46:12.428+0000] {dag.py:3211} INFO - Sync 1 DAGs
[2026-08-12T04:46:12.449+0000] {logging_mixin.py:190} INFO - [2026-08-12T04:46:12.449+0000] {dag.py:4138} INFO - Setting next_dagrun for tutorial_taskflow_api to None, run_after=None
[2026-08-12T04:46:12.476+0000] {processor.py:208} INFO - Processing /home/airflow/.local/lib/python3.12/site-packages/airflow/example_dags/tutorial_taskflow_api.py took 0.125 seconds
[2026-08-12T04:46:42.708+0000] {processor.py:186} INFO - Started process (PID=1398) to work on /home/airflow/.local/lib/python3.12/site-packages/airflow/example_dags/tutorial_taskflow_api.py
[2026-08-12T04:46:42.710+0000] {processor.py:914} INFO - Processing file /home/airflow/.local/lib/python3.12/site-packages/airflow/example_dags/tutorial_taskflow_api.py for tasks to queue
[2026-08-12T04:46:42.713+0000] {logging_mixin.py:190} INFO - [2026-08-12T04:46:42.713+0000] {dagbag.py:587} INFO - Filling up the DagBag from /home/airflow/.local/lib/python3.12/site-packages/airflow/example_dags/tutorial_taskflow_api.py
[2026-08-12T04:46:42.722+0000] {processor.py:925} INFO - DAG(s) 'tutorial_taskflow_api' retrieved from /home/airflow/.local/lib/python3.12/site-packages/airflow/example_dags/tutorial_taskflow_api.py
[2026-08-12T04:46:42.745+0000] {logging_mixin.py:190} INFO - [2026-08-12T04:46:42.745+0000] {dag.py:3211} INFO - Sync 1 DAGs
[2026-08-12T04:46:42.761+0000] {logging_mixin.py:190} INFO - [2026-08-12T04:46:42.761+0000] {dag.py:4138} INFO - Setting next_dagrun for tutorial_taskflow_api to None, run_after=None
[2026-08-12T04:46:42.783+0000] {processor.py:208} INFO - Processing /home/airflow/.local/lib/python3.12/site-packages/airflow/example_dags/tutorial_taskflow_api.py took 0.081 seconds
