[2026-08-12T04:32:01.246+0000] {processor.py:186} INFO - Started process (PID=114) to work on /home/airflow/.local/lib/python3.12/site-packages/airflow/example_dags/tutorial_objectstorage.py
[2026-08-12T04:32:01.252+0000] {processor.py:914} INFO - Processing file /home/airflow/.local/lib/python3.12/site-packages/airflow/example_dags/tutorial_objectstorage.py for tasks to queue
[2026-08-12T04:32:01.260+0000] {logging_mixin.py:190} INFO - [2026-08-12T04:32:01.259+0000] {dagbag.py:587} INFO - Filling up the DagBag from /home/airflow/.local/lib/python3.12/site-packages/airflow/example_dags/tutorial_objectstorage.py
[2026-08-12T04:32:01.286+0000] {processor.py:925} INFO - DAG(s) 'tutorial_objectstorage' retrieved from /home/airflow/.local/lib/python3.12/site-packages/airflow/example_dags/tutorial_objectstorage.py
[2026-08-12T04:32:01.564+0000] {logging_mixin.py:190} INFO - [2026-08-12T04:32:01.563+0000] {override.py:1858} INFO - Created Permission View: can edit on DAG:tutorial_objectstorage
[2026-08-12T04:32:01.593+0000] {logging_mixin.py:190} INFO - [2026-08-12T04:32:01.593+0000] {override.py:1858} INFO - Created Permission View: can read on DAG:tutorial_objectstorage
[2026-08-12T04:32:01.608+0000] {logging_mixin.py:190} INFO - [2026-08-12T04:32:01.608+0000] {override.py:1858} INFO - Created Permission View: can delete on DAG:tutorial_objectstorage
[2026-08-12T04:32:01.612+0000] {logging_mixin.py:190} INFO - [2026-08-12T04:32:01.611+0000] {dag.py:3211} INFO - Sync 1 DAGs
[2026-08-12T04:32:01.643+0000] {logging_mixin.py:190} INFO - [2026-08-12T04:32:01.642+0000] {dag.py:3234} INFO - Creating ORM DAG for tutorial_objectstorage
[2026-08-12T04:32:01.648+0000] {logging_mixin.py:190} INFO - [2026-08-12T04:32:01.647+0000] {dag.py:4138} INFO - Setting next_dagrun for tutorial_objectstorage to None, run_after=None
[2026-08-12T04:32:01.693+0000] {processor.py:208} INFO - Processing /home/airflow/.local/lib/python3.12/site-packages/airflow/example_dags/tutorial_objectstorage.py took 0.458 seconds
[2026-08-12T04:32:32.525+0000] {processor.py:186} INFO - Started process (PID=177) to work on /home/airflow/.local/lib/python3.12/site-packages/airflow/example_dags/tutorial_objectstorage.py
[2026-08-12T04:32:32.527+0000] {processor.py:914} INFO - Processing file /home/airflow/.local/lib/python3.12/site-packages/airflow/example_dags/tutorial_objectstorage.py for tasks to queue
[2026-08-12T04:32:32.532+0000] {logging_mixin.py:190} INFO - [2026-08-12T04:32:32.532+0000] {dagbag.py:587} INFO - Filling up the DagBag from /home/airflow/.local/lib/python3.12/site-packages/airflow/example_dags/tutorial_objectstorage.py
[2026-08-12T04:32:32.545+0000] {processor.py:925} INFO - DAG(s) 'tutorial_objectstorage' retrieved from /home/airflow/.local/lib/python3.12/site-packages/airflow/example_dags/tutorial_objectstorage.py
[2026-08-12T04:32:32.572+0000] {logging_mixin.py:190} INFO - [2026-08-12T04:32:32.572+0000] {dag.py:3211} INFO - Sync 1 DAGs
[2026-08-12T04:32:32.587+0000] {logging_mixin.py:190} INFO - [2026-08-12T04:32:32.587+0000] {dag.py:4138} INFO - Setting next_dagrun for tutorial_objectstorage to None, run_after=None
[2026-08-12T04:32:32.623+0000] {processor.py:208} INFO - Processing /home/airflow/.local/lib/python3.12/site-packages/airflow/example_dags/tutorial_objectstorage.py took 0.108 seconds
[2026-08-12T04:33:02.733+0000] {processor.py:186} INFO - Started process (PID=239) to work on /home/airflow/.local/lib/python3.12/site-packages/airflow/example_dags/tutorial_objectstorage.py
[2026-08-12T04:33:02.736+0000] {processor.py:914} INFO - Processing file /home/airflow/.local/lib/python3.12/site-packages/airflow/example_dags/tutorial_objectstorage.py for tasks to queue
[2026-08-12T04:33:02.740+0000] {logging_mixin.py:190} INFO - [2026-08-12T04:33:02.740+0000] {dagbag.py:587} INFO - Filling up the DagBag from /home/airflow/.local/lib/python3.12/site-packages/airflow/example_dags/tutorial_objectstorage.py
[2026-08-12T04:33:02.754+0000] {processor.py:925} INFO - DAG(s) 'tutorial_objectstorage' retrieved from /home/airflow/.local/lib/python3.12/site-packages/airflow/example_dags/tutorial_objectstorage.py
[2026-08-12T04:33:02.784+0000] {logging_mixin.py:190} INFO - [2026-08-12T04:33:02.784+0000] {dag.py:3211} INFO - Sync 1 DAGs
[2026-08-12T04:33:02.804+0000] {logging_mixin.py:190} INFO - [2026-08-12T04:33:02.803+0000] {dag.py:4138} INFO - Setting next_dagrun for tutorial_objectstorage to None, run_after=None
[2026-08-12T04:33:02.831+0000] {processor.py:208} INFO - Processing /home/airflow/.local/lib/python3.12/site-packages/airflow/example_dags/tutorial_objectstorage.py took 0.105 seconds
[2026-08-12T04:33:33.137+0000] {processor.py:186} INFO - Started process (PID=301) to work on /home/airflow/.local/lib/python3.12/site-packages/airflow/example_dags/tutorial_objectstorage.py
[2026-08-12T04:33:33.139+0000] {processor.py:914} INFO - Processing file /home/airflow/.local/lib/python3.12/site-packages/airflow/example_dags/tutorial_objectstorage.py for tasks to queue
[2026-08-12T04:33:33.142+0000] {logging_mixin.py:190} INFO - [2026-08-12T04:33:33.142+0000] {dagbag.py:587} INFO - Filling up the DagBag from /home/airflow/.local/lib/python3.12/site-packages/airflow/example_dags/tutorial_objectstorage.py
[2026-08-12T04:33:33.155+0000] {processor.py:925} INFO - DAG(s) 'tutorial_objectstorage' retrieved from /home/airflow/.local/lib/python3.12/site-packages/airflow/example_dags/tutorial_objectstorage.py
[2026-08-12T04:33:33.183+0000] {logging_mixin.py:190} INFO - [2026-08-12T04:33:33.182+0000] {dag.py:3211} INFO - Sync 1 DAGs
[2026-08-12T04:33:33.203+0000] {logging_mixin.py:190} INFO - [2026-08-12T04:33:33.203+0000] {dag.py:4138} INFO - Setting next_dagrun for tutorial_objectstorage to None, run_after=None
[2026-08-12T04:33:33.229+0000] {processor.py:208} INFO - Processing /home/airflow/.local/lib/python3.12/site-packages/airflow/example_dags/tutorial_objectstorage.py took 0.101 seconds
[2026-08-12T04:34:03.961+0000] {processor.py:186} INFO - Started process (PID=363) to work on /home/airflow/.local/lib/python3.12/site-packages/airflow/example_dags/tutorial_objectstorage.py
[2026-08-12T04:34:03.963+0000] {processor.py:914} INFO - Processing file /home/airflow/.local/lib/python3.12/site-packages/airflow/example_dags/tutorial_objectstorage.py for tasks to queue
[2026-08-12T04:34:03.970+0000] {logging_mixin.py:190} INFO - [2026-08-12T04:34:03.969+0000] {dagbag.py:587} INFO - Filling up the DagBag from /home/airflow/.local/lib/python3.12/site-packages/airflow/example_dags/tutorial_objectstorage.py
[2026-08-12T04:34:03.986+0000] {processor.py:925} INFO - DAG(s) 'tutorial_objectstorage' retrieved from /home/airflow/.local/lib/python3.12/site-packages/airflow/example_dags/tutorial_objectstorage.py
[2026-08-12T04:34:04.022+0000] {logging_mixin.py:190} INFO - [2026-08-12T04:34:04.022+0000] {dag.py:3211} INFO - Sync 1 DAGs
[2026-08-12T04:34:04.044+0000] {logging_mixin.py:190} INFO - [2026-08-12T04:34:04.044+0000] {dag.py:4138} INFO - Setting next_dagrun for tutorial_objectstorage to None, run_after=None
[2026-08-12T04:34:04.068+0000] {processor.py:208} INFO - Processing /home/airflow/.local/lib/python3.12/site-packages/airflow/example_dags/tutorial_objectstorage.py took 0.117 seconds
[2026-08-12T04:36:01.277+0000] {processor.py:186} INFO - Started process (PID=107) to work on /home/airflow/.local/lib/python3.12/site-packages/airflow/example_dags/tutorial_objectstorage.py
[2026-08-12T04:36:01.280+0000] {processor.py:914} INFO - Processing file /home/airflow/.local/lib/python3.12/site-packages/airflow/example_dags/tutorial_objectstorage.py for tasks to queue
[2026-08-12T04:36:01.284+0000] {logging_mixin.py:190} INFO - [2026-08-12T04:36:01.283+0000] {dagbag.py:587} INFO - Filling up the DagBag from /home/airflow/.local/lib/python3.12/site-packages/airflow/example_dags/tutorial_objectstorage.py
[2026-08-12T04:36:01.296+0000] {processor.py:925} INFO - DAG(s) 'tutorial_objectstorage' retrieved from /home/airflow/.local/lib/python3.12/site-packages/airflow/example_dags/tutorial_objectstorage.py
[2026-08-12T04:36:01.329+0000] {logging_mixin.py:190} INFO - [2026-08-12T04:36:01.329+0000] {dag.py:3211} INFO - Sync 1 DAGs
[2026-08-12T04:36:01.350+0000] {logging_mixin.py:190} INFO - [2026-08-12T04:36:01.350+0000] {dag.py:4138} INFO - Setting next_dagrun for tutorial_objectstorage to None, run_after=None
[2026-08-12T04:36:01.379+0000] {processor.py:208} INFO - Processing /home/airflow/.local/lib/python3.12/site-packages/airflow/example_dags/tutorial_objectstorage.py took 0.110 seconds
[2026-08-12T04:36:31.548+0000] {processor.py:186} INFO - Started process (PID=169) to work on /home/airflow/.local/lib/python3.12/site-packages/airflow/example_dags/tutorial_objectstorage.py
[2026-08-12T04:36:31.549+0000] {processor.py:914} INFO - Processing file /home/airflow/.local/lib/python3.12/site-packages/airflow/example_dags/tutorial_objectstorage.py for tasks to queue
[2026-08-12T04:36:31.554+0000] {logging_mixin.py:190} INFO - [2026-08-12T04:36:31.553+0000] {dagbag.py:587} INFO - Filling up the DagBag from /home/airflow/.local/lib/python3.12/site-packages/airflow/example_dags/tutorial_objectstorage.py
[2026-08-12T04:36:31.565+0000] {processor.py:925} INFO - DAG(s) 'tutorial_objectstorage' retrieved from /home/airflow/.local/lib/python3.12/site-packages/airflow/example_dags/tutorial_objectstorage.py
[2026-08-12T04:36:31.597+0000] {logging_mixin.py:190} INFO - [2026-08-12T04:36:31.596+0000] {dag.py:3211} INFO - Sync 1 DAGs
[2026-08-12T04:36:31.622+0000] {logging_mixin.py:190} INFO - [2026-08-12T04:36:31.621+0000] {dag.py:4138} INFO - Setting next_dagrun for tutorial_objectstorage to None, run_after=None
[2026-08-12T04:36:31.649+0000] {processor.py:208} INFO - Processing /home/airflow/.local/lib/python3.12/site-packages/airflow/example_dags/tutorial_objectstorage.py took 0.109 seconds
[2026-08-12T04:37:02.378+0000] {processor.py:186} INFO - Started process (PID=231) to work on /home/airflow/.local/lib/python3.12/site-packages/airflow/example_dags/tutorial_objectstorage.py
[2026-08-12T04:37:02.381+0000] {processor.py:914} INFO - Processing file /home/airflow/.local/lib/python3.12/site-packages/airflow/example_dags/tutorial_objectstorage.py for tasks to queue
[2026-08-12T04:37:02.385+0000] {logging_mixin.py:190} INFO - [2026-08-12T04:37:02.385+0000] {dagbag.py:587} INFO - Filling up the DagBag from /home/airflow/.local/lib/python3.12/site-packages/airflow/example_dags/tutorial_objectstorage.py
[2026-08-12T04:37:02.402+0000] {processor.py:925} INFO - DAG(s) 'tutorial_objectstorage' retrieved from /home/airflow/.local/lib/python3.12/site-packages/airflow/example_dags/tutorial_objectstorage.py
[2026-08-12T04:37:02.433+0000] {logging_mixin.py:190} INFO - [2026-08-12T04:37:02.433+0000] {dag.py:3211} INFO - Sync 1 DAGs
[2026-08-12T04:37:02.457+0000] {logging_mixin.py:190} INFO - [2026-08-12T04:37:02.457+0000] {dag.py:4138} INFO - Setting next_dagrun for tutorial_objectstorage to None, run_after=None
[2026-08-12T04:37:02.489+0000] {processor.py:208} INFO - Processing /home/airflow/.local/lib/python3.12/site-packages/airflow/example_dags/tutorial_objectstorage.py took 0.120 seconds
[2026-08-12T04:37:32.833+0000] {processor.py:186} INFO - Started process (PID=293) to work on /home/airflow/.local/lib/python3.12/site-packages/airflow/example_dags/tutorial_objectstorage.py
[2026-08-12T04:37:32.836+0000] {processor.py:914} INFO - Processing file /home/airflow/.local/lib/python3.12/site-packages/airflow/example_dags/tutorial_objectstorage.py for tasks to queue
[2026-08-12T04:37:32.840+0000] {logging_mixin.py:190} INFO - [2026-08-12T04:37:32.840+0000] {dagbag.py:587} INFO - Filling up the DagBag from /home/airflow/.local/lib/python3.12/site-packages/airflow/example_dags/tutorial_objectstorage.py
[2026-08-12T04:37:32.854+0000] {processor.py:925} INFO - DAG(s) 'tutorial_objectstorage' retrieved from /home/airflow/.local/lib/python3.12/site-packages/airflow/example_dags/tutorial_objectstorage.py
[2026-08-12T04:37:32.882+0000] {logging_mixin.py:190} INFO - [2026-08-12T04:37:32.881+0000] {dag.py:3211} INFO - Sync 1 DAGs
[2026-08-12T04:37:32.913+0000] {logging_mixin.py:190} INFO - [2026-08-12T04:37:32.912+0000] {dag.py:4138} INFO - Setting next_dagrun for tutorial_objectstorage to None, run_after=None
[2026-08-12T04:37:32.949+0000] {processor.py:208} INFO - Processing /home/airflow/.local/lib/python3.12/site-packages/airflow/example_dags/tutorial_objectstorage.py took 0.123 seconds
[2026-08-12T04:38:04.066+0000] {processor.py:186} INFO - Started process (PID=355) to work on /home/airflow/.local/lib/python3.12/site-packages/airflow/example_dags/tutorial_objectstorage.py
[2026-08-12T04:38:04.067+0000] {processor.py:914} INFO - Processing file /home/airflow/.local/lib/python3.12/site-packages/airflow/example_dags/tutorial_objectstorage.py for tasks to queue
[2026-08-12T04:38:04.072+0000] {logging_mixin.py:190} INFO - [2026-08-12T04:38:04.071+0000] {dagbag.py:587} INFO - Filling up the DagBag from /home/airflow/.local/lib/python3.12/site-packages/airflow/example_dags/tutorial_objectstorage.py
[2026-08-12T04:38:04.082+0000] {processor.py:925} INFO - DAG(s) 'tutorial_objectstorage' retrieved from /home/airflow/.local/lib/python3.12/site-packages/airflow/example_dags/tutorial_objectstorage.py
[2026-08-12T04:38:04.105+0000] {logging_mixin.py:190} INFO - [2026-08-12T04:38:04.105+0000] {dag.py:3211} INFO - Sync 1 DAGs
[2026-08-12T04:38:04.127+0000] {logging_mixin.py:190} INFO - [2026-08-12T04:38:04.127+0000] {dag.py:4138} INFO - Setting next_dagrun for tutorial_objectstorage to None, run_after=None
[2026-08-12T04:38:04.155+0000] {processor.py:208} INFO - Processing /home/airflow/.local/lib/python3.12/site-packages/airflow/example_dags/tutorial_objectstorage.py took 0.095 seconds
[2026-08-12T04:38:34.384+0000] {processor.py:186} INFO - Started process (PID=417) to work on /home/airflow/.local/lib/python3.12/site-packages/airflow/example_dags/tutorial_objectstorage.py
[2026-08-12T04:38:34.386+0000] {processor.py:914} INFO - Processing file /home/airflow/.local/lib/python3.12/site-packages/airflow/example_dags/tutorial_objectstorage.py for tasks to queue
[2026-08-12T04:38:34.390+0000] {logging_mixin.py:190} INFO - [2026-08-12T04:38:34.390+0000] {dagbag.py:587} INFO - Filling up the DagBag from /home/airflow/.local/lib/python3.12/site-packages/airflow/example_dags/tutorial_objectstorage.py
[2026-08-12T04:38:34.399+0000] {processor.py:925} INFO - DAG(s) 'tutorial_objectstorage' retrieved from /home/airflow/.local/lib/python3.12/site-packages/airflow/example_dags/tutorial_objectstorage.py
[2026-08-12T04:38:34.426+0000] {logging_mixin.py:190} INFO - [2026-08-12T04:38:34.426+0000] {dag.py:3211} INFO - Sync 1 DAGs
[2026-08-12T04:38:34.453+0000] {logging_mixin.py:190} INFO - [2026-08-12T04:38:34.453+0000] {dag.py:4138} INFO - Setting next_dagrun for tutorial_objectstorage to None, run_after=None
[2026-08-12T04:38:34.514+0000] {processor.py:208} INFO - Processing /home/airflow/.local/lib/python3.12/site-packages/airflow/example_dags/tutorial_objectstorage.py took 0.135 seconds
[2026-08-12T04:39:05.693+0000] {processor.py:186} INFO - Started process (PID=479) to work on /home/airflow/.local/lib/python3.12/site-packages/airflow/example_dags/tutorial_objectstorage.py
[2026-08-12T04:39:05.695+0000] {processor.py:914} INFO - Processing file /home/airflow/.local/lib/python3.12/site-packages/airflow/example_dags/tutorial_objectstorage.py for tasks to queue
[2026-08-12T04:39:05.700+0000] {logging_mixin.py:190} INFO - [2026-08-12T04:39:05.700+0000] {dagbag.py:587} INFO - Filling up the DagBag from /home/airflow/.local/lib/python3.12/site-packages/airflow/example_dags/tutorial_objectstorage.py
[2026-08-12T04:39:05.717+0000] {processor.py:925} INFO - DAG(s) 'tutorial_objectstorage' retrieved from /home/airflow/.local/lib/python3.12/site-packages/airflow/example_dags/tutorial_objectstorage.py
[2026-08-12T04:39:05.748+0000] {logging_mixin.py:190} INFO - [2026-08-12T04:39:05.748+0000] {dag.py:3211} INFO - Sync 1 DAGs
[2026-08-12T04:39:05.767+0000] {logging_mixin.py:190} INFO - [2026-08-12T04:39:05.766+0000] {dag.py:4138} INFO - Setting next_dagrun for tutorial_objectstorage to None, run_after=None
[2026-08-12T04:39:05.815+0000] {processor.py:208} INFO - Processing /home/airflow/.local/lib/python3.12/site-packages/airflow/example_dags/tutorial_objectstorage.py took 0.130 seconds
[2026-08-12T04:39:37.379+0000] {processor.py:186} INFO - Started process (PID=541) to work on /home/airflow/.local/lib/python3.12/site-packages/airflow/example_dags/tutorial_objectstorage.py
[2026-08-12T04:39:37.382+0000] {processor.py:914} INFO - Processing file /home/airflow/.local/lib/python3.12/site-packages/airflow/example_dags/tutorial_objectstorage.py for tasks to queue
[2026-08-12T04:39:37.389+0000] {logging_mixin.py:190} INFO - [2026-08-12T04:39:37.387+0000] {dagbag.py:587} INFO - Filling up the DagBag from /home/airflow/.local/lib/python3.12/site-packages/airflow/example_dags/tutorial_objectstorage.py
[2026-08-12T04:39:37.411+0000] {processor.py:925} INFO - DAG(s) 'tutorial_objectstorage' retrieved from /home/airflow/.local/lib/python3.12/site-packages/airflow/example_dags/tutorial_objectstorage.py
[2026-08-12T04:39:37.452+0000] {logging_mixin.py:190} INFO - [2026-08-12T04:39:37.452+0000] {dag.py:3211} INFO - Sync 1 DAGs
[2026-08-12T04:39:37.507+0000] {logging_mixin.py:190} INFO - [2026-08-12T04:39:37.506+0000] {dag.py:4138} INFO - Setting next_dagrun for tutorial_objectstorage to None, run_after=None
[2026-08-12T04:39:37.553+0000] {processor.py:208} INFO - Processing /home/airflow/.local/lib/python3.12/site-packages/airflow/example_dags/tutorial_objectstorage.py took 0.188 seconds
[2026-08-12T04:40:08.808+0000] {processor.py:186} INFO - Started process (PID=603) to work on /home/airflow/.local/lib/python3.12/site-packages/airflow/example_dags/tutorial_objectstorage.py
[2026-08-12T04:40:08.810+0000] {processor.py:914} INFO - Processing file /home/airflow/.local/lib/python3.12/site-packages/airflow/example_dags/tutorial_objectstorage.py for tasks to queue
[2026-08-12T04:40:08.814+0000] {logging_mixin.py:190} INFO - [2026-08-12T04:40:08.813+0000] {dagbag.py:587} INFO - Filling up the DagBag from /home/airflow/.local/lib/python3.12/site-packages/airflow/example_dags/tutorial_objectstorage.py
[2026-08-12T04:40:08.844+0000] {processor.py:925} INFO - DAG(s) 'tutorial_objectstorage' retrieved from /home/airflow/.local/lib/python3.12/site-packages/airflow/example_dags/tutorial_objectstorage.py
[2026-08-12T04:40:08.876+0000] {logging_mixin.py:190} INFO - [2026-08-12T04:40:08.875+0000] {dag.py:3211} INFO - Sync 1 DAGs
[2026-08-12T04:40:08.908+0000] {logging_mixin.py:190} INFO - [2026-08-12T04:40:08.907+0000] {dag.py:4138} INFO - Setting next_dagrun for tutorial_objectstorage to None, run_after=None
[2026-08-12T04:40:08.943+0000] {processor.py:208} INFO - Processing /home/airflow/.local/lib/python3.12/site-packages/airflow/example_dags/tutorial_objectstorage.py took 0.144 seconds
[2026-08-12T04:40:39.121+0000] {processor.py:186} INFO - Started process (PID=665) to work on /home/airflow/.local/lib/python3.12/site-packages/airflow/example_dags/tutorial_objectstorage.py
[2026-08-12T04:40:39.124+0000] {processor.py:914} INFO - Processing file /home/airflow/.local/lib/python3.12/site-packages/airflow/example_dags/tutorial_objectstorage.py for tasks to queue
[2026-08-12T04:40:39.128+0000] {logging_mixin.py:190} INFO - [2026-08-12T04:40:39.128+0000] {dagbag.py:587} INFO - Filling up the DagBag from /home/airflow/.local/lib/python3.12/site-packages/airflow/example_dags/tutorial_objectstorage.py
[2026-08-12T04:40:39.144+0000] {processor.py:925} INFO - DAG(s) 'tutorial_objectstorage' retrieved from /home/airflow/.local/lib/python3.12/site-packages/airflow/example_dags/tutorial_objectstorage.py
[2026-08-12T04:40:39.171+0000] {logging_mixin.py:190} INFO - [2026-08-12T04:40:39.171+0000] {dag.py:3211} INFO - Sync 1 DAGs
[2026-08-12T04:40:39.193+0000] {logging_mixin.py:190} INFO - [2026-08-12T04:40:39.193+0000] {dag.py:4138} INFO - Setting next_dagrun for tutorial_objectstorage to None, run_after=None
[2026-08-12T04:40:39.220+0000] {processor.py:208} INFO - Processing /home/airflow/.local/lib/python3.12/site-packages/airflow/example_dags/tutorial_objectstorage.py took 0.106 seconds
[2026-08-12T04:41:09.318+0000] {processor.py:186} INFO - Started process (PID=727) to work on /home/airflow/.local/lib/python3.12/site-packages/airflow/example_dags/tutorial_objectstorage.py
[2026-08-12T04:41:09.320+0000] {processor.py:914} INFO - Processing file /home/airflow/.local/lib/python3.12/site-packages/airflow/example_dags/tutorial_objectstorage.py for tasks to queue
[2026-08-12T04:41:09.327+0000] {logging_mixin.py:190} INFO - [2026-08-12T04:41:09.327+0000] {dagbag.py:587} INFO - Filling up the DagBag from /home/airflow/.local/lib/python3.12/site-packages/airflow/example_dags/tutorial_objectstorage.py
[2026-08-12T04:41:09.341+0000] {processor.py:925} INFO - DAG(s) 'tutorial_objectstorage' retrieved from /home/airflow/.local/lib/python3.12/site-packages/airflow/example_dags/tutorial_objectstorage.py
[2026-08-12T04:41:09.372+0000] {logging_mixin.py:190} INFO - [2026-08-12T04:41:09.372+0000] {dag.py:3211} INFO - Sync 1 DAGs
[2026-08-12T04:41:09.391+0000] {logging_mixin.py:190} INFO - [2026-08-12T04:41:09.391+0000] {dag.py:4138} INFO - Setting next_dagrun for tutorial_objectstorage to None, run_after=None
[2026-08-12T04:41:09.417+0000] {processor.py:208} INFO - Processing /home/airflow/.local/lib/python3.12/site-packages/airflow/example_dags/tutorial_objectstorage.py took 0.104 seconds
[2026-08-12T04:41:39.857+0000] {processor.py:186} INFO - Started process (PID=789) to work on /home/airflow/.local/lib/python3.12/site-packages/airflow/example_dags/tutorial_objectstorage.py
[2026-08-12T04:41:39.861+0000] {processor.py:914} INFO - Processing file /home/airflow/.local/lib/python3.12/site-packages/airflow/example_dags/tutorial_objectstorage.py for tasks to queue
[2026-08-12T04:41:39.865+0000] {logging_mixin.py:190} INFO - [2026-08-12T04:41:39.864+0000] {dagbag.py:587} INFO - Filling up the DagBag from /home/airflow/.local/lib/python3.12/site-packages/airflow/example_dags/tutorial_objectstorage.py
[2026-08-12T04:41:39.886+0000] {processor.py:925} INFO - DAG(s) 'tutorial_objectstorage' retrieved from /home/airflow/.local/lib/python3.12/site-packages/airflow/example_dags/tutorial_objectstorage.py
[2026-08-12T04:41:39.918+0000] {logging_mixin.py:190} INFO - [2026-08-12T04:41:39.917+0000] {dag.py:3211} INFO - Sync 1 DAGs
[2026-08-12T04:41:39.940+0000] {logging_mixin.py:190} INFO - [2026-08-12T04:41:39.940+0000] {dag.py:4138} INFO - Setting next_dagrun for tutorial_objectstorage to None, run_after=None
[2026-08-12T04:41:39.970+0000] {processor.py:208} INFO - Processing /home/airflow/.local/lib/python3.12/site-packages/airflow/example_dags/tutorial_objectstorage.py took 0.121 seconds
[2026-08-12T04:42:10.336+0000] {processor.py:186} INFO - Started process (PID=851) to work on /home/airflow/.local/lib/python3.12/site-packages/airflow/example_dags/tutorial_objectstorage.py
[2026-08-12T04:42:10.338+0000] {processor.py:914} INFO - Processing file /home/airflow/.local/lib/python3.12/site-packages/airflow/example_dags/tutorial_objectstorage.py for tasks to queue
[2026-08-12T04:42:10.342+0000] {logging_mixin.py:190} INFO - [2026-08-12T04:42:10.342+0000] {dagbag.py:587} INFO - Filling up the DagBag from /home/airflow/.local/lib/python3.12/site-packages/airflow/example_dags/tutorial_objectstorage.py
[2026-08-12T04:42:10.354+0000] {processor.py:925} INFO - DAG(s) 'tutorial_objectstorage' retrieved from /home/airflow/.local/lib/python3.12/site-packages/airflow/example_dags/tutorial_objectstorage.py
[2026-08-12T04:42:10.375+0000] {logging_mixin.py:190} INFO - [2026-08-12T04:42:10.375+0000] {dag.py:3211} INFO - Sync 1 DAGs
[2026-08-12T04:42:10.393+0000] {logging_mixin.py:190} INFO - [2026-08-12T04:42:10.392+0000] {dag.py:4138} INFO - Setting next_dagrun for tutorial_objectstorage to None, run_after=None
[2026-08-12T04:42:10.415+0000] {processor.py:208} INFO - Processing /home/airflow/.local/lib/python3.12/site-packages/airflow/example_dags/tutorial_objectstorage.py took 0.086 seconds
[2026-08-12T04:42:40.879+0000] {processor.py:186} INFO - Started process (PID=913) to work on /home/airflow/.local/lib/python3.12/site-packages/airflow/example_dags/tutorial_objectstorage.py
[2026-08-12T04:42:40.881+0000] {processor.py:914} INFO - Processing file /home/airflow/.local/lib/python3.12/site-packages/airflow/example_dags/tutorial_objectstorage.py for tasks to queue
[2026-08-12T04:42:40.886+0000] {logging_mixin.py:190} INFO - [2026-08-12T04:42:40.886+0000] {dagbag.py:587} INFO - Filling up the DagBag from /home/airflow/.local/lib/python3.12/site-packages/airflow/example_dags/tutorial_objectstorage.py
[2026-08-12T04:42:40.899+0000] {processor.py:925} INFO - DAG(s) 'tutorial_objectstorage' retrieved from /home/airflow/.local/lib/python3.12/site-packages/airflow/example_dags/tutorial_objectstorage.py
[2026-08-12T04:42:40.930+0000] {logging_mixin.py:190} INFO - [2026-08-12T04:42:40.930+0000] {dag.py:3211} INFO - Sync 1 DAGs
[2026-08-12T04:42:40.953+0000] {logging_mixin.py:190} INFO - [2026-08-12T04:42:40.953+0000] {dag.py:4138} INFO - Setting next_dagrun for tutorial_objectstorage to None, run_after=None
[2026-08-12T04:42:40.987+0000] {processor.py:208} INFO - Processing /home/airflow/.local/lib/python3.12/site-packages/airflow/example_dags/tutorial_objectstorage.py took 0.117 seconds
[2026-08-12T04:43:11.113+0000] {processor.py:186} INFO - Started process (PID=975) to work on /home/airflow/.local/lib/python3.12/site-packages/airflow/example_dags/tutorial_objectstorage.py
[2026-08-12T04:43:11.115+0000] {processor.py:914} INFO - Processing file /home/airflow/.local/lib/python3.12/site-packages/airflow/example_dags/tutorial_objectstorage.py for tasks to queue
[2026-08-12T04:43:11.118+0000] {logging_mixin.py:190} INFO - [2026-08-12T04:43:11.118+0000] {dagbag.py:587} INFO - Filling up the DagBag from /home/airflow/.local/lib/python3.12/site-packages/airflow/example_dags/tutorial_objectstorage.py
[2026-08-12T04:43:11.129+0000] {processor.py:925} INFO - DAG(s) 'tutorial_objectstorage' retrieved from /home/airflow/.local/lib/python3.12/site-packages/airflow/example_dags/tutorial_objectstorage.py
[2026-08-12T04:43:11.165+0000] {logging_mixin.py:190} INFO - [2026-08-12T04:43:11.165+0000] {dag.py:3211} INFO - Sync 1 DAGs
[2026-08-12T04:43:11.180+0000] {logging_mixin.py:190} INFO - [2026-08-12T04:43:11.179+0000] {dag.py:4138} INFO - Setting next_dagrun for tutorial_objectstorage to None, run_after=None
[2026-08-12T04:43:11.204+0000] {processor.py:208} INFO - Processing /home/airflow/.local/lib/python3.12/site-packages/airflow/example_dags/tutorial_objectstorage.py took 0.097 seconds
[2026-08-12T04:43:42.124+0000] {processor.py:186} INFO - Started process (PID=1043) to work on /home/airflow/.local/lib/python3.12/site-packages/airflow/example_dags/tutorial_objectstorage.py
[2026-08-12T04:43:42.125+0000] {processor.py:914} INFO - Processing file /home/airflow/.local/lib/python3.12/site-packages/airflow/example_dags/tutorial_objectstorage.py for tasks to queue
[2026-08-12T04:43:42.129+0000] {logging_mixin.py:190} INFO - [2026-08-12T04:43:42.129+0000] {dagbag.py:587} INFO - Filling up the DagBag from /home/airflow/.local/lib/python3.12/site-packages/airflow/example_dags/tutorial_objectstorage.py
[2026-08-12T04:43:42.142+0000] {processor.py:925} INFO - DAG(s) 'tutorial_objectstorage' retrieved from /home/airflow/.local/lib/python3.12/site-packages/airflow/example_dags/tutorial_objectstorage.py
[2026-08-12T04:43:42.174+0000] {logging_mixin.py:190} INFO - [2026-08-12T04:43:42.173+0000] {dag.py:3211} INFO - Sync 1 DAGs
[2026-08-12T04:43:42.196+0000] {logging_mixin.py:190} INFO - [2026-08-12T04:43:42.195+0000] {dag.py:4138} INFO - Setting next_dagrun for tutorial_objectstorage to None, run_after=None
[2026-08-12T04:43:42.247+0000] {processor.py:208} INFO - Processing /home/airflow/.local/lib/python3.12/site-packages/airflow/example_dags/tutorial_objectstorage.py took 0.131 seconds
[2026-08-12T04:44:13.414+0000] {processor.py:186} INFO - Started process (PID=1105) to work on /home/airflow/.local/lib/python3.12/site-packages/airflow/example_dags/tutorial_objectstorage.py
[2026-08-12T04:44:13.417+0000] {processor.py:914} INFO - Processing file /home/airflow/.local/lib/python3.12/site-packages/airflow/example_dags/tutorial_objectstorage.py for tasks to queue
[2026-08-12T04:44:13.422+0000] {logging_mixin.py:190} INFO - [2026-08-12T04:44:13.421+0000] {dagbag.py:587} INFO - Filling up the DagBag from /home/airflow/.local/lib/python3.12/site-packages/airflow/example_dags/tutorial_objectstorage.py
[2026-08-12T04:44:13.442+0000] {processor.py:925} INFO - DAG(s) 'tutorial_objectstorage' retrieved from /home/airflow/.local/lib/python3.12/site-packages/airflow/example_dags/tutorial_objectstorage.py
[2026-08-12T04:44:13.472+0000] {logging_mixin.py:190} INFO - [2026-08-12T04:44:13.471+0000] {dag.py:3211} INFO - Sync 1 DAGs
[2026-08-12T04:44:13.518+0000] {logging_mixin.py:190} INFO - [2026-08-12T04:44:13.518+0000] {dag.py:4138} INFO - Setting next_dagrun for tutorial_objectstorage to None, run_after=None
[2026-08-12T04:44:13.552+0000] {processor.py:208} INFO - Processing /home/airflow/.local/lib/python3.12/site-packages/airflow/example_dags/tutorial_objectstorage.py took 0.151 seconds
[2026-08-12T04:44:43.609+0000] {processor.py:186} INFO - Started process (PID=1168) to work on /home/airflow/.local/lib/python3.12/site-packages/airflow/example_dags/tutorial_objectstorage.py
[2026-08-12T04:44:43.611+0000] {processor.py:914} INFO - Processing file /home/airflow/.local/lib/python3.12/site-packages/airflow/example_dags/tutorial_objectstorage.py for tasks to queue
[2026-08-12T04:44:43.615+0000] {logging_mixin.py:190} INFO - [2026-08-12T04:44:43.614+0000] {dagbag.py:587} INFO - Filling up the DagBag from /home/airflow/.local/lib/python3.12/site-packages/airflow/example_dags/tutorial_objectstorage.py
[2026-08-12T04:44:43.626+0000] {processor.py:925} INFO - DAG(s) 'tutorial_objectstorage' retrieved from /home/airflow/.local/lib/python3.12/site-packages/airflow/example_dags/tutorial_objectstorage.py
[2026-08-12T04:44:43.649+0000] {logging_mixin.py:190} INFO - [2026-08-12T04:44:43.649+0000] {dag.py:3211} INFO - Sync 1 DAGs
[2026-08-12T04:44:43.666+0000] {logging_mixin.py:190} INFO - [2026-08-12T04:44:43.665+0000] {dag.py:4138} INFO - Setting next_dagrun for tutorial_objectstorage to None, run_after=None
[2026-08-12T04:44:43.691+0000] {processor.py:208} INFO - Processing /home/airflow/.local/lib/python3.12/site-packages/airflow/example_dags/tutorial_objectstorage.py took 0.089 seconds
[2026-08-12T04:45:14.912+0000] {processor.py:186} INFO - Started process (PID=1230) to work on /home/airflow/.local/lib/python3.12/site-packages/airflow/example_dags/tutorial_objectstorage.py
[2026-08-12T04:45:14.914+0000] {processor.py:914} INFO - Processing file /home/airflow/.local/lib/python3.12/site-packages/airflow/example_dags/tutorial_objectstorage.py for tasks to queue
[2026-08-12T04:45:14.917+0000] {logging_mixin.py:190} INFO - [2026-08-12T04:45:14.917+0000] {dagbag.py:587} INFO - Filling up the DagBag from /home/airflow/.local/lib/python3.12/site-packages/airflow/example_dags/tutorial_objectstorage.py
[2026-08-12T04:45:14.934+0000] {processor.py:925} INFO - DAG(s) 'tutorial_objectstorage' retrieved from /home/airflow/.local/lib/python3.12/site-packages/airflow/example_dags/tutorial_objectstorage.py
[2026-08-12T04:45:14.960+0000] {logging_mixin.py:190} INFO - [2026-08-12T04:45:14.960+0000] {dag.py:3211} INFO - Sync 1 DAGs
[2026-08-12T04:45:14.981+0000] {logging_mixin.py:190} INFO - [2026-08-12T04:45:14.980+0000] {dag.py:4138} INFO - Setting next_dagrun for tutorial_objectstorage to None, run_after=None
[2026-08-12T04:45:15.014+0000] {processor.py:208} INFO - Processing /home/airflow/.local/lib/python3.12/site-packages/airflow/example_dags/tutorial_objectstorage.py took 0.111 seconds
[2026-08-12T04:45:46.098+0000] {processor.py:186} INFO - Started process (PID=1292) to work on /home/airflow/.local/lib/python3.12/site-packages/airflow/example_dags/tutorial_objectstorage.py
[2026-08-12T04:45:46.101+0000] {processor.py:914} INFO - Processing file /home/airflow/.local/lib/python3.12/site-packages/airflow/example_dags/tutorial_objectstorage.py for tasks to queue
[2026-08-12T04:45:46.104+0000] {logging_mixin.py:190} INFO - [2026-08-12T04:45:46.104+0000] {dagbag.py:587} INFO - Filling up the DagBag from /home/airflow/.local/lib/python3.12/site-packages/airflow/example_dags/tutorial_objectstorage.py
[2026-08-12T04:45:46.118+0000] {processor.py:925} INFO - DAG(s) 'tutorial_objectstorage' retrieved from /home/airflow/.local/lib/python3.12/site-packages/airflow/example_dags/tutorial_objectstorage.py
[2026-08-12T04:45:46.150+0000] {logging_mixin.py:190} INFO - [2026-08-12T04:45:46.150+0000] {dag.py:3211} INFO - Sync 1 DAGs
[2026-08-12T04:45:46.174+0000] {logging_mixin.py:190} INFO - [2026-08-12T04:45:46.173+0000] {dag.py:4138} INFO - Setting next_dagrun for tutorial_objectstorage to None, run_after=None
[2026-08-12T04:45:46.207+0000] {processor.py:208} INFO - Processing /home/airflow/.local/lib/python3.12/site-packages/airflow/example_dags/tutorial_objectstorage.py took 0.121 seconds
[2026-08-12T04:46:16.454+0000] {processor.py:186} INFO - Started process (PID=1354) to work on /home/airflow/.local/lib/python3.12/site-packages/airflow/example_dags/tutorial_objectstorage.py
[2026-08-12T04:46:16.456+0000] {processor.py:914} INFO - Processing file /home/airflow/.local/lib/python3.12/site-packages/airflow/example_dags/tutorial_objectstorage.py for tasks to queue
[2026-08-12T04:46:16.460+0000] {logging_mixin.py:190} INFO - [2026-08-12T04:46:16.460+0000] {dagbag.py:587} INFO - Filling up the DagBag from /home/airflow/.local/lib/python3.12/site-packages/airflow/example_dags/tutorial_objectstorage.py
[2026-08-12T04:46:16.472+0000] {processor.py:925} INFO - DAG(s) 'tutorial_objectstorage' retrieved from /home/airflow/.local/lib/python3.12/site-packages/airflow/example_dags/tutorial_objectstorage.py
[2026-08-12T04:46:16.496+0000] {logging_mixin.py:190} INFO - [2026-08-12T04:46:16.496+0000] {dag.py:3211} INFO - Sync 1 DAGs
[2026-08-12T04:46:16.510+0000] {logging_mixin.py:190} INFO - [2026-08-12T04:46:16.510+0000] {dag.py:4138} INFO - Setting next_dagrun for tutorial_objectstorage to None, run_after=None
[2026-08-12T04:46:16.535+0000] {processor.py:208} INFO - Processing /home/airflow/.local/lib/python3.12/site-packages/airflow/example_dags/tutorial_objectstorage.py took 0.088 seconds
[2026-08-12T04:46:46.647+0000] {processor.py:186} INFO - Started process (PID=1416) to work on /home/airflow/.local/lib/python3.12/site-packages/airflow/example_dags/tutorial_objectstorage.py
[2026-08-12T04:46:46.649+0000] {processor.py:914} INFO - Processing file /home/airflow/.local/lib/python3.12/site-packages/airflow/example_dags/tutorial_objectstorage.py for tasks to queue
[2026-08-12T04:46:46.653+0000] {logging_mixin.py:190} INFO - [2026-08-12T04:46:46.652+0000] {dagbag.py:587} INFO - Filling up the DagBag from /home/airflow/.local/lib/python3.12/site-packages/airflow/example_dags/tutorial_objectstorage.py
[2026-08-12T04:46:46.666+0000] {processor.py:925} INFO - DAG(s) 'tutorial_objectstorage' retrieved from /home/airflow/.local/lib/python3.12/site-packages/airflow/example_dags/tutorial_objectstorage.py
[2026-08-12T04:46:46.690+0000] {logging_mixin.py:190} INFO - [2026-08-12T04:46:46.690+0000] {dag.py:3211} INFO - Sync 1 DAGs
[2026-08-12T04:46:46.707+0000] {logging_mixin.py:190} INFO - [2026-08-12T04:46:46.707+0000] {dag.py:4138} INFO - Setting next_dagrun for tutorial_objectstorage to None, run_after=None
[2026-08-12T04:46:46.732+0000] {processor.py:208} INFO - Processing /home/airflow/.local/lib/python3.12/site-packages/airflow/example_dags/tutorial_objectstorage.py took 0.093 seconds
[2026-08-12T04:47:17.135+0000] {processor.py:186} INFO - Started process (PID=1477) to work on /home/airflow/.local/lib/python3.12/site-packages/airflow/example_dags/tutorial_objectstorage.py
[2026-08-12T04:47:17.137+0000] {processor.py:914} INFO - Processing file /home/airflow/.local/lib/python3.12/site-packages/airflow/example_dags/tutorial_objectstorage.py for tasks to queue
[2026-08-12T04:47:17.140+0000] {logging_mixin.py:190} INFO - [2026-08-12T04:47:17.139+0000] {dagbag.py:587} INFO - Filling up the DagBag from /home/airflow/.local/lib/python3.12/site-packages/airflow/example_dags/tutorial_objectstorage.py
[2026-08-12T04:47:17.150+0000] {processor.py:925} INFO - DAG(s) 'tutorial_objectstorage' retrieved from /home/airflow/.local/lib/python3.12/site-packages/airflow/example_dags/tutorial_objectstorage.py
[2026-08-12T04:47:17.170+0000] {logging_mixin.py:190} INFO - [2026-08-12T04:47:17.170+0000] {dag.py:3211} INFO - Sync 1 DAGs
[2026-08-12T04:47:17.186+0000] {logging_mixin.py:190} INFO - [2026-08-12T04:47:17.186+0000] {dag.py:4138} INFO - Setting next_dagrun for tutorial_objectstorage to None, run_after=None
[2026-08-12T04:47:17.207+0000] {processor.py:208} INFO - Processing /home/airflow/.local/lib/python3.12/site-packages/airflow/example_dags/tutorial_objectstorage.py took 0.079 seconds
