[2026-08-12T04:31:51.528+0000] {processor.py:186} INFO - Started process (PID=80) to work on /home/airflow/.local/lib/python3.12/site-packages/airflow/example_dags/tutorial.py
[2026-08-12T04:31:51.533+0000] {processor.py:914} INFO - Processing file /home/airflow/.local/lib/python3.12/site-packages/airflow/example_dags/tutorial.py for tasks to queue
[2026-08-12T04:31:51.539+0000] {logging_mixin.py:190} INFO - [2026-08-12T04:31:51.538+0000] {dagbag.py:587} INFO - Filling up the DagBag from /home/airflow/.local/lib/python3.12/site-packages/airflow/example_dags/tutorial.py
[2026-08-12T04:31:51.567+0000] {processor.py:925} INFO - DAG(s) 'tutorial' retrieved from /home/airflow/.local/lib/python3.12/site-packages/airflow/example_dags/tutorial.py
[2026-08-12T04:31:51.811+0000] {logging_mixin.py:190} INFO - [2026-08-12T04:31:51.809+0000] {override.py:1858} INFO - Created Permission View: can edit on DAG:tutorial
[2026-08-12T04:31:51.834+0000] {logging_mixin.py:190} INFO - [2026-08-12T04:31:51.834+0000] {override.py:1858} INFO - Created Permission View: can read on DAG:tutorial
[2026-08-12T04:31:51.846+0000] {logging_mixin.py:190} INFO - [2026-08-12T04:31:51.845+0000] {override.py:1858} INFO - Created Permission View: can delete on DAG:tutorial
[2026-08-12T04:31:51.849+0000] {logging_mixin.py:190} INFO - [2026-08-12T04:31:51.848+0000] {dag.py:3211} INFO - Sync 1 DAGs
[2026-08-12T04:31:51.869+0000] {logging_mixin.py:190} INFO - [2026-08-12T04:31:51.868+0000] {dag.py:3234} INFO - Creating ORM DAG for tutorial
[2026-08-12T04:31:51.887+0000] {logging_mixin.py:190} INFO - [2026-08-12T04:31:51.887+0000] {dag.py:4138} INFO - Setting next_dagrun for tutorial to 2026-08-11 00:00:00+00:00, run_after=2026-08-12 00:00:00+00:00
[2026-08-12T04:31:51.921+0000] {processor.py:208} INFO - Processing /home/airflow/.local/lib/python3.12/site-packages/airflow/example_dags/tutorial.py took 0.410 seconds
[2026-08-12T04:32:22.293+0000] {processor.py:186} INFO - Started process (PID=143) to work on /home/airflow/.local/lib/python3.12/site-packages/airflow/example_dags/tutorial.py
[2026-08-12T04:32:22.295+0000] {processor.py:914} INFO - Processing file /home/airflow/.local/lib/python3.12/site-packages/airflow/example_dags/tutorial.py for tasks to queue
[2026-08-12T04:32:22.300+0000] {logging_mixin.py:190} INFO - [2026-08-12T04:32:22.299+0000] {dagbag.py:587} INFO - Filling up the DagBag from /home/airflow/.local/lib/python3.12/site-packages/airflow/example_dags/tutorial.py
[2026-08-12T04:32:22.309+0000] {processor.py:925} INFO - DAG(s) 'tutorial' retrieved from /home/airflow/.local/lib/python3.12/site-packages/airflow/example_dags/tutorial.py
[2026-08-12T04:32:22.334+0000] {logging_mixin.py:190} INFO - [2026-08-12T04:32:22.334+0000] {dag.py:3211} INFO - Sync 1 DAGs
[2026-08-12T04:32:22.360+0000] {logging_mixin.py:190} INFO - [2026-08-12T04:32:22.360+0000] {dag.py:4138} INFO - Setting next_dagrun for tutorial to 2026-08-11 00:00:00+00:00, run_after=2026-08-12 00:00:00+00:00
[2026-08-12T04:32:22.404+0000] {processor.py:208} INFO - Processing /home/airflow/.local/lib/python3.12/site-packages/airflow/example_dags/tutorial.py took 0.117 seconds
[2026-08-12T04:32:53.246+0000] {processor.py:186} INFO - Started process (PID=206) to work on /home/airflow/.local/lib/python3.12/site-packages/airflow/example_dags/tutorial.py
[2026-08-12T04:32:53.249+0000] {processor.py:914} INFO - Processing file /home/airflow/.local/lib/python3.12/site-packages/airflow/example_dags/tutorial.py for tasks to queue
[2026-08-12T04:32:53.254+0000] {logging_mixin.py:190} INFO - [2026-08-12T04:32:53.253+0000] {dagbag.py:587} INFO - Filling up the DagBag from /home/airflow/.local/lib/python3.12/site-packages/airflow/example_dags/tutorial.py
[2026-08-12T04:32:53.267+0000] {processor.py:925} INFO - DAG(s) 'tutorial' retrieved from /home/airflow/.local/lib/python3.12/site-packages/airflow/example_dags/tutorial.py
[2026-08-12T04:32:53.299+0000] {logging_mixin.py:190} INFO - [2026-08-12T04:32:53.298+0000] {dag.py:3211} INFO - Sync 1 DAGs
[2026-08-12T04:32:53.341+0000] {logging_mixin.py:190} INFO - [2026-08-12T04:32:53.341+0000] {dag.py:4138} INFO - Setting next_dagrun for tutorial to 2026-08-11 00:00:00+00:00, run_after=2026-08-12 00:00:00+00:00
[2026-08-12T04:32:53.387+0000] {processor.py:208} INFO - Processing /home/airflow/.local/lib/python3.12/site-packages/airflow/example_dags/tutorial.py took 0.150 seconds
[2026-08-12T04:33:23.511+0000] {processor.py:186} INFO - Started process (PID=267) to work on /home/airflow/.local/lib/python3.12/site-packages/airflow/example_dags/tutorial.py
[2026-08-12T04:33:23.514+0000] {processor.py:914} INFO - Processing file /home/airflow/.local/lib/python3.12/site-packages/airflow/example_dags/tutorial.py for tasks to queue
[2026-08-12T04:33:23.520+0000] {logging_mixin.py:190} INFO - [2026-08-12T04:33:23.520+0000] {dagbag.py:587} INFO - Filling up the DagBag from /home/airflow/.local/lib/python3.12/site-packages/airflow/example_dags/tutorial.py
[2026-08-12T04:33:23.532+0000] {processor.py:925} INFO - DAG(s) 'tutorial' retrieved from /home/airflow/.local/lib/python3.12/site-packages/airflow/example_dags/tutorial.py
[2026-08-12T04:33:23.559+0000] {logging_mixin.py:190} INFO - [2026-08-12T04:33:23.559+0000] {dag.py:3211} INFO - Sync 1 DAGs
[2026-08-12T04:33:23.589+0000] {logging_mixin.py:190} INFO - [2026-08-12T04:33:23.589+0000] {dag.py:4138} INFO - Setting next_dagrun for tutorial to 2026-08-11 00:00:00+00:00, run_after=2026-08-12 00:00:00+00:00
[2026-08-12T04:33:23.618+0000] {processor.py:208} INFO - Processing /home/airflow/.local/lib/python3.12/site-packages/airflow/example_dags/tutorial.py took 0.114 seconds
[2026-08-12T04:33:53.897+0000] {processor.py:186} INFO - Started process (PID=329) to work on /home/airflow/.local/lib/python3.12/site-packages/airflow/example_dags/tutorial.py
[2026-08-12T04:33:53.903+0000] {processor.py:914} INFO - Processing file /home/airflow/.local/lib/python3.12/site-packages/airflow/example_dags/tutorial.py for tasks to queue
[2026-08-12T04:33:53.912+0000] {logging_mixin.py:190} INFO - [2026-08-12T04:33:53.910+0000] {dagbag.py:587} INFO - Filling up the DagBag from /home/airflow/.local/lib/python3.12/site-packages/airflow/example_dags/tutorial.py
[2026-08-12T04:33:53.934+0000] {processor.py:925} INFO - DAG(s) 'tutorial' retrieved from /home/airflow/.local/lib/python3.12/site-packages/airflow/example_dags/tutorial.py
[2026-08-12T04:33:53.984+0000] {logging_mixin.py:190} INFO - [2026-08-12T04:33:53.982+0000] {dag.py:3211} INFO - Sync 1 DAGs
[2026-08-12T04:33:54.029+0000] {logging_mixin.py:190} INFO - [2026-08-12T04:33:54.029+0000] {dag.py:4138} INFO - Setting next_dagrun for tutorial to 2026-08-11 00:00:00+00:00, run_after=2026-08-12 00:00:00+00:00
[2026-08-12T04:33:54.062+0000] {processor.py:208} INFO - Processing /home/airflow/.local/lib/python3.12/site-packages/airflow/example_dags/tutorial.py took 0.180 seconds
[2026-08-12T04:34:24.728+0000] {processor.py:186} INFO - Started process (PID=397) to work on /home/airflow/.local/lib/python3.12/site-packages/airflow/example_dags/tutorial.py
[2026-08-12T04:34:24.757+0000] {processor.py:914} INFO - Processing file /home/airflow/.local/lib/python3.12/site-packages/airflow/example_dags/tutorial.py for tasks to queue
[2026-08-12T04:34:24.764+0000] {logging_mixin.py:190} INFO - [2026-08-12T04:34:24.763+0000] {dagbag.py:587} INFO - Filling up the DagBag from /home/airflow/.local/lib/python3.12/site-packages/airflow/example_dags/tutorial.py
[2026-08-12T04:34:24.819+0000] {processor.py:925} INFO - DAG(s) 'tutorial' retrieved from /home/airflow/.local/lib/python3.12/site-packages/airflow/example_dags/tutorial.py
[2026-08-12T04:34:24.905+0000] {logging_mixin.py:190} INFO - [2026-08-12T04:34:24.904+0000] {dag.py:3211} INFO - Sync 1 DAGs
[2026-08-12T04:34:24.982+0000] {logging_mixin.py:190} INFO - [2026-08-12T04:34:24.981+0000] {dag.py:4138} INFO - Setting next_dagrun for tutorial to 2026-08-11 00:00:00+00:00, run_after=2026-08-12 00:00:00+00:00
[2026-08-12T04:34:25.030+0000] {processor.py:208} INFO - Processing /home/airflow/.local/lib/python3.12/site-packages/airflow/example_dags/tutorial.py took 0.316 seconds
[2026-08-12T04:35:55.334+0000] {processor.py:186} INFO - Started process (PID=80) to work on /home/airflow/.local/lib/python3.12/site-packages/airflow/example_dags/tutorial.py
[2026-08-12T04:35:55.339+0000] {processor.py:914} INFO - Processing file /home/airflow/.local/lib/python3.12/site-packages/airflow/example_dags/tutorial.py for tasks to queue
[2026-08-12T04:35:55.348+0000] {logging_mixin.py:190} INFO - [2026-08-12T04:35:55.347+0000] {dagbag.py:587} INFO - Filling up the DagBag from /home/airflow/.local/lib/python3.12/site-packages/airflow/example_dags/tutorial.py
[2026-08-12T04:35:55.395+0000] {processor.py:925} INFO - DAG(s) 'tutorial' retrieved from /home/airflow/.local/lib/python3.12/site-packages/airflow/example_dags/tutorial.py
[2026-08-12T04:35:55.454+0000] {logging_mixin.py:190} INFO - [2026-08-12T04:35:55.453+0000] {dag.py:3211} INFO - Sync 1 DAGs
[2026-08-12T04:35:55.513+0000] {logging_mixin.py:190} INFO - [2026-08-12T04:35:55.512+0000] {dag.py:4138} INFO - Setting next_dagrun for tutorial to 2026-08-11 00:00:00+00:00, run_after=2026-08-12 00:00:00+00:00
[2026-08-12T04:35:55.560+0000] {processor.py:208} INFO - Processing /home/airflow/.local/lib/python3.12/site-packages/airflow/example_dags/tutorial.py took 0.246 seconds
[2026-08-12T04:36:25.840+0000] {processor.py:186} INFO - Started process (PID=142) to work on /home/airflow/.local/lib/python3.12/site-packages/airflow/example_dags/tutorial.py
[2026-08-12T04:36:25.845+0000] {processor.py:914} INFO - Processing file /home/airflow/.local/lib/python3.12/site-packages/airflow/example_dags/tutorial.py for tasks to queue
[2026-08-12T04:36:25.850+0000] {logging_mixin.py:190} INFO - [2026-08-12T04:36:25.849+0000] {dagbag.py:587} INFO - Filling up the DagBag from /home/airflow/.local/lib/python3.12/site-packages/airflow/example_dags/tutorial.py
[2026-08-12T04:36:25.862+0000] {processor.py:925} INFO - DAG(s) 'tutorial' retrieved from /home/airflow/.local/lib/python3.12/site-packages/airflow/example_dags/tutorial.py
[2026-08-12T04:36:25.887+0000] {logging_mixin.py:190} INFO - [2026-08-12T04:36:25.887+0000] {dag.py:3211} INFO - Sync 1 DAGs
[2026-08-12T04:36:25.911+0000] {logging_mixin.py:190} INFO - [2026-08-12T04:36:25.911+0000] {dag.py:4138} INFO - Setting next_dagrun for tutorial to 2026-08-11 00:00:00+00:00, run_after=2026-08-12 00:00:00+00:00
[2026-08-12T04:36:25.932+0000] {processor.py:208} INFO - Processing /home/airflow/.local/lib/python3.12/site-packages/airflow/example_dags/tutorial.py took 0.102 seconds
[2026-08-12T04:36:56.368+0000] {processor.py:186} INFO - Started process (PID=204) to work on /home/airflow/.local/lib/python3.12/site-packages/airflow/example_dags/tutorial.py
[2026-08-12T04:36:56.371+0000] {processor.py:914} INFO - Processing file /home/airflow/.local/lib/python3.12/site-packages/airflow/example_dags/tutorial.py for tasks to queue
[2026-08-12T04:36:56.376+0000] {logging_mixin.py:190} INFO - [2026-08-12T04:36:56.376+0000] {dagbag.py:587} INFO - Filling up the DagBag from /home/airflow/.local/lib/python3.12/site-packages/airflow/example_dags/tutorial.py
[2026-08-12T04:36:56.388+0000] {processor.py:925} INFO - DAG(s) 'tutorial' retrieved from /home/airflow/.local/lib/python3.12/site-packages/airflow/example_dags/tutorial.py
[2026-08-12T04:36:56.413+0000] {logging_mixin.py:190} INFO - [2026-08-12T04:36:56.413+0000] {dag.py:3211} INFO - Sync 1 DAGs
[2026-08-12T04:36:56.451+0000] {logging_mixin.py:190} INFO - [2026-08-12T04:36:56.450+0000] {dag.py:4138} INFO - Setting next_dagrun for tutorial to 2026-08-11 00:00:00+00:00, run_after=2026-08-12 00:00:00+00:00
[2026-08-12T04:36:56.483+0000] {processor.py:208} INFO - Processing /home/airflow/.local/lib/python3.12/site-packages/airflow/example_dags/tutorial.py took 0.123 seconds
[2026-08-12T04:37:26.625+0000] {processor.py:186} INFO - Started process (PID=265) to work on /home/airflow/.local/lib/python3.12/site-packages/airflow/example_dags/tutorial.py
[2026-08-12T04:37:26.627+0000] {processor.py:914} INFO - Processing file /home/airflow/.local/lib/python3.12/site-packages/airflow/example_dags/tutorial.py for tasks to queue
[2026-08-12T04:37:26.632+0000] {logging_mixin.py:190} INFO - [2026-08-12T04:37:26.632+0000] {dagbag.py:587} INFO - Filling up the DagBag from /home/airflow/.local/lib/python3.12/site-packages/airflow/example_dags/tutorial.py
[2026-08-12T04:37:26.647+0000] {processor.py:925} INFO - DAG(s) 'tutorial' retrieved from /home/airflow/.local/lib/python3.12/site-packages/airflow/example_dags/tutorial.py
[2026-08-12T04:37:26.691+0000] {logging_mixin.py:190} INFO - [2026-08-12T04:37:26.691+0000] {dag.py:3211} INFO - Sync 1 DAGs
[2026-08-12T04:37:26.723+0000] {logging_mixin.py:190} INFO - [2026-08-12T04:37:26.723+0000] {dag.py:4138} INFO - Setting next_dagrun for tutorial to 2026-08-11 00:00:00+00:00, run_after=2026-08-12 00:00:00+00:00
[2026-08-12T04:37:26.767+0000] {processor.py:208} INFO - Processing /home/airflow/.local/lib/python3.12/site-packages/airflow/example_dags/tutorial.py took 0.150 seconds
[2026-08-12T04:37:57.236+0000] {processor.py:186} INFO - Started process (PID=327) to work on /home/airflow/.local/lib/python3.12/site-packages/airflow/example_dags/tutorial.py
[2026-08-12T04:37:57.238+0000] {processor.py:914} INFO - Processing file /home/airflow/.local/lib/python3.12/site-packages/airflow/example_dags/tutorial.py for tasks to queue
[2026-08-12T04:37:57.244+0000] {logging_mixin.py:190} INFO - [2026-08-12T04:37:57.243+0000] {dagbag.py:587} INFO - Filling up the DagBag from /home/airflow/.local/lib/python3.12/site-packages/airflow/example_dags/tutorial.py
[2026-08-12T04:37:57.272+0000] {processor.py:925} INFO - DAG(s) 'tutorial' retrieved from /home/airflow/.local/lib/python3.12/site-packages/airflow/example_dags/tutorial.py
[2026-08-12T04:37:57.300+0000] {logging_mixin.py:190} INFO - [2026-08-12T04:37:57.300+0000] {dag.py:3211} INFO - Sync 1 DAGs
[2026-08-12T04:37:57.332+0000] {logging_mixin.py:190} INFO - [2026-08-12T04:37:57.332+0000] {dag.py:4138} INFO - Setting next_dagrun for tutorial to 2026-08-11 00:00:00+00:00, run_after=2026-08-12 00:00:00+00:00
[2026-08-12T04:37:57.367+0000] {processor.py:208} INFO - Processing /home/airflow/.local/lib/python3.12/site-packages/airflow/example_dags/tutorial.py took 0.142 seconds
[2026-08-12T04:38:27.873+0000] {processor.py:186} INFO - Started process (PID=389) to work on /home/airflow/.local/lib/python3.12/site-packages/airflow/example_dags/tutorial.py
[2026-08-12T04:38:27.875+0000] {processor.py:914} INFO - Processing file /home/airflow/.local/lib/python3.12/site-packages/airflow/example_dags/tutorial.py for tasks to queue
[2026-08-12T04:38:27.879+0000] {logging_mixin.py:190} INFO - [2026-08-12T04:38:27.879+0000] {dagbag.py:587} INFO - Filling up the DagBag from /home/airflow/.local/lib/python3.12/site-packages/airflow/example_dags/tutorial.py
[2026-08-12T04:38:27.893+0000] {processor.py:925} INFO - DAG(s) 'tutorial' retrieved from /home/airflow/.local/lib/python3.12/site-packages/airflow/example_dags/tutorial.py
[2026-08-12T04:38:27.924+0000] {logging_mixin.py:190} INFO - [2026-08-12T04:38:27.924+0000] {dag.py:3211} INFO - Sync 1 DAGs
[2026-08-12T04:38:27.973+0000] {logging_mixin.py:190} INFO - [2026-08-12T04:38:27.972+0000] {dag.py:4138} INFO - Setting next_dagrun for tutorial to 2026-08-11 00:00:00+00:00, run_after=2026-08-12 00:00:00+00:00
[2026-08-12T04:38:28.012+0000] {processor.py:208} INFO - Processing /home/airflow/.local/lib/python3.12/site-packages/airflow/example_dags/tutorial.py took 0.146 seconds
[2026-08-12T04:38:58.880+0000] {processor.py:186} INFO - Started process (PID=451) to work on /home/airflow/.local/lib/python3.12/site-packages/airflow/example_dags/tutorial.py
[2026-08-12T04:38:58.882+0000] {processor.py:914} INFO - Processing file /home/airflow/.local/lib/python3.12/site-packages/airflow/example_dags/tutorial.py for tasks to queue
[2026-08-12T04:38:58.889+0000] {logging_mixin.py:190} INFO - [2026-08-12T04:38:58.888+0000] {dagbag.py:587} INFO - Filling up the DagBag from /home/airflow/.local/lib/python3.12/site-packages/airflow/example_dags/tutorial.py
[2026-08-12T04:38:58.909+0000] {processor.py:925} INFO - DAG(s) 'tutorial' retrieved from /home/airflow/.local/lib/python3.12/site-packages/airflow/example_dags/tutorial.py
[2026-08-12T04:38:58.945+0000] {logging_mixin.py:190} INFO - [2026-08-12T04:38:58.945+0000] {dag.py:3211} INFO - Sync 1 DAGs
[2026-08-12T04:38:58.994+0000] {logging_mixin.py:190} INFO - [2026-08-12T04:38:58.994+0000] {dag.py:4138} INFO - Setting next_dagrun for tutorial to 2026-08-11 00:00:00+00:00, run_after=2026-08-12 00:00:00+00:00
[2026-08-12T04:38:59.032+0000] {processor.py:208} INFO - Processing /home/airflow/.local/lib/python3.12/site-packages/airflow/example_dags/tutorial.py took 0.165 seconds
[2026-08-12T04:39:29.222+0000] {processor.py:186} INFO - Started process (PID=513) to work on /home/airflow/.local/lib/python3.12/site-packages/airflow/example_dags/tutorial.py
[2026-08-12T04:39:29.226+0000] {processor.py:914} INFO - Processing file /home/airflow/.local/lib/python3.12/site-packages/airflow/example_dags/tutorial.py for tasks to queue
[2026-08-12T04:39:29.229+0000] {logging_mixin.py:190} INFO - [2026-08-12T04:39:29.229+0000] {dagbag.py:587} INFO - Filling up the DagBag from /home/airflow/.local/lib/python3.12/site-packages/airflow/example_dags/tutorial.py
[2026-08-12T04:39:29.240+0000] {processor.py:925} INFO - DAG(s) 'tutorial' retrieved from /home/airflow/.local/lib/python3.12/site-packages/airflow/example_dags/tutorial.py
[2026-08-12T04:39:29.266+0000] {logging_mixin.py:190} INFO - [2026-08-12T04:39:29.266+0000] {dag.py:3211} INFO - Sync 1 DAGs
[2026-08-12T04:39:29.296+0000] {logging_mixin.py:190} INFO - [2026-08-12T04:39:29.296+0000] {dag.py:4138} INFO - Setting next_dagrun for tutorial to 2026-08-11 00:00:00+00:00, run_after=2026-08-12 00:00:00+00:00
[2026-08-12T04:39:29.329+0000] {processor.py:208} INFO - Processing /home/airflow/.local/lib/python3.12/site-packages/airflow/example_dags/tutorial.py took 0.115 seconds
[2026-08-12T04:39:59.659+0000] {processor.py:186} INFO - Started process (PID=575) to work on /home/airflow/.local/lib/python3.12/site-packages/airflow/example_dags/tutorial.py
[2026-08-12T04:39:59.661+0000] {processor.py:914} INFO - Processing file /home/airflow/.local/lib/python3.12/site-packages/airflow/example_dags/tutorial.py for tasks to queue
[2026-08-12T04:39:59.667+0000] {logging_mixin.py:190} INFO - [2026-08-12T04:39:59.666+0000] {dagbag.py:587} INFO - Filling up the DagBag from /home/airflow/.local/lib/python3.12/site-packages/airflow/example_dags/tutorial.py
[2026-08-12T04:39:59.683+0000] {processor.py:925} INFO - DAG(s) 'tutorial' retrieved from /home/airflow/.local/lib/python3.12/site-packages/airflow/example_dags/tutorial.py
[2026-08-12T04:39:59.719+0000] {logging_mixin.py:190} INFO - [2026-08-12T04:39:59.718+0000] {dag.py:3211} INFO - Sync 1 DAGs
[2026-08-12T04:39:59.755+0000] {logging_mixin.py:190} INFO - [2026-08-12T04:39:59.754+0000] {dag.py:4138} INFO - Setting next_dagrun for tutorial to 2026-08-11 00:00:00+00:00, run_after=2026-08-12 00:00:00+00:00
[2026-08-12T04:39:59.786+0000] {processor.py:208} INFO - Processing /home/airflow/.local/lib/python3.12/site-packages/airflow/example_dags/tutorial.py took 0.136 seconds
[2026-08-12T04:40:30.626+0000] {processor.py:186} INFO - Started process (PID=637) to work on /home/airflow/.local/lib/python3.12/site-packages/airflow/example_dags/tutorial.py
[2026-08-12T04:40:30.628+0000] {processor.py:914} INFO - Processing file /home/airflow/.local/lib/python3.12/site-packages/airflow/example_dags/tutorial.py for tasks to queue
[2026-08-12T04:40:30.632+0000] {logging_mixin.py:190} INFO - [2026-08-12T04:40:30.632+0000] {dagbag.py:587} INFO - Filling up the DagBag from /home/airflow/.local/lib/python3.12/site-packages/airflow/example_dags/tutorial.py
[2026-08-12T04:40:30.646+0000] {processor.py:925} INFO - DAG(s) 'tutorial' retrieved from /home/airflow/.local/lib/python3.12/site-packages/airflow/example_dags/tutorial.py
[2026-08-12T04:40:30.677+0000] {logging_mixin.py:190} INFO - [2026-08-12T04:40:30.677+0000] {dag.py:3211} INFO - Sync 1 DAGs
[2026-08-12T04:40:30.704+0000] {logging_mixin.py:190} INFO - [2026-08-12T04:40:30.704+0000] {dag.py:4138} INFO - Setting next_dagrun for tutorial to 2026-08-11 00:00:00+00:00, run_after=2026-08-12 00:00:00+00:00
[2026-08-12T04:40:30.747+0000] {processor.py:208} INFO - Processing /home/airflow/.local/lib/python3.12/site-packages/airflow/example_dags/tutorial.py took 0.129 seconds
[2026-08-12T04:41:00.990+0000] {processor.py:186} INFO - Started process (PID=699) to work on /home/airflow/.local/lib/python3.12/site-packages/airflow/example_dags/tutorial.py
[2026-08-12T04:41:00.993+0000] {processor.py:914} INFO - Processing file /home/airflow/.local/lib/python3.12/site-packages/airflow/example_dags/tutorial.py for tasks to queue
[2026-08-12T04:41:00.997+0000] {logging_mixin.py:190} INFO - [2026-08-12T04:41:00.996+0000] {dagbag.py:587} INFO - Filling up the DagBag from /home/airflow/.local/lib/python3.12/site-packages/airflow/example_dags/tutorial.py
[2026-08-12T04:41:01.008+0000] {processor.py:925} INFO - DAG(s) 'tutorial' retrieved from /home/airflow/.local/lib/python3.12/site-packages/airflow/example_dags/tutorial.py
[2026-08-12T04:41:01.033+0000] {logging_mixin.py:190} INFO - [2026-08-12T04:41:01.032+0000] {dag.py:3211} INFO - Sync 1 DAGs
[2026-08-12T04:41:01.061+0000] {logging_mixin.py:190} INFO - [2026-08-12T04:41:01.061+0000] {dag.py:4138} INFO - Setting next_dagrun for tutorial to 2026-08-11 00:00:00+00:00, run_after=2026-08-12 00:00:00+00:00
[2026-08-12T04:41:01.088+0000] {processor.py:208} INFO - Processing /home/airflow/.local/lib/python3.12/site-packages/airflow/example_dags/tutorial.py took 0.105 seconds
[2026-08-12T04:41:31.528+0000] {processor.py:186} INFO - Started process (PID=761) to work on /home/airflow/.local/lib/python3.12/site-packages/airflow/example_dags/tutorial.py
[2026-08-12T04:41:31.531+0000] {processor.py:914} INFO - Processing file /home/airflow/.local/lib/python3.12/site-packages/airflow/example_dags/tutorial.py for tasks to queue
[2026-08-12T04:41:31.537+0000] {logging_mixin.py:190} INFO - [2026-08-12T04:41:31.536+0000] {dagbag.py:587} INFO - Filling up the DagBag from /home/airflow/.local/lib/python3.12/site-packages/airflow/example_dags/tutorial.py
[2026-08-12T04:41:31.549+0000] {processor.py:925} INFO - DAG(s) 'tutorial' retrieved from /home/airflow/.local/lib/python3.12/site-packages/airflow/example_dags/tutorial.py
[2026-08-12T04:41:31.580+0000] {logging_mixin.py:190} INFO - [2026-08-12T04:41:31.579+0000] {dag.py:3211} INFO - Sync 1 DAGs
[2026-08-12T04:41:31.615+0000] {logging_mixin.py:190} INFO - [2026-08-12T04:41:31.615+0000] {dag.py:4138} INFO - Setting next_dagrun for tutorial to 2026-08-11 00:00:00+00:00, run_after=2026-08-12 00:00:00+00:00
[2026-08-12T04:41:31.645+0000] {processor.py:208} INFO - Processing /home/airflow/.local/lib/python3.12/site-packages/airflow/example_dags/tutorial.py took 0.131 seconds
[2026-08-12T04:42:01.996+0000] {processor.py:186} INFO - Started process (PID=823) to work on /home/airflow/.local/lib/python3.12/site-packages/airflow/example_dags/tutorial.py
[2026-08-12T04:42:01.998+0000] {processor.py:914} INFO - Processing file /home/airflow/.local/lib/python3.12/site-packages/airflow/example_dags/tutorial.py for tasks to queue
[2026-08-12T04:42:02.001+0000] {logging_mixin.py:190} INFO - [2026-08-12T04:42:02.001+0000] {dagbag.py:587} INFO - Filling up the DagBag from /home/airflow/.local/lib/python3.12/site-packages/airflow/example_dags/tutorial.py
[2026-08-12T04:42:02.011+0000] {processor.py:925} INFO - DAG(s) 'tutorial' retrieved from /home/airflow/.local/lib/python3.12/site-packages/airflow/example_dags/tutorial.py
[2026-08-12T04:42:02.034+0000] {logging_mixin.py:190} INFO - [2026-08-12T04:42:02.034+0000] {dag.py:3211} INFO - Sync 1 DAGs
[2026-08-12T04:42:02.060+0000] {logging_mixin.py:190} INFO - [2026-08-12T04:42:02.060+0000] {dag.py:4138} INFO - Setting next_dagrun for tutorial to 2026-08-11 00:00:00+00:00, run_after=2026-08-12 00:00:00+00:00
[2026-08-12T04:42:02.086+0000] {processor.py:208} INFO - Processing /home/airflow/.local/lib/python3.12/site-packages/airflow/example_dags/tutorial.py took 0.096 seconds
[2026-08-12T04:42:33.158+0000] {processor.py:186} INFO - Started process (PID=885) to work on /home/airflow/.local/lib/python3.12/site-packages/airflow/example_dags/tutorial.py
[2026-08-12T04:42:33.161+0000] {processor.py:914} INFO - Processing file /home/airflow/.local/lib/python3.12/site-packages/airflow/example_dags/tutorial.py for tasks to queue
[2026-08-12T04:42:33.169+0000] {logging_mixin.py:190} INFO - [2026-08-12T04:42:33.169+0000] {dagbag.py:587} INFO - Filling up the DagBag from /home/airflow/.local/lib/python3.12/site-packages/airflow/example_dags/tutorial.py
[2026-08-12T04:42:33.194+0000] {processor.py:925} INFO - DAG(s) 'tutorial' retrieved from /home/airflow/.local/lib/python3.12/site-packages/airflow/example_dags/tutorial.py
[2026-08-12T04:42:33.239+0000] {logging_mixin.py:190} INFO - [2026-08-12T04:42:33.239+0000] {dag.py:3211} INFO - Sync 1 DAGs
[2026-08-12T04:42:33.291+0000] {logging_mixin.py:190} INFO - [2026-08-12T04:42:33.291+0000] {dag.py:4138} INFO - Setting next_dagrun for tutorial to 2026-08-11 00:00:00+00:00, run_after=2026-08-12 00:00:00+00:00
[2026-08-12T04:42:33.328+0000] {processor.py:208} INFO - Processing /home/airflow/.local/lib/python3.12/site-packages/airflow/example_dags/tutorial.py took 0.185 seconds
[2026-08-12T04:43:04.255+0000] {processor.py:186} INFO - Started process (PID=947) to work on /home/airflow/.local/lib/python3.12/site-packages/airflow/example_dags/tutorial.py
[2026-08-12T04:43:04.258+0000] {processor.py:914} INFO - Processing file /home/airflow/.local/lib/python3.12/site-packages/airflow/example_dags/tutorial.py for tasks to queue
[2026-08-12T04:43:04.262+0000] {logging_mixin.py:190} INFO - [2026-08-12T04:43:04.261+0000] {dagbag.py:587} INFO - Filling up the DagBag from /home/airflow/.local/lib/python3.12/site-packages/airflow/example_dags/tutorial.py
[2026-08-12T04:43:04.271+0000] {processor.py:925} INFO - DAG(s) 'tutorial' retrieved from /home/airflow/.local/lib/python3.12/site-packages/airflow/example_dags/tutorial.py
[2026-08-12T04:43:04.293+0000] {logging_mixin.py:190} INFO - [2026-08-12T04:43:04.293+0000] {dag.py:3211} INFO - Sync 1 DAGs
[2026-08-12T04:43:04.331+0000] {logging_mixin.py:190} INFO - [2026-08-12T04:43:04.331+0000] {dag.py:4138} INFO - Setting next_dagrun for tutorial to 2026-08-11 00:00:00+00:00, run_after=2026-08-12 00:00:00+00:00
[2026-08-12T04:43:04.356+0000] {processor.py:208} INFO - Processing /home/airflow/.local/lib/python3.12/site-packages/airflow/example_dags/tutorial.py took 0.110 seconds
[2026-08-12T04:43:34.560+0000] {processor.py:186} INFO - Started process (PID=1009) to work on /home/airflow/.local/lib/python3.12/site-packages/airflow/example_dags/tutorial.py
[2026-08-12T04:43:34.562+0000] {processor.py:914} INFO - Processing file /home/airflow/.local/lib/python3.12/site-packages/airflow/example_dags/tutorial.py for tasks to queue
[2026-08-12T04:43:34.567+0000] {logging_mixin.py:190} INFO - [2026-08-12T04:43:34.566+0000] {dagbag.py:587} INFO - Filling up the DagBag from /home/airflow/.local/lib/python3.12/site-packages/airflow/example_dags/tutorial.py
[2026-08-12T04:43:34.581+0000] {processor.py:925} INFO - DAG(s) 'tutorial' retrieved from /home/airflow/.local/lib/python3.12/site-packages/airflow/example_dags/tutorial.py
[2026-08-12T04:43:34.611+0000] {logging_mixin.py:190} INFO - [2026-08-12T04:43:34.611+0000] {dag.py:3211} INFO - Sync 1 DAGs
[2026-08-12T04:43:34.641+0000] {logging_mixin.py:190} INFO - [2026-08-12T04:43:34.641+0000] {dag.py:4138} INFO - Setting next_dagrun for tutorial to 2026-08-11 00:00:00+00:00, run_after=2026-08-12 00:00:00+00:00
[2026-08-12T04:43:34.668+0000] {processor.py:208} INFO - Processing /home/airflow/.local/lib/python3.12/site-packages/airflow/example_dags/tutorial.py took 0.117 seconds
[2026-08-12T04:44:04.791+0000] {processor.py:186} INFO - Started process (PID=1071) to work on /home/airflow/.local/lib/python3.12/site-packages/airflow/example_dags/tutorial.py
[2026-08-12T04:44:04.793+0000] {processor.py:914} INFO - Processing file /home/airflow/.local/lib/python3.12/site-packages/airflow/example_dags/tutorial.py for tasks to queue
[2026-08-12T04:44:04.799+0000] {logging_mixin.py:190} INFO - [2026-08-12T04:44:04.798+0000] {dagbag.py:587} INFO - Filling up the DagBag from /home/airflow/.local/lib/python3.12/site-packages/airflow/example_dags/tutorial.py
[2026-08-12T04:44:04.810+0000] {processor.py:925} INFO - DAG(s) 'tutorial' retrieved from /home/airflow/.local/lib/python3.12/site-packages/airflow/example_dags/tutorial.py
[2026-08-12T04:44:04.841+0000] {logging_mixin.py:190} INFO - [2026-08-12T04:44:04.840+0000] {dag.py:3211} INFO - Sync 1 DAGs
[2026-08-12T04:44:04.875+0000] {logging_mixin.py:190} INFO - [2026-08-12T04:44:04.875+0000] {dag.py:4138} INFO - Setting next_dagrun for tutorial to 2026-08-11 00:00:00+00:00, run_after=2026-08-12 00:00:00+00:00
[2026-08-12T04:44:04.908+0000] {processor.py:208} INFO - Processing /home/airflow/.local/lib/python3.12/site-packages/airflow/example_dags/tutorial.py took 0.125 seconds
[2026-08-12T04:44:35.414+0000] {processor.py:186} INFO - Started process (PID=1133) to work on /home/airflow/.local/lib/python3.12/site-packages/airflow/example_dags/tutorial.py
[2026-08-12T04:44:35.417+0000] {processor.py:914} INFO - Processing file /home/airflow/.local/lib/python3.12/site-packages/airflow/example_dags/tutorial.py for tasks to queue
[2026-08-12T04:44:35.428+0000] {logging_mixin.py:190} INFO - [2026-08-12T04:44:35.427+0000] {dagbag.py:587} INFO - Filling up the DagBag from /home/airflow/.local/lib/python3.12/site-packages/airflow/example_dags/tutorial.py
[2026-08-12T04:44:35.450+0000] {processor.py:925} INFO - DAG(s) 'tutorial' retrieved from /home/airflow/.local/lib/python3.12/site-packages/airflow/example_dags/tutorial.py
[2026-08-12T04:44:35.509+0000] {logging_mixin.py:190} INFO - [2026-08-12T04:44:35.508+0000] {dag.py:3211} INFO - Sync 1 DAGs
[2026-08-12T04:44:35.584+0000] {logging_mixin.py:190} INFO - [2026-08-12T04:44:35.583+0000] {dag.py:4138} INFO - Setting next_dagrun for tutorial to 2026-08-11 00:00:00+00:00, run_after=2026-08-12 00:00:00+00:00
[2026-08-12T04:44:35.649+0000] {processor.py:208} INFO - Processing /home/airflow/.local/lib/python3.12/site-packages/airflow/example_dags/tutorial.py took 0.249 seconds
[2026-08-12T04:45:06.256+0000] {processor.py:186} INFO - Started process (PID=1196) to work on /home/airflow/.local/lib/python3.12/site-packages/airflow/example_dags/tutorial.py
[2026-08-12T04:45:06.258+0000] {processor.py:914} INFO - Processing file /home/airflow/.local/lib/python3.12/site-packages/airflow/example_dags/tutorial.py for tasks to queue
[2026-08-12T04:45:06.263+0000] {logging_mixin.py:190} INFO - [2026-08-12T04:45:06.263+0000] {dagbag.py:587} INFO - Filling up the DagBag from /home/airflow/.local/lib/python3.12/site-packages/airflow/example_dags/tutorial.py
[2026-08-12T04:45:06.276+0000] {processor.py:925} INFO - DAG(s) 'tutorial' retrieved from /home/airflow/.local/lib/python3.12/site-packages/airflow/example_dags/tutorial.py
[2026-08-12T04:45:06.307+0000] {logging_mixin.py:190} INFO - [2026-08-12T04:45:06.307+0000] {dag.py:3211} INFO - Sync 1 DAGs
[2026-08-12T04:45:06.353+0000] {logging_mixin.py:190} INFO - [2026-08-12T04:45:06.353+0000] {dag.py:4138} INFO - Setting next_dagrun for tutorial to 2026-08-11 00:00:00+00:00, run_after=2026-08-12 00:00:00+00:00
[2026-08-12T04:45:06.388+0000] {processor.py:208} INFO - Processing /home/airflow/.local/lib/python3.12/site-packages/airflow/example_dags/tutorial.py took 0.142 seconds
[2026-08-12T04:45:36.708+0000] {processor.py:186} INFO - Started process (PID=1258) to work on /home/airflow/.local/lib/python3.12/site-packages/airflow/example_dags/tutorial.py
[2026-08-12T04:45:36.711+0000] {processor.py:914} INFO - Processing file /home/airflow/.local/lib/python3.12/site-packages/airflow/example_dags/tutorial.py for tasks to queue
[2026-08-12T04:45:36.716+0000] {logging_mixin.py:190} INFO - [2026-08-12T04:45:36.715+0000] {dagbag.py:587} INFO - Filling up the DagBag from /home/airflow/.local/lib/python3.12/site-packages/airflow/example_dags/tutorial.py
[2026-08-12T04:45:36.729+0000] {processor.py:925} INFO - DAG(s) 'tutorial' retrieved from /home/airflow/.local/lib/python3.12/site-packages/airflow/example_dags/tutorial.py
[2026-08-12T04:45:36.757+0000] {logging_mixin.py:190} INFO - [2026-08-12T04:45:36.757+0000] {dag.py:3211} INFO - Sync 1 DAGs
[2026-08-12T04:45:36.789+0000] {logging_mixin.py:190} INFO - [2026-08-12T04:45:36.788+0000] {dag.py:4138} INFO - Setting next_dagrun for tutorial to 2026-08-11 00:00:00+00:00, run_after=2026-08-12 00:00:00+00:00
[2026-08-12T04:45:36.815+0000] {processor.py:208} INFO - Processing /home/airflow/.local/lib/python3.12/site-packages/airflow/example_dags/tutorial.py took 0.116 seconds
[2026-08-12T04:46:07.296+0000] {processor.py:186} INFO - Started process (PID=1320) to work on /home/airflow/.local/lib/python3.12/site-packages/airflow/example_dags/tutorial.py
[2026-08-12T04:46:07.298+0000] {processor.py:914} INFO - Processing file /home/airflow/.local/lib/python3.12/site-packages/airflow/example_dags/tutorial.py for tasks to queue
[2026-08-12T04:46:07.302+0000] {logging_mixin.py:190} INFO - [2026-08-12T04:46:07.301+0000] {dagbag.py:587} INFO - Filling up the DagBag from /home/airflow/.local/lib/python3.12/site-packages/airflow/example_dags/tutorial.py
[2026-08-12T04:46:07.311+0000] {processor.py:925} INFO - DAG(s) 'tutorial' retrieved from /home/airflow/.local/lib/python3.12/site-packages/airflow/example_dags/tutorial.py
[2026-08-12T04:46:07.338+0000] {logging_mixin.py:190} INFO - [2026-08-12T04:46:07.338+0000] {dag.py:3211} INFO - Sync 1 DAGs
[2026-08-12T04:46:07.362+0000] {logging_mixin.py:190} INFO - [2026-08-12T04:46:07.362+0000] {dag.py:4138} INFO - Setting next_dagrun for tutorial to 2026-08-11 00:00:00+00:00, run_after=2026-08-12 00:00:00+00:00
[2026-08-12T04:46:07.382+0000] {processor.py:208} INFO - Processing /home/airflow/.local/lib/python3.12/site-packages/airflow/example_dags/tutorial.py took 0.092 seconds
[2026-08-12T04:46:37.807+0000] {processor.py:186} INFO - Started process (PID=1382) to work on /home/airflow/.local/lib/python3.12/site-packages/airflow/example_dags/tutorial.py
[2026-08-12T04:46:37.809+0000] {processor.py:914} INFO - Processing file /home/airflow/.local/lib/python3.12/site-packages/airflow/example_dags/tutorial.py for tasks to queue
[2026-08-12T04:46:37.814+0000] {logging_mixin.py:190} INFO - [2026-08-12T04:46:37.814+0000] {dagbag.py:587} INFO - Filling up the DagBag from /home/airflow/.local/lib/python3.12/site-packages/airflow/example_dags/tutorial.py
[2026-08-12T04:46:37.824+0000] {processor.py:925} INFO - DAG(s) 'tutorial' retrieved from /home/airflow/.local/lib/python3.12/site-packages/airflow/example_dags/tutorial.py
[2026-08-12T04:46:37.854+0000] {logging_mixin.py:190} INFO - [2026-08-12T04:46:37.854+0000] {dag.py:3211} INFO - Sync 1 DAGs
[2026-08-12T04:46:37.879+0000] {logging_mixin.py:190} INFO - [2026-08-12T04:46:37.879+0000] {dag.py:4138} INFO - Setting next_dagrun for tutorial to 2026-08-11 00:00:00+00:00, run_after=2026-08-12 00:00:00+00:00
[2026-08-12T04:46:37.912+0000] {processor.py:208} INFO - Processing /home/airflow/.local/lib/python3.12/site-packages/airflow/example_dags/tutorial.py took 0.110 seconds
