[2026-08-12T04:32:02.853+0000] {processor.py:186} INFO - Started process (PID=121) to work on /home/airflow/.local/lib/python3.12/site-packages/airflow/example_dags/tutorial_dag.py
[2026-08-12T04:32:02.856+0000] {processor.py:914} INFO - Processing file /home/airflow/.local/lib/python3.12/site-packages/airflow/example_dags/tutorial_dag.py for tasks to queue
[2026-08-12T04:32:02.865+0000] {logging_mixin.py:190} INFO - [2026-08-12T04:32:02.864+0000] {dagbag.py:587} INFO - Filling up the DagBag from /home/airflow/.local/lib/python3.12/site-packages/airflow/example_dags/tutorial_dag.py
[2026-08-12T04:32:02.883+0000] {processor.py:925} INFO - DAG(s) 'tutorial_dag' retrieved from /home/airflow/.local/lib/python3.12/site-packages/airflow/example_dags/tutorial_dag.py
[2026-08-12T04:32:03.086+0000] {logging_mixin.py:190} INFO - [2026-08-12T04:32:03.085+0000] {override.py:1858} INFO - Created Permission View: can edit on DAG:tutorial_dag
[2026-08-12T04:32:03.105+0000] {logging_mixin.py:190} INFO - [2026-08-12T04:32:03.105+0000] {override.py:1858} INFO - Created Permission View: can read on DAG:tutorial_dag
[2026-08-12T04:32:03.121+0000] {logging_mixin.py:190} INFO - [2026-08-12T04:32:03.121+0000] {override.py:1858} INFO - Created Permission View: can delete on DAG:tutorial_dag
[2026-08-12T04:32:03.124+0000] {logging_mixin.py:190} INFO - [2026-08-12T04:32:03.123+0000] {dag.py:3211} INFO - Sync 1 DAGs
[2026-08-12T04:32:03.152+0000] {logging_mixin.py:190} INFO - [2026-08-12T04:32:03.151+0000] {dag.py:3234} INFO - Creating ORM DAG for tutorial_dag
[2026-08-12T04:32:03.155+0000] {logging_mixin.py:190} INFO - [2026-08-12T04:32:03.154+0000] {dag.py:4138} INFO - Setting next_dagrun for tutorial_dag to None, run_after=None
[2026-08-12T04:32:03.193+0000] {processor.py:208} INFO - Processing /home/airflow/.local/lib/python3.12/site-packages/airflow/example_dags/tutorial_dag.py took 0.357 seconds
[2026-08-12T04:32:34.070+0000] {processor.py:186} INFO - Started process (PID=184) to work on /home/airflow/.local/lib/python3.12/site-packages/airflow/example_dags/tutorial_dag.py
[2026-08-12T04:32:34.072+0000] {processor.py:914} INFO - Processing file /home/airflow/.local/lib/python3.12/site-packages/airflow/example_dags/tutorial_dag.py for tasks to queue
[2026-08-12T04:32:34.078+0000] {logging_mixin.py:190} INFO - [2026-08-12T04:32:34.077+0000] {dagbag.py:587} INFO - Filling up the DagBag from /home/airflow/.local/lib/python3.12/site-packages/airflow/example_dags/tutorial_dag.py
[2026-08-12T04:32:34.088+0000] {processor.py:925} INFO - DAG(s) 'tutorial_dag' retrieved from /home/airflow/.local/lib/python3.12/site-packages/airflow/example_dags/tutorial_dag.py
[2026-08-12T04:32:34.122+0000] {logging_mixin.py:190} INFO - [2026-08-12T04:32:34.122+0000] {dag.py:3211} INFO - Sync 1 DAGs
[2026-08-12T04:32:34.151+0000] {logging_mixin.py:190} INFO - [2026-08-12T04:32:34.150+0000] {dag.py:4138} INFO - Setting next_dagrun for tutorial_dag to None, run_after=None
[2026-08-12T04:32:34.220+0000] {processor.py:208} INFO - Processing /home/airflow/.local/lib/python3.12/site-packages/airflow/example_dags/tutorial_dag.py took 0.160 seconds
[2026-08-12T04:33:05.143+0000] {processor.py:186} INFO - Started process (PID=246) to work on /home/airflow/.local/lib/python3.12/site-packages/airflow/example_dags/tutorial_dag.py
[2026-08-12T04:33:05.147+0000] {processor.py:914} INFO - Processing file /home/airflow/.local/lib/python3.12/site-packages/airflow/example_dags/tutorial_dag.py for tasks to queue
[2026-08-12T04:33:05.152+0000] {logging_mixin.py:190} INFO - [2026-08-12T04:33:05.151+0000] {dagbag.py:587} INFO - Filling up the DagBag from /home/airflow/.local/lib/python3.12/site-packages/airflow/example_dags/tutorial_dag.py
[2026-08-12T04:33:05.162+0000] {processor.py:925} INFO - DAG(s) 'tutorial_dag' retrieved from /home/airflow/.local/lib/python3.12/site-packages/airflow/example_dags/tutorial_dag.py
[2026-08-12T04:33:05.196+0000] {logging_mixin.py:190} INFO - [2026-08-12T04:33:05.196+0000] {dag.py:3211} INFO - Sync 1 DAGs
[2026-08-12T04:33:05.221+0000] {logging_mixin.py:190} INFO - [2026-08-12T04:33:05.220+0000] {dag.py:4138} INFO - Setting next_dagrun for tutorial_dag to None, run_after=None
[2026-08-12T04:33:05.261+0000] {processor.py:208} INFO - Processing /home/airflow/.local/lib/python3.12/site-packages/airflow/example_dags/tutorial_dag.py took 0.131 seconds
[2026-08-12T04:33:35.638+0000] {processor.py:186} INFO - Started process (PID=308) to work on /home/airflow/.local/lib/python3.12/site-packages/airflow/example_dags/tutorial_dag.py
[2026-08-12T04:33:35.641+0000] {processor.py:914} INFO - Processing file /home/airflow/.local/lib/python3.12/site-packages/airflow/example_dags/tutorial_dag.py for tasks to queue
[2026-08-12T04:33:35.647+0000] {logging_mixin.py:190} INFO - [2026-08-12T04:33:35.646+0000] {dagbag.py:587} INFO - Filling up the DagBag from /home/airflow/.local/lib/python3.12/site-packages/airflow/example_dags/tutorial_dag.py
[2026-08-12T04:33:35.659+0000] {processor.py:925} INFO - DAG(s) 'tutorial_dag' retrieved from /home/airflow/.local/lib/python3.12/site-packages/airflow/example_dags/tutorial_dag.py
[2026-08-12T04:33:35.689+0000] {logging_mixin.py:190} INFO - [2026-08-12T04:33:35.689+0000] {dag.py:3211} INFO - Sync 1 DAGs
[2026-08-12T04:33:35.709+0000] {logging_mixin.py:190} INFO - [2026-08-12T04:33:35.708+0000] {dag.py:4138} INFO - Setting next_dagrun for tutorial_dag to None, run_after=None
[2026-08-12T04:33:35.742+0000] {processor.py:208} INFO - Processing /home/airflow/.local/lib/python3.12/site-packages/airflow/example_dags/tutorial_dag.py took 0.112 seconds
[2026-08-12T04:34:06.584+0000] {processor.py:186} INFO - Started process (PID=370) to work on /home/airflow/.local/lib/python3.12/site-packages/airflow/example_dags/tutorial_dag.py
[2026-08-12T04:34:06.586+0000] {processor.py:914} INFO - Processing file /home/airflow/.local/lib/python3.12/site-packages/airflow/example_dags/tutorial_dag.py for tasks to queue
[2026-08-12T04:34:06.593+0000] {logging_mixin.py:190} INFO - [2026-08-12T04:34:06.592+0000] {dagbag.py:587} INFO - Filling up the DagBag from /home/airflow/.local/lib/python3.12/site-packages/airflow/example_dags/tutorial_dag.py
[2026-08-12T04:34:06.616+0000] {processor.py:925} INFO - DAG(s) 'tutorial_dag' retrieved from /home/airflow/.local/lib/python3.12/site-packages/airflow/example_dags/tutorial_dag.py
[2026-08-12T04:34:06.662+0000] {logging_mixin.py:190} INFO - [2026-08-12T04:34:06.661+0000] {dag.py:3211} INFO - Sync 1 DAGs
[2026-08-12T04:34:06.684+0000] {logging_mixin.py:190} INFO - [2026-08-12T04:34:06.684+0000] {dag.py:4138} INFO - Setting next_dagrun for tutorial_dag to None, run_after=None
[2026-08-12T04:34:06.734+0000] {processor.py:208} INFO - Processing /home/airflow/.local/lib/python3.12/site-packages/airflow/example_dags/tutorial_dag.py took 0.175 seconds
[2026-08-12T04:36:01.955+0000] {processor.py:186} INFO - Started process (PID=114) to work on /home/airflow/.local/lib/python3.12/site-packages/airflow/example_dags/tutorial_dag.py
[2026-08-12T04:36:01.958+0000] {processor.py:914} INFO - Processing file /home/airflow/.local/lib/python3.12/site-packages/airflow/example_dags/tutorial_dag.py for tasks to queue
[2026-08-12T04:36:01.964+0000] {logging_mixin.py:190} INFO - [2026-08-12T04:36:01.963+0000] {dagbag.py:587} INFO - Filling up the DagBag from /home/airflow/.local/lib/python3.12/site-packages/airflow/example_dags/tutorial_dag.py
[2026-08-12T04:36:01.981+0000] {processor.py:925} INFO - DAG(s) 'tutorial_dag' retrieved from /home/airflow/.local/lib/python3.12/site-packages/airflow/example_dags/tutorial_dag.py
[2026-08-12T04:36:02.022+0000] {logging_mixin.py:190} INFO - [2026-08-12T04:36:02.021+0000] {dag.py:3211} INFO - Sync 1 DAGs
[2026-08-12T04:36:02.060+0000] {logging_mixin.py:190} INFO - [2026-08-12T04:36:02.060+0000] {dag.py:4138} INFO - Setting next_dagrun for tutorial_dag to None, run_after=None
[2026-08-12T04:36:02.126+0000] {processor.py:208} INFO - Processing /home/airflow/.local/lib/python3.12/site-packages/airflow/example_dags/tutorial_dag.py took 0.182 seconds
[2026-08-12T04:36:32.475+0000] {processor.py:186} INFO - Started process (PID=176) to work on /home/airflow/.local/lib/python3.12/site-packages/airflow/example_dags/tutorial_dag.py
[2026-08-12T04:36:32.479+0000] {processor.py:914} INFO - Processing file /home/airflow/.local/lib/python3.12/site-packages/airflow/example_dags/tutorial_dag.py for tasks to queue
[2026-08-12T04:36:32.486+0000] {logging_mixin.py:190} INFO - [2026-08-12T04:36:32.484+0000] {dagbag.py:587} INFO - Filling up the DagBag from /home/airflow/.local/lib/python3.12/site-packages/airflow/example_dags/tutorial_dag.py
[2026-08-12T04:36:32.506+0000] {processor.py:925} INFO - DAG(s) 'tutorial_dag' retrieved from /home/airflow/.local/lib/python3.12/site-packages/airflow/example_dags/tutorial_dag.py
[2026-08-12T04:36:32.552+0000] {logging_mixin.py:190} INFO - [2026-08-12T04:36:32.552+0000] {dag.py:3211} INFO - Sync 1 DAGs
[2026-08-12T04:36:32.580+0000] {logging_mixin.py:190} INFO - [2026-08-12T04:36:32.579+0000] {dag.py:4138} INFO - Setting next_dagrun for tutorial_dag to None, run_after=None
[2026-08-12T04:36:32.617+0000] {processor.py:208} INFO - Processing /home/airflow/.local/lib/python3.12/site-packages/airflow/example_dags/tutorial_dag.py took 0.168 seconds
[2026-08-12T04:37:02.953+0000] {processor.py:186} INFO - Started process (PID=238) to work on /home/airflow/.local/lib/python3.12/site-packages/airflow/example_dags/tutorial_dag.py
[2026-08-12T04:37:02.956+0000] {processor.py:914} INFO - Processing file /home/airflow/.local/lib/python3.12/site-packages/airflow/example_dags/tutorial_dag.py for tasks to queue
[2026-08-12T04:37:02.959+0000] {logging_mixin.py:190} INFO - [2026-08-12T04:37:02.959+0000] {dagbag.py:587} INFO - Filling up the DagBag from /home/airflow/.local/lib/python3.12/site-packages/airflow/example_dags/tutorial_dag.py
[2026-08-12T04:37:02.983+0000] {processor.py:925} INFO - DAG(s) 'tutorial_dag' retrieved from /home/airflow/.local/lib/python3.12/site-packages/airflow/example_dags/tutorial_dag.py
[2026-08-12T04:37:03.014+0000] {logging_mixin.py:190} INFO - [2026-08-12T04:37:03.014+0000] {dag.py:3211} INFO - Sync 1 DAGs
[2026-08-12T04:37:03.038+0000] {logging_mixin.py:190} INFO - [2026-08-12T04:37:03.038+0000] {dag.py:4138} INFO - Setting next_dagrun for tutorial_dag to None, run_after=None
[2026-08-12T04:37:03.074+0000] {processor.py:208} INFO - Processing /home/airflow/.local/lib/python3.12/site-packages/airflow/example_dags/tutorial_dag.py took 0.128 seconds
[2026-08-12T04:37:33.548+0000] {processor.py:186} INFO - Started process (PID=300) to work on /home/airflow/.local/lib/python3.12/site-packages/airflow/example_dags/tutorial_dag.py
[2026-08-12T04:37:33.549+0000] {processor.py:914} INFO - Processing file /home/airflow/.local/lib/python3.12/site-packages/airflow/example_dags/tutorial_dag.py for tasks to queue
[2026-08-12T04:37:33.558+0000] {logging_mixin.py:190} INFO - [2026-08-12T04:37:33.557+0000] {dagbag.py:587} INFO - Filling up the DagBag from /home/airflow/.local/lib/python3.12/site-packages/airflow/example_dags/tutorial_dag.py
[2026-08-12T04:37:33.575+0000] {processor.py:925} INFO - DAG(s) 'tutorial_dag' retrieved from /home/airflow/.local/lib/python3.12/site-packages/airflow/example_dags/tutorial_dag.py
[2026-08-12T04:37:33.615+0000] {logging_mixin.py:190} INFO - [2026-08-12T04:37:33.615+0000] {dag.py:3211} INFO - Sync 1 DAGs
[2026-08-12T04:37:33.634+0000] {logging_mixin.py:190} INFO - [2026-08-12T04:37:33.634+0000] {dag.py:4138} INFO - Setting next_dagrun for tutorial_dag to None, run_after=None
[2026-08-12T04:37:33.660+0000] {processor.py:208} INFO - Processing /home/airflow/.local/lib/python3.12/site-packages/airflow/example_dags/tutorial_dag.py took 0.123 seconds
[2026-08-12T04:38:04.616+0000] {processor.py:186} INFO - Started process (PID=362) to work on /home/airflow/.local/lib/python3.12/site-packages/airflow/example_dags/tutorial_dag.py
[2026-08-12T04:38:04.617+0000] {processor.py:914} INFO - Processing file /home/airflow/.local/lib/python3.12/site-packages/airflow/example_dags/tutorial_dag.py for tasks to queue
[2026-08-12T04:38:04.633+0000] {logging_mixin.py:190} INFO - [2026-08-12T04:38:04.632+0000] {dagbag.py:587} INFO - Filling up the DagBag from /home/airflow/.local/lib/python3.12/site-packages/airflow/example_dags/tutorial_dag.py
[2026-08-12T04:38:04.647+0000] {processor.py:925} INFO - DAG(s) 'tutorial_dag' retrieved from /home/airflow/.local/lib/python3.12/site-packages/airflow/example_dags/tutorial_dag.py
[2026-08-12T04:38:04.676+0000] {logging_mixin.py:190} INFO - [2026-08-12T04:38:04.675+0000] {dag.py:3211} INFO - Sync 1 DAGs
[2026-08-12T04:38:04.693+0000] {logging_mixin.py:190} INFO - [2026-08-12T04:38:04.693+0000] {dag.py:4138} INFO - Setting next_dagrun for tutorial_dag to None, run_after=None
[2026-08-12T04:38:04.717+0000] {processor.py:208} INFO - Processing /home/airflow/.local/lib/python3.12/site-packages/airflow/example_dags/tutorial_dag.py took 0.107 seconds
[2026-08-12T04:38:35.416+0000] {processor.py:186} INFO - Started process (PID=424) to work on /home/airflow/.local/lib/python3.12/site-packages/airflow/example_dags/tutorial_dag.py
[2026-08-12T04:38:35.419+0000] {processor.py:914} INFO - Processing file /home/airflow/.local/lib/python3.12/site-packages/airflow/example_dags/tutorial_dag.py for tasks to queue
[2026-08-12T04:38:35.435+0000] {logging_mixin.py:190} INFO - [2026-08-12T04:38:35.433+0000] {dagbag.py:587} INFO - Filling up the DagBag from /home/airflow/.local/lib/python3.12/site-packages/airflow/example_dags/tutorial_dag.py
[2026-08-12T04:38:35.467+0000] {processor.py:925} INFO - DAG(s) 'tutorial_dag' retrieved from /home/airflow/.local/lib/python3.12/site-packages/airflow/example_dags/tutorial_dag.py
[2026-08-12T04:38:35.515+0000] {logging_mixin.py:190} INFO - [2026-08-12T04:38:35.515+0000] {dag.py:3211} INFO - Sync 1 DAGs
[2026-08-12T04:38:35.549+0000] {logging_mixin.py:190} INFO - [2026-08-12T04:38:35.548+0000] {dag.py:4138} INFO - Setting next_dagrun for tutorial_dag to None, run_after=None
[2026-08-12T04:38:35.585+0000] {processor.py:208} INFO - Processing /home/airflow/.local/lib/python3.12/site-packages/airflow/example_dags/tutorial_dag.py took 0.186 seconds
[2026-08-12T04:39:06.463+0000] {processor.py:186} INFO - Started process (PID=486) to work on /home/airflow/.local/lib/python3.12/site-packages/airflow/example_dags/tutorial_dag.py
[2026-08-12T04:39:06.466+0000] {processor.py:914} INFO - Processing file /home/airflow/.local/lib/python3.12/site-packages/airflow/example_dags/tutorial_dag.py for tasks to queue
[2026-08-12T04:39:06.472+0000] {logging_mixin.py:190} INFO - [2026-08-12T04:39:06.471+0000] {dagbag.py:587} INFO - Filling up the DagBag from /home/airflow/.local/lib/python3.12/site-packages/airflow/example_dags/tutorial_dag.py
[2026-08-12T04:39:06.485+0000] {processor.py:925} INFO - DAG(s) 'tutorial_dag' retrieved from /home/airflow/.local/lib/python3.12/site-packages/airflow/example_dags/tutorial_dag.py
[2026-08-12T04:39:06.518+0000] {logging_mixin.py:190} INFO - [2026-08-12T04:39:06.518+0000] {dag.py:3211} INFO - Sync 1 DAGs
[2026-08-12T04:39:06.545+0000] {logging_mixin.py:190} INFO - [2026-08-12T04:39:06.545+0000] {dag.py:4138} INFO - Setting next_dagrun for tutorial_dag to None, run_after=None
[2026-08-12T04:39:06.581+0000] {processor.py:208} INFO - Processing /home/airflow/.local/lib/python3.12/site-packages/airflow/example_dags/tutorial_dag.py took 0.126 seconds
[2026-08-12T04:39:38.530+0000] {processor.py:186} INFO - Started process (PID=548) to work on /home/airflow/.local/lib/python3.12/site-packages/airflow/example_dags/tutorial_dag.py
[2026-08-12T04:39:38.541+0000] {processor.py:914} INFO - Processing file /home/airflow/.local/lib/python3.12/site-packages/airflow/example_dags/tutorial_dag.py for tasks to queue
[2026-08-12T04:39:38.563+0000] {logging_mixin.py:190} INFO - [2026-08-12T04:39:38.562+0000] {dagbag.py:587} INFO - Filling up the DagBag from /home/airflow/.local/lib/python3.12/site-packages/airflow/example_dags/tutorial_dag.py
[2026-08-12T04:39:38.597+0000] {processor.py:925} INFO - DAG(s) 'tutorial_dag' retrieved from /home/airflow/.local/lib/python3.12/site-packages/airflow/example_dags/tutorial_dag.py
[2026-08-12T04:39:38.644+0000] {logging_mixin.py:190} INFO - [2026-08-12T04:39:38.644+0000] {dag.py:3211} INFO - Sync 1 DAGs
[2026-08-12T04:39:38.674+0000] {logging_mixin.py:190} INFO - [2026-08-12T04:39:38.673+0000] {dag.py:4138} INFO - Setting next_dagrun for tutorial_dag to None, run_after=None
[2026-08-12T04:39:38.716+0000] {processor.py:208} INFO - Processing /home/airflow/.local/lib/python3.12/site-packages/airflow/example_dags/tutorial_dag.py took 0.199 seconds
[2026-08-12T04:40:09.668+0000] {processor.py:186} INFO - Started process (PID=610) to work on /home/airflow/.local/lib/python3.12/site-packages/airflow/example_dags/tutorial_dag.py
[2026-08-12T04:40:09.674+0000] {processor.py:914} INFO - Processing file /home/airflow/.local/lib/python3.12/site-packages/airflow/example_dags/tutorial_dag.py for tasks to queue
[2026-08-12T04:40:09.679+0000] {logging_mixin.py:190} INFO - [2026-08-12T04:40:09.679+0000] {dagbag.py:587} INFO - Filling up the DagBag from /home/airflow/.local/lib/python3.12/site-packages/airflow/example_dags/tutorial_dag.py
[2026-08-12T04:40:09.694+0000] {processor.py:925} INFO - DAG(s) 'tutorial_dag' retrieved from /home/airflow/.local/lib/python3.12/site-packages/airflow/example_dags/tutorial_dag.py
[2026-08-12T04:40:09.737+0000] {logging_mixin.py:190} INFO - [2026-08-12T04:40:09.736+0000] {dag.py:3211} INFO - Sync 1 DAGs
[2026-08-12T04:40:09.783+0000] {logging_mixin.py:190} INFO - [2026-08-12T04:40:09.783+0000] {dag.py:4138} INFO - Setting next_dagrun for tutorial_dag to None, run_after=None
[2026-08-12T04:40:09.815+0000] {processor.py:208} INFO - Processing /home/airflow/.local/lib/python3.12/site-packages/airflow/example_dags/tutorial_dag.py took 0.169 seconds
[2026-08-12T04:40:40.038+0000] {processor.py:186} INFO - Started process (PID=672) to work on /home/airflow/.local/lib/python3.12/site-packages/airflow/example_dags/tutorial_dag.py
[2026-08-12T04:40:40.053+0000] {processor.py:914} INFO - Processing file /home/airflow/.local/lib/python3.12/site-packages/airflow/example_dags/tutorial_dag.py for tasks to queue
[2026-08-12T04:40:40.059+0000] {logging_mixin.py:190} INFO - [2026-08-12T04:40:40.059+0000] {dagbag.py:587} INFO - Filling up the DagBag from /home/airflow/.local/lib/python3.12/site-packages/airflow/example_dags/tutorial_dag.py
[2026-08-12T04:40:40.070+0000] {processor.py:925} INFO - DAG(s) 'tutorial_dag' retrieved from /home/airflow/.local/lib/python3.12/site-packages/airflow/example_dags/tutorial_dag.py
[2026-08-12T04:40:40.115+0000] {logging_mixin.py:190} INFO - [2026-08-12T04:40:40.115+0000] {dag.py:3211} INFO - Sync 1 DAGs
[2026-08-12T04:40:40.134+0000] {logging_mixin.py:190} INFO - [2026-08-12T04:40:40.133+0000] {dag.py:4138} INFO - Setting next_dagrun for tutorial_dag to None, run_after=None
[2026-08-12T04:40:40.164+0000] {processor.py:208} INFO - Processing /home/airflow/.local/lib/python3.12/site-packages/airflow/example_dags/tutorial_dag.py took 0.134 seconds
[2026-08-12T04:41:10.457+0000] {processor.py:186} INFO - Started process (PID=734) to work on /home/airflow/.local/lib/python3.12/site-packages/airflow/example_dags/tutorial_dag.py
[2026-08-12T04:41:10.460+0000] {processor.py:914} INFO - Processing file /home/airflow/.local/lib/python3.12/site-packages/airflow/example_dags/tutorial_dag.py for tasks to queue
[2026-08-12T04:41:10.463+0000] {logging_mixin.py:190} INFO - [2026-08-12T04:41:10.463+0000] {dagbag.py:587} INFO - Filling up the DagBag from /home/airflow/.local/lib/python3.12/site-packages/airflow/example_dags/tutorial_dag.py
[2026-08-12T04:41:10.475+0000] {processor.py:925} INFO - DAG(s) 'tutorial_dag' retrieved from /home/airflow/.local/lib/python3.12/site-packages/airflow/example_dags/tutorial_dag.py
[2026-08-12T04:41:10.505+0000] {logging_mixin.py:190} INFO - [2026-08-12T04:41:10.505+0000] {dag.py:3211} INFO - Sync 1 DAGs
[2026-08-12T04:41:10.524+0000] {logging_mixin.py:190} INFO - [2026-08-12T04:41:10.523+0000] {dag.py:4138} INFO - Setting next_dagrun for tutorial_dag to None, run_after=None
[2026-08-12T04:41:10.552+0000] {processor.py:208} INFO - Processing /home/airflow/.local/lib/python3.12/site-packages/airflow/example_dags/tutorial_dag.py took 0.101 seconds
[2026-08-12T04:41:40.656+0000] {processor.py:186} INFO - Started process (PID=796) to work on /home/airflow/.local/lib/python3.12/site-packages/airflow/example_dags/tutorial_dag.py
[2026-08-12T04:41:40.661+0000] {processor.py:914} INFO - Processing file /home/airflow/.local/lib/python3.12/site-packages/airflow/example_dags/tutorial_dag.py for tasks to queue
[2026-08-12T04:41:40.665+0000] {logging_mixin.py:190} INFO - [2026-08-12T04:41:40.664+0000] {dagbag.py:587} INFO - Filling up the DagBag from /home/airflow/.local/lib/python3.12/site-packages/airflow/example_dags/tutorial_dag.py
[2026-08-12T04:41:40.679+0000] {processor.py:925} INFO - DAG(s) 'tutorial_dag' retrieved from /home/airflow/.local/lib/python3.12/site-packages/airflow/example_dags/tutorial_dag.py
[2026-08-12T04:41:40.706+0000] {logging_mixin.py:190} INFO - [2026-08-12T04:41:40.705+0000] {dag.py:3211} INFO - Sync 1 DAGs
[2026-08-12T04:41:40.728+0000] {logging_mixin.py:190} INFO - [2026-08-12T04:41:40.728+0000] {dag.py:4138} INFO - Setting next_dagrun for tutorial_dag to None, run_after=None
[2026-08-12T04:41:40.764+0000] {processor.py:208} INFO - Processing /home/airflow/.local/lib/python3.12/site-packages/airflow/example_dags/tutorial_dag.py took 0.115 seconds
[2026-08-12T04:42:10.902+0000] {processor.py:186} INFO - Started process (PID=858) to work on /home/airflow/.local/lib/python3.12/site-packages/airflow/example_dags/tutorial_dag.py
[2026-08-12T04:42:10.904+0000] {processor.py:914} INFO - Processing file /home/airflow/.local/lib/python3.12/site-packages/airflow/example_dags/tutorial_dag.py for tasks to queue
[2026-08-12T04:42:10.908+0000] {logging_mixin.py:190} INFO - [2026-08-12T04:42:10.908+0000] {dagbag.py:587} INFO - Filling up the DagBag from /home/airflow/.local/lib/python3.12/site-packages/airflow/example_dags/tutorial_dag.py
[2026-08-12T04:42:10.917+0000] {processor.py:925} INFO - DAG(s) 'tutorial_dag' retrieved from /home/airflow/.local/lib/python3.12/site-packages/airflow/example_dags/tutorial_dag.py
[2026-08-12T04:42:10.943+0000] {logging_mixin.py:190} INFO - [2026-08-12T04:42:10.943+0000] {dag.py:3211} INFO - Sync 1 DAGs
[2026-08-12T04:42:10.959+0000] {logging_mixin.py:190} INFO - [2026-08-12T04:42:10.958+0000] {dag.py:4138} INFO - Setting next_dagrun for tutorial_dag to None, run_after=None
[2026-08-12T04:42:10.982+0000] {processor.py:208} INFO - Processing /home/airflow/.local/lib/python3.12/site-packages/airflow/example_dags/tutorial_dag.py took 0.087 seconds
[2026-08-12T04:42:41.327+0000] {processor.py:186} INFO - Started process (PID=920) to work on /home/airflow/.local/lib/python3.12/site-packages/airflow/example_dags/tutorial_dag.py
[2026-08-12T04:42:41.329+0000] {processor.py:914} INFO - Processing file /home/airflow/.local/lib/python3.12/site-packages/airflow/example_dags/tutorial_dag.py for tasks to queue
[2026-08-12T04:42:41.333+0000] {logging_mixin.py:190} INFO - [2026-08-12T04:42:41.332+0000] {dagbag.py:587} INFO - Filling up the DagBag from /home/airflow/.local/lib/python3.12/site-packages/airflow/example_dags/tutorial_dag.py
[2026-08-12T04:42:41.342+0000] {processor.py:925} INFO - DAG(s) 'tutorial_dag' retrieved from /home/airflow/.local/lib/python3.12/site-packages/airflow/example_dags/tutorial_dag.py
[2026-08-12T04:42:41.367+0000] {logging_mixin.py:190} INFO - [2026-08-12T04:42:41.367+0000] {dag.py:3211} INFO - Sync 1 DAGs
[2026-08-12T04:42:41.384+0000] {logging_mixin.py:190} INFO - [2026-08-12T04:42:41.384+0000] {dag.py:4138} INFO - Setting next_dagrun for tutorial_dag to None, run_after=None
[2026-08-12T04:42:41.407+0000] {processor.py:208} INFO - Processing /home/airflow/.local/lib/python3.12/site-packages/airflow/example_dags/tutorial_dag.py took 0.085 seconds
[2026-08-12T04:43:11.586+0000] {processor.py:186} INFO - Started process (PID=988) to work on /home/airflow/.local/lib/python3.12/site-packages/airflow/example_dags/tutorial_dag.py
[2026-08-12T04:43:11.588+0000] {processor.py:914} INFO - Processing file /home/airflow/.local/lib/python3.12/site-packages/airflow/example_dags/tutorial_dag.py for tasks to queue
[2026-08-12T04:43:11.591+0000] {logging_mixin.py:190} INFO - [2026-08-12T04:43:11.591+0000] {dagbag.py:587} INFO - Filling up the DagBag from /home/airflow/.local/lib/python3.12/site-packages/airflow/example_dags/tutorial_dag.py
[2026-08-12T04:43:11.599+0000] {processor.py:925} INFO - DAG(s) 'tutorial_dag' retrieved from /home/airflow/.local/lib/python3.12/site-packages/airflow/example_dags/tutorial_dag.py
[2026-08-12T04:43:11.620+0000] {logging_mixin.py:190} INFO - [2026-08-12T04:43:11.620+0000] {dag.py:3211} INFO - Sync 1 DAGs
[2026-08-12T04:43:11.641+0000] {logging_mixin.py:190} INFO - [2026-08-12T04:43:11.641+0000] {dag.py:4138} INFO - Setting next_dagrun for tutorial_dag to None, run_after=None
[2026-08-12T04:43:11.665+0000] {processor.py:208} INFO - Processing /home/airflow/.local/lib/python3.12/site-packages/airflow/example_dags/tutorial_dag.py took 0.084 seconds
[2026-08-12T04:43:42.890+0000] {processor.py:186} INFO - Started process (PID=1050) to work on /home/airflow/.local/lib/python3.12/site-packages/airflow/example_dags/tutorial_dag.py
[2026-08-12T04:43:42.892+0000] {processor.py:914} INFO - Processing file /home/airflow/.local/lib/python3.12/site-packages/airflow/example_dags/tutorial_dag.py for tasks to queue
[2026-08-12T04:43:42.895+0000] {logging_mixin.py:190} INFO - [2026-08-12T04:43:42.895+0000] {dagbag.py:587} INFO - Filling up the DagBag from /home/airflow/.local/lib/python3.12/site-packages/airflow/example_dags/tutorial_dag.py
[2026-08-12T04:43:42.903+0000] {processor.py:925} INFO - DAG(s) 'tutorial_dag' retrieved from /home/airflow/.local/lib/python3.12/site-packages/airflow/example_dags/tutorial_dag.py
[2026-08-12T04:43:42.922+0000] {logging_mixin.py:190} INFO - [2026-08-12T04:43:42.922+0000] {dag.py:3211} INFO - Sync 1 DAGs
[2026-08-12T04:43:42.936+0000] {logging_mixin.py:190} INFO - [2026-08-12T04:43:42.936+0000] {dag.py:4138} INFO - Setting next_dagrun for tutorial_dag to None, run_after=None
[2026-08-12T04:43:42.963+0000] {processor.py:208} INFO - Processing /home/airflow/.local/lib/python3.12/site-packages/airflow/example_dags/tutorial_dag.py took 0.078 seconds
[2026-08-12T04:44:14.201+0000] {processor.py:186} INFO - Started process (PID=1112) to work on /home/airflow/.local/lib/python3.12/site-packages/airflow/example_dags/tutorial_dag.py
[2026-08-12T04:44:14.204+0000] {processor.py:914} INFO - Processing file /home/airflow/.local/lib/python3.12/site-packages/airflow/example_dags/tutorial_dag.py for tasks to queue
[2026-08-12T04:44:14.208+0000] {logging_mixin.py:190} INFO - [2026-08-12T04:44:14.207+0000] {dagbag.py:587} INFO - Filling up the DagBag from /home/airflow/.local/lib/python3.12/site-packages/airflow/example_dags/tutorial_dag.py
[2026-08-12T04:44:14.232+0000] {processor.py:925} INFO - DAG(s) 'tutorial_dag' retrieved from /home/airflow/.local/lib/python3.12/site-packages/airflow/example_dags/tutorial_dag.py
[2026-08-12T04:44:14.256+0000] {logging_mixin.py:190} INFO - [2026-08-12T04:44:14.256+0000] {dag.py:3211} INFO - Sync 1 DAGs
[2026-08-12T04:44:14.275+0000] {logging_mixin.py:190} INFO - [2026-08-12T04:44:14.274+0000] {dag.py:4138} INFO - Setting next_dagrun for tutorial_dag to None, run_after=None
[2026-08-12T04:44:14.295+0000] {processor.py:208} INFO - Processing /home/airflow/.local/lib/python3.12/site-packages/airflow/example_dags/tutorial_dag.py took 0.102 seconds
[2026-08-12T04:44:45.311+0000] {processor.py:186} INFO - Started process (PID=1175) to work on /home/airflow/.local/lib/python3.12/site-packages/airflow/example_dags/tutorial_dag.py
[2026-08-12T04:44:45.313+0000] {processor.py:914} INFO - Processing file /home/airflow/.local/lib/python3.12/site-packages/airflow/example_dags/tutorial_dag.py for tasks to queue
[2026-08-12T04:44:45.316+0000] {logging_mixin.py:190} INFO - [2026-08-12T04:44:45.315+0000] {dagbag.py:587} INFO - Filling up the DagBag from /home/airflow/.local/lib/python3.12/site-packages/airflow/example_dags/tutorial_dag.py
[2026-08-12T04:44:45.325+0000] {processor.py:925} INFO - DAG(s) 'tutorial_dag' retrieved from /home/airflow/.local/lib/python3.12/site-packages/airflow/example_dags/tutorial_dag.py
[2026-08-12T04:44:45.354+0000] {logging_mixin.py:190} INFO - [2026-08-12T04:44:45.353+0000] {dag.py:3211} INFO - Sync 1 DAGs
[2026-08-12T04:44:45.379+0000] {logging_mixin.py:190} INFO - [2026-08-12T04:44:45.379+0000] {dag.py:4138} INFO - Setting next_dagrun for tutorial_dag to None, run_after=None
[2026-08-12T04:44:45.412+0000] {processor.py:208} INFO - Processing /home/airflow/.local/lib/python3.12/site-packages/airflow/example_dags/tutorial_dag.py took 0.106 seconds
[2026-08-12T04:45:15.746+0000] {processor.py:186} INFO - Started process (PID=1237) to work on /home/airflow/.local/lib/python3.12/site-packages/airflow/example_dags/tutorial_dag.py
[2026-08-12T04:45:15.748+0000] {processor.py:914} INFO - Processing file /home/airflow/.local/lib/python3.12/site-packages/airflow/example_dags/tutorial_dag.py for tasks to queue
[2026-08-12T04:45:15.756+0000] {logging_mixin.py:190} INFO - [2026-08-12T04:45:15.755+0000] {dagbag.py:587} INFO - Filling up the DagBag from /home/airflow/.local/lib/python3.12/site-packages/airflow/example_dags/tutorial_dag.py
[2026-08-12T04:45:15.771+0000] {processor.py:925} INFO - DAG(s) 'tutorial_dag' retrieved from /home/airflow/.local/lib/python3.12/site-packages/airflow/example_dags/tutorial_dag.py
[2026-08-12T04:45:15.811+0000] {logging_mixin.py:190} INFO - [2026-08-12T04:45:15.811+0000] {dag.py:3211} INFO - Sync 1 DAGs
[2026-08-12T04:45:15.834+0000] {logging_mixin.py:190} INFO - [2026-08-12T04:45:15.834+0000] {dag.py:4138} INFO - Setting next_dagrun for tutorial_dag to None, run_after=None
[2026-08-12T04:45:15.886+0000] {processor.py:208} INFO - Processing /home/airflow/.local/lib/python3.12/site-packages/airflow/example_dags/tutorial_dag.py took 0.152 seconds
[2026-08-12T04:45:46.748+0000] {processor.py:186} INFO - Started process (PID=1299) to work on /home/airflow/.local/lib/python3.12/site-packages/airflow/example_dags/tutorial_dag.py
[2026-08-12T04:45:46.752+0000] {processor.py:914} INFO - Processing file /home/airflow/.local/lib/python3.12/site-packages/airflow/example_dags/tutorial_dag.py for tasks to queue
[2026-08-12T04:45:46.759+0000] {logging_mixin.py:190} INFO - [2026-08-12T04:45:46.758+0000] {dagbag.py:587} INFO - Filling up the DagBag from /home/airflow/.local/lib/python3.12/site-packages/airflow/example_dags/tutorial_dag.py
[2026-08-12T04:45:46.773+0000] {processor.py:925} INFO - DAG(s) 'tutorial_dag' retrieved from /home/airflow/.local/lib/python3.12/site-packages/airflow/example_dags/tutorial_dag.py
[2026-08-12T04:45:46.820+0000] {logging_mixin.py:190} INFO - [2026-08-12T04:45:46.819+0000] {dag.py:3211} INFO - Sync 1 DAGs
[2026-08-12T04:45:46.902+0000] {logging_mixin.py:190} INFO - [2026-08-12T04:45:46.902+0000] {dag.py:4138} INFO - Setting next_dagrun for tutorial_dag to None, run_after=None
[2026-08-12T04:45:46.952+0000] {processor.py:208} INFO - Processing /home/airflow/.local/lib/python3.12/site-packages/airflow/example_dags/tutorial_dag.py took 0.217 seconds
[2026-08-12T04:46:17.238+0000] {processor.py:186} INFO - Started process (PID=1361) to work on /home/airflow/.local/lib/python3.12/site-packages/airflow/example_dags/tutorial_dag.py
[2026-08-12T04:46:17.240+0000] {processor.py:914} INFO - Processing file /home/airflow/.local/lib/python3.12/site-packages/airflow/example_dags/tutorial_dag.py for tasks to queue
[2026-08-12T04:46:17.247+0000] {logging_mixin.py:190} INFO - [2026-08-12T04:46:17.246+0000] {dagbag.py:587} INFO - Filling up the DagBag from /home/airflow/.local/lib/python3.12/site-packages/airflow/example_dags/tutorial_dag.py
[2026-08-12T04:46:17.267+0000] {processor.py:925} INFO - DAG(s) 'tutorial_dag' retrieved from /home/airflow/.local/lib/python3.12/site-packages/airflow/example_dags/tutorial_dag.py
[2026-08-12T04:46:17.312+0000] {logging_mixin.py:190} INFO - [2026-08-12T04:46:17.309+0000] {dag.py:3211} INFO - Sync 1 DAGs
[2026-08-12T04:46:17.343+0000] {logging_mixin.py:190} INFO - [2026-08-12T04:46:17.342+0000] {dag.py:4138} INFO - Setting next_dagrun for tutorial_dag to None, run_after=None
[2026-08-12T04:46:17.403+0000] {processor.py:208} INFO - Processing /home/airflow/.local/lib/python3.12/site-packages/airflow/example_dags/tutorial_dag.py took 0.175 seconds
[2026-08-12T04:46:48.162+0000] {processor.py:186} INFO - Started process (PID=1423) to work on /home/airflow/.local/lib/python3.12/site-packages/airflow/example_dags/tutorial_dag.py
[2026-08-12T04:46:48.164+0000] {processor.py:914} INFO - Processing file /home/airflow/.local/lib/python3.12/site-packages/airflow/example_dags/tutorial_dag.py for tasks to queue
[2026-08-12T04:46:48.168+0000] {logging_mixin.py:190} INFO - [2026-08-12T04:46:48.167+0000] {dagbag.py:587} INFO - Filling up the DagBag from /home/airflow/.local/lib/python3.12/site-packages/airflow/example_dags/tutorial_dag.py
[2026-08-12T04:46:48.181+0000] {processor.py:925} INFO - DAG(s) 'tutorial_dag' retrieved from /home/airflow/.local/lib/python3.12/site-packages/airflow/example_dags/tutorial_dag.py
[2026-08-12T04:46:48.209+0000] {logging_mixin.py:190} INFO - [2026-08-12T04:46:48.209+0000] {dag.py:3211} INFO - Sync 1 DAGs
[2026-08-12T04:46:48.233+0000] {logging_mixin.py:190} INFO - [2026-08-12T04:46:48.232+0000] {dag.py:4138} INFO - Setting next_dagrun for tutorial_dag to None, run_after=None
[2026-08-12T04:46:48.257+0000] {processor.py:208} INFO - Processing /home/airflow/.local/lib/python3.12/site-packages/airflow/example_dags/tutorial_dag.py took 0.104 seconds
[2026-08-12T04:47:18.616+0000] {processor.py:186} INFO - Started process (PID=1484) to work on /home/airflow/.local/lib/python3.12/site-packages/airflow/example_dags/tutorial_dag.py
[2026-08-12T04:47:18.617+0000] {processor.py:914} INFO - Processing file /home/airflow/.local/lib/python3.12/site-packages/airflow/example_dags/tutorial_dag.py for tasks to queue
[2026-08-12T04:47:18.621+0000] {logging_mixin.py:190} INFO - [2026-08-12T04:47:18.621+0000] {dagbag.py:587} INFO - Filling up the DagBag from /home/airflow/.local/lib/python3.12/site-packages/airflow/example_dags/tutorial_dag.py
[2026-08-12T04:47:18.630+0000] {processor.py:925} INFO - DAG(s) 'tutorial_dag' retrieved from /home/airflow/.local/lib/python3.12/site-packages/airflow/example_dags/tutorial_dag.py
[2026-08-12T04:47:18.650+0000] {logging_mixin.py:190} INFO - [2026-08-12T04:47:18.650+0000] {dag.py:3211} INFO - Sync 1 DAGs
[2026-08-12T04:47:18.666+0000] {logging_mixin.py:190} INFO - [2026-08-12T04:47:18.666+0000] {dag.py:4138} INFO - Setting next_dagrun for tutorial_dag to None, run_after=None
[2026-08-12T04:47:18.691+0000] {processor.py:208} INFO - Processing /home/airflow/.local/lib/python3.12/site-packages/airflow/example_dags/tutorial_dag.py took 0.082 seconds
